PASS 2
Current File wintest.a
ExOprOrg  [line 3]
NODE [line 3]
    type typeOpr
    opr ORG
    CHILD NODE [line 3]
        type typeCon
        IsPC  0
        value 0x00001000


ExConstant  [line 5]
NODE [line 5]
    type typeCon
    IsPC  0
    value 0x00000009

ExOpCode  [line 5]
NODE [line 5]
    type typeOpCode
    instruction   lda
    mode          immediate
    opCode        A9
    PC            0x00001000
    CHILD NODE [line 5]
        type typeCon
        IsPC  0
        value 0x00000009


ExOprInclude  [line 9]
NODE [line 9]
    type typeOpr
    opr INC
    CHILD NODE [line 9]
        type typeStr
        allocated  "test.a
        len        0x00000006
        value test.a



ExConstant  [line 2]
NODE [line 2]
    type typeCon
    IsPC  0
    value 0x0000001A

ExOpCode  [line 2]
NODE [line 2]
    type typeOpCode
    instruction   ora
    mode          zero page x
    opCode        15
    PC            0x00001002
    CHILD NODE [line 2]
        type typeCon
        IsPC  0
        value 0x0000001A


ExConstant  [line 3]
NODE [line 3]
    type typeCon
    IsPC  0
    value 0x000000E5

ExOpCode  [line 3]
NODE [line 3]
    type typeOpCode
    instruction   ora
    mode          zero page indirect x
    opCode        01
    PC            0x00001004
    CHILD NODE [line 3]
        type typeCon
        IsPC  0
        value 0x000000E5


ExOpCode  [line 5]
NODE [line 5]
    type typeOpCode
    instruction   nop
    mode          implied
    opCode        EA
    PC            0x00001006


ExOpCode  [line 7]
NODE [line 7]
    type typeOpCode
    instruction   nop
    mode          implied
    opCode        EA
    PC            0x00001007


ExOpCode  [line 8]
NODE [line 8]
    type typeOpCode
    instruction   asl
    mode          implied
    opCode        0A
    PC            0x00001008


ExOprVar  [line 9]
NODE [line 9]
    type typeOpr


ExOprEqu  [line 12]
NODE [line 12]
    type typeOpr
    opr '='
    CHILD NODE [line 12]
        type typeId
        name aaa
        i    (nil)

    CHILD NODE [line 12]
        type typeCon
        IsPC  0
        value 0x00000001


ExOprEqu  [line 13]
NODE [line 13]
    type typeOpr
    opr '='
    CHILD NODE [line 13]
        type typeId
        name aaa
        i    (nil)

    CHILD NODE [line 13]
        type typeOpr
        opr '+'
        CHILD NODE [line 13]
            type typeId
            name aaa
            i    (nil)

        CHILD NODE [line 13]
            type typeCon
            IsPC  0
            value 0x00000001



ExSymbol  [line 14]
NODE [line 14]
    type typeId
    name aaa
    i    (nil)


ExOpCode  [line 14]
NODE [line 14]
    type typeOpCode
    instruction   lda
    mode          immediate
    opCode        A9
    PC            0x00001009
    CHILD NODE [line 14]
        type typeId
        name aaa
        i    0x1842970
             fullname     aaa
             initialized  1
             value        2
             ismacroname  0
             ismacroparam 0
             isvar        1
             macroNode    (nil)
             section      NULL
             name         aaa



ExOpCode  [line 15]
NODE [line 15]
    type typeOpCode
    instruction   brk
    mode          implied
    opCode        00
    PC            0x0000100B


ExOprEqu  [line 17]
NODE [line 17]
    type typeOpr
    opr '='
    CHILD NODE [line 17]
        type typeId
        name loops
        i    (nil)

    CHILD NODE [line 17]
        type typeCon
        IsPC  1     PC = 0000100C
        value 0x0000100C


ExSymbol  [line 24]
NODE [line 24]
    type typeId
    name aaa
    i    (nil)


ExOprWhile  [line 37]
NODE [line 37]
    type typeOpr
    opr WHILE
    CHILD NODE [line 37]
        type typeOpr
        opr '<'
        CHILD NODE [line 37]
            type typeId
            name aaa
            i    (nil)

        CHILD NODE [line 37]
            type typeCon
            IsPC  0
            value 0x0000000A

    CHILD NODE [line 37]
        type typeOpr
        opr STATEMENT
        CHILD NODE [line 37]
            type typeOpr
            opr STATEMENT
            CHILD NODE [line 37]
                type typeOpr
                opr STATEMENT
                CHILD NODE [line 37]
                    type typeOpr
                    opr STATEMENT
                    CHILD NODE [line 37]
                        type typeOpr
                        opr STATEMENT
                        CHILD NODE [line 37]
                            type typeOpr
                            opr STATEMENT
                            CHILD NODE [line 37]
                                type typeOpr
                                opr STATEMENT
                                CHILD NODE [line 37]
                                    type typeOpr
                                    opr STATEMENT
                                    CHILD NODE [line 37]
                                        type typeOpr
                                        opr STATEMENT
                                        CHILD NODE [line 37]
                                            type typeOpr
                                            opr STATEMENT
                                            CHILD NODE [line 37]
                                                type typeOpr
                                                opr STATEMENT

                                            CHILD NODE [line 37]
                                                type typeOpr
                                                opr STATEMENT


                                        CHILD NODE [line 37]
                                            type typeOpr
                                            opr STATEMENT


                                    CHILD NODE [line 37]
                                        type typeOpr
                                        opr '='
                                        CHILD NODE [line 37]
                                            type typeId
                                            name aaa
                                            i    (nil)

                                        CHILD NODE [line 37]
                                            type typeOpr
                                            opr '+'
                                            CHILD NODE [line 37]
                                                type typeId
                                                name aaa
                                                i    (nil)

                                            CHILD NODE [line 37]
                                                type typeCon
                                                IsPC  0
                                                value 0x00000001



                                CHILD NODE [line 37]
                                    type typeOpr
                                    opr STATEMENT


                            CHILD NODE [line 37]
                                type typeOpCode
                                instruction   ldx
                                mode          immediate
                                opCode        A2
                                PC            0x00000000
                                CHILD NODE [line 37]
                                    type typeId
                                    name aaa
                                    i    0x1842970
                                         fullname     aaa
                                         initialized  1
                                         value        2
                                         ismacroname  0
                                         ismacroparam 0
                                         isvar        1
                                         macroNode    (nil)
                                         section      NULL
                                         name         aaa



                        CHILD NODE [line 37]
                            type typeOpr
                            opr STATEMENT


                    CHILD NODE [line 37]
                        type typeOpr
                        opr STATEMENT


                CHILD NODE [line 37]
                    type typeOpr
                    opr STATEMENT


            CHILD NODE [line 37]
                type typeOpr
                opr IF
                CHILD NODE [line 37]
                    type typeOpr
                    opr '>'
                    CHILD NODE [line 37]
                        type typeId
                        name aaa
                        i    (nil)

                    CHILD NODE [line 37]
                        type typeCon
                        IsPC  0
                        value 0x00000006

                CHILD NODE [line 37]
                    type typeOpr
                    opr STATEMENT
                    CHILD NODE [line 37]
                        type typeOpr
                        opr STATEMENT
                        CHILD NODE [line 37]
                            type typeOpr
                            opr STATEMENT
                            CHILD NODE [line 37]
                                type typeOpr
                                opr STATEMENT
                                CHILD NODE [line 37]
                                    type typeOpr
                                    opr STATEMENT
                                    CHILD NODE [line 37]
                                        type typeOpr
                                        opr STATEMENT
                                        CHILD NODE [line 37]
                                            type typeOpr
                                            opr STATEMENT
                                            CHILD NODE [line 37]
                                                type typeOpr
                                                opr STATEMENT

                                            CHILD NODE [line 37]
                                                type typeOpr
                                                opr STATEMENT


                                        CHILD NODE [line 37]
                                            type typeOpCode
                                            instruction   brk
                                            mode          implied
                                            opCode        00
                                            PC            0x00000000


                                    CHILD NODE [line 37]
                                        type typeOpr
                                        opr STATEMENT


                                CHILD NODE [line 37]
                                    type typeOpCode
                                    instruction   brk
                                    mode          implied
                                    opCode        00
                                    PC            0x00000000


                            CHILD NODE [line 37]
                                type typeOpr
                                opr STATEMENT


                        CHILD NODE [line 37]
                            type typeOpCode
                            instruction   brk
                            mode          implied
                            opCode        00
                            PC            0x00000000


                    CHILD NODE [line 37]
                        type typeOpr
                        opr STATEMENT


                CHILD NODE [line 37]
                    type typeOpr
                    opr STATEMENT
                    CHILD NODE [line 37]
                        type typeOpr
                        opr STATEMENT
                        CHILD NODE [line 37]
                            type typeOpr
                            opr STATEMENT
                            CHILD NODE [line 37]
                                type typeOpr
                                opr STATEMENT
                                CHILD NODE [line 37]
                                    type typeOpr
                                    opr STATEMENT
                                    CHILD NODE [line 37]
                                        type typeOpr
                                        opr STATEMENT

                                    CHILD NODE [line 37]
                                        type typeOpr
                                        opr STATEMENT


                                CHILD NODE [line 37]
                                    type typeOpr
                                    opr '='
                                    CHILD NODE [line 37]
                                        type typeId
                                        name bbb
                                        i    (nil)

                                    CHILD NODE [line 37]
                                        type typeCon
                                        IsPC  0
                                        value 0x00000000


                            CHILD NODE [line 37]
                                type typeOpr
                                opr STATEMENT


                        CHILD NODE [line 37]
                            type typeOpr
                            opr REPEAT
                            CHILD NODE [line 37]
                                type typeOpr
                                opr STATEMENT
                                CHILD NODE [line 37]
                                    type typeOpr
                                    opr STATEMENT
                                    CHILD NODE [line 37]
                                        type typeOpr
                                        opr STATEMENT
                                        CHILD NODE [line 37]
                                            type typeOpr
                                            opr STATEMENT
                                            CHILD NODE [line 37]
                                                type typeOpr
                                                opr STATEMENT

                                            CHILD NODE [line 37]
                                                type typeOpCode
                                                instruction   nop
                                                mode          implied
                                                opCode        EA
                                                PC            0x00000000


                                        CHILD NODE [line 37]
                                            type typeOpr
                                            opr STATEMENT


                                    CHILD NODE [line 37]
                                        type typeOpr
                                        opr '='
                                        CHILD NODE [line 37]
                                            type typeId
                                            name bbb
                                            i    (nil)

                                        CHILD NODE [line 37]
                                            type typeOpr
                                            opr '+'
                                            CHILD NODE [line 37]
                                                type typeId
                                                name bbb
                                                i    (nil)

                                            CHILD NODE [line 37]
                                                type typeCon
                                                IsPC  0
                                                value 0x00000002



                                CHILD NODE [line 37]
                                    type typeOpr
                                    opr STATEMENT


                            CHILD NODE [line 37]
                                type typeOpr
                                opr '<'
                                CHILD NODE [line 37]
                                    type typeId
                                    name bbb
                                    i    (nil)

                                CHILD NODE [line 37]
                                    type typeCon
                                    IsPC  0
                                    value 0x00000006



                    CHILD NODE [line 37]
                        type typeOpr
                        opr STATEMENT




        CHILD NODE [line 37]
            type typeOpr
            opr STATEMENT




ExConstant  [line 39]
NODE [line 39]
    type typeCon
    IsPC  0
    value 0x00000001

ExOpCode  [line 39]
NODE [line 39]
    type typeOpCode
    instruction   ldx
    mode          immediate
    opCode        A2
    PC            0x0000102C
    CHILD NODE [line 39]
        type typeCon
        IsPC  0
        value 0x00000001


ExConstant  [line 40]
NODE [line 40]
    type typeCon
    IsPC  0
    value 0x00000035

ExOpCode  [line 40]
NODE [line 40]
    type typeOpCode
    instruction   ldy
    mode          immediate
    opCode        A0
    PC            0x0000102E
    CHILD NODE [line 40]
        type typeCon
        IsPC  0
        value 0x00000035


ExOpCode  [line 42]
NODE [line 42]
    type typeOpCode
    instruction   rts
    mode          implied
    opCode        60
    PC            0x00001030


ExOprInclude  [line 10]
NODE [line 10]
    type typeOpr
    opr INC
    CHILD NODE [line 10]
        type typeStr
        allocated  "branchtest.a
        len        0x0000000C
        value branchtest.a



ExOpCode  [line 0]
NODE [line 0]
    type typeOpCode
    instruction   nop
    mode          implied
    opCode        EA
    PC            0x00001031


ExSymbol  [line 2]
NODE [line 2]
    type typeId
    name +
    i    (nil)


ExOpCode  [line 2]
NODE [line 2]
    type typeOpCode
    instruction   beq
    mode          relative
    opCode        F0
    PC            0x00001032
    CHILD NODE [line 2]
        type typeId
        name +
        i    (nil)



ExOprEqu  [line 3]
NODE [line 3]
    type typeOpr
    opr '='
    CHILD NODE [line 3]
        type typeId
        name -
        i    (nil)

    CHILD NODE [line 3]
        type typeCon
        IsPC  1     PC = 00001034
        value 0x00001034


ExSymbol  [line 4]
NODE [line 4]
    type typeId
    name ++
    i    (nil)


ExOpCode  [line 4]
NODE [line 4]
    type typeOpCode
    instruction   lda
    mode          absolute y
    opCode        B9
    PC            0x00001034
    CHILD NODE [line 4]
        type typeId
        name ++
        i    (nil)



ExSymbol  [line 5]
NODE [line 5]
    type typeId
    name -
    i    (nil)


ExOpCode  [line 5]
NODE [line 5]
    type typeOpCode
    instruction   bne
    mode          relative
    opCode        D0
    PC            0x00001037
    CHILD NODE [line 5]
        type typeId
        name -
        i    (nil)



ExOpCode  [line 6]
NODE [line 6]
    type typeOpCode
    instruction   nop
    mode          implied
    opCode        EA
    PC            0x00001039


ExOprEqu  [line 7]
NODE [line 7]
    type typeOpr
    opr '='
    CHILD NODE [line 7]
        type typeId
        name -
        i    (nil)

    CHILD NODE [line 7]
        type typeCon
        IsPC  1     PC = 0000103A
        value 0x0000103A


ExSymbol  [line 8]
NODE [line 8]
    type typeId
    name -
    i    (nil)


ExOpCode  [line 8]
NODE [line 8]
    type typeOpCode
    instruction   bpl
    mode          relative
    opCode        10
    PC            0x0000103A
    CHILD NODE [line 8]
        type typeId
        name -
        i    (nil)



ExSymbol  [line 9]
NODE [line 9]
    type typeId
    name --
    i    (nil)


ExOpCode  [line 9]
NODE [line 9]
    type typeOpCode
    instruction   jmp
    mode          absolute i
    opCode        6C
    PC            0x0000103C
    CHILD NODE [line 9]
        type typeId
        name --
        i    (nil)



ExOpCode  [line 10]
NODE [line 10]
    type typeOpCode
    instruction   rts
    mode          implied
    opCode        60
    PC            0x0000103F


ExOprEqu  [line 12]
NODE [line 12]
    type typeOpr
    opr '='
    CHILD NODE [line 12]
        type typeId
        name +
        i    (nil)

    CHILD NODE [line 12]
        type typeCon
        IsPC  1     PC = 00001040
        value 0x00001040


ExOpCode  [line 13]
NODE [line 13]
    type typeOpCode
    instruction   rts
    mode          implied
    opCode        60
    PC            0x00001040


ExOprEqu  [line 14]
NODE [line 14]
    type typeOpr
    opr '='
    CHILD NODE [line 14]
        type typeId
        name +
        i    (nil)

    CHILD NODE [line 14]
        type typeCon
        IsPC  1     PC = 00001041
        value 0x00001041


ExOpCode  [line 15]
NODE [line 15]
    type typeOpCode
    instruction   nop
    mode          implied
    opCode        EA
    PC            0x00001041


ExOpCode  [line 16]
NODE [line 16]
    type typeOpCode
    instruction   nop
    mode          implied
    opCode        EA
    PC            0x00001042


ExOpCode  [line 17]
NODE [line 17]
    type typeOpCode
    instruction   rts
    mode          implied
    opCode        60
    PC            0x00001043


ExSymbol  [line 19]
NODE [line 19]
    type typeId
    name --
    i    (nil)


ExOpCode  [line 19]
NODE [line 19]
    type typeOpCode
    instruction   beq
    mode          relative
    opCode        F0
    PC            0x00001044
    CHILD NODE [line 19]
        type typeId
        name --
        i    (nil)



ExOprLoad  [line 11]
NODE [line 11]
    type typeOpr
    opr LOAD
    CHILD NODE [line 11]
        type typeStr
        allocated  "textfile.txt
        len        0x0000000C
        value textfile.txt



ExOprInclude  [line 12]
NODE [line 12]
    type typeOpr
    opr INC
    CHILD NODE [line 12]
        type typeStr
        allocated  "scripttest.a
        len        0x0000000C
        value scripttest.a



ExOprVar  [line 1]
NODE [line 1]
    type typeOpr


ExOprPlus  [line 4]
NODE [line 4]
    type typeOpr
    opr '+'
    CHILD NODE [line 4]
        type typeId
        name here
        i    (nil)

    CHILD NODE [line 4]
        type typeId
        name i
        i    (nil)



ExOprFor  [line 5]
NODE [line 5]
    type typeOpr
    opr FOR
    CHILD NODE [line 5]
        type typeOpr
        opr '='
        CHILD NODE [line 5]
            type typeId
            name i
            i    (nil)

        CHILD NODE [line 5]
            type typeCon
            IsPC  0
            value 0x0000000A

    CHILD NODE [line 5]
        type typeCon
        IsPC  0
        value 0x00000014
    CHILD NODE [line 5]
        type typeOpr
        opr STATEMENT
        CHILD NODE [line 5]
            type typeOpr
            opr STATEMENT
            CHILD NODE [line 5]
                type typeOpr
                opr STATEMENT

            CHILD NODE [line 5]
                type typeOpCode
                instruction   lda
                mode          absolute
                opCode        AD
                PC            0x00000000
                CHILD NODE [line 5]
                    type typeOpr
                    opr '+'
                    CHILD NODE [line 5]
                        type typeId
                        name here
                        i    0x1846880
                             fullname     here
                             initialized  0
                             value        0
                             ismacroname  0
                             ismacroparam 0
                             isvar        0
                             macroNode    (nil)
                             section      NULL
                             name         here

                    CHILD NODE [line 5]
                        type typeId
                        name i
                        i    0x1846110
                             fullname     i
                             initialized  1
                             value        0
                             ismacroname  0
                             ismacroparam 0
                             isvar        1
                             macroNode    (nil)
                             section      NULL
                             name         i




        CHILD NODE [line 5]
            type typeOpr
            opr STATEMENT


    CHILD NODE [line 5]
        type typeId
        name i
        i    (nil)

    CHILD NODE [line 5]
        type typeCon
        IsPC  0
        value 0x00000002


ExOprPlus  [line 8]
NODE [line 8]
    type typeOpr
    opr '+'
    CHILD NODE [line 8]
        type typeId
        name i
        i    (nil)

    CHILD NODE [line 8]
        type typeCon
        IsPC  0
        value 0x00000001


ExOprRepeat  [line 10]
NODE [line 10]
    type typeOpr
    opr REPEAT
    CHILD NODE [line 10]
        type typeOpr
        opr STATEMENT
        CHILD NODE [line 10]
            type typeOpr
            opr STATEMENT
            CHILD NODE [line 10]
                type typeOpr
                opr STATEMENT
                CHILD NODE [line 10]
                    type typeOpr
                    opr STATEMENT
                    CHILD NODE [line 10]
                        type typeOpr
                        opr STATEMENT

                    CHILD NODE [line 10]
                        type typeOpCode
                        instruction   jsr
                        mode          absolute
                        opCode        20
                        PC            0x00000000
                        CHILD NODE [line 10]
                            type typeOpr
                            opr '+'
                            CHILD NODE [line 10]
                                type typeId
                                name i
                                i    0x1846110
                                     fullname     i
                                     initialized  1
                                     value        22
                                     ismacroname  0
                                     ismacroparam 0
                                     isvar        1
                                     macroNode    (nil)
                                     section      NULL
                                     name         i

                            CHILD NODE [line 10]
                                type typeCon
                                IsPC  0
                                value 0x00000001



                CHILD NODE [line 10]
                    type typeOpr
                    opr STATEMENT


            CHILD NODE [line 10]
                type typeOpr
                opr '='
                CHILD NODE [line 10]
                    type typeId
                    name i
                    i    (nil)

                CHILD NODE [line 10]
                    type typeOpr
                    opr '-'
                    CHILD NODE [line 10]
                        type typeId
                        name i
                        i    (nil)

                    CHILD NODE [line 10]
                        type typeCon
                        IsPC  0
                        value 0x00000002



        CHILD NODE [line 10]
            type typeOpr
            opr STATEMENT


    CHILD NODE [line 10]
        type typeOpr
        opr LE
        CHILD NODE [line 10]
            type typeId
            name i
            i    (nil)

        CHILD NODE [line 10]
            type typeCon
            IsPC  0
            value 0x0000000A



ExOprPlus  [line 13]
NODE [line 13]
    type typeOpr
    opr '+'
    CHILD NODE [line 13]
        type typeId
        name here
        i    (nil)

    CHILD NODE [line 13]
        type typeId
        name i
        i    (nil)



ExOprDo  [line 16]
NODE [line 16]
    type typeOpr
    opr DO
    CHILD NODE [line 16]
        type typeOpr
        opr STATEMENT
        CHILD NODE [line 16]
            type typeOpr
            opr STATEMENT
            CHILD NODE [line 16]
                type typeOpr
                opr STATEMENT
                CHILD NODE [line 16]
                    type typeOpr
                    opr STATEMENT
                    CHILD NODE [line 16]
                        type typeOpr
                        opr STATEMENT
                        CHILD NODE [line 16]
                            type typeOpr
                            opr STATEMENT
                            CHILD NODE [line 16]
                                type typeOpr
                                opr STATEMENT
                                CHILD NODE [line 16]
                                    type typeOpr
                                    opr STATEMENT

                                CHILD NODE [line 16]
                                    type typeOpr
                                    opr STATEMENT


                            CHILD NODE [line 16]
                                type typeOpCode
                                instruction   ldx
                                mode          absolute
                                opCode        AE
                                PC            0x00000000
                                CHILD NODE [line 16]
                                    type typeOpr
                                    opr '+'
                                    CHILD NODE [line 16]
                                        type typeId
                                        name here
                                        i    0x1846880
                                             fullname     here
                                             initialized  0
                                             value        0
                                             ismacroname  0
                                             ismacroparam 0
                                             isvar        0
                                             macroNode    (nil)
                                             section      NULL
                                             name         here

                                    CHILD NODE [line 16]
                                        type typeId
                                        name i
                                        i    0x1846110
                                             fullname     i
                                             initialized  1
                                             value        10
                                             ismacroname  0
                                             ismacroparam 0
                                             isvar        1
                                             macroNode    (nil)
                                             section      NULL
                                             name         i




                        CHILD NODE [line 16]
                            type typeOpr
                            opr STATEMENT


                    CHILD NODE [line 16]
                        type typeOpCode
                        instruction   nop
                        mode          implied
                        opCode        EA
                        PC            0x00000000


                CHILD NODE [line 16]
                    type typeOpr
                    opr STATEMENT


            CHILD NODE [line 16]
                type typeOpr
                opr '='
                CHILD NODE [line 16]
                    type typeId
                    name i
                    i    (nil)

                CHILD NODE [line 16]
                    type typeOpr
                    opr '+'
                    CHILD NODE [line 16]
                        type typeId
                        name i
                        i    (nil)

                    CHILD NODE [line 16]
                        type typeCon
                        IsPC  0
                        value 0x00000002



        CHILD NODE [line 16]
            type typeOpr
            opr STATEMENT


    CHILD NODE [line 16]
        type typeOpr
        opr '<'
        CHILD NODE [line 16]
            type typeId
            name i
            i    (nil)

        CHILD NODE [line 16]
            type typeCon
            IsPC  0
            value 0x0000000A



ExOprEqu  [line 18]
NODE [line 18]
    type typeOpr
    opr '='
    CHILD NODE [line 18]
        type typeId
        name here
        i    (nil)

    CHILD NODE [line 18]
        type typeCon
        IsPC  1     PC = 00001097
        value 0x00001097


ExOpCode  [line 19]
NODE [line 19]
    type typeOpCode
    instruction   nop
    mode          implied
    opCode        EA
    PC            0x00001097


ExSymbol  [line 25]
NODE [line 25]
    type typeId
    name ii
    i    (nil)


ExSymbol  [line 30]
NODE [line 30]
    type typeId
    name jj
    i    (nil)


ExOprFor  [line 35]
NODE [line 35]
    type typeOpr
    opr FOR
    CHILD NODE [line 35]
        type typeOpr
        opr '='
        CHILD NODE [line 35]
            type typeId
            name i
            i    (nil)

        CHILD NODE [line 35]
            type typeCon
            IsPC  0
            value 0x00000001

    CHILD NODE [line 35]
        type typeCon
        IsPC  0
        value 0x0000000A
    CHILD NODE [line 35]
        type typeOpr
        opr STATEMENT
        CHILD NODE [line 35]
            type typeOpr
            opr STATEMENT
            CHILD NODE [line 35]
                type typeOpr
                opr STATEMENT
                CHILD NODE [line 35]
                    type typeOpr
                    opr STATEMENT
                    CHILD NODE [line 35]
                        type typeOpr
                        opr STATEMENT

                    CHILD NODE [line 35]
                        type typeOpr
                        opr '='
                        CHILD NODE [line 35]
                            type typeId
                            name ii
                            i    (nil)

                        CHILD NODE [line 35]
                            type typeCon
                            IsPC  0
                            value 0x00000000


                CHILD NODE [line 35]
                    type typeOpr
                    opr STATEMENT


            CHILD NODE [line 35]
                type typeOpr
                opr REPEAT
                CHILD NODE [line 35]
                    type typeOpr
                    opr STATEMENT
                    CHILD NODE [line 35]
                        type typeOpr
                        opr STATEMENT
                        CHILD NODE [line 35]
                            type typeOpr
                            opr STATEMENT
                            CHILD NODE [line 35]
                                type typeOpr
                                opr STATEMENT
                                CHILD NODE [line 35]
                                    type typeOpr
                                    opr STATEMENT
                                    CHILD NODE [line 35]
                                        type typeOpr
                                        opr STATEMENT
                                        CHILD NODE [line 35]
                                            type typeOpr
                                            opr STATEMENT
                                            CHILD NODE [line 35]
                                                type typeOpr
                                                opr STATEMENT
                                                CHILD NODE [line 35]
                                                    type typeOpr
                                                    opr STATEMENT
                                                    CHILD NODE [line 35]
                                                        type typeOpr
                                                        opr STATEMENT
                                                        CHILD NODE [line 35]
                                                            type typeOpr
                                                            opr STATEMENT

                                                        CHILD NODE [line 35]
                                                            type typeOpCode
                                                            instruction   jsr
                                                            mode          absolute
                                                            opCode        20
                                                            PC            0x00000000
                                                            CHILD NODE [line 35]
                                                                type typeId
                                                                name ii
                                                                i    0x18461d0
                                                                     fullname     ii
                                                                     initialized  1
                                                                     value        0
                                                                     ismacroname  0
                                                                     ismacroparam 0
                                                                     isvar        1
                                                                     macroNode    (nil)
                                                                     section      NULL
                                                                     name         ii



                                                    CHILD NODE [line 35]
                                                        type typeOpr
                                                        opr STATEMENT


                                                CHILD NODE [line 35]
                                                    type typeOpr
                                                    opr '='
                                                    CHILD NODE [line 35]
                                                        type typeId
                                                        name ii
                                                        i    (nil)

                                                    CHILD NODE [line 35]
                                                        type typeOpr
                                                        opr '-'
                                                        CHILD NODE [line 35]
                                                            type typeId
                                                            name ii
                                                            i    (nil)

                                                        CHILD NODE [line 35]
                                                            type typeCon
                                                            IsPC  0
                                                            value 0x00000002



                                            CHILD NODE [line 35]
                                                type typeOpr
                                                opr STATEMENT


                                        CHILD NODE [line 35]
                                            type typeOpr
                                            opr STATEMENT


                                    CHILD NODE [line 35]
                                        type typeOpr
                                        opr STATEMENT


                                CHILD NODE [line 35]
                                    type typeOpr
                                    opr '='
                                    CHILD NODE [line 35]
                                        type typeId
                                        name jj
                                        i    (nil)

                                    CHILD NODE [line 35]
                                        type typeCon
                                        IsPC  0
                                        value 0x00000000


                            CHILD NODE [line 35]
                                type typeOpr
                                opr STATEMENT


                        CHILD NODE [line 35]
                            type typeOpr
                            opr DO
                            CHILD NODE [line 35]
                                type typeOpr
                                opr STATEMENT
                                CHILD NODE [line 35]
                                    type typeOpr
                                    opr STATEMENT
                                    CHILD NODE [line 35]
                                        type typeOpr
                                        opr STATEMENT
                                        CHILD NODE [line 35]
                                            type typeOpr
                                            opr STATEMENT
                                            CHILD NODE [line 35]
                                                type typeOpr
                                                opr STATEMENT
                                                CHILD NODE [line 35]
                                                    type typeOpr
                                                    opr STATEMENT
                                                    CHILD NODE [line 35]
                                                        type typeOpr
                                                        opr STATEMENT
                                                        CHILD NODE [line 35]
                                                            type typeOpr
                                                            opr STATEMENT

                                                        CHILD NODE [line 35]
                                                            type typeOpr
                                                            opr STATEMENT


                                                    CHILD NODE [line 35]
                                                        type typeOpCode
                                                        instruction   jsr
                                                        mode          absolute
                                                        opCode        20
                                                        PC            0x00000000
                                                        CHILD NODE [line 35]
                                                            type typeId
                                                            name jj
                                                            i    0x1846290
                                                                 fullname     jj
                                                                 initialized  1
                                                                 value        0
                                                                 ismacroname  0
                                                                 ismacroparam 0
                                                                 isvar        1
                                                                 macroNode    (nil)
                                                                 section      NULL
                                                                 name         jj



                                                CHILD NODE [line 35]
                                                    type typeOpr
                                                    opr STATEMENT


                                            CHILD NODE [line 35]
                                                type typeOpCode
                                                instruction   nop
                                                mode          implied
                                                opCode        EA
                                                PC            0x00000000


                                        CHILD NODE [line 35]
                                            type typeOpr
                                            opr STATEMENT


                                    CHILD NODE [line 35]
                                        type typeOpr
                                        opr '='
                                        CHILD NODE [line 35]
                                            type typeId
                                            name jj
                                            i    (nil)

                                        CHILD NODE [line 35]
                                            type typeOpr
                                            opr '+'
                                            CHILD NODE [line 35]
                                                type typeId
                                                name jj
                                                i    (nil)

                                            CHILD NODE [line 35]
                                                type typeCon
                                                IsPC  0
                                                value 0x00000002



                                CHILD NODE [line 35]
                                    type typeOpr
                                    opr STATEMENT


                            CHILD NODE [line 35]
                                type typeOpr
                                opr '<'
                                CHILD NODE [line 35]
                                    type typeId
                                    name jj
                                    i    (nil)

                                CHILD NODE [line 35]
                                    type typeCon
                                    IsPC  0
                                    value 0x0000000A



                    CHILD NODE [line 35]
                        type typeOpr
                        opr STATEMENT


                CHILD NODE [line 35]
                    type typeOpr
                    opr LE
                    CHILD NODE [line 35]
                        type typeId
                        name ii
                        i    (nil)

                    CHILD NODE [line 35]
                        type typeCon
                        IsPC  0
                        value 0x0000000A



        CHILD NODE [line 35]
            type typeOpr
            opr STATEMENT


    CHILD NODE [line 35]
        type typeId
        name i
        i    (nil)



ExOprIf  [line 45]
NODE [line 45]
    type typeOpr
    opr IF
    CHILD NODE [line 45]
        type typeOpr
        opr '>'
        CHILD NODE [line 45]
            type typeId
            name i
            i    (nil)

        CHILD NODE [line 45]
            type typeCon
            IsPC  0
            value 0x00000000

    CHILD NODE [line 45]
        type typeOpr
        opr STATEMENT
        CHILD NODE [line 45]
            type typeOpr
            opr STATEMENT
            CHILD NODE [line 45]
                type typeOpr
                opr STATEMENT
                CHILD NODE [line 45]
                    type typeOpr
                    opr STATEMENT
                    CHILD NODE [line 45]
                        type typeOpr
                        opr STATEMENT
                        CHILD NODE [line 45]
                            type typeOpr
                            opr STATEMENT

                        CHILD NODE [line 45]
                            type typeOpr
                            opr STATEMENT


                    CHILD NODE [line 45]
                        type typeOpCode
                        instruction   nop
                        mode          implied
                        opCode        EA
                        PC            0x00000000


                CHILD NODE [line 45]
                    type typeOpr
                    opr STATEMENT


            CHILD NODE [line 45]
                type typeOpr
                opr WHILE
                CHILD NODE [line 45]
                    type typeOpr
                    opr '>'
                    CHILD NODE [line 45]
                        type typeId
                        name i
                        i    (nil)

                    CHILD NODE [line 45]
                        type typeCon
                        IsPC  0
                        value 0x00000001

                CHILD NODE [line 45]
                    type typeOpr
                    opr STATEMENT
                    CHILD NODE [line 45]
                        type typeOpr
                        opr STATEMENT
                        CHILD NODE [line 45]
                            type typeOpr
                            opr STATEMENT
                            CHILD NODE [line 45]
                                type typeOpr
                                opr STATEMENT
                                CHILD NODE [line 45]
                                    type typeOpr
                                    opr STATEMENT

                                CHILD NODE [line 45]
                                    type typeOpr
                                    opr DS
                                    CHILD NODE [line 45]
                                        type typeCon
                                        IsPC  0
                                        value 0x00000001


                            CHILD NODE [line 45]
                                type typeOpr
                                opr STATEMENT


                        CHILD NODE [line 45]
                            type typeOpr
                            opr '='
                            CHILD NODE [line 45]
                                type typeId
                                name i
                                i    (nil)

                            CHILD NODE [line 45]
                                type typeOpr
                                opr '-'
                                CHILD NODE [line 45]
                                    type typeId
                                    name i
                                    i    (nil)

                                CHILD NODE [line 45]
                                    type typeCon
                                    IsPC  0
                                    value 0x00000003



                    CHILD NODE [line 45]
                        type typeOpr
                        opr STATEMENT




        CHILD NODE [line 45]
            type typeOpr
            opr STATEMENT


    CHILD NODE [line 45]
        type typeOpr
        opr STATEMENT
        CHILD NODE [line 45]
            type typeOpr
            opr STATEMENT
            CHILD NODE [line 45]
                type typeOpr
                opr STATEMENT
                CHILD NODE [line 45]
                    type typeOpr
                    opr STATEMENT

                CHILD NODE [line 45]
                    type typeOpr
                    opr STATEMENT


            CHILD NODE [line 45]
                type typeOpCode
                instruction   brk
                mode          implied
                opCode        00
                PC            0x00000000


        CHILD NODE [line 45]
            type typeOpr
            opr STATEMENT




ExData  [line 46]
NODE [line 46]
    type typeData
    size 1
    CHILD NODE [line 46]
        type typeOpr
        opr EXPRLIST
        CHILD NODE [line 46]
            type typeCon
            IsPC  0
            value 0x00000064



ExOpCode  [line 48]
NODE [line 48]
    type typeOpCode
    instruction   brk
    mode          implied
    opCode        00
    PC            0x00001184


ExOprEqu  [line 19]
NODE [line 19]
    type typeOpr
    opr '='
    CHILD NODE [line 19]
        type typeId
        name start
        i    (nil)

    CHILD NODE [line 19]
        type typeCon
        IsPC  1     PC = 00001185
        value 0x00001185


ExOpCode  [line 20]
NODE [line 20]
    type typeOpCode
    instruction   phx
    mode          implied
    opCode        DA
    PC            0x00001185


ExOpCode  [line 21]
NODE [line 21]
    type typeOpCode
    instruction   phy
    mode          implied
    opCode        5A
    PC            0x00001186


ExOprEqu  [line 24]
NODE [line 24]
    type typeOpr
    opr '='
    CHILD NODE [line 24]
        type typeId
        name loadTAB
        i    (nil)

    CHILD NODE [line 24]
        type typeCon
        IsPC  1     PC = 00001187
        value 0x00001187


ExConstant  [line 25]
NODE [line 25]
    type typeCon
    IsPC  0
    value 0x00000009

ExOpCode  [line 25]
NODE [line 25]
    type typeOpCode
    instruction   lda
    mode          immediate
    opCode        A9
    PC            0x00001187
    CHILD NODE [line 25]
        type typeCon
        IsPC  0
        value 0x00000009


ExOprEqu  [line 26]
NODE [line 26]
    type typeOpr
    opr '='
    CHILD NODE [line 26]
        type typeId
        name LoadSLASH
        i    (nil)

    CHILD NODE [line 26]
        type typeCon
        IsPC  1     PC = 00001189
        value 0x00001189


ExConstant  [line 27]
NODE [line 27]
    type typeCon
    IsPC  0
    value 0x0000005C

ExOpCode  [line 27]
NODE [line 27]
    type typeOpCode
    instruction   lda
    mode          immediate
    opCode        A9
    PC            0x00001189
    CHILD NODE [line 27]
        type typeCon
        IsPC  0
        value 0x0000005C


ExSymbol  [line 30]
NODE [line 30]
    type typeId
    name end
    i    (nil)


ExOpCode  [line 30]
NODE [line 30]
    type typeOpCode
    instruction   bne
    mode          relative
    opCode        D0
    PC            0x0000118B
    CHILD NODE [line 30]
        type typeId
        name end
        i    0x18484d0
             fullname     end
             initialized  0
             value        0
             ismacroname  0
             ismacroparam 0
             isvar        0
             macroNode    (nil)
             section      NULL
             name         end



ExOprEqu  [line 33]
NODE [line 33]
    type typeOpr
    opr '='
    CHILD NODE [line 33]
        type typeId
        name __ora
        i    (nil)

    CHILD NODE [line 33]
        type typeCon
        IsPC  1     PC = 0000118D
        value 0x0000118D


ExConstant  [line 34]
NODE [line 34]
    type typeCon
    IsPC  0
    value 0x00000016

ExOpCode  [line 34]
NODE [line 34]
    type typeOpCode
    instruction   ora
    mode          immediate
    opCode        09
    PC            0x0000118D
    CHILD NODE [line 34]
        type typeCon
        IsPC  0
        value 0x00000016


ExConstant  [line 35]
NODE [line 35]
    type typeCon
    IsPC  0
    value 0x00000016

ExOpCode  [line 35]
NODE [line 35]
    type typeOpCode
    instruction   ora
    mode          immediate
    opCode        09
    PC            0x0000118F
    CHILD NODE [line 35]
        type typeCon
        IsPC  0
        value 0x00000016


ExConstant  [line 36]
NODE [line 36]
    type typeCon
    IsPC  0
    value 0x000000B2

ExOpCode  [line 36]
NODE [line 36]
    type typeOpCode
    instruction   ora
    mode          zero page
    opCode        05
    PC            0x00001191
    CHILD NODE [line 36]
        type typeCon
        IsPC  0
        value 0x000000B2


ExConstant  [line 37]
NODE [line 37]
    type typeCon
    IsPC  0
    value 0x000000B2

ExOpCode  [line 37]
NODE [line 37]
    type typeOpCode
    instruction   ora
    mode          zero page
    opCode        05
    PC            0x00001193
    CHILD NODE [line 37]
        type typeCon
        IsPC  0
        value 0x000000B2


ExConstant  [line 38]
NODE [line 38]
    type typeCon
    IsPC  0
    value 0x0000001A

ExOpCode  [line 38]
NODE [line 38]
    type typeOpCode
    instruction   ora
    mode          zero page x
    opCode        15
    PC            0x00001195
    CHILD NODE [line 38]
        type typeCon
        IsPC  0
        value 0x0000001A


ExConstant  [line 39]
NODE [line 39]
    type typeCon
    IsPC  0
    value 0x0000001A

ExOpCode  [line 39]
NODE [line 39]
    type typeOpCode
    instruction   ora
    mode          zero page x
    opCode        15
    PC            0x00001197
    CHILD NODE [line 39]
        type typeCon
        IsPC  0
        value 0x0000001A


ExConstant  [line 40]
NODE [line 40]
    type typeCon
    IsPC  0
    value 0x000000E5

ExOpCode  [line 40]
NODE [line 40]
    type typeOpCode
    instruction   ora
    mode          zero page indirect x
    opCode        01
    PC            0x00001199
    CHILD NODE [line 40]
        type typeCon
        IsPC  0
        value 0x000000E5


ExConstant  [line 41]
NODE [line 41]
    type typeCon
    IsPC  0
    value 0x000000E5

ExOpCode  [line 41]
NODE [line 41]
    type typeOpCode
    instruction   ora
    mode          zero page indirect x
    opCode        01
    PC            0x0000119B
    CHILD NODE [line 41]
        type typeCon
        IsPC  0
        value 0x000000E5


ExConstant  [line 42]
NODE [line 42]
    type typeCon
    IsPC  0
    value 0x00000039

ExOpCode  [line 42]
NODE [line 42]
    type typeOpCode
    instruction   ora
    mode          zero page indirect y
    opCode        11
    PC            0x0000119D
    CHILD NODE [line 42]
        type typeCon
        IsPC  0
        value 0x00000039


ExConstant  [line 43]
NODE [line 43]
    type typeCon
    IsPC  0
    value 0x00000039

ExOpCode  [line 43]
NODE [line 43]
    type typeOpCode
    instruction   ora
    mode          zero page indirect y
    opCode        11
    PC            0x0000119F
    CHILD NODE [line 43]
        type typeCon
        IsPC  0
        value 0x00000039


ExConstant  [line 44]
NODE [line 44]
    type typeCon
    IsPC  0
    value 0x00007623

ExOpCode  [line 44]
NODE [line 44]
    type typeOpCode
    instruction   ora
    mode          absolute
    opCode        0D
    PC            0x000011A1
    CHILD NODE [line 44]
        type typeCon
        IsPC  0
        value 0x00007623


ExConstant  [line 45]
NODE [line 45]
    type typeCon
    IsPC  0
    value 0x00007623

ExOpCode  [line 45]
NODE [line 45]
    type typeOpCode
    instruction   ora
    mode          absolute
    opCode        0D
    PC            0x000011A4
    CHILD NODE [line 45]
        type typeCon
        IsPC  0
        value 0x00007623


ExConstant  [line 46]
NODE [line 46]
    type typeCon
    IsPC  0
    value 0x000065B2

ExOpCode  [line 46]
NODE [line 46]
    type typeOpCode
    instruction   ora
    mode          absolute x
    opCode        1D
    PC            0x000011A7
    CHILD NODE [line 46]
        type typeCon
        IsPC  0
        value 0x000065B2


ExConstant  [line 47]
NODE [line 47]
    type typeCon
    IsPC  0
    value 0x000065B2

ExOpCode  [line 47]
NODE [line 47]
    type typeOpCode
    instruction   ora
    mode          absolute x
    opCode        1D
    PC            0x000011AA
    CHILD NODE [line 47]
        type typeCon
        IsPC  0
        value 0x000065B2


ExConstant  [line 48]
NODE [line 48]
    type typeCon
    IsPC  0
    value 0x0000BE2C

ExOpCode  [line 48]
NODE [line 48]
    type typeOpCode
    instruction   ora
    mode          absolute y
    opCode        19
    PC            0x000011AD
    CHILD NODE [line 48]
        type typeCon
        IsPC  0
        value 0x0000BE2C


ExConstant  [line 49]
NODE [line 49]
    type typeCon
    IsPC  0
    value 0x0000BE2C

ExOpCode  [line 49]
NODE [line 49]
    type typeOpCode
    instruction   ora
    mode          absolute y
    opCode        19
    PC            0x000011B0
    CHILD NODE [line 49]
        type typeCon
        IsPC  0
        value 0x0000BE2C


ExOprEqu  [line 53]
NODE [line 53]
    type typeOpr
    opr '='
    CHILD NODE [line 53]
        type typeId
        name __and
        i    (nil)

    CHILD NODE [line 53]
        type typeCon
        IsPC  1     PC = 000011B3
        value 0x000011B3


ExConstant  [line 54]
NODE [line 54]
    type typeCon
    IsPC  0
    value 0x00000088

ExOpCode  [line 54]
NODE [line 54]
    type typeOpCode
    instruction   and
    mode          immediate
    opCode        29
    PC            0x000011B3
    CHILD NODE [line 54]
        type typeCon
        IsPC  0
        value 0x00000088


ExConstant  [line 55]
NODE [line 55]
    type typeCon
    IsPC  0
    value 0x00000088

ExOpCode  [line 55]
NODE [line 55]
    type typeOpCode
    instruction   and
    mode          immediate
    opCode        29
    PC            0x000011B5
    CHILD NODE [line 55]
        type typeCon
        IsPC  0
        value 0x00000088


ExConstant  [line 56]
NODE [line 56]
    type typeCon
    IsPC  0
    value 0x000000B7

ExOpCode  [line 56]
NODE [line 56]
    type typeOpCode
    instruction   and
    mode          zero page
    opCode        25
    PC            0x000011B7
    CHILD NODE [line 56]
        type typeCon
        IsPC  0
        value 0x000000B7


ExConstant  [line 57]
NODE [line 57]
    type typeCon
    IsPC  0
    value 0x000000B7

ExOpCode  [line 57]
NODE [line 57]
    type typeOpCode
    instruction   and
    mode          zero page
    opCode        25
    PC            0x000011B9
    CHILD NODE [line 57]
        type typeCon
        IsPC  0
        value 0x000000B7


ExConstant  [line 58]
NODE [line 58]
    type typeCon
    IsPC  0
    value 0x00000097

ExOpCode  [line 58]
NODE [line 58]
    type typeOpCode
    instruction   and
    mode          zero page x
    opCode        35
    PC            0x000011BB
    CHILD NODE [line 58]
        type typeCon
        IsPC  0
        value 0x00000097


ExConstant  [line 59]
NODE [line 59]
    type typeCon
    IsPC  0
    value 0x00000097

ExOpCode  [line 59]
NODE [line 59]
    type typeOpCode
    instruction   and
    mode          zero page x
    opCode        35
    PC            0x000011BD
    CHILD NODE [line 59]
        type typeCon
        IsPC  0
        value 0x00000097


ExConstant  [line 60]
NODE [line 60]
    type typeCon
    IsPC  0
    value 0x00000014

ExOpCode  [line 60]
NODE [line 60]
    type typeOpCode
    instruction   and
    mode          zero page indirect x
    opCode        21
    PC            0x000011BF
    CHILD NODE [line 60]
        type typeCon
        IsPC  0
        value 0x00000014


ExConstant  [line 61]
NODE [line 61]
    type typeCon
    IsPC  0
    value 0x00000014

ExOpCode  [line 61]
NODE [line 61]
    type typeOpCode
    instruction   and
    mode          zero page indirect x
    opCode        21
    PC            0x000011C1
    CHILD NODE [line 61]
        type typeCon
        IsPC  0
        value 0x00000014


ExConstant  [line 62]
NODE [line 62]
    type typeCon
    IsPC  0
    value 0x000000DB

ExOpCode  [line 62]
NODE [line 62]
    type typeOpCode
    instruction   and
    mode          zero page indirect y
    opCode        31
    PC            0x000011C3
    CHILD NODE [line 62]
        type typeCon
        IsPC  0
        value 0x000000DB


ExConstant  [line 63]
NODE [line 63]
    type typeCon
    IsPC  0
    value 0x000000DB

ExOpCode  [line 63]
NODE [line 63]
    type typeOpCode
    instruction   and
    mode          zero page indirect y
    opCode        31
    PC            0x000011C5
    CHILD NODE [line 63]
        type typeCon
        IsPC  0
        value 0x000000DB


ExConstant  [line 64]
NODE [line 64]
    type typeCon
    IsPC  0
    value 0x000018CC

ExOpCode  [line 64]
NODE [line 64]
    type typeOpCode
    instruction   and
    mode          absolute
    opCode        2D
    PC            0x000011C7
    CHILD NODE [line 64]
        type typeCon
        IsPC  0
        value 0x000018CC


ExConstant  [line 65]
NODE [line 65]
    type typeCon
    IsPC  0
    value 0x000018CC

ExOpCode  [line 65]
NODE [line 65]
    type typeOpCode
    instruction   and
    mode          absolute
    opCode        2D
    PC            0x000011CA
    CHILD NODE [line 65]
        type typeCon
        IsPC  0
        value 0x000018CC


ExConstant  [line 66]
NODE [line 66]
    type typeCon
    IsPC  0
    value 0x0000D2FF

ExOpCode  [line 66]
NODE [line 66]
    type typeOpCode
    instruction   and
    mode          absolute x
    opCode        3D
    PC            0x000011CD
    CHILD NODE [line 66]
        type typeCon
        IsPC  0
        value 0x0000D2FF


ExConstant  [line 67]
NODE [line 67]
    type typeCon
    IsPC  0
    value 0x0000D2FF

ExOpCode  [line 67]
NODE [line 67]
    type typeOpCode
    instruction   and
    mode          absolute x
    opCode        3D
    PC            0x000011D0
    CHILD NODE [line 67]
        type typeCon
        IsPC  0
        value 0x0000D2FF


ExConstant  [line 68]
NODE [line 68]
    type typeCon
    IsPC  0
    value 0x0000F41B

ExOpCode  [line 68]
NODE [line 68]
    type typeOpCode
    instruction   and
    mode          absolute y
    opCode        39
    PC            0x000011D3
    CHILD NODE [line 68]
        type typeCon
        IsPC  0
        value 0x0000F41B


ExConstant  [line 69]
NODE [line 69]
    type typeCon
    IsPC  0
    value 0x0000F41B

ExOpCode  [line 69]
NODE [line 69]
    type typeOpCode
    instruction   and
    mode          absolute y
    opCode        39
    PC            0x000011D6
    CHILD NODE [line 69]
        type typeCon
        IsPC  0
        value 0x0000F41B


ExOprEqu  [line 73]
NODE [line 73]
    type typeOpr
    opr '='
    CHILD NODE [line 73]
        type typeId
        name __eor
        i    (nil)

    CHILD NODE [line 73]
        type typeCon
        IsPC  1     PC = 000011D9
        value 0x000011D9


ExConstant  [line 74]
NODE [line 74]
    type typeCon
    IsPC  0
    value 0x00000033

ExOpCode  [line 74]
NODE [line 74]
    type typeOpCode
    instruction   eor
    mode          immediate
    opCode        49
    PC            0x000011D9
    CHILD NODE [line 74]
        type typeCon
        IsPC  0
        value 0x00000033


ExConstant  [line 75]
NODE [line 75]
    type typeCon
    IsPC  0
    value 0x00000033

ExOpCode  [line 75]
NODE [line 75]
    type typeOpCode
    instruction   eor
    mode          immediate
    opCode        49
    PC            0x000011DB
    CHILD NODE [line 75]
        type typeCon
        IsPC  0
        value 0x00000033


ExConstant  [line 76]
NODE [line 76]
    type typeCon
    IsPC  0
    value 0x00000017

ExOpCode  [line 76]
NODE [line 76]
    type typeOpCode
    instruction   eor
    mode          zero page
    opCode        45
    PC            0x000011DD
    CHILD NODE [line 76]
        type typeCon
        IsPC  0
        value 0x00000017


ExConstant  [line 77]
NODE [line 77]
    type typeCon
    IsPC  0
    value 0x00000017

ExOpCode  [line 77]
NODE [line 77]
    type typeOpCode
    instruction   eor
    mode          zero page
    opCode        45
    PC            0x000011DF
    CHILD NODE [line 77]
        type typeCon
        IsPC  0
        value 0x00000017


ExConstant  [line 78]
NODE [line 78]
    type typeCon
    IsPC  0
    value 0x000000F5

ExOpCode  [line 78]
NODE [line 78]
    type typeOpCode
    instruction   eor
    mode          zero page x
    opCode        55
    PC            0x000011E1
    CHILD NODE [line 78]
        type typeCon
        IsPC  0
        value 0x000000F5


ExConstant  [line 79]
NODE [line 79]
    type typeCon
    IsPC  0
    value 0x000000F5

ExOpCode  [line 79]
NODE [line 79]
    type typeOpCode
    instruction   eor
    mode          zero page x
    opCode        55
    PC            0x000011E3
    CHILD NODE [line 79]
        type typeCon
        IsPC  0
        value 0x000000F5


ExConstant  [line 80]
NODE [line 80]
    type typeCon
    IsPC  0
    value 0x000000D2

ExOpCode  [line 80]
NODE [line 80]
    type typeOpCode
    instruction   eor
    mode          zero page indirect x
    opCode        41
    PC            0x000011E5
    CHILD NODE [line 80]
        type typeCon
        IsPC  0
        value 0x000000D2


ExConstant  [line 81]
NODE [line 81]
    type typeCon
    IsPC  0
    value 0x000000D2

ExOpCode  [line 81]
NODE [line 81]
    type typeOpCode
    instruction   eor
    mode          zero page indirect x
    opCode        41
    PC            0x000011E7
    CHILD NODE [line 81]
        type typeCon
        IsPC  0
        value 0x000000D2


ExConstant  [line 82]
NODE [line 82]
    type typeCon
    IsPC  0
    value 0x00000072

ExOpCode  [line 82]
NODE [line 82]
    type typeOpCode
    instruction   eor
    mode          zero page indirect y
    opCode        51
    PC            0x000011E9
    CHILD NODE [line 82]
        type typeCon
        IsPC  0
        value 0x00000072


ExConstant  [line 83]
NODE [line 83]
    type typeCon
    IsPC  0
    value 0x00000072

ExOpCode  [line 83]
NODE [line 83]
    type typeOpCode
    instruction   eor
    mode          zero page indirect y
    opCode        51
    PC            0x000011EB
    CHILD NODE [line 83]
        type typeCon
        IsPC  0
        value 0x00000072


ExConstant  [line 84]
NODE [line 84]
    type typeCon
    IsPC  0
    value 0x00008505

ExOpCode  [line 84]
NODE [line 84]
    type typeOpCode
    instruction   eor
    mode          absolute
    opCode        4D
    PC            0x000011ED
    CHILD NODE [line 84]
        type typeCon
        IsPC  0
        value 0x00008505


ExConstant  [line 85]
NODE [line 85]
    type typeCon
    IsPC  0
    value 0x00008505

ExOpCode  [line 85]
NODE [line 85]
    type typeOpCode
    instruction   eor
    mode          absolute
    opCode        4D
    PC            0x000011F0
    CHILD NODE [line 85]
        type typeCon
        IsPC  0
        value 0x00008505


ExConstant  [line 86]
NODE [line 86]
    type typeCon
    IsPC  0
    value 0x00006E59

ExOpCode  [line 86]
NODE [line 86]
    type typeOpCode
    instruction   eor
    mode          absolute x
    opCode        5D
    PC            0x000011F3
    CHILD NODE [line 86]
        type typeCon
        IsPC  0
        value 0x00006E59


ExConstant  [line 87]
NODE [line 87]
    type typeCon
    IsPC  0
    value 0x00006E59

ExOpCode  [line 87]
NODE [line 87]
    type typeOpCode
    instruction   eor
    mode          absolute x
    opCode        5D
    PC            0x000011F6
    CHILD NODE [line 87]
        type typeCon
        IsPC  0
        value 0x00006E59


ExConstant  [line 88]
NODE [line 88]
    type typeCon
    IsPC  0
    value 0x0000FB77

ExOpCode  [line 88]
NODE [line 88]
    type typeOpCode
    instruction   eor
    mode          absolute y
    opCode        59
    PC            0x000011F9
    CHILD NODE [line 88]
        type typeCon
        IsPC  0
        value 0x0000FB77


ExConstant  [line 89]
NODE [line 89]
    type typeCon
    IsPC  0
    value 0x0000FB77

ExOpCode  [line 89]
NODE [line 89]
    type typeOpCode
    instruction   eor
    mode          absolute y
    opCode        59
    PC            0x000011FC
    CHILD NODE [line 89]
        type typeCon
        IsPC  0
        value 0x0000FB77


ExOprEqu  [line 93]
NODE [line 93]
    type typeOpr
    opr '='
    CHILD NODE [line 93]
        type typeId
        name __adc
        i    (nil)

    CHILD NODE [line 93]
        type typeCon
        IsPC  1     PC = 000011FF
        value 0x000011FF


ExConstant  [line 94]
NODE [line 94]
    type typeCon
    IsPC  0
    value 0x00000063

ExOpCode  [line 94]
NODE [line 94]
    type typeOpCode
    instruction   adc
    mode          immediate
    opCode        69
    PC            0x000011FF
    CHILD NODE [line 94]
        type typeCon
        IsPC  0
        value 0x00000063


ExConstant  [line 95]
NODE [line 95]
    type typeCon
    IsPC  0
    value 0x00000063

ExOpCode  [line 95]
NODE [line 95]
    type typeOpCode
    instruction   adc
    mode          immediate
    opCode        69
    PC            0x00001201
    CHILD NODE [line 95]
        type typeCon
        IsPC  0
        value 0x00000063


ExConstant  [line 96]
NODE [line 96]
    type typeCon
    IsPC  0
    value 0x0000006F

ExOpCode  [line 96]
NODE [line 96]
    type typeOpCode
    instruction   adc
    mode          zero page
    opCode        65
    PC            0x00001203
    CHILD NODE [line 96]
        type typeCon
        IsPC  0
        value 0x0000006F


ExConstant  [line 97]
NODE [line 97]
    type typeCon
    IsPC  0
    value 0x0000006F

ExOpCode  [line 97]
NODE [line 97]
    type typeOpCode
    instruction   adc
    mode          zero page
    opCode        65
    PC            0x00001205
    CHILD NODE [line 97]
        type typeCon
        IsPC  0
        value 0x0000006F


ExConstant  [line 98]
NODE [line 98]
    type typeCon
    IsPC  0
    value 0x0000009D

ExOpCode  [line 98]
NODE [line 98]
    type typeOpCode
    instruction   adc
    mode          zero page x
    opCode        75
    PC            0x00001207
    CHILD NODE [line 98]
        type typeCon
        IsPC  0
        value 0x0000009D


ExConstant  [line 99]
NODE [line 99]
    type typeCon
    IsPC  0
    value 0x0000009D

ExOpCode  [line 99]
NODE [line 99]
    type typeOpCode
    instruction   adc
    mode          zero page x
    opCode        75
    PC            0x00001209
    CHILD NODE [line 99]
        type typeCon
        IsPC  0
        value 0x0000009D


ExConstant  [line 100]
NODE [line 100]
    type typeCon
    IsPC  0
    value 0x0000004A

ExOpCode  [line 100]
NODE [line 100]
    type typeOpCode
    instruction   adc
    mode          zero page indirect x
    opCode        61
    PC            0x0000120B
    CHILD NODE [line 100]
        type typeCon
        IsPC  0
        value 0x0000004A


ExConstant  [line 101]
NODE [line 101]
    type typeCon
    IsPC  0
    value 0x0000004A

ExOpCode  [line 101]
NODE [line 101]
    type typeOpCode
    instruction   adc
    mode          zero page indirect x
    opCode        61
    PC            0x0000120D
    CHILD NODE [line 101]
        type typeCon
        IsPC  0
        value 0x0000004A


ExConstant  [line 102]
NODE [line 102]
    type typeCon
    IsPC  0
    value 0x000000E4

ExOpCode  [line 102]
NODE [line 102]
    type typeOpCode
    instruction   adc
    mode          zero page indirect y
    opCode        71
    PC            0x0000120F
    CHILD NODE [line 102]
        type typeCon
        IsPC  0
        value 0x000000E4


ExConstant  [line 103]
NODE [line 103]
    type typeCon
    IsPC  0
    value 0x000000E4

ExOpCode  [line 103]
NODE [line 103]
    type typeOpCode
    instruction   adc
    mode          zero page indirect y
    opCode        71
    PC            0x00001211
    CHILD NODE [line 103]
        type typeCon
        IsPC  0
        value 0x000000E4


ExConstant  [line 104]
NODE [line 104]
    type typeCon
    IsPC  0
    value 0x00003162

ExOpCode  [line 104]
NODE [line 104]
    type typeOpCode
    instruction   adc
    mode          absolute
    opCode        6D
    PC            0x00001213
    CHILD NODE [line 104]
        type typeCon
        IsPC  0
        value 0x00003162


ExConstant  [line 105]
NODE [line 105]
    type typeCon
    IsPC  0
    value 0x00003162

ExOpCode  [line 105]
NODE [line 105]
    type typeOpCode
    instruction   adc
    mode          absolute
    opCode        6D
    PC            0x00001216
    CHILD NODE [line 105]
        type typeCon
        IsPC  0
        value 0x00003162


ExConstant  [line 106]
NODE [line 106]
    type typeCon
    IsPC  0
    value 0x0000D8D8

ExOpCode  [line 106]
NODE [line 106]
    type typeOpCode
    instruction   adc
    mode          absolute x
    opCode        7D
    PC            0x00001219
    CHILD NODE [line 106]
        type typeCon
        IsPC  0
        value 0x0000D8D8


ExConstant  [line 107]
NODE [line 107]
    type typeCon
    IsPC  0
    value 0x0000D8D8

ExOpCode  [line 107]
NODE [line 107]
    type typeOpCode
    instruction   adc
    mode          absolute x
    opCode        7D
    PC            0x0000121C
    CHILD NODE [line 107]
        type typeCon
        IsPC  0
        value 0x0000D8D8


ExConstant  [line 108]
NODE [line 108]
    type typeCon
    IsPC  0
    value 0x0000709F

ExOpCode  [line 108]
NODE [line 108]
    type typeOpCode
    instruction   adc
    mode          absolute y
    opCode        79
    PC            0x0000121F
    CHILD NODE [line 108]
        type typeCon
        IsPC  0
        value 0x0000709F


ExConstant  [line 109]
NODE [line 109]
    type typeCon
    IsPC  0
    value 0x0000709F

ExOpCode  [line 109]
NODE [line 109]
    type typeOpCode
    instruction   adc
    mode          absolute y
    opCode        79
    PC            0x00001222
    CHILD NODE [line 109]
        type typeCon
        IsPC  0
        value 0x0000709F


ExOprEqu  [line 113]
NODE [line 113]
    type typeOpr
    opr '='
    CHILD NODE [line 113]
        type typeId
        name __sbc
        i    (nil)

    CHILD NODE [line 113]
        type typeCon
        IsPC  1     PC = 00001225
        value 0x00001225


ExConstant  [line 114]
NODE [line 114]
    type typeCon
    IsPC  0
    value 0x00000011

ExOpCode  [line 114]
NODE [line 114]
    type typeOpCode
    instruction   sbc
    mode          immediate
    opCode        E9
    PC            0x00001225
    CHILD NODE [line 114]
        type typeCon
        IsPC  0
        value 0x00000011


ExConstant  [line 115]
NODE [line 115]
    type typeCon
    IsPC  0
    value 0x00000011

ExOpCode  [line 115]
NODE [line 115]
    type typeOpCode
    instruction   sbc
    mode          immediate
    opCode        E9
    PC            0x00001227
    CHILD NODE [line 115]
        type typeCon
        IsPC  0
        value 0x00000011


ExConstant  [line 116]
NODE [line 116]
    type typeCon
    IsPC  0
    value 0x0000000E

ExOpCode  [line 116]
NODE [line 116]
    type typeOpCode
    instruction   sbc
    mode          zero page
    opCode        E5
    PC            0x00001229
    CHILD NODE [line 116]
        type typeCon
        IsPC  0
        value 0x0000000E


ExConstant  [line 117]
NODE [line 117]
    type typeCon
    IsPC  0
    value 0x0000000E

ExOpCode  [line 117]
NODE [line 117]
    type typeOpCode
    instruction   sbc
    mode          zero page
    opCode        E5
    PC            0x0000122B
    CHILD NODE [line 117]
        type typeCon
        IsPC  0
        value 0x0000000E


ExConstant  [line 118]
NODE [line 118]
    type typeCon
    IsPC  0
    value 0x000000C5

ExOpCode  [line 118]
NODE [line 118]
    type typeOpCode
    instruction   sbc
    mode          zero page x
    opCode        F5
    PC            0x0000122D
    CHILD NODE [line 118]
        type typeCon
        IsPC  0
        value 0x000000C5


ExConstant  [line 119]
NODE [line 119]
    type typeCon
    IsPC  0
    value 0x000000C5

ExOpCode  [line 119]
NODE [line 119]
    type typeOpCode
    instruction   sbc
    mode          zero page x
    opCode        F5
    PC            0x0000122F
    CHILD NODE [line 119]
        type typeCon
        IsPC  0
        value 0x000000C5


ExConstant  [line 120]
NODE [line 120]
    type typeCon
    IsPC  0
    value 0x00000000

ExOpCode  [line 120]
NODE [line 120]
    type typeOpCode
    instruction   sbc
    mode          zero page indirect x
    opCode        E1
    PC            0x00001231
    CHILD NODE [line 120]
        type typeCon
        IsPC  0
        value 0x00000000


ExConstant  [line 121]
NODE [line 121]
    type typeCon
    IsPC  0
    value 0x00000000

ExOpCode  [line 121]
NODE [line 121]
    type typeOpCode
    instruction   sbc
    mode          zero page indirect x
    opCode        E1
    PC            0x00001233
    CHILD NODE [line 121]
        type typeCon
        IsPC  0
        value 0x00000000


ExConstant  [line 122]
NODE [line 122]
    type typeCon
    IsPC  0
    value 0x0000008B

ExOpCode  [line 122]
NODE [line 122]
    type typeOpCode
    instruction   sbc
    mode          zero page indirect y
    opCode        F1
    PC            0x00001235
    CHILD NODE [line 122]
        type typeCon
        IsPC  0
        value 0x0000008B


ExConstant  [line 123]
NODE [line 123]
    type typeCon
    IsPC  0
    value 0x0000008B

ExOpCode  [line 123]
NODE [line 123]
    type typeOpCode
    instruction   sbc
    mode          zero page indirect y
    opCode        F1
    PC            0x00001237
    CHILD NODE [line 123]
        type typeCon
        IsPC  0
        value 0x0000008B


ExConstant  [line 124]
NODE [line 124]
    type typeCon
    IsPC  0
    value 0x000079C6

ExOpCode  [line 124]
NODE [line 124]
    type typeOpCode
    instruction   sbc
    mode          absolute
    opCode        ED
    PC            0x00001239
    CHILD NODE [line 124]
        type typeCon
        IsPC  0
        value 0x000079C6


ExConstant  [line 125]
NODE [line 125]
    type typeCon
    IsPC  0
    value 0x000079C6

ExOpCode  [line 125]
NODE [line 125]
    type typeOpCode
    instruction   sbc
    mode          absolute
    opCode        ED
    PC            0x0000123C
    CHILD NODE [line 125]
        type typeCon
        IsPC  0
        value 0x000079C6


ExConstant  [line 126]
NODE [line 126]
    type typeCon
    IsPC  0
    value 0x00004D03

ExOpCode  [line 126]
NODE [line 126]
    type typeOpCode
    instruction   sbc
    mode          absolute x
    opCode        FD
    PC            0x0000123F
    CHILD NODE [line 126]
        type typeCon
        IsPC  0
        value 0x00004D03


ExConstant  [line 127]
NODE [line 127]
    type typeCon
    IsPC  0
    value 0x00004D03

ExOpCode  [line 127]
NODE [line 127]
    type typeOpCode
    instruction   sbc
    mode          absolute x
    opCode        FD
    PC            0x00001242
    CHILD NODE [line 127]
        type typeCon
        IsPC  0
        value 0x00004D03


ExConstant  [line 128]
NODE [line 128]
    type typeCon
    IsPC  0
    value 0x000081BC

ExOpCode  [line 128]
NODE [line 128]
    type typeOpCode
    instruction   sbc
    mode          absolute y
    opCode        F9
    PC            0x00001245
    CHILD NODE [line 128]
        type typeCon
        IsPC  0
        value 0x000081BC


ExConstant  [line 129]
NODE [line 129]
    type typeCon
    IsPC  0
    value 0x000081BC

ExOpCode  [line 129]
NODE [line 129]
    type typeOpCode
    instruction   sbc
    mode          absolute y
    opCode        F9
    PC            0x00001248
    CHILD NODE [line 129]
        type typeCon
        IsPC  0
        value 0x000081BC


ExOprEqu  [line 133]
NODE [line 133]
    type typeOpr
    opr '='
    CHILD NODE [line 133]
        type typeId
        name __cmp
        i    (nil)

    CHILD NODE [line 133]
        type typeCon
        IsPC  1     PC = 0000124B
        value 0x0000124B


ExConstant  [line 134]
NODE [line 134]
    type typeCon
    IsPC  0
    value 0x000000A0

ExOpCode  [line 134]
NODE [line 134]
    type typeOpCode
    instruction   cmp
    mode          immediate
    opCode        C9
    PC            0x0000124B
    CHILD NODE [line 134]
        type typeCon
        IsPC  0
        value 0x000000A0


ExConstant  [line 135]
NODE [line 135]
    type typeCon
    IsPC  0
    value 0x000000A0

ExOpCode  [line 135]
NODE [line 135]
    type typeOpCode
    instruction   cmp
    mode          immediate
    opCode        C9
    PC            0x0000124D
    CHILD NODE [line 135]
        type typeCon
        IsPC  0
        value 0x000000A0


ExConstant  [line 136]
NODE [line 136]
    type typeCon
    IsPC  0
    value 0x0000004D

ExOpCode  [line 136]
NODE [line 136]
    type typeOpCode
    instruction   cmp
    mode          zero page
    opCode        C5
    PC            0x0000124F
    CHILD NODE [line 136]
        type typeCon
        IsPC  0
        value 0x0000004D


ExConstant  [line 137]
NODE [line 137]
    type typeCon
    IsPC  0
    value 0x0000004D

ExOpCode  [line 137]
NODE [line 137]
    type typeOpCode
    instruction   cmp
    mode          zero page
    opCode        C5
    PC            0x00001251
    CHILD NODE [line 137]
        type typeCon
        IsPC  0
        value 0x0000004D


ExConstant  [line 138]
NODE [line 138]
    type typeCon
    IsPC  0
    value 0x000000F7

ExOpCode  [line 138]
NODE [line 138]
    type typeOpCode
    instruction   cmp
    mode          zero page x
    opCode        D5
    PC            0x00001253
    CHILD NODE [line 138]
        type typeCon
        IsPC  0
        value 0x000000F7


ExConstant  [line 139]
NODE [line 139]
    type typeCon
    IsPC  0
    value 0x000000F7

ExOpCode  [line 139]
NODE [line 139]
    type typeOpCode
    instruction   cmp
    mode          zero page x
    opCode        D5
    PC            0x00001255
    CHILD NODE [line 139]
        type typeCon
        IsPC  0
        value 0x000000F7


ExConstant  [line 140]
NODE [line 140]
    type typeCon
    IsPC  0
    value 0x00000086

ExOpCode  [line 140]
NODE [line 140]
    type typeOpCode
    instruction   cmp
    mode          zero page indirect x
    opCode        C1
    PC            0x00001257
    CHILD NODE [line 140]
        type typeCon
        IsPC  0
        value 0x00000086


ExConstant  [line 141]
NODE [line 141]
    type typeCon
    IsPC  0
    value 0x00000086

ExOpCode  [line 141]
NODE [line 141]
    type typeOpCode
    instruction   cmp
    mode          zero page indirect x
    opCode        C1
    PC            0x00001259
    CHILD NODE [line 141]
        type typeCon
        IsPC  0
        value 0x00000086


ExConstant  [line 142]
NODE [line 142]
    type typeCon
    IsPC  0
    value 0x0000007C

ExOpCode  [line 142]
NODE [line 142]
    type typeOpCode
    instruction   cmp
    mode          zero page indirect y
    opCode        D1
    PC            0x0000125B
    CHILD NODE [line 142]
        type typeCon
        IsPC  0
        value 0x0000007C


ExConstant  [line 143]
NODE [line 143]
    type typeCon
    IsPC  0
    value 0x0000007C

ExOpCode  [line 143]
NODE [line 143]
    type typeOpCode
    instruction   cmp
    mode          zero page indirect y
    opCode        D1
    PC            0x0000125D
    CHILD NODE [line 143]
        type typeCon
        IsPC  0
        value 0x0000007C


ExConstant  [line 144]
NODE [line 144]
    type typeCon
    IsPC  0
    value 0x0000E857

ExOpCode  [line 144]
NODE [line 144]
    type typeOpCode
    instruction   cmp
    mode          absolute
    opCode        CD
    PC            0x0000125F
    CHILD NODE [line 144]
        type typeCon
        IsPC  0
        value 0x0000E857


ExConstant  [line 145]
NODE [line 145]
    type typeCon
    IsPC  0
    value 0x0000E857

ExOpCode  [line 145]
NODE [line 145]
    type typeOpCode
    instruction   cmp
    mode          absolute
    opCode        CD
    PC            0x00001262
    CHILD NODE [line 145]
        type typeCon
        IsPC  0
        value 0x0000E857


ExConstant  [line 146]
NODE [line 146]
    type typeCon
    IsPC  0
    value 0x00002011

ExOpCode  [line 146]
NODE [line 146]
    type typeOpCode
    instruction   cmp
    mode          absolute x
    opCode        DD
    PC            0x00001265
    CHILD NODE [line 146]
        type typeCon
        IsPC  0
        value 0x00002011


ExConstant  [line 147]
NODE [line 147]
    type typeCon
    IsPC  0
    value 0x00002011

ExOpCode  [line 147]
NODE [line 147]
    type typeOpCode
    instruction   cmp
    mode          absolute x
    opCode        DD
    PC            0x00001268
    CHILD NODE [line 147]
        type typeCon
        IsPC  0
        value 0x00002011


ExConstant  [line 148]
NODE [line 148]
    type typeCon
    IsPC  0
    value 0x0000EF1A

ExOpCode  [line 148]
NODE [line 148]
    type typeOpCode
    instruction   cmp
    mode          absolute y
    opCode        D9
    PC            0x0000126B
    CHILD NODE [line 148]
        type typeCon
        IsPC  0
        value 0x0000EF1A


ExConstant  [line 149]
NODE [line 149]
    type typeCon
    IsPC  0
    value 0x0000EF1A

ExOpCode  [line 149]
NODE [line 149]
    type typeOpCode
    instruction   cmp
    mode          absolute y
    opCode        D9
    PC            0x0000126E
    CHILD NODE [line 149]
        type typeCon
        IsPC  0
        value 0x0000EF1A


ExOprEqu  [line 153]
NODE [line 153]
    type typeOpr
    opr '='
    CHILD NODE [line 153]
        type typeId
        name __cpx
        i    (nil)

    CHILD NODE [line 153]
        type typeCon
        IsPC  1     PC = 00001271
        value 0x00001271


ExConstant  [line 154]
NODE [line 154]
    type typeCon
    IsPC  0
    value 0x0000008C

ExOpCode  [line 154]
NODE [line 154]
    type typeOpCode
    instruction   cpx
    mode          immediate
    opCode        E0
    PC            0x00001271
    CHILD NODE [line 154]
        type typeCon
        IsPC  0
        value 0x0000008C


ExConstant  [line 155]
NODE [line 155]
    type typeCon
    IsPC  0
    value 0x0000008C

ExOpCode  [line 155]
NODE [line 155]
    type typeOpCode
    instruction   cpx
    mode          immediate
    opCode        E0
    PC            0x00001273
    CHILD NODE [line 155]
        type typeCon
        IsPC  0
        value 0x0000008C


ExConstant  [line 156]
NODE [line 156]
    type typeCon
    IsPC  0
    value 0x000000A1

ExOpCode  [line 156]
NODE [line 156]
    type typeOpCode
    instruction   cpx
    mode          zero page
    opCode        E4
    PC            0x00001275
    CHILD NODE [line 156]
        type typeCon
        IsPC  0
        value 0x000000A1


ExConstant  [line 157]
NODE [line 157]
    type typeCon
    IsPC  0
    value 0x000000A1

ExOpCode  [line 157]
NODE [line 157]
    type typeOpCode
    instruction   cpx
    mode          zero page
    opCode        E4
    PC            0x00001277
    CHILD NODE [line 157]
        type typeCon
        IsPC  0
        value 0x000000A1


ExConstant  [line 158]
NODE [line 158]
    type typeCon
    IsPC  0
    value 0x0000EAA2

ExOpCode  [line 158]
NODE [line 158]
    type typeOpCode
    instruction   cpx
    mode          absolute
    opCode        EC
    PC            0x00001279
    CHILD NODE [line 158]
        type typeCon
        IsPC  0
        value 0x0000EAA2


ExConstant  [line 159]
NODE [line 159]
    type typeCon
    IsPC  0
    value 0x0000EAA2

ExOpCode  [line 159]
NODE [line 159]
    type typeOpCode
    instruction   cpx
    mode          absolute
    opCode        EC
    PC            0x0000127C
    CHILD NODE [line 159]
        type typeCon
        IsPC  0
        value 0x0000EAA2


ExOprEqu  [line 163]
NODE [line 163]
    type typeOpr
    opr '='
    CHILD NODE [line 163]
        type typeId
        name __cpy
        i    (nil)

    CHILD NODE [line 163]
        type typeCon
        IsPC  1     PC = 0000127F
        value 0x0000127F


ExConstant  [line 164]
NODE [line 164]
    type typeCon
    IsPC  0
    value 0x000000C9

ExOpCode  [line 164]
NODE [line 164]
    type typeOpCode
    instruction   cpy
    mode          immediate
    opCode        C0
    PC            0x0000127F
    CHILD NODE [line 164]
        type typeCon
        IsPC  0
        value 0x000000C9


ExConstant  [line 165]
NODE [line 165]
    type typeCon
    IsPC  0
    value 0x000000C9

ExOpCode  [line 165]
NODE [line 165]
    type typeOpCode
    instruction   cpy
    mode          immediate
    opCode        C0
    PC            0x00001281
    CHILD NODE [line 165]
        type typeCon
        IsPC  0
        value 0x000000C9


ExConstant  [line 166]
NODE [line 166]
    type typeCon
    IsPC  0
    value 0x0000005A

ExOpCode  [line 166]
NODE [line 166]
    type typeOpCode
    instruction   cpy
    mode          zero page
    opCode        C4
    PC            0x00001283
    CHILD NODE [line 166]
        type typeCon
        IsPC  0
        value 0x0000005A


ExConstant  [line 167]
NODE [line 167]
    type typeCon
    IsPC  0
    value 0x0000005A

ExOpCode  [line 167]
NODE [line 167]
    type typeOpCode
    instruction   cpy
    mode          zero page
    opCode        C4
    PC            0x00001285
    CHILD NODE [line 167]
        type typeCon
        IsPC  0
        value 0x0000005A


ExConstant  [line 168]
NODE [line 168]
    type typeCon
    IsPC  0
    value 0x0000E9D6

ExOpCode  [line 168]
NODE [line 168]
    type typeOpCode
    instruction   cpy
    mode          absolute
    opCode        CC
    PC            0x00001287
    CHILD NODE [line 168]
        type typeCon
        IsPC  0
        value 0x0000E9D6


ExConstant  [line 169]
NODE [line 169]
    type typeCon
    IsPC  0
    value 0x0000E9D6

ExOpCode  [line 169]
NODE [line 169]
    type typeOpCode
    instruction   cpy
    mode          absolute
    opCode        CC
    PC            0x0000128A
    CHILD NODE [line 169]
        type typeCon
        IsPC  0
        value 0x0000E9D6


ExOprEqu  [line 173]
NODE [line 173]
    type typeOpr
    opr '='
    CHILD NODE [line 173]
        type typeId
        name __dec
        i    (nil)

    CHILD NODE [line 173]
        type typeCon
        IsPC  1     PC = 0000128D
        value 0x0000128D


ExConstant  [line 174]
NODE [line 174]
    type typeCon
    IsPC  0
    value 0x00000064

ExOpCode  [line 174]
NODE [line 174]
    type typeOpCode
    instruction   dec
    mode          zero page
    opCode        C6
    PC            0x0000128D
    CHILD NODE [line 174]
        type typeCon
        IsPC  0
        value 0x00000064


ExConstant  [line 175]
NODE [line 175]
    type typeCon
    IsPC  0
    value 0x00000064

ExOpCode  [line 175]
NODE [line 175]
    type typeOpCode
    instruction   dec
    mode          zero page
    opCode        C6
    PC            0x0000128F
    CHILD NODE [line 175]
        type typeCon
        IsPC  0
        value 0x00000064


ExConstant  [line 176]
NODE [line 176]
    type typeCon
    IsPC  0
    value 0x00000004

ExOpCode  [line 176]
NODE [line 176]
    type typeOpCode
    instruction   dec
    mode          zero page x
    opCode        D6
    PC            0x00001291
    CHILD NODE [line 176]
        type typeCon
        IsPC  0
        value 0x00000004


ExConstant  [line 177]
NODE [line 177]
    type typeCon
    IsPC  0
    value 0x00000004

ExOpCode  [line 177]
NODE [line 177]
    type typeOpCode
    instruction   dec
    mode          zero page x
    opCode        D6
    PC            0x00001293
    CHILD NODE [line 177]
        type typeCon
        IsPC  0
        value 0x00000004


ExConstant  [line 178]
NODE [line 178]
    type typeCon
    IsPC  0
    value 0x0000844F

ExOpCode  [line 178]
NODE [line 178]
    type typeOpCode
    instruction   dec
    mode          absolute
    opCode        CE
    PC            0x00001295
    CHILD NODE [line 178]
        type typeCon
        IsPC  0
        value 0x0000844F


ExConstant  [line 179]
NODE [line 179]
    type typeCon
    IsPC  0
    value 0x0000844F

ExOpCode  [line 179]
NODE [line 179]
    type typeOpCode
    instruction   dec
    mode          absolute
    opCode        CE
    PC            0x00001298
    CHILD NODE [line 179]
        type typeCon
        IsPC  0
        value 0x0000844F


ExConstant  [line 180]
NODE [line 180]
    type typeCon
    IsPC  0
    value 0x00009DA1

ExOpCode  [line 180]
NODE [line 180]
    type typeOpCode
    instruction   dec
    mode          absolute x
    opCode        DE
    PC            0x0000129B
    CHILD NODE [line 180]
        type typeCon
        IsPC  0
        value 0x00009DA1


ExConstant  [line 181]
NODE [line 181]
    type typeCon
    IsPC  0
    value 0x00009DA1

ExOpCode  [line 181]
NODE [line 181]
    type typeOpCode
    instruction   dec
    mode          absolute x
    opCode        DE
    PC            0x0000129E
    CHILD NODE [line 181]
        type typeCon
        IsPC  0
        value 0x00009DA1


ExOprEqu  [line 185]
NODE [line 185]
    type typeOpr
    opr '='
    CHILD NODE [line 185]
        type typeId
        name __dex
        i    (nil)

    CHILD NODE [line 185]
        type typeCon
        IsPC  1     PC = 000012A1
        value 0x000012A1


ExOpCode  [line 186]
NODE [line 186]
    type typeOpCode
    instruction   dex
    mode          implied
    opCode        CA
    PC            0x000012A1


ExOprEqu  [line 190]
NODE [line 190]
    type typeOpr
    opr '='
    CHILD NODE [line 190]
        type typeId
        name __dey
        i    (nil)

    CHILD NODE [line 190]
        type typeCon
        IsPC  1     PC = 000012A2
        value 0x000012A2


ExOpCode  [line 191]
NODE [line 191]
    type typeOpCode
    instruction   dey
    mode          implied
    opCode        88
    PC            0x000012A2


ExOprEqu  [line 195]
NODE [line 195]
    type typeOpr
    opr '='
    CHILD NODE [line 195]
        type typeId
        name __inc
        i    (nil)

    CHILD NODE [line 195]
        type typeCon
        IsPC  1     PC = 000012A3
        value 0x000012A3


ExConstant  [line 196]
NODE [line 196]
    type typeCon
    IsPC  0
    value 0x00000039

ExOpCode  [line 196]
NODE [line 196]
    type typeOpCode
    instruction   inc
    mode          zero page
    opCode        E6
    PC            0x000012A3
    CHILD NODE [line 196]
        type typeCon
        IsPC  0
        value 0x00000039


ExConstant  [line 197]
NODE [line 197]
    type typeCon
    IsPC  0
    value 0x00000039

ExOpCode  [line 197]
NODE [line 197]
    type typeOpCode
    instruction   inc
    mode          zero page
    opCode        E6
    PC            0x000012A5
    CHILD NODE [line 197]
        type typeCon
        IsPC  0
        value 0x00000039


ExConstant  [line 198]
NODE [line 198]
    type typeCon
    IsPC  0
    value 0x000000B4

ExOpCode  [line 198]
NODE [line 198]
    type typeOpCode
    instruction   inc
    mode          zero page x
    opCode        F6
    PC            0x000012A7
    CHILD NODE [line 198]
        type typeCon
        IsPC  0
        value 0x000000B4


ExConstant  [line 199]
NODE [line 199]
    type typeCon
    IsPC  0
    value 0x000000B4

ExOpCode  [line 199]
NODE [line 199]
    type typeOpCode
    instruction   inc
    mode          zero page x
    opCode        F6
    PC            0x000012A9
    CHILD NODE [line 199]
        type typeCon
        IsPC  0
        value 0x000000B4


ExConstant  [line 200]
NODE [line 200]
    type typeCon
    IsPC  0
    value 0x00004DEC

ExOpCode  [line 200]
NODE [line 200]
    type typeOpCode
    instruction   inc
    mode          absolute
    opCode        EE
    PC            0x000012AB
    CHILD NODE [line 200]
        type typeCon
        IsPC  0
        value 0x00004DEC


ExConstant  [line 201]
NODE [line 201]
    type typeCon
    IsPC  0
    value 0x00004DEC

ExOpCode  [line 201]
NODE [line 201]
    type typeOpCode
    instruction   inc
    mode          absolute
    opCode        EE
    PC            0x000012AE
    CHILD NODE [line 201]
        type typeCon
        IsPC  0
        value 0x00004DEC


ExConstant  [line 202]
NODE [line 202]
    type typeCon
    IsPC  0
    value 0x0000B310

ExOpCode  [line 202]
NODE [line 202]
    type typeOpCode
    instruction   inc
    mode          absolute x
    opCode        FE
    PC            0x000012B1
    CHILD NODE [line 202]
        type typeCon
        IsPC  0
        value 0x0000B310


ExConstant  [line 203]
NODE [line 203]
    type typeCon
    IsPC  0
    value 0x0000B310

ExOpCode  [line 203]
NODE [line 203]
    type typeOpCode
    instruction   inc
    mode          absolute x
    opCode        FE
    PC            0x000012B4
    CHILD NODE [line 203]
        type typeCon
        IsPC  0
        value 0x0000B310


ExOprEqu  [line 207]
NODE [line 207]
    type typeOpr
    opr '='
    CHILD NODE [line 207]
        type typeId
        name __inx
        i    (nil)

    CHILD NODE [line 207]
        type typeCon
        IsPC  1     PC = 000012B7
        value 0x000012B7


ExOpCode  [line 208]
NODE [line 208]
    type typeOpCode
    instruction   inx
    mode          implied
    opCode        E8
    PC            0x000012B7


ExOprEqu  [line 212]
NODE [line 212]
    type typeOpr
    opr '='
    CHILD NODE [line 212]
        type typeId
        name __iny
        i    (nil)

    CHILD NODE [line 212]
        type typeCon
        IsPC  1     PC = 000012B8
        value 0x000012B8


ExOpCode  [line 213]
NODE [line 213]
    type typeOpCode
    instruction   iny
    mode          implied
    opCode        C8
    PC            0x000012B8


ExOprEqu  [line 217]
NODE [line 217]
    type typeOpr
    opr '='
    CHILD NODE [line 217]
        type typeId
        name __asl
        i    (nil)

    CHILD NODE [line 217]
        type typeCon
        IsPC  1     PC = 000012B9
        value 0x000012B9


ExOpCode  [line 218]
NODE [line 218]
    type typeOpCode
    instruction   asl
    mode          implied
    opCode        0A
    PC            0x000012B9


ExConstant  [line 219]
NODE [line 219]
    type typeCon
    IsPC  0
    value 0x00000031

ExOpCode  [line 219]
NODE [line 219]
    type typeOpCode
    instruction   asl
    mode          zero page
    opCode        06
    PC            0x000012BA
    CHILD NODE [line 219]
        type typeCon
        IsPC  0
        value 0x00000031


ExConstant  [line 220]
NODE [line 220]
    type typeCon
    IsPC  0
    value 0x00000031

ExOpCode  [line 220]
NODE [line 220]
    type typeOpCode
    instruction   asl
    mode          zero page
    opCode        06
    PC            0x000012BC
    CHILD NODE [line 220]
        type typeCon
        IsPC  0
        value 0x00000031


ExConstant  [line 221]
NODE [line 221]
    type typeCon
    IsPC  0
    value 0x000000DF

ExOpCode  [line 221]
NODE [line 221]
    type typeOpCode
    instruction   asl
    mode          zero page x
    opCode        16
    PC            0x000012BE
    CHILD NODE [line 221]
        type typeCon
        IsPC  0
        value 0x000000DF


ExConstant  [line 222]
NODE [line 222]
    type typeCon
    IsPC  0
    value 0x000000DF

ExOpCode  [line 222]
NODE [line 222]
    type typeOpCode
    instruction   asl
    mode          zero page x
    opCode        16
    PC            0x000012C0
    CHILD NODE [line 222]
        type typeCon
        IsPC  0
        value 0x000000DF


ExConstant  [line 223]
NODE [line 223]
    type typeCon
    IsPC  0
    value 0x00008864

ExOpCode  [line 223]
NODE [line 223]
    type typeOpCode
    instruction   asl
    mode          absolute
    opCode        0E
    PC            0x000012C2
    CHILD NODE [line 223]
        type typeCon
        IsPC  0
        value 0x00008864


ExConstant  [line 224]
NODE [line 224]
    type typeCon
    IsPC  0
    value 0x00008864

ExOpCode  [line 224]
NODE [line 224]
    type typeOpCode
    instruction   asl
    mode          absolute
    opCode        0E
    PC            0x000012C5
    CHILD NODE [line 224]
        type typeCon
        IsPC  0
        value 0x00008864


ExConstant  [line 225]
NODE [line 225]
    type typeCon
    IsPC  0
    value 0x000006BF

ExOpCode  [line 225]
NODE [line 225]
    type typeOpCode
    instruction   asl
    mode          absolute x
    opCode        1E
    PC            0x000012C8
    CHILD NODE [line 225]
        type typeCon
        IsPC  0
        value 0x000006BF


ExConstant  [line 226]
NODE [line 226]
    type typeCon
    IsPC  0
    value 0x000006BF

ExOpCode  [line 226]
NODE [line 226]
    type typeOpCode
    instruction   asl
    mode          absolute x
    opCode        1E
    PC            0x000012CB
    CHILD NODE [line 226]
        type typeCon
        IsPC  0
        value 0x000006BF


ExOpCode  [line 227]
NODE [line 227]
    type typeOpCode
    instruction   asl
    mode          implied
    opCode        0A
    PC            0x000012CE


ExOprEqu  [line 231]
NODE [line 231]
    type typeOpr
    opr '='
    CHILD NODE [line 231]
        type typeId
        name __rol
        i    (nil)

    CHILD NODE [line 231]
        type typeCon
        IsPC  1     PC = 000012CF
        value 0x000012CF


ExOpCode  [line 232]
NODE [line 232]
    type typeOpCode
    instruction   rol
    mode          implied
    opCode        2A
    PC            0x000012CF


ExConstant  [line 233]
NODE [line 233]
    type typeCon
    IsPC  0
    value 0x00000059

ExOpCode  [line 233]
NODE [line 233]
    type typeOpCode
    instruction   rol
    mode          zero page
    opCode        26
    PC            0x000012D0
    CHILD NODE [line 233]
        type typeCon
        IsPC  0
        value 0x00000059


ExConstant  [line 234]
NODE [line 234]
    type typeCon
    IsPC  0
    value 0x00000059

ExOpCode  [line 234]
NODE [line 234]
    type typeOpCode
    instruction   rol
    mode          zero page
    opCode        26
    PC            0x000012D2
    CHILD NODE [line 234]
        type typeCon
        IsPC  0
        value 0x00000059


ExConstant  [line 235]
NODE [line 235]
    type typeCon
    IsPC  0
    value 0x00000091

ExOpCode  [line 235]
NODE [line 235]
    type typeOpCode
    instruction   rol
    mode          zero page x
    opCode        36
    PC            0x000012D4
    CHILD NODE [line 235]
        type typeCon
        IsPC  0
        value 0x00000091


ExConstant  [line 236]
NODE [line 236]
    type typeCon
    IsPC  0
    value 0x00000091

ExOpCode  [line 236]
NODE [line 236]
    type typeOpCode
    instruction   rol
    mode          zero page x
    opCode        36
    PC            0x000012D6
    CHILD NODE [line 236]
        type typeCon
        IsPC  0
        value 0x00000091


ExConstant  [line 237]
NODE [line 237]
    type typeCon
    IsPC  0
    value 0x00004ADA

ExOpCode  [line 237]
NODE [line 237]
    type typeOpCode
    instruction   rol
    mode          absolute
    opCode        2E
    PC            0x000012D8
    CHILD NODE [line 237]
        type typeCon
        IsPC  0
        value 0x00004ADA


ExConstant  [line 238]
NODE [line 238]
    type typeCon
    IsPC  0
    value 0x00004ADA

ExOpCode  [line 238]
NODE [line 238]
    type typeOpCode
    instruction   rol
    mode          absolute
    opCode        2E
    PC            0x000012DB
    CHILD NODE [line 238]
        type typeCon
        IsPC  0
        value 0x00004ADA


ExConstant  [line 239]
NODE [line 239]
    type typeCon
    IsPC  0
    value 0x000047F2

ExOpCode  [line 239]
NODE [line 239]
    type typeOpCode
    instruction   rol
    mode          absolute x
    opCode        3E
    PC            0x000012DE
    CHILD NODE [line 239]
        type typeCon
        IsPC  0
        value 0x000047F2


ExConstant  [line 240]
NODE [line 240]
    type typeCon
    IsPC  0
    value 0x000047F2

ExOpCode  [line 240]
NODE [line 240]
    type typeOpCode
    instruction   rol
    mode          absolute x
    opCode        3E
    PC            0x000012E1
    CHILD NODE [line 240]
        type typeCon
        IsPC  0
        value 0x000047F2


ExOprEqu  [line 244]
NODE [line 244]
    type typeOpr
    opr '='
    CHILD NODE [line 244]
        type typeId
        name __lsr
        i    (nil)

    CHILD NODE [line 244]
        type typeCon
        IsPC  1     PC = 000012E4
        value 0x000012E4


ExOpCode  [line 245]
NODE [line 245]
    type typeOpCode
    instruction   lsr
    mode          implied
    opCode        4A
    PC            0x000012E4


ExConstant  [line 246]
NODE [line 246]
    type typeCon
    IsPC  0
    value 0x00000035

ExOpCode  [line 246]
NODE [line 246]
    type typeOpCode
    instruction   lsr
    mode          zero page
    opCode        46
    PC            0x000012E5
    CHILD NODE [line 246]
        type typeCon
        IsPC  0
        value 0x00000035


ExConstant  [line 247]
NODE [line 247]
    type typeCon
    IsPC  0
    value 0x00000035

ExOpCode  [line 247]
NODE [line 247]
    type typeOpCode
    instruction   lsr
    mode          zero page
    opCode        46
    PC            0x000012E7
    CHILD NODE [line 247]
        type typeCon
        IsPC  0
        value 0x00000035


ExConstant  [line 248]
NODE [line 248]
    type typeCon
    IsPC  0
    value 0x0000002B

ExOpCode  [line 248]
NODE [line 248]
    type typeOpCode
    instruction   lsr
    mode          zero page x
    opCode        56
    PC            0x000012E9
    CHILD NODE [line 248]
        type typeCon
        IsPC  0
        value 0x0000002B


ExConstant  [line 249]
NODE [line 249]
    type typeCon
    IsPC  0
    value 0x0000002B

ExOpCode  [line 249]
NODE [line 249]
    type typeOpCode
    instruction   lsr
    mode          zero page x
    opCode        56
    PC            0x000012EB
    CHILD NODE [line 249]
        type typeCon
        IsPC  0
        value 0x0000002B


ExConstant  [line 250]
NODE [line 250]
    type typeCon
    IsPC  0
    value 0x0000E83A

ExOpCode  [line 250]
NODE [line 250]
    type typeOpCode
    instruction   lsr
    mode          absolute
    opCode        4E
    PC            0x000012ED
    CHILD NODE [line 250]
        type typeCon
        IsPC  0
        value 0x0000E83A


ExConstant  [line 251]
NODE [line 251]
    type typeCon
    IsPC  0
    value 0x0000E83A

ExOpCode  [line 251]
NODE [line 251]
    type typeOpCode
    instruction   lsr
    mode          absolute
    opCode        4E
    PC            0x000012F0
    CHILD NODE [line 251]
        type typeCon
        IsPC  0
        value 0x0000E83A


ExConstant  [line 252]
NODE [line 252]
    type typeCon
    IsPC  0
    value 0x0000F07E

ExOpCode  [line 252]
NODE [line 252]
    type typeOpCode
    instruction   lsr
    mode          absolute x
    opCode        5E
    PC            0x000012F3
    CHILD NODE [line 252]
        type typeCon
        IsPC  0
        value 0x0000F07E


ExConstant  [line 253]
NODE [line 253]
    type typeCon
    IsPC  0
    value 0x0000F07E

ExOpCode  [line 253]
NODE [line 253]
    type typeOpCode
    instruction   lsr
    mode          absolute x
    opCode        5E
    PC            0x000012F6
    CHILD NODE [line 253]
        type typeCon
        IsPC  0
        value 0x0000F07E


ExOprEqu  [line 257]
NODE [line 257]
    type typeOpr
    opr '='
    CHILD NODE [line 257]
        type typeId
        name __ror
        i    (nil)

    CHILD NODE [line 257]
        type typeCon
        IsPC  1     PC = 000012F9
        value 0x000012F9


ExOpCode  [line 258]
NODE [line 258]
    type typeOpCode
    instruction   ror
    mode          implied
    opCode        6A
    PC            0x000012F9


ExConstant  [line 259]
NODE [line 259]
    type typeCon
    IsPC  0
    value 0x000000B9

ExOpCode  [line 259]
NODE [line 259]
    type typeOpCode
    instruction   ror
    mode          zero page
    opCode        66
    PC            0x000012FA
    CHILD NODE [line 259]
        type typeCon
        IsPC  0
        value 0x000000B9


ExConstant  [line 260]
NODE [line 260]
    type typeCon
    IsPC  0
    value 0x000000B9

ExOpCode  [line 260]
NODE [line 260]
    type typeOpCode
    instruction   ror
    mode          zero page
    opCode        66
    PC            0x000012FC
    CHILD NODE [line 260]
        type typeCon
        IsPC  0
        value 0x000000B9


ExConstant  [line 261]
NODE [line 261]
    type typeCon
    IsPC  0
    value 0x000000D1

ExOpCode  [line 261]
NODE [line 261]
    type typeOpCode
    instruction   ror
    mode          zero page x
    opCode        76
    PC            0x000012FE
    CHILD NODE [line 261]
        type typeCon
        IsPC  0
        value 0x000000D1


ExConstant  [line 262]
NODE [line 262]
    type typeCon
    IsPC  0
    value 0x000000D1

ExOpCode  [line 262]
NODE [line 262]
    type typeOpCode
    instruction   ror
    mode          zero page x
    opCode        76
    PC            0x00001300
    CHILD NODE [line 262]
        type typeCon
        IsPC  0
        value 0x000000D1


ExConstant  [line 263]
NODE [line 263]
    type typeCon
    IsPC  0
    value 0x0000252C

ExOpCode  [line 263]
NODE [line 263]
    type typeOpCode
    instruction   ror
    mode          absolute
    opCode        6E
    PC            0x00001302
    CHILD NODE [line 263]
        type typeCon
        IsPC  0
        value 0x0000252C


ExConstant  [line 264]
NODE [line 264]
    type typeCon
    IsPC  0
    value 0x0000252C

ExOpCode  [line 264]
NODE [line 264]
    type typeOpCode
    instruction   ror
    mode          absolute
    opCode        6E
    PC            0x00001305
    CHILD NODE [line 264]
        type typeCon
        IsPC  0
        value 0x0000252C


ExConstant  [line 265]
NODE [line 265]
    type typeCon
    IsPC  0
    value 0x000091A0

ExOpCode  [line 265]
NODE [line 265]
    type typeOpCode
    instruction   ror
    mode          absolute x
    opCode        7E
    PC            0x00001308
    CHILD NODE [line 265]
        type typeCon
        IsPC  0
        value 0x000091A0


ExConstant  [line 266]
NODE [line 266]
    type typeCon
    IsPC  0
    value 0x000091A0

ExOpCode  [line 266]
NODE [line 266]
    type typeOpCode
    instruction   ror
    mode          absolute x
    opCode        7E
    PC            0x0000130B
    CHILD NODE [line 266]
        type typeCon
        IsPC  0
        value 0x000091A0


ExOprEqu  [line 270]
NODE [line 270]
    type typeOpr
    opr '='
    CHILD NODE [line 270]
        type typeId
        name __lda
        i    (nil)

    CHILD NODE [line 270]
        type typeCon
        IsPC  1     PC = 0000130E
        value 0x0000130E


ExConstant  [line 271]
NODE [line 271]
    type typeCon
    IsPC  0
    value 0x00000050

ExOpCode  [line 271]
NODE [line 271]
    type typeOpCode
    instruction   lda
    mode          immediate
    opCode        A9
    PC            0x0000130E
    CHILD NODE [line 271]
        type typeCon
        IsPC  0
        value 0x00000050


ExConstant  [line 272]
NODE [line 272]
    type typeCon
    IsPC  0
    value 0x00000050

ExOpCode  [line 272]
NODE [line 272]
    type typeOpCode
    instruction   lda
    mode          immediate
    opCode        A9
    PC            0x00001310
    CHILD NODE [line 272]
        type typeCon
        IsPC  0
        value 0x00000050


ExConstant  [line 273]
NODE [line 273]
    type typeCon
    IsPC  0
    value 0x00000031

ExOpCode  [line 273]
NODE [line 273]
    type typeOpCode
    instruction   lda
    mode          zero page
    opCode        A5
    PC            0x00001312
    CHILD NODE [line 273]
        type typeCon
        IsPC  0
        value 0x00000031


ExConstant  [line 274]
NODE [line 274]
    type typeCon
    IsPC  0
    value 0x00000031

ExOpCode  [line 274]
NODE [line 274]
    type typeOpCode
    instruction   lda
    mode          zero page
    opCode        A5
    PC            0x00001314
    CHILD NODE [line 274]
        type typeCon
        IsPC  0
        value 0x00000031


ExConstant  [line 275]
NODE [line 275]
    type typeCon
    IsPC  0
    value 0x00000054

ExOpCode  [line 275]
NODE [line 275]
    type typeOpCode
    instruction   lda
    mode          zero page x
    opCode        B5
    PC            0x00001316
    CHILD NODE [line 275]
        type typeCon
        IsPC  0
        value 0x00000054


ExConstant  [line 276]
NODE [line 276]
    type typeCon
    IsPC  0
    value 0x00000054

ExOpCode  [line 276]
NODE [line 276]
    type typeOpCode
    instruction   lda
    mode          zero page x
    opCode        B5
    PC            0x00001318
    CHILD NODE [line 276]
        type typeCon
        IsPC  0
        value 0x00000054


ExConstant  [line 277]
NODE [line 277]
    type typeCon
    IsPC  0
    value 0x0000001A

ExOpCode  [line 277]
NODE [line 277]
    type typeOpCode
    instruction   lda
    mode          zero page indirect x
    opCode        A1
    PC            0x0000131A
    CHILD NODE [line 277]
        type typeCon
        IsPC  0
        value 0x0000001A


ExConstant  [line 278]
NODE [line 278]
    type typeCon
    IsPC  0
    value 0x0000001A

ExOpCode  [line 278]
NODE [line 278]
    type typeOpCode
    instruction   lda
    mode          zero page indirect x
    opCode        A1
    PC            0x0000131C
    CHILD NODE [line 278]
        type typeCon
        IsPC  0
        value 0x0000001A


ExConstant  [line 279]
NODE [line 279]
    type typeCon
    IsPC  0
    value 0x000000EC

ExOpCode  [line 279]
NODE [line 279]
    type typeOpCode
    instruction   lda
    mode          zero page indirect y
    opCode        B1
    PC            0x0000131E
    CHILD NODE [line 279]
        type typeCon
        IsPC  0
        value 0x000000EC


ExConstant  [line 280]
NODE [line 280]
    type typeCon
    IsPC  0
    value 0x000000EC

ExOpCode  [line 280]
NODE [line 280]
    type typeOpCode
    instruction   lda
    mode          zero page indirect y
    opCode        B1
    PC            0x00001320
    CHILD NODE [line 280]
        type typeCon
        IsPC  0
        value 0x000000EC


ExConstant  [line 281]
NODE [line 281]
    type typeCon
    IsPC  0
    value 0x00003141

ExOpCode  [line 281]
NODE [line 281]
    type typeOpCode
    instruction   lda
    mode          absolute
    opCode        AD
    PC            0x00001322
    CHILD NODE [line 281]
        type typeCon
        IsPC  0
        value 0x00003141


ExConstant  [line 282]
NODE [line 282]
    type typeCon
    IsPC  0
    value 0x00003141

ExOpCode  [line 282]
NODE [line 282]
    type typeOpCode
    instruction   lda
    mode          absolute
    opCode        AD
    PC            0x00001325
    CHILD NODE [line 282]
        type typeCon
        IsPC  0
        value 0x00003141


ExConstant  [line 283]
NODE [line 283]
    type typeCon
    IsPC  0
    value 0x00002003

ExOpCode  [line 283]
NODE [line 283]
    type typeOpCode
    instruction   lda
    mode          absolute x
    opCode        BD
    PC            0x00001328
    CHILD NODE [line 283]
        type typeCon
        IsPC  0
        value 0x00002003


ExConstant  [line 284]
NODE [line 284]
    type typeCon
    IsPC  0
    value 0x00002003

ExOpCode  [line 284]
NODE [line 284]
    type typeOpCode
    instruction   lda
    mode          absolute x
    opCode        BD
    PC            0x0000132B
    CHILD NODE [line 284]
        type typeCon
        IsPC  0
        value 0x00002003


ExConstant  [line 285]
NODE [line 285]
    type typeCon
    IsPC  0
    value 0x00008497

ExOpCode  [line 285]
NODE [line 285]
    type typeOpCode
    instruction   lda
    mode          absolute y
    opCode        B9
    PC            0x0000132E
    CHILD NODE [line 285]
        type typeCon
        IsPC  0
        value 0x00008497


ExConstant  [line 286]
NODE [line 286]
    type typeCon
    IsPC  0
    value 0x00008497

ExOpCode  [line 286]
NODE [line 286]
    type typeOpCode
    instruction   lda
    mode          absolute y
    opCode        B9
    PC            0x00001331
    CHILD NODE [line 286]
        type typeCon
        IsPC  0
        value 0x00008497


ExOprEqu  [line 290]
NODE [line 290]
    type typeOpr
    opr '='
    CHILD NODE [line 290]
        type typeId
        name __sta
        i    (nil)

    CHILD NODE [line 290]
        type typeCon
        IsPC  1     PC = 00001334
        value 0x00001334


ExConstant  [line 291]
NODE [line 291]
    type typeCon
    IsPC  0
    value 0x000000F7

ExOpCode  [line 291]
NODE [line 291]
    type typeOpCode
    instruction   sta
    mode          zero page
    opCode        85
    PC            0x00001334
    CHILD NODE [line 291]
        type typeCon
        IsPC  0
        value 0x000000F7


ExConstant  [line 292]
NODE [line 292]
    type typeCon
    IsPC  0
    value 0x000000F7

ExOpCode  [line 292]
NODE [line 292]
    type typeOpCode
    instruction   sta
    mode          zero page
    opCode        85
    PC            0x00001336
    CHILD NODE [line 292]
        type typeCon
        IsPC  0
        value 0x000000F7


ExConstant  [line 293]
NODE [line 293]
    type typeCon
    IsPC  0
    value 0x00000097

ExOpCode  [line 293]
NODE [line 293]
    type typeOpCode
    instruction   sta
    mode          zero page x
    opCode        95
    PC            0x00001338
    CHILD NODE [line 293]
        type typeCon
        IsPC  0
        value 0x00000097


ExConstant  [line 294]
NODE [line 294]
    type typeCon
    IsPC  0
    value 0x00000097

ExOpCode  [line 294]
NODE [line 294]
    type typeOpCode
    instruction   sta
    mode          zero page x
    opCode        95
    PC            0x0000133A
    CHILD NODE [line 294]
        type typeCon
        IsPC  0
        value 0x00000097


ExConstant  [line 295]
NODE [line 295]
    type typeCon
    IsPC  0
    value 0x000000A0

ExOpCode  [line 295]
NODE [line 295]
    type typeOpCode
    instruction   sta
    mode          zero page indirect x
    opCode        81
    PC            0x0000133C
    CHILD NODE [line 295]
        type typeCon
        IsPC  0
        value 0x000000A0


ExConstant  [line 296]
NODE [line 296]
    type typeCon
    IsPC  0
    value 0x000000A0

ExOpCode  [line 296]
NODE [line 296]
    type typeOpCode
    instruction   sta
    mode          zero page indirect x
    opCode        81
    PC            0x0000133E
    CHILD NODE [line 296]
        type typeCon
        IsPC  0
        value 0x000000A0


ExConstant  [line 297]
NODE [line 297]
    type typeCon
    IsPC  0
    value 0x0000001A

ExOpCode  [line 297]
NODE [line 297]
    type typeOpCode
    instruction   sta
    mode          zero page indirect y
    opCode        91
    PC            0x00001340
    CHILD NODE [line 297]
        type typeCon
        IsPC  0
        value 0x0000001A


ExConstant  [line 298]
NODE [line 298]
    type typeCon
    IsPC  0
    value 0x0000001A

ExOpCode  [line 298]
NODE [line 298]
    type typeOpCode
    instruction   sta
    mode          zero page indirect y
    opCode        91
    PC            0x00001342
    CHILD NODE [line 298]
        type typeCon
        IsPC  0
        value 0x0000001A


ExConstant  [line 299]
NODE [line 299]
    type typeCon
    IsPC  0
    value 0x0000B28B

ExOpCode  [line 299]
NODE [line 299]
    type typeOpCode
    instruction   sta
    mode          absolute
    opCode        8D
    PC            0x00001344
    CHILD NODE [line 299]
        type typeCon
        IsPC  0
        value 0x0000B28B


ExConstant  [line 300]
NODE [line 300]
    type typeCon
    IsPC  0
    value 0x0000B28B

ExOpCode  [line 300]
NODE [line 300]
    type typeOpCode
    instruction   sta
    mode          absolute
    opCode        8D
    PC            0x00001347
    CHILD NODE [line 300]
        type typeCon
        IsPC  0
        value 0x0000B28B


ExConstant  [line 301]
NODE [line 301]
    type typeCon
    IsPC  0
    value 0x00000F8F

ExOpCode  [line 301]
NODE [line 301]
    type typeOpCode
    instruction   sta
    mode          absolute x
    opCode        9D
    PC            0x0000134A
    CHILD NODE [line 301]
        type typeCon
        IsPC  0
        value 0x00000F8F


ExConstant  [line 302]
NODE [line 302]
    type typeCon
    IsPC  0
    value 0x00000F8F

ExOpCode  [line 302]
NODE [line 302]
    type typeOpCode
    instruction   sta
    mode          absolute x
    opCode        9D
    PC            0x0000134D
    CHILD NODE [line 302]
        type typeCon
        IsPC  0
        value 0x00000F8F


ExConstant  [line 303]
NODE [line 303]
    type typeCon
    IsPC  0
    value 0x00006536

ExOpCode  [line 303]
NODE [line 303]
    type typeOpCode
    instruction   sta
    mode          absolute y
    opCode        99
    PC            0x00001350
    CHILD NODE [line 303]
        type typeCon
        IsPC  0
        value 0x00006536


ExConstant  [line 304]
NODE [line 304]
    type typeCon
    IsPC  0
    value 0x00006536

ExOpCode  [line 304]
NODE [line 304]
    type typeOpCode
    instruction   sta
    mode          absolute y
    opCode        99
    PC            0x00001353
    CHILD NODE [line 304]
        type typeCon
        IsPC  0
        value 0x00006536


ExOprEqu  [line 308]
NODE [line 308]
    type typeOpr
    opr '='
    CHILD NODE [line 308]
        type typeId
        name __ldx
        i    (nil)

    CHILD NODE [line 308]
        type typeCon
        IsPC  1     PC = 00001356
        value 0x00001356


ExConstant  [line 309]
NODE [line 309]
    type typeCon
    IsPC  0
    value 0x0000008C

ExOpCode  [line 309]
NODE [line 309]
    type typeOpCode
    instruction   ldx
    mode          immediate
    opCode        A2
    PC            0x00001356
    CHILD NODE [line 309]
        type typeCon
        IsPC  0
        value 0x0000008C


ExConstant  [line 310]
NODE [line 310]
    type typeCon
    IsPC  0
    value 0x0000008C

ExOpCode  [line 310]
NODE [line 310]
    type typeOpCode
    instruction   ldx
    mode          immediate
    opCode        A2
    PC            0x00001358
    CHILD NODE [line 310]
        type typeCon
        IsPC  0
        value 0x0000008C


ExConstant  [line 311]
NODE [line 311]
    type typeCon
    IsPC  0
    value 0x00000092

ExOpCode  [line 311]
NODE [line 311]
    type typeOpCode
    instruction   ldx
    mode          zero page
    opCode        A6
    PC            0x0000135A
    CHILD NODE [line 311]
        type typeCon
        IsPC  0
        value 0x00000092


ExConstant  [line 312]
NODE [line 312]
    type typeCon
    IsPC  0
    value 0x00000092

ExOpCode  [line 312]
NODE [line 312]
    type typeOpCode
    instruction   ldx
    mode          zero page
    opCode        A6
    PC            0x0000135C
    CHILD NODE [line 312]
        type typeCon
        IsPC  0
        value 0x00000092


ExConstant  [line 313]
NODE [line 313]
    type typeCon
    IsPC  0
    value 0x00000007

ExOpCode  [line 313]
NODE [line 313]
    type typeOpCode
    instruction   ldx
    mode          zero page y
    opCode        B6
    PC            0x0000135E
    CHILD NODE [line 313]
        type typeCon
        IsPC  0
        value 0x00000007


ExConstant  [line 314]
NODE [line 314]
    type typeCon
    IsPC  0
    value 0x00000007

ExOpCode  [line 314]
NODE [line 314]
    type typeOpCode
    instruction   ldx
    mode          zero page y
    opCode        B6
    PC            0x00001360
    CHILD NODE [line 314]
        type typeCon
        IsPC  0
        value 0x00000007


ExConstant  [line 315]
NODE [line 315]
    type typeCon
    IsPC  0
    value 0x00005503

ExOpCode  [line 315]
NODE [line 315]
    type typeOpCode
    instruction   ldx
    mode          absolute
    opCode        AE
    PC            0x00001362
    CHILD NODE [line 315]
        type typeCon
        IsPC  0
        value 0x00005503


ExConstant  [line 316]
NODE [line 316]
    type typeCon
    IsPC  0
    value 0x00005503

ExOpCode  [line 316]
NODE [line 316]
    type typeOpCode
    instruction   ldx
    mode          absolute
    opCode        AE
    PC            0x00001365
    CHILD NODE [line 316]
        type typeCon
        IsPC  0
        value 0x00005503


ExConstant  [line 317]
NODE [line 317]
    type typeCon
    IsPC  0
    value 0x00000F09

ExOpCode  [line 317]
NODE [line 317]
    type typeOpCode
    instruction   ldx
    mode          absolute y
    opCode        BE
    PC            0x00001368
    CHILD NODE [line 317]
        type typeCon
        IsPC  0
        value 0x00000F09


ExConstant  [line 318]
NODE [line 318]
    type typeCon
    IsPC  0
    value 0x00000F09

ExOpCode  [line 318]
NODE [line 318]
    type typeOpCode
    instruction   ldx
    mode          absolute y
    opCode        BE
    PC            0x0000136B
    CHILD NODE [line 318]
        type typeCon
        IsPC  0
        value 0x00000F09


ExOprEqu  [line 322]
NODE [line 322]
    type typeOpr
    opr '='
    CHILD NODE [line 322]
        type typeId
        name __stx
        i    (nil)

    CHILD NODE [line 322]
        type typeCon
        IsPC  1     PC = 0000136E
        value 0x0000136E


ExConstant  [line 323]
NODE [line 323]
    type typeCon
    IsPC  0
    value 0x000000D0

ExOpCode  [line 323]
NODE [line 323]
    type typeOpCode
    instruction   stx
    mode          zero page
    opCode        86
    PC            0x0000136E
    CHILD NODE [line 323]
        type typeCon
        IsPC  0
        value 0x000000D0


ExConstant  [line 324]
NODE [line 324]
    type typeCon
    IsPC  0
    value 0x000000D0

ExOpCode  [line 324]
NODE [line 324]
    type typeOpCode
    instruction   stx
    mode          zero page
    opCode        86
    PC            0x00001370
    CHILD NODE [line 324]
        type typeCon
        IsPC  0
        value 0x000000D0


ExConstant  [line 325]
NODE [line 325]
    type typeCon
    IsPC  0
    value 0x00000008

ExOpCode  [line 325]
NODE [line 325]
    type typeOpCode
    instruction   stx
    mode          zero page y
    opCode        96
    PC            0x00001372
    CHILD NODE [line 325]
        type typeCon
        IsPC  0
        value 0x00000008


ExConstant  [line 326]
NODE [line 326]
    type typeCon
    IsPC  0
    value 0x00000008

ExOpCode  [line 326]
NODE [line 326]
    type typeOpCode
    instruction   stx
    mode          zero page y
    opCode        96
    PC            0x00001374
    CHILD NODE [line 326]
        type typeCon
        IsPC  0
        value 0x00000008


ExConstant  [line 327]
NODE [line 327]
    type typeCon
    IsPC  0
    value 0x0000287B

ExOpCode  [line 327]
NODE [line 327]
    type typeOpCode
    instruction   stx
    mode          absolute
    opCode        8E
    PC            0x00001376
    CHILD NODE [line 327]
        type typeCon
        IsPC  0
        value 0x0000287B


ExConstant  [line 328]
NODE [line 328]
    type typeCon
    IsPC  0
    value 0x0000287B

ExOpCode  [line 328]
NODE [line 328]
    type typeOpCode
    instruction   stx
    mode          absolute
    opCode        8E
    PC            0x00001379
    CHILD NODE [line 328]
        type typeCon
        IsPC  0
        value 0x0000287B


ExOprEqu  [line 332]
NODE [line 332]
    type typeOpr
    opr '='
    CHILD NODE [line 332]
        type typeId
        name __ldy
        i    (nil)

    CHILD NODE [line 332]
        type typeCon
        IsPC  1     PC = 0000137C
        value 0x0000137C


ExConstant  [line 333]
NODE [line 333]
    type typeCon
    IsPC  0
    value 0x00000046

ExOpCode  [line 333]
NODE [line 333]
    type typeOpCode
    instruction   ldy
    mode          immediate
    opCode        A0
    PC            0x0000137C
    CHILD NODE [line 333]
        type typeCon
        IsPC  0
        value 0x00000046


ExConstant  [line 334]
NODE [line 334]
    type typeCon
    IsPC  0
    value 0x00000046

ExOpCode  [line 334]
NODE [line 334]
    type typeOpCode
    instruction   ldy
    mode          immediate
    opCode        A0
    PC            0x0000137E
    CHILD NODE [line 334]
        type typeCon
        IsPC  0
        value 0x00000046


ExConstant  [line 335]
NODE [line 335]
    type typeCon
    IsPC  0
    value 0x000000B6

ExOpCode  [line 335]
NODE [line 335]
    type typeOpCode
    instruction   ldy
    mode          zero page
    opCode        A4
    PC            0x00001380
    CHILD NODE [line 335]
        type typeCon
        IsPC  0
        value 0x000000B6


ExConstant  [line 336]
NODE [line 336]
    type typeCon
    IsPC  0
    value 0x000000B6

ExOpCode  [line 336]
NODE [line 336]
    type typeOpCode
    instruction   ldy
    mode          zero page
    opCode        A4
    PC            0x00001382
    CHILD NODE [line 336]
        type typeCon
        IsPC  0
        value 0x000000B6


ExConstant  [line 337]
NODE [line 337]
    type typeCon
    IsPC  0
    value 0x00000091

ExOpCode  [line 337]
NODE [line 337]
    type typeOpCode
    instruction   ldy
    mode          zero page x
    opCode        B4
    PC            0x00001384
    CHILD NODE [line 337]
        type typeCon
        IsPC  0
        value 0x00000091


ExConstant  [line 338]
NODE [line 338]
    type typeCon
    IsPC  0
    value 0x00000091

ExOpCode  [line 338]
NODE [line 338]
    type typeOpCode
    instruction   ldy
    mode          zero page x
    opCode        B4
    PC            0x00001386
    CHILD NODE [line 338]
        type typeCon
        IsPC  0
        value 0x00000091


ExConstant  [line 339]
NODE [line 339]
    type typeCon
    IsPC  0
    value 0x0000733C

ExOpCode  [line 339]
NODE [line 339]
    type typeOpCode
    instruction   ldy
    mode          absolute
    opCode        AC
    PC            0x00001388
    CHILD NODE [line 339]
        type typeCon
        IsPC  0
        value 0x0000733C


ExConstant  [line 340]
NODE [line 340]
    type typeCon
    IsPC  0
    value 0x0000733C

ExOpCode  [line 340]
NODE [line 340]
    type typeOpCode
    instruction   ldy
    mode          absolute
    opCode        AC
    PC            0x0000138B
    CHILD NODE [line 340]
        type typeCon
        IsPC  0
        value 0x0000733C


ExConstant  [line 341]
NODE [line 341]
    type typeCon
    IsPC  0
    value 0x0000B75E

ExOpCode  [line 341]
NODE [line 341]
    type typeOpCode
    instruction   ldy
    mode          absolute x
    opCode        BC
    PC            0x0000138E
    CHILD NODE [line 341]
        type typeCon
        IsPC  0
        value 0x0000B75E


ExConstant  [line 342]
NODE [line 342]
    type typeCon
    IsPC  0
    value 0x0000B75E

ExOpCode  [line 342]
NODE [line 342]
    type typeOpCode
    instruction   ldy
    mode          absolute x
    opCode        BC
    PC            0x00001391
    CHILD NODE [line 342]
        type typeCon
        IsPC  0
        value 0x0000B75E


ExOprEqu  [line 346]
NODE [line 346]
    type typeOpr
    opr '='
    CHILD NODE [line 346]
        type typeId
        name __sty
        i    (nil)

    CHILD NODE [line 346]
        type typeCon
        IsPC  1     PC = 00001394
        value 0x00001394


ExConstant  [line 347]
NODE [line 347]
    type typeCon
    IsPC  0
    value 0x00000046

ExOpCode  [line 347]
NODE [line 347]
    type typeOpCode
    instruction   sty
    mode          zero page
    opCode        84
    PC            0x00001394
    CHILD NODE [line 347]
        type typeCon
        IsPC  0
        value 0x00000046


ExConstant  [line 348]
NODE [line 348]
    type typeCon
    IsPC  0
    value 0x00000046

ExOpCode  [line 348]
NODE [line 348]
    type typeOpCode
    instruction   sty
    mode          zero page
    opCode        84
    PC            0x00001396
    CHILD NODE [line 348]
        type typeCon
        IsPC  0
        value 0x00000046


ExConstant  [line 349]
NODE [line 349]
    type typeCon
    IsPC  0
    value 0x0000003E

ExOpCode  [line 349]
NODE [line 349]
    type typeOpCode
    instruction   sty
    mode          zero page x
    opCode        94
    PC            0x00001398
    CHILD NODE [line 349]
        type typeCon
        IsPC  0
        value 0x0000003E


ExConstant  [line 350]
NODE [line 350]
    type typeCon
    IsPC  0
    value 0x0000003E

ExOpCode  [line 350]
NODE [line 350]
    type typeOpCode
    instruction   sty
    mode          zero page x
    opCode        94
    PC            0x0000139A
    CHILD NODE [line 350]
        type typeCon
        IsPC  0
        value 0x0000003E


ExConstant  [line 351]
NODE [line 351]
    type typeCon
    IsPC  0
    value 0x00008BE4

ExOpCode  [line 351]
NODE [line 351]
    type typeOpCode
    instruction   sty
    mode          absolute
    opCode        8C
    PC            0x0000139C
    CHILD NODE [line 351]
        type typeCon
        IsPC  0
        value 0x00008BE4


ExConstant  [line 352]
NODE [line 352]
    type typeCon
    IsPC  0
    value 0x00008BE4

ExOpCode  [line 352]
NODE [line 352]
    type typeOpCode
    instruction   sty
    mode          absolute
    opCode        8C
    PC            0x0000139F
    CHILD NODE [line 352]
        type typeCon
        IsPC  0
        value 0x00008BE4


ExOprEqu  [line 356]
NODE [line 356]
    type typeOpr
    opr '='
    CHILD NODE [line 356]
        type typeId
        name __tax
        i    (nil)

    CHILD NODE [line 356]
        type typeCon
        IsPC  1     PC = 000013A2
        value 0x000013A2


ExOpCode  [line 357]
NODE [line 357]
    type typeOpCode
    instruction   tax
    mode          implied
    opCode        AA
    PC            0x000013A2


ExOprEqu  [line 361]
NODE [line 361]
    type typeOpr
    opr '='
    CHILD NODE [line 361]
        type typeId
        name __txa
        i    (nil)

    CHILD NODE [line 361]
        type typeCon
        IsPC  1     PC = 000013A3
        value 0x000013A3


ExOpCode  [line 362]
NODE [line 362]
    type typeOpCode
    instruction   txa
    mode          implied
    opCode        8A
    PC            0x000013A3


ExOprEqu  [line 366]
NODE [line 366]
    type typeOpr
    opr '='
    CHILD NODE [line 366]
        type typeId
        name __tay
        i    (nil)

    CHILD NODE [line 366]
        type typeCon
        IsPC  1     PC = 000013A4
        value 0x000013A4


ExOpCode  [line 367]
NODE [line 367]
    type typeOpCode
    instruction   tay
    mode          implied
    opCode        A8
    PC            0x000013A4


ExOprEqu  [line 371]
NODE [line 371]
    type typeOpr
    opr '='
    CHILD NODE [line 371]
        type typeId
        name __tya
        i    (nil)

    CHILD NODE [line 371]
        type typeCon
        IsPC  1     PC = 000013A5
        value 0x000013A5


ExOpCode  [line 372]
NODE [line 372]
    type typeOpCode
    instruction   tya
    mode          implied
    opCode        98
    PC            0x000013A5


ExOprEqu  [line 376]
NODE [line 376]
    type typeOpr
    opr '='
    CHILD NODE [line 376]
        type typeId
        name __tsx
        i    (nil)

    CHILD NODE [line 376]
        type typeCon
        IsPC  1     PC = 000013A6
        value 0x000013A6


ExOpCode  [line 377]
NODE [line 377]
    type typeOpCode
    instruction   tsx
    mode          implied
    opCode        BA
    PC            0x000013A6


ExOprEqu  [line 381]
NODE [line 381]
    type typeOpr
    opr '='
    CHILD NODE [line 381]
        type typeId
        name __txs
        i    (nil)

    CHILD NODE [line 381]
        type typeCon
        IsPC  1     PC = 000013A7
        value 0x000013A7


ExOpCode  [line 382]
NODE [line 382]
    type typeOpCode
    instruction   txs
    mode          implied
    opCode        9A
    PC            0x000013A7


ExOprEqu  [line 386]
NODE [line 386]
    type typeOpr
    opr '='
    CHILD NODE [line 386]
        type typeId
        name __pla
        i    (nil)

    CHILD NODE [line 386]
        type typeCon
        IsPC  1     PC = 000013A8
        value 0x000013A8


ExOpCode  [line 387]
NODE [line 387]
    type typeOpCode
    instruction   pla
    mode          implied
    opCode        68
    PC            0x000013A8


ExOprEqu  [line 391]
NODE [line 391]
    type typeOpr
    opr '='
    CHILD NODE [line 391]
        type typeId
        name __pha
        i    (nil)

    CHILD NODE [line 391]
        type typeCon
        IsPC  1     PC = 000013A9
        value 0x000013A9


ExOpCode  [line 392]
NODE [line 392]
    type typeOpCode
    instruction   pha
    mode          implied
    opCode        48
    PC            0x000013A9


ExOprEqu  [line 396]
NODE [line 396]
    type typeOpr
    opr '='
    CHILD NODE [line 396]
        type typeId
        name __plp
        i    (nil)

    CHILD NODE [line 396]
        type typeCon
        IsPC  1     PC = 000013AA
        value 0x000013AA


ExOpCode  [line 397]
NODE [line 397]
    type typeOpCode
    instruction   plp
    mode          implied
    opCode        28
    PC            0x000013AA


ExOprEqu  [line 401]
NODE [line 401]
    type typeOpr
    opr '='
    CHILD NODE [line 401]
        type typeId
        name __php
        i    (nil)

    CHILD NODE [line 401]
        type typeCon
        IsPC  1     PC = 000013AB
        value 0x000013AB


ExOpCode  [line 402]
NODE [line 402]
    type typeOpCode
    instruction   php
    mode          implied
    opCode        08
    PC            0x000013AB


ExOprEqu  [line 406]
NODE [line 406]
    type typeOpr
    opr '='
    CHILD NODE [line 406]
        type typeId
        name __bpl
        i    (nil)

    CHILD NODE [line 406]
        type typeCon
        IsPC  1     PC = 000013AC
        value 0x000013AC


ExSymbol  [line 407]
NODE [line 407]
    type typeId
    name __bmi
    i    (nil)


ExOpCode  [line 407]
NODE [line 407]
    type typeOpCode
    instruction   bpl
    mode          relative
    opCode        10
    PC            0x000013AC
    CHILD NODE [line 407]
        type typeId
        name __bmi
        i    0x1865fb0
             fullname     __bmi
             initialized  0
             value        0
             ismacroname  0
             ismacroparam 0
             isvar        0
             macroNode    (nil)
             section      NULL
             name         __bmi



ExSymbol  [line 408]
NODE [line 408]
    type typeId
    name __php
    i    (nil)


ExOpCode  [line 408]
NODE [line 408]
    type typeOpCode
    instruction   bpl
    mode          relative
    opCode        10
    PC            0x000013AE
    CHILD NODE [line 408]
        type typeId
        name __php
        i    0x1865910
             fullname     __php
             initialized  1
             value        5035
             ismacroname  0
             ismacroparam 0
             isvar        0
             macroNode    (nil)
             section      NULL
             name         __php



ExOprEqu  [line 412]
NODE [line 412]
    type typeOpr
    opr '='
    CHILD NODE [line 412]
        type typeId
        name __bmi
        i    (nil)

    CHILD NODE [line 412]
        type typeCon
        IsPC  1     PC = 000013B0
        value 0x000013B0


ExSymbol  [line 413]
NODE [line 413]
    type typeId
    name __bpl
    i    (nil)


ExOpCode  [line 413]
NODE [line 413]
    type typeOpCode
    instruction   bmi
    mode          relative
    opCode        30
    PC            0x000013B0
    CHILD NODE [line 413]
        type typeId
        name __bpl
        i    0x1865da0
             fullname     __bpl
             initialized  1
             value        5036
             ismacroname  0
             ismacroparam 0
             isvar        0
             macroNode    (nil)
             section      NULL
             name         __bpl



ExSymbol  [line 414]
NODE [line 414]
    type typeId
    name __php
    i    (nil)


ExOpCode  [line 414]
NODE [line 414]
    type typeOpCode
    instruction   bmi
    mode          relative
    opCode        30
    PC            0x000013B2
    CHILD NODE [line 414]
        type typeId
        name __php
        i    0x1865910
             fullname     __php
             initialized  1
             value        5035
             ismacroname  0
             ismacroparam 0
             isvar        0
             macroNode    (nil)
             section      NULL
             name         __php



ExOprEqu  [line 417]
NODE [line 417]
    type typeOpr
    opr '='
    CHILD NODE [line 417]
        type typeId
        name __bvc
        i    (nil)

    CHILD NODE [line 417]
        type typeCon
        IsPC  1     PC = 000013B4
        value 0x000013B4


ExSymbol  [line 418]
NODE [line 418]
    type typeId
    name __bmi
    i    (nil)


ExOpCode  [line 418]
NODE [line 418]
    type typeOpCode
    instruction   bvc
    mode          relative
    opCode        50
    PC            0x000013B4
    CHILD NODE [line 418]
        type typeId
        name __bmi
        i    0x1865fb0
             fullname     __bmi
             initialized  1
             value        5040
             ismacroname  0
             ismacroparam 0
             isvar        0
             macroNode    (nil)
             section      NULL
             name         __bmi



ExSymbol  [line 419]
NODE [line 419]
    type typeId
    name __php
    i    (nil)


ExOpCode  [line 419]
NODE [line 419]
    type typeOpCode
    instruction   bvc
    mode          relative
    opCode        50
    PC            0x000013B6
    CHILD NODE [line 419]
        type typeId
        name __php
        i    0x1865910
             fullname     __php
             initialized  1
             value        5035
             ismacroname  0
             ismacroparam 0
             isvar        0
             macroNode    (nil)
             section      NULL
             name         __php



ExOprEqu  [line 423]
NODE [line 423]
    type typeOpr
    opr '='
    CHILD NODE [line 423]
        type typeId
        name __bvs
        i    (nil)

    CHILD NODE [line 423]
        type typeCon
        IsPC  1     PC = 000013B8
        value 0x000013B8


ExSymbol  [line 424]
NODE [line 424]
    type typeId
    name __bcc
    i    (nil)


ExOpCode  [line 424]
NODE [line 424]
    type typeOpCode
    instruction   bvs
    mode          relative
    opCode        70
    PC            0x000013B8
    CHILD NODE [line 424]
        type typeId
        name __bcc
        i    0x18672c0
             fullname     __bcc
             initialized  0
             value        0
             ismacroname  0
             ismacroparam 0
             isvar        0
             macroNode    (nil)
             section      NULL
             name         __bcc



ExSymbol  [line 425]
NODE [line 425]
    type typeId
    name __php
    i    (nil)


ExOpCode  [line 425]
NODE [line 425]
    type typeOpCode
    instruction   bvs
    mode          relative
    opCode        70
    PC            0x000013BA
    CHILD NODE [line 425]
        type typeId
        name __php
        i    0x1865910
             fullname     __php
             initialized  1
             value        5035
             ismacroname  0
             ismacroparam 0
             isvar        0
             macroNode    (nil)
             section      NULL
             name         __php



ExOprEqu  [line 429]
NODE [line 429]
    type typeOpr
    opr '='
    CHILD NODE [line 429]
        type typeId
        name __bcc
        i    (nil)

    CHILD NODE [line 429]
        type typeCon
        IsPC  1     PC = 000013BC
        value 0x000013BC


ExSymbol  [line 430]
NODE [line 430]
    type typeId
    name __php
    i    (nil)


ExOpCode  [line 430]
NODE [line 430]
    type typeOpCode
    instruction   bcc
    mode          relative
    opCode        90
    PC            0x000013BC
    CHILD NODE [line 430]
        type typeId
        name __php
        i    0x1865910
             fullname     __php
             initialized  1
             value        5035
             ismacroname  0
             ismacroparam 0
             isvar        0
             macroNode    (nil)
             section      NULL
             name         __php



ExSymbol  [line 431]
NODE [line 431]
    type typeId
    name __bne
    i    (nil)


ExOpCode  [line 431]
NODE [line 431]
    type typeOpCode
    instruction   bcc
    mode          relative
    opCode        90
    PC            0x000013BE
    CHILD NODE [line 431]
        type typeId
        name __bne
        i    0x1867aa0
             fullname     __bne
             initialized  0
             value        0
             ismacroname  0
             ismacroparam 0
             isvar        0
             macroNode    (nil)
             section      NULL
             name         __bne



ExOprEqu  [line 435]
NODE [line 435]
    type typeOpr
    opr '='
    CHILD NODE [line 435]
        type typeId
        name __bcs
        i    (nil)

    CHILD NODE [line 435]
        type typeCon
        IsPC  1     PC = 000013C0
        value 0x000013C0


ExSymbol  [line 436]
NODE [line 436]
    type typeId
    name __nop
    i    (nil)


ExOpCode  [line 436]
NODE [line 436]
    type typeOpCode
    instruction   bcs
    mode          relative
    opCode        B0
    PC            0x000013C0
    CHILD NODE [line 436]
        type typeId
        name __nop
        i    0x18680a0
             fullname     __nop
             initialized  0
             value        0
             ismacroname  0
             ismacroparam 0
             isvar        0
             macroNode    (nil)
             section      NULL
             name         __nop



ExSymbol  [line 437]
NODE [line 437]
    type typeId
    name __nop
    i    (nil)


ExOpCode  [line 437]
NODE [line 437]
    type typeOpCode
    instruction   bcs
    mode          relative
    opCode        B0
    PC            0x000013C2
    CHILD NODE [line 437]
        type typeId
        name __nop
        i    0x18680a0
             fullname     __nop
             initialized  0
             value        0
             ismacroname  0
             ismacroparam 0
             isvar        0
             macroNode    (nil)
             section      NULL
             name         __nop



ExOprEqu  [line 441]
NODE [line 441]
    type typeOpr
    opr '='
    CHILD NODE [line 441]
        type typeId
        name __bne
        i    (nil)

    CHILD NODE [line 441]
        type typeCon
        IsPC  1     PC = 000013C4
        value 0x000013C4


ExSymbol  [line 442]
NODE [line 442]
    type typeId
    name __brk
    i    (nil)


ExOpCode  [line 442]
NODE [line 442]
    type typeOpCode
    instruction   bne
    mode          relative
    opCode        D0
    PC            0x000013C4
    CHILD NODE [line 442]
        type typeId
        name __brk
        i    0x1868730
             fullname     __brk
             initialized  0
             value        0
             ismacroname  0
             ismacroparam 0
             isvar        0
             macroNode    (nil)
             section      NULL
             name         __brk



ExSymbol  [line 443]
NODE [line 443]
    type typeId
    name __rti
    i    (nil)


ExOpCode  [line 443]
NODE [line 443]
    type typeOpCode
    instruction   bne
    mode          relative
    opCode        D0
    PC            0x000013C6
    CHILD NODE [line 443]
        type typeId
        name __rti
        i    0x1868940
             fullname     __rti
             initialized  0
             value        0
             ismacroname  0
             ismacroparam 0
             isvar        0
             macroNode    (nil)
             section      NULL
             name         __rti



ExOprEqu  [line 447]
NODE [line 447]
    type typeOpr
    opr '='
    CHILD NODE [line 447]
        type typeId
        name __beq
        i    (nil)

    CHILD NODE [line 447]
        type typeCon
        IsPC  1     PC = 000013C8
        value 0x000013C8


ExSymbol  [line 448]
NODE [line 448]
    type typeId
    name __bne
    i    (nil)


ExOpCode  [line 448]
NODE [line 448]
    type typeOpCode
    instruction   beq
    mode          relative
    opCode        F0
    PC            0x000013C8
    CHILD NODE [line 448]
        type typeId
        name __bne
        i    0x1867aa0
             fullname     __bne
             initialized  1
             value        5060
             ismacroname  0
             ismacroparam 0
             isvar        0
             macroNode    (nil)
             section      NULL
             name         __bne



ExSymbol  [line 449]
NODE [line 449]
    type typeId
    name __jsr
    i    (nil)


ExOpCode  [line 449]
NODE [line 449]
    type typeOpCode
    instruction   beq
    mode          relative
    opCode        F0
    PC            0x000013CA
    CHILD NODE [line 449]
        type typeId
        name __jsr
        i    0x1869090
             fullname     __jsr
             initialized  0
             value        0
             ismacroname  0
             ismacroparam 0
             isvar        0
             macroNode    (nil)
             section      NULL
             name         __jsr



ExOprEqu  [line 453]
NODE [line 453]
    type typeOpr
    opr '='
    CHILD NODE [line 453]
        type typeId
        name __brk
        i    (nil)

    CHILD NODE [line 453]
        type typeCon
        IsPC  1     PC = 000013CC
        value 0x000013CC


ExOpCode  [line 454]
NODE [line 454]
    type typeOpCode
    instruction   brk
    mode          implied
    opCode        00
    PC            0x000013CC


ExOprEqu  [line 458]
NODE [line 458]
    type typeOpr
    opr '='
    CHILD NODE [line 458]
        type typeId
        name __rti
        i    (nil)

    CHILD NODE [line 458]
        type typeCon
        IsPC  1     PC = 000013CD
        value 0x000013CD


ExOpCode  [line 459]
NODE [line 459]
    type typeOpCode
    instruction   rti
    mode          implied
    opCode        40
    PC            0x000013CD


ExOprEqu  [line 463]
NODE [line 463]
    type typeOpr
    opr '='
    CHILD NODE [line 463]
        type typeId
        name __jsr
        i    (nil)

    CHILD NODE [line 463]
        type typeCon
        IsPC  1     PC = 000013CE
        value 0x000013CE


ExConstant  [line 464]
NODE [line 464]
    type typeCon
    IsPC  0
    value 0x00005C3C

ExOpCode  [line 464]
NODE [line 464]
    type typeOpCode
    instruction   jsr
    mode          absolute
    opCode        20
    PC            0x000013CE
    CHILD NODE [line 464]
        type typeCon
        IsPC  0
        value 0x00005C3C


ExConstant  [line 465]
NODE [line 465]
    type typeCon
    IsPC  0
    value 0x00005C3C

ExOpCode  [line 465]
NODE [line 465]
    type typeOpCode
    instruction   jsr
    mode          absolute
    opCode        20
    PC            0x000013D1
    CHILD NODE [line 465]
        type typeCon
        IsPC  0
        value 0x00005C3C


ExOprEqu  [line 469]
NODE [line 469]
    type typeOpr
    opr '='
    CHILD NODE [line 469]
        type typeId
        name __rts
        i    (nil)

    CHILD NODE [line 469]
        type typeCon
        IsPC  1     PC = 000013D4
        value 0x000013D4


ExOpCode  [line 470]
NODE [line 470]
    type typeOpCode
    instruction   rts
    mode          implied
    opCode        60
    PC            0x000013D4


ExOprEqu  [line 474]
NODE [line 474]
    type typeOpr
    opr '='
    CHILD NODE [line 474]
        type typeId
        name __jmp
        i    (nil)

    CHILD NODE [line 474]
        type typeCon
        IsPC  1     PC = 000013D5
        value 0x000013D5


ExConstant  [line 475]
NODE [line 475]
    type typeCon
    IsPC  0
    value 0x00009324

ExOpCode  [line 475]
NODE [line 475]
    type typeOpCode
    instruction   jmp
    mode          absolute
    opCode        4C
    PC            0x000013D5
    CHILD NODE [line 475]
        type typeCon
        IsPC  0
        value 0x00009324


ExConstant  [line 476]
NODE [line 476]
    type typeCon
    IsPC  0
    value 0x00009324

ExOpCode  [line 476]
NODE [line 476]
    type typeOpCode
    instruction   jmp
    mode          absolute
    opCode        4C
    PC            0x000013D8
    CHILD NODE [line 476]
        type typeCon
        IsPC  0
        value 0x00009324


ExConstant  [line 477]
NODE [line 477]
    type typeCon
    IsPC  0
    value 0x00005ADC

ExOpCode  [line 477]
NODE [line 477]
    type typeOpCode
    instruction   jmp
    mode          absolute i
    opCode        6C
    PC            0x000013DB
    CHILD NODE [line 477]
        type typeCon
        IsPC  0
        value 0x00005ADC


ExConstant  [line 478]
NODE [line 478]
    type typeCon
    IsPC  0
    value 0x00005ADC

ExOpCode  [line 478]
NODE [line 478]
    type typeOpCode
    instruction   jmp
    mode          absolute i
    opCode        6C
    PC            0x000013DE
    CHILD NODE [line 478]
        type typeCon
        IsPC  0
        value 0x00005ADC


ExOprEqu  [line 482]
NODE [line 482]
    type typeOpr
    opr '='
    CHILD NODE [line 482]
        type typeId
        name __bit
        i    (nil)

    CHILD NODE [line 482]
        type typeCon
        IsPC  1     PC = 000013E1
        value 0x000013E1


ExConstant  [line 483]
NODE [line 483]
    type typeCon
    IsPC  0
    value 0x00000027

ExOpCode  [line 483]
NODE [line 483]
    type typeOpCode
    instruction   bit
    mode          zero page
    opCode        24
    PC            0x000013E1
    CHILD NODE [line 483]
        type typeCon
        IsPC  0
        value 0x00000027


ExConstant  [line 484]
NODE [line 484]
    type typeCon
    IsPC  0
    value 0x00000027

ExOpCode  [line 484]
NODE [line 484]
    type typeOpCode
    instruction   bit
    mode          zero page
    opCode        24
    PC            0x000013E3
    CHILD NODE [line 484]
        type typeCon
        IsPC  0
        value 0x00000027


ExConstant  [line 485]
NODE [line 485]
    type typeCon
    IsPC  0
    value 0x0000A1F5

ExOpCode  [line 485]
NODE [line 485]
    type typeOpCode
    instruction   bit
    mode          absolute
    opCode        2C
    PC            0x000013E5
    CHILD NODE [line 485]
        type typeCon
        IsPC  0
        value 0x0000A1F5


ExConstant  [line 486]
NODE [line 486]
    type typeCon
    IsPC  0
    value 0x0000A1F5

ExOpCode  [line 486]
NODE [line 486]
    type typeOpCode
    instruction   bit
    mode          absolute
    opCode        2C
    PC            0x000013E8
    CHILD NODE [line 486]
        type typeCon
        IsPC  0
        value 0x0000A1F5


ExOprEqu  [line 490]
NODE [line 490]
    type typeOpr
    opr '='
    CHILD NODE [line 490]
        type typeId
        name __clc
        i    (nil)

    CHILD NODE [line 490]
        type typeCon
        IsPC  1     PC = 000013EB
        value 0x000013EB


ExOpCode  [line 491]
NODE [line 491]
    type typeOpCode
    instruction   clc
    mode          implied
    opCode        18
    PC            0x000013EB


ExOprEqu  [line 495]
NODE [line 495]
    type typeOpr
    opr '='
    CHILD NODE [line 495]
        type typeId
        name __sec
        i    (nil)

    CHILD NODE [line 495]
        type typeCon
        IsPC  1     PC = 000013EC
        value 0x000013EC


ExOpCode  [line 496]
NODE [line 496]
    type typeOpCode
    instruction   sec
    mode          implied
    opCode        38
    PC            0x000013EC


ExOprEqu  [line 500]
NODE [line 500]
    type typeOpr
    opr '='
    CHILD NODE [line 500]
        type typeId
        name __cld
        i    (nil)

    CHILD NODE [line 500]
        type typeCon
        IsPC  1     PC = 000013ED
        value 0x000013ED


ExOpCode  [line 501]
NODE [line 501]
    type typeOpCode
    instruction   cld
    mode          implied
    opCode        D8
    PC            0x000013ED


ExOprEqu  [line 505]
NODE [line 505]
    type typeOpr
    opr '='
    CHILD NODE [line 505]
        type typeId
        name __sed
        i    (nil)

    CHILD NODE [line 505]
        type typeCon
        IsPC  1     PC = 000013EE
        value 0x000013EE


ExOpCode  [line 506]
NODE [line 506]
    type typeOpCode
    instruction   sed
    mode          implied
    opCode        F8
    PC            0x000013EE


ExOprEqu  [line 510]
NODE [line 510]
    type typeOpr
    opr '='
    CHILD NODE [line 510]
        type typeId
        name __cli
        i    (nil)

    CHILD NODE [line 510]
        type typeCon
        IsPC  1     PC = 000013EF
        value 0x000013EF


ExOpCode  [line 511]
NODE [line 511]
    type typeOpCode
    instruction   cli
    mode          implied
    opCode        58
    PC            0x000013EF


ExOprEqu  [line 515]
NODE [line 515]
    type typeOpr
    opr '='
    CHILD NODE [line 515]
        type typeId
        name __sei
        i    (nil)

    CHILD NODE [line 515]
        type typeCon
        IsPC  1     PC = 000013F0
        value 0x000013F0


ExOpCode  [line 516]
NODE [line 516]
    type typeOpCode
    instruction   sei
    mode          implied
    opCode        78
    PC            0x000013F0


ExOprEqu  [line 520]
NODE [line 520]
    type typeOpr
    opr '='
    CHILD NODE [line 520]
        type typeId
        name __clv
        i    (nil)

    CHILD NODE [line 520]
        type typeCon
        IsPC  1     PC = 000013F1
        value 0x000013F1


ExOpCode  [line 521]
NODE [line 521]
    type typeOpCode
    instruction   clv
    mode          implied
    opCode        B8
    PC            0x000013F1


ExOprEqu  [line 525]
NODE [line 525]
    type typeOpr
    opr '='
    CHILD NODE [line 525]
        type typeId
        name __nop
        i    (nil)

    CHILD NODE [line 525]
        type typeCon
        IsPC  1     PC = 000013F2
        value 0x000013F2


ExOpCode  [line 526]
NODE [line 526]
    type typeOpCode
    instruction   nop
    mode          implied
    opCode        EA
    PC            0x000013F2


ExOprEqu  [line 532]
NODE [line 532]
    type typeOpr
    opr '='
    CHILD NODE [line 532]
        type typeId
        name __slo
        i    (nil)

    CHILD NODE [line 532]
        type typeCon
        IsPC  1     PC = 000013F3
        value 0x000013F3


ExConstant  [line 533]
NODE [line 533]
    type typeCon
    IsPC  0
    value 0x000000AC

ExOpCode  [line 533]
NODE [line 533]
    type typeOpCode
    instruction   slo
    mode          zero page
    opCode        07
    PC            0x000013F3
    CHILD NODE [line 533]
        type typeCon
        IsPC  0
        value 0x000000AC


ExConstant  [line 534]
NODE [line 534]
    type typeCon
    IsPC  0
    value 0x000000AC

ExOpCode  [line 534]
NODE [line 534]
    type typeOpCode
    instruction   slo
    mode          zero page
    opCode        07
    PC            0x000013F5
    CHILD NODE [line 534]
        type typeCon
        IsPC  0
        value 0x000000AC


ExConstant  [line 535]
NODE [line 535]
    type typeCon
    IsPC  0
    value 0x000000EC

ExOpCode  [line 535]
NODE [line 535]
    type typeOpCode
    instruction   slo
    mode          zero page x
    opCode        17
    PC            0x000013F7
    CHILD NODE [line 535]
        type typeCon
        IsPC  0
        value 0x000000EC


ExConstant  [line 536]
NODE [line 536]
    type typeCon
    IsPC  0
    value 0x000000EC

ExOpCode  [line 536]
NODE [line 536]
    type typeOpCode
    instruction   slo
    mode          zero page x
    opCode        17
    PC            0x000013F9
    CHILD NODE [line 536]
        type typeCon
        IsPC  0
        value 0x000000EC


ExConstant  [line 537]
NODE [line 537]
    type typeCon
    IsPC  0
    value 0x000000D8

ExOpCode  [line 537]
NODE [line 537]
    type typeOpCode
    instruction   slo
    mode          zero page indirect x
    opCode        03
    PC            0x000013FB
    CHILD NODE [line 537]
        type typeCon
        IsPC  0
        value 0x000000D8


ExConstant  [line 538]
NODE [line 538]
    type typeCon
    IsPC  0
    value 0x000000D8

ExOpCode  [line 538]
NODE [line 538]
    type typeOpCode
    instruction   slo
    mode          zero page indirect x
    opCode        03
    PC            0x000013FD
    CHILD NODE [line 538]
        type typeCon
        IsPC  0
        value 0x000000D8


ExConstant  [line 539]
NODE [line 539]
    type typeCon
    IsPC  0
    value 0x0000002B

ExOpCode  [line 539]
NODE [line 539]
    type typeOpCode
    instruction   slo
    mode          zero page indirect y
    opCode        13
    PC            0x000013FF
    CHILD NODE [line 539]
        type typeCon
        IsPC  0
        value 0x0000002B


ExConstant  [line 540]
NODE [line 540]
    type typeCon
    IsPC  0
    value 0x0000002B

ExOpCode  [line 540]
NODE [line 540]
    type typeOpCode
    instruction   slo
    mode          zero page indirect y
    opCode        13
    PC            0x00001401
    CHILD NODE [line 540]
        type typeCon
        IsPC  0
        value 0x0000002B


ExConstant  [line 541]
NODE [line 541]
    type typeCon
    IsPC  0
    value 0x00001029

ExOpCode  [line 541]
NODE [line 541]
    type typeOpCode
    instruction   slo
    mode          absolute
    opCode        0F
    PC            0x00001403
    CHILD NODE [line 541]
        type typeCon
        IsPC  0
        value 0x00001029


ExConstant  [line 542]
NODE [line 542]
    type typeCon
    IsPC  0
    value 0x00001029

ExOpCode  [line 542]
NODE [line 542]
    type typeOpCode
    instruction   slo
    mode          absolute
    opCode        0F
    PC            0x00001406
    CHILD NODE [line 542]
        type typeCon
        IsPC  0
        value 0x00001029


ExConstant  [line 543]
NODE [line 543]
    type typeCon
    IsPC  0
    value 0x00001959

ExOpCode  [line 543]
NODE [line 543]
    type typeOpCode
    instruction   slo
    mode          absolute x
    opCode        1F
    PC            0x00001409
    CHILD NODE [line 543]
        type typeCon
        IsPC  0
        value 0x00001959


ExConstant  [line 544]
NODE [line 544]
    type typeCon
    IsPC  0
    value 0x00001959

ExOpCode  [line 544]
NODE [line 544]
    type typeOpCode
    instruction   slo
    mode          absolute x
    opCode        1F
    PC            0x0000140C
    CHILD NODE [line 544]
        type typeCon
        IsPC  0
        value 0x00001959


ExConstant  [line 545]
NODE [line 545]
    type typeCon
    IsPC  0
    value 0x00000C9F

ExOpCode  [line 545]
NODE [line 545]
    type typeOpCode
    instruction   slo
    mode          absolute y
    opCode        1B
    PC            0x0000140F
    CHILD NODE [line 545]
        type typeCon
        IsPC  0
        value 0x00000C9F


ExConstant  [line 546]
NODE [line 546]
    type typeCon
    IsPC  0
    value 0x00000C9F

ExOpCode  [line 546]
NODE [line 546]
    type typeOpCode
    instruction   slo
    mode          absolute y
    opCode        1B
    PC            0x00001412
    CHILD NODE [line 546]
        type typeCon
        IsPC  0
        value 0x00000C9F


ExOprEqu  [line 550]
NODE [line 550]
    type typeOpr
    opr '='
    CHILD NODE [line 550]
        type typeId
        name __rla
        i    (nil)

    CHILD NODE [line 550]
        type typeCon
        IsPC  1     PC = 00001415
        value 0x00001415


ExConstant  [line 551]
NODE [line 551]
    type typeCon
    IsPC  0
    value 0x000000C2

ExOpCode  [line 551]
NODE [line 551]
    type typeOpCode
    instruction   rla
    mode          zero page
    opCode        27
    PC            0x00001415
    CHILD NODE [line 551]
        type typeCon
        IsPC  0
        value 0x000000C2


ExConstant  [line 552]
NODE [line 552]
    type typeCon
    IsPC  0
    value 0x000000C2

ExOpCode  [line 552]
NODE [line 552]
    type typeOpCode
    instruction   rla
    mode          zero page
    opCode        27
    PC            0x00001417
    CHILD NODE [line 552]
        type typeCon
        IsPC  0
        value 0x000000C2


ExConstant  [line 553]
NODE [line 553]
    type typeCon
    IsPC  0
    value 0x000000A8

ExOpCode  [line 553]
NODE [line 553]
    type typeOpCode
    instruction   rla
    mode          zero page x
    opCode        37
    PC            0x00001419
    CHILD NODE [line 553]
        type typeCon
        IsPC  0
        value 0x000000A8


ExConstant  [line 554]
NODE [line 554]
    type typeCon
    IsPC  0
    value 0x000000A8

ExOpCode  [line 554]
NODE [line 554]
    type typeOpCode
    instruction   rla
    mode          zero page x
    opCode        37
    PC            0x0000141B
    CHILD NODE [line 554]
        type typeCon
        IsPC  0
        value 0x000000A8


ExConstant  [line 555]
NODE [line 555]
    type typeCon
    IsPC  0
    value 0x000000ED

ExOpCode  [line 555]
NODE [line 555]
    type typeOpCode
    instruction   rla
    mode          zero page indirect x
    opCode        23
    PC            0x0000141D
    CHILD NODE [line 555]
        type typeCon
        IsPC  0
        value 0x000000ED


ExConstant  [line 556]
NODE [line 556]
    type typeCon
    IsPC  0
    value 0x000000ED

ExOpCode  [line 556]
NODE [line 556]
    type typeOpCode
    instruction   rla
    mode          zero page indirect x
    opCode        23
    PC            0x0000141F
    CHILD NODE [line 556]
        type typeCon
        IsPC  0
        value 0x000000ED


ExConstant  [line 557]
NODE [line 557]
    type typeCon
    IsPC  0
    value 0x0000000E

ExOpCode  [line 557]
NODE [line 557]
    type typeOpCode
    instruction   rla
    mode          zero page indirect y
    opCode        33
    PC            0x00001421
    CHILD NODE [line 557]
        type typeCon
        IsPC  0
        value 0x0000000E


ExConstant  [line 558]
NODE [line 558]
    type typeCon
    IsPC  0
    value 0x0000000E

ExOpCode  [line 558]
NODE [line 558]
    type typeOpCode
    instruction   rla
    mode          zero page indirect y
    opCode        33
    PC            0x00001423
    CHILD NODE [line 558]
        type typeCon
        IsPC  0
        value 0x0000000E


ExConstant  [line 559]
NODE [line 559]
    type typeCon
    IsPC  0
    value 0x0000D4B7

ExOpCode  [line 559]
NODE [line 559]
    type typeOpCode
    instruction   rla
    mode          absolute
    opCode        2F
    PC            0x00001425
    CHILD NODE [line 559]
        type typeCon
        IsPC  0
        value 0x0000D4B7


ExConstant  [line 560]
NODE [line 560]
    type typeCon
    IsPC  0
    value 0x0000D4B7

ExOpCode  [line 560]
NODE [line 560]
    type typeOpCode
    instruction   rla
    mode          absolute
    opCode        2F
    PC            0x00001428
    CHILD NODE [line 560]
        type typeCon
        IsPC  0
        value 0x0000D4B7


ExConstant  [line 561]
NODE [line 561]
    type typeCon
    IsPC  0
    value 0x00004787

ExOpCode  [line 561]
NODE [line 561]
    type typeOpCode
    instruction   rla
    mode          absolute x
    opCode        3F
    PC            0x0000142B
    CHILD NODE [line 561]
        type typeCon
        IsPC  0
        value 0x00004787


ExConstant  [line 562]
NODE [line 562]
    type typeCon
    IsPC  0
    value 0x00004787

ExOpCode  [line 562]
NODE [line 562]
    type typeOpCode
    instruction   rla
    mode          absolute x
    opCode        3F
    PC            0x0000142E
    CHILD NODE [line 562]
        type typeCon
        IsPC  0
        value 0x00004787


ExConstant  [line 563]
NODE [line 563]
    type typeCon
    IsPC  0
    value 0x0000876C

ExOpCode  [line 563]
NODE [line 563]
    type typeOpCode
    instruction   rla
    mode          absolute y
    opCode        3B
    PC            0x00001431
    CHILD NODE [line 563]
        type typeCon
        IsPC  0
        value 0x0000876C


ExConstant  [line 564]
NODE [line 564]
    type typeCon
    IsPC  0
    value 0x0000876C

ExOpCode  [line 564]
NODE [line 564]
    type typeOpCode
    instruction   rla
    mode          absolute y
    opCode        3B
    PC            0x00001434
    CHILD NODE [line 564]
        type typeCon
        IsPC  0
        value 0x0000876C


ExOprEqu  [line 568]
NODE [line 568]
    type typeOpr
    opr '='
    CHILD NODE [line 568]
        type typeId
        name __sre
        i    (nil)

    CHILD NODE [line 568]
        type typeCon
        IsPC  1     PC = 00001437
        value 0x00001437


ExConstant  [line 569]
NODE [line 569]
    type typeCon
    IsPC  0
    value 0x000000D2

ExOpCode  [line 569]
NODE [line 569]
    type typeOpCode
    instruction   sre
    mode          zero page
    opCode        47
    PC            0x00001437
    CHILD NODE [line 569]
        type typeCon
        IsPC  0
        value 0x000000D2


ExConstant  [line 570]
NODE [line 570]
    type typeCon
    IsPC  0
    value 0x000000D2

ExOpCode  [line 570]
NODE [line 570]
    type typeOpCode
    instruction   sre
    mode          zero page
    opCode        47
    PC            0x00001439
    CHILD NODE [line 570]
        type typeCon
        IsPC  0
        value 0x000000D2


ExConstant  [line 571]
NODE [line 571]
    type typeCon
    IsPC  0
    value 0x00000073

ExOpCode  [line 571]
NODE [line 571]
    type typeOpCode
    instruction   sre
    mode          zero page x
    opCode        57
    PC            0x0000143B
    CHILD NODE [line 571]
        type typeCon
        IsPC  0
        value 0x00000073


ExConstant  [line 572]
NODE [line 572]
    type typeCon
    IsPC  0
    value 0x00000073

ExOpCode  [line 572]
NODE [line 572]
    type typeOpCode
    instruction   sre
    mode          zero page x
    opCode        57
    PC            0x0000143D
    CHILD NODE [line 572]
        type typeCon
        IsPC  0
        value 0x00000073


ExConstant  [line 573]
NODE [line 573]
    type typeCon
    IsPC  0
    value 0x00000090

ExOpCode  [line 573]
NODE [line 573]
    type typeOpCode
    instruction   sre
    mode          zero page indirect x
    opCode        43
    PC            0x0000143F
    CHILD NODE [line 573]
        type typeCon
        IsPC  0
        value 0x00000090


ExConstant  [line 574]
NODE [line 574]
    type typeCon
    IsPC  0
    value 0x00000090

ExOpCode  [line 574]
NODE [line 574]
    type typeOpCode
    instruction   sre
    mode          zero page indirect x
    opCode        43
    PC            0x00001441
    CHILD NODE [line 574]
        type typeCon
        IsPC  0
        value 0x00000090


ExConstant  [line 575]
NODE [line 575]
    type typeCon
    IsPC  0
    value 0x000000EF

ExOpCode  [line 575]
NODE [line 575]
    type typeOpCode
    instruction   sre
    mode          zero page indirect y
    opCode        53
    PC            0x00001443
    CHILD NODE [line 575]
        type typeCon
        IsPC  0
        value 0x000000EF


ExConstant  [line 576]
NODE [line 576]
    type typeCon
    IsPC  0
    value 0x000000EF

ExOpCode  [line 576]
NODE [line 576]
    type typeOpCode
    instruction   sre
    mode          zero page indirect y
    opCode        53
    PC            0x00001445
    CHILD NODE [line 576]
        type typeCon
        IsPC  0
        value 0x000000EF


ExConstant  [line 577]
NODE [line 577]
    type typeCon
    IsPC  0
    value 0x00003414

ExOpCode  [line 577]
NODE [line 577]
    type typeOpCode
    instruction   sre
    mode          absolute
    opCode        4F
    PC            0x00001447
    CHILD NODE [line 577]
        type typeCon
        IsPC  0
        value 0x00003414


ExConstant  [line 578]
NODE [line 578]
    type typeCon
    IsPC  0
    value 0x00003414

ExOpCode  [line 578]
NODE [line 578]
    type typeOpCode
    instruction   sre
    mode          absolute
    opCode        4F
    PC            0x0000144A
    CHILD NODE [line 578]
        type typeCon
        IsPC  0
        value 0x00003414


ExConstant  [line 579]
NODE [line 579]
    type typeCon
    IsPC  0
    value 0x00006D34

ExOpCode  [line 579]
NODE [line 579]
    type typeOpCode
    instruction   sre
    mode          absolute x
    opCode        5F
    PC            0x0000144D
    CHILD NODE [line 579]
        type typeCon
        IsPC  0
        value 0x00006D34


ExConstant  [line 580]
NODE [line 580]
    type typeCon
    IsPC  0
    value 0x00006D34

ExOpCode  [line 580]
NODE [line 580]
    type typeOpCode
    instruction   sre
    mode          absolute x
    opCode        5F
    PC            0x00001450
    CHILD NODE [line 580]
        type typeCon
        IsPC  0
        value 0x00006D34


ExConstant  [line 581]
NODE [line 581]
    type typeCon
    IsPC  0
    value 0x0000751D

ExOpCode  [line 581]
NODE [line 581]
    type typeOpCode
    instruction   sre
    mode          absolute y
    opCode        5B
    PC            0x00001453
    CHILD NODE [line 581]
        type typeCon
        IsPC  0
        value 0x0000751D


ExConstant  [line 582]
NODE [line 582]
    type typeCon
    IsPC  0
    value 0x0000751D

ExOpCode  [line 582]
NODE [line 582]
    type typeOpCode
    instruction   sre
    mode          absolute y
    opCode        5B
    PC            0x00001456
    CHILD NODE [line 582]
        type typeCon
        IsPC  0
        value 0x0000751D


ExOprEqu  [line 586]
NODE [line 586]
    type typeOpr
    opr '='
    CHILD NODE [line 586]
        type typeId
        name __rra
        i    (nil)

    CHILD NODE [line 586]
        type typeCon
        IsPC  1     PC = 00001459
        value 0x00001459


ExConstant  [line 587]
NODE [line 587]
    type typeCon
    IsPC  0
    value 0x000000D1

ExOpCode  [line 587]
NODE [line 587]
    type typeOpCode
    instruction   rra
    mode          zero page
    opCode        67
    PC            0x00001459
    CHILD NODE [line 587]
        type typeCon
        IsPC  0
        value 0x000000D1


ExConstant  [line 588]
NODE [line 588]
    type typeCon
    IsPC  0
    value 0x000000D1

ExOpCode  [line 588]
NODE [line 588]
    type typeOpCode
    instruction   rra
    mode          zero page
    opCode        67
    PC            0x0000145B
    CHILD NODE [line 588]
        type typeCon
        IsPC  0
        value 0x000000D1


ExConstant  [line 589]
NODE [line 589]
    type typeCon
    IsPC  0
    value 0x00000041

ExOpCode  [line 589]
NODE [line 589]
    type typeOpCode
    instruction   rra
    mode          zero page x
    opCode        77
    PC            0x0000145D
    CHILD NODE [line 589]
        type typeCon
        IsPC  0
        value 0x00000041


ExConstant  [line 590]
NODE [line 590]
    type typeCon
    IsPC  0
    value 0x00000041

ExOpCode  [line 590]
NODE [line 590]
    type typeOpCode
    instruction   rra
    mode          zero page x
    opCode        77
    PC            0x0000145F
    CHILD NODE [line 590]
        type typeCon
        IsPC  0
        value 0x00000041


ExConstant  [line 591]
NODE [line 591]
    type typeCon
    IsPC  0
    value 0x00000006

ExOpCode  [line 591]
NODE [line 591]
    type typeOpCode
    instruction   rra
    mode          zero page indirect x
    opCode        63
    PC            0x00001461
    CHILD NODE [line 591]
        type typeCon
        IsPC  0
        value 0x00000006


ExConstant  [line 592]
NODE [line 592]
    type typeCon
    IsPC  0
    value 0x00000006

ExOpCode  [line 592]
NODE [line 592]
    type typeOpCode
    instruction   rra
    mode          zero page indirect x
    opCode        63
    PC            0x00001463
    CHILD NODE [line 592]
        type typeCon
        IsPC  0
        value 0x00000006


ExConstant  [line 593]
NODE [line 593]
    type typeCon
    IsPC  0
    value 0x00000097

ExOpCode  [line 593]
NODE [line 593]
    type typeOpCode
    instruction   rra
    mode          zero page indirect y
    opCode        73
    PC            0x00001465
    CHILD NODE [line 593]
        type typeCon
        IsPC  0
        value 0x00000097


ExConstant  [line 594]
NODE [line 594]
    type typeCon
    IsPC  0
    value 0x00000097

ExOpCode  [line 594]
NODE [line 594]
    type typeOpCode
    instruction   rra
    mode          zero page indirect y
    opCode        73
    PC            0x00001467
    CHILD NODE [line 594]
        type typeCon
        IsPC  0
        value 0x00000097


ExConstant  [line 595]
NODE [line 595]
    type typeCon
    IsPC  0
    value 0x0000F34C

ExOpCode  [line 595]
NODE [line 595]
    type typeOpCode
    instruction   rra
    mode          absolute
    opCode        6F
    PC            0x00001469
    CHILD NODE [line 595]
        type typeCon
        IsPC  0
        value 0x0000F34C


ExConstant  [line 596]
NODE [line 596]
    type typeCon
    IsPC  0
    value 0x0000F34C

ExOpCode  [line 596]
NODE [line 596]
    type typeOpCode
    instruction   rra
    mode          absolute
    opCode        6F
    PC            0x0000146C
    CHILD NODE [line 596]
        type typeCon
        IsPC  0
        value 0x0000F34C


ExConstant  [line 597]
NODE [line 597]
    type typeCon
    IsPC  0
    value 0x0000FD01

ExOpCode  [line 597]
NODE [line 597]
    type typeOpCode
    instruction   rra
    mode          absolute x
    opCode        7F
    PC            0x0000146F
    CHILD NODE [line 597]
        type typeCon
        IsPC  0
        value 0x0000FD01


ExConstant  [line 598]
NODE [line 598]
    type typeCon
    IsPC  0
    value 0x0000FD01

ExOpCode  [line 598]
NODE [line 598]
    type typeOpCode
    instruction   rra
    mode          absolute x
    opCode        7F
    PC            0x00001472
    CHILD NODE [line 598]
        type typeCon
        IsPC  0
        value 0x0000FD01


ExConstant  [line 599]
NODE [line 599]
    type typeCon
    IsPC  0
    value 0x00000625

ExOpCode  [line 599]
NODE [line 599]
    type typeOpCode
    instruction   rra
    mode          absolute y
    opCode        7B
    PC            0x00001475
    CHILD NODE [line 599]
        type typeCon
        IsPC  0
        value 0x00000625


ExConstant  [line 600]
NODE [line 600]
    type typeCon
    IsPC  0
    value 0x00000625

ExOpCode  [line 600]
NODE [line 600]
    type typeOpCode
    instruction   rra
    mode          absolute y
    opCode        7B
    PC            0x00001478
    CHILD NODE [line 600]
        type typeCon
        IsPC  0
        value 0x00000625


ExOprEqu  [line 604]
NODE [line 604]
    type typeOpr
    opr '='
    CHILD NODE [line 604]
        type typeId
        name __sax
        i    (nil)

    CHILD NODE [line 604]
        type typeCon
        IsPC  1     PC = 0000147B
        value 0x0000147B


ExConstant  [line 605]
NODE [line 605]
    type typeCon
    IsPC  0
    value 0x000000FC

ExOpCode  [line 605]
NODE [line 605]
    type typeOpCode
    instruction   sax
    mode          zero page
    opCode        87
    PC            0x0000147B
    CHILD NODE [line 605]
        type typeCon
        IsPC  0
        value 0x000000FC


ExConstant  [line 606]
NODE [line 606]
    type typeCon
    IsPC  0
    value 0x000000FC

ExOpCode  [line 606]
NODE [line 606]
    type typeOpCode
    instruction   sax
    mode          zero page
    opCode        87
    PC            0x0000147D
    CHILD NODE [line 606]
        type typeCon
        IsPC  0
        value 0x000000FC


ExConstant  [line 607]
NODE [line 607]
    type typeCon
    IsPC  0
    value 0x000000C5

ExOpCode  [line 607]
NODE [line 607]
    type typeOpCode
    instruction   sax
    mode          zero page y
    opCode        97
    PC            0x0000147F
    CHILD NODE [line 607]
        type typeCon
        IsPC  0
        value 0x000000C5


ExConstant  [line 608]
NODE [line 608]
    type typeCon
    IsPC  0
    value 0x000000C5

ExOpCode  [line 608]
NODE [line 608]
    type typeOpCode
    instruction   sax
    mode          zero page y
    opCode        97
    PC            0x00001481
    CHILD NODE [line 608]
        type typeCon
        IsPC  0
        value 0x000000C5


ExConstant  [line 609]
NODE [line 609]
    type typeCon
    IsPC  0
    value 0x000000C8

ExOpCode  [line 609]
NODE [line 609]
    type typeOpCode
    instruction   sax
    mode          zero page indirect x
    opCode        83
    PC            0x00001483
    CHILD NODE [line 609]
        type typeCon
        IsPC  0
        value 0x000000C8


ExConstant  [line 610]
NODE [line 610]
    type typeCon
    IsPC  0
    value 0x000000C8

ExOpCode  [line 610]
NODE [line 610]
    type typeOpCode
    instruction   sax
    mode          zero page indirect x
    opCode        83
    PC            0x00001485
    CHILD NODE [line 610]
        type typeCon
        IsPC  0
        value 0x000000C8


ExConstant  [line 611]
NODE [line 611]
    type typeCon
    IsPC  0
    value 0x00000CA4

ExOpCode  [line 611]
NODE [line 611]
    type typeOpCode
    instruction   sax
    mode          absolute
    opCode        8F
    PC            0x00001487
    CHILD NODE [line 611]
        type typeCon
        IsPC  0
        value 0x00000CA4


ExConstant  [line 612]
NODE [line 612]
    type typeCon
    IsPC  0
    value 0x00000CA4

ExOpCode  [line 612]
NODE [line 612]
    type typeOpCode
    instruction   sax
    mode          absolute
    opCode        8F
    PC            0x0000148A
    CHILD NODE [line 612]
        type typeCon
        IsPC  0
        value 0x00000CA4


ExOprEqu  [line 616]
NODE [line 616]
    type typeOpr
    opr '='
    CHILD NODE [line 616]
        type typeId
        name __lax
        i    (nil)

    CHILD NODE [line 616]
        type typeCon
        IsPC  1     PC = 0000148D
        value 0x0000148D


ExConstant  [line 617]
NODE [line 617]
    type typeCon
    IsPC  0
    value 0x00000041

ExOpCode  [line 617]
NODE [line 617]
    type typeOpCode
    instruction   lax
    mode          zero page
    opCode        A7
    PC            0x0000148D
    CHILD NODE [line 617]
        type typeCon
        IsPC  0
        value 0x00000041


ExConstant  [line 618]
NODE [line 618]
    type typeCon
    IsPC  0
    value 0x00000041

ExOpCode  [line 618]
NODE [line 618]
    type typeOpCode
    instruction   lax
    mode          zero page
    opCode        A7
    PC            0x0000148F
    CHILD NODE [line 618]
        type typeCon
        IsPC  0
        value 0x00000041


ExConstant  [line 619]
NODE [line 619]
    type typeCon
    IsPC  0
    value 0x00000094

ExOpCode  [line 619]
NODE [line 619]
    type typeOpCode
    instruction   lax
    mode          zero page y
    opCode        B7
    PC            0x00001491
    CHILD NODE [line 619]
        type typeCon
        IsPC  0
        value 0x00000094


ExConstant  [line 620]
NODE [line 620]
    type typeCon
    IsPC  0
    value 0x00000094

ExOpCode  [line 620]
NODE [line 620]
    type typeOpCode
    instruction   lax
    mode          zero page y
    opCode        B7
    PC            0x00001493
    CHILD NODE [line 620]
        type typeCon
        IsPC  0
        value 0x00000094


ExConstant  [line 621]
NODE [line 621]
    type typeCon
    IsPC  0
    value 0x000000A5

ExOpCode  [line 621]
NODE [line 621]
    type typeOpCode
    instruction   lax
    mode          zero page indirect x
    opCode        A3
    PC            0x00001495
    CHILD NODE [line 621]
        type typeCon
        IsPC  0
        value 0x000000A5


ExConstant  [line 622]
NODE [line 622]
    type typeCon
    IsPC  0
    value 0x000000A5

ExOpCode  [line 622]
NODE [line 622]
    type typeOpCode
    instruction   lax
    mode          zero page indirect x
    opCode        A3
    PC            0x00001497
    CHILD NODE [line 622]
        type typeCon
        IsPC  0
        value 0x000000A5


ExConstant  [line 623]
NODE [line 623]
    type typeCon
    IsPC  0
    value 0x00000096

ExOpCode  [line 623]
NODE [line 623]
    type typeOpCode
    instruction   lax
    mode          zero page indirect y
    opCode        B3
    PC            0x00001499
    CHILD NODE [line 623]
        type typeCon
        IsPC  0
        value 0x00000096


ExConstant  [line 624]
NODE [line 624]
    type typeCon
    IsPC  0
    value 0x00000096

ExOpCode  [line 624]
NODE [line 624]
    type typeOpCode
    instruction   lax
    mode          zero page indirect y
    opCode        B3
    PC            0x0000149B
    CHILD NODE [line 624]
        type typeCon
        IsPC  0
        value 0x00000096


ExConstant  [line 625]
NODE [line 625]
    type typeCon
    IsPC  0
    value 0x0000DA65

ExOpCode  [line 625]
NODE [line 625]
    type typeOpCode
    instruction   lax
    mode          absolute
    opCode        AF
    PC            0x0000149D
    CHILD NODE [line 625]
        type typeCon
        IsPC  0
        value 0x0000DA65


ExConstant  [line 626]
NODE [line 626]
    type typeCon
    IsPC  0
    value 0x0000DA65

ExOpCode  [line 626]
NODE [line 626]
    type typeOpCode
    instruction   lax
    mode          absolute
    opCode        AF
    PC            0x000014A0
    CHILD NODE [line 626]
        type typeCon
        IsPC  0
        value 0x0000DA65


ExConstant  [line 627]
NODE [line 627]
    type typeCon
    IsPC  0
    value 0x0000EE4D

ExOpCode  [line 627]
NODE [line 627]
    type typeOpCode
    instruction   lax
    mode          absolute y
    opCode        BF
    PC            0x000014A3
    CHILD NODE [line 627]
        type typeCon
        IsPC  0
        value 0x0000EE4D


ExConstant  [line 628]
NODE [line 628]
    type typeCon
    IsPC  0
    value 0x0000EE4D

ExOpCode  [line 628]
NODE [line 628]
    type typeOpCode
    instruction   lax
    mode          absolute y
    opCode        BF
    PC            0x000014A6
    CHILD NODE [line 628]
        type typeCon
        IsPC  0
        value 0x0000EE4D


ExOprEqu  [line 632]
NODE [line 632]
    type typeOpr
    opr '='
    CHILD NODE [line 632]
        type typeId
        name __dcp
        i    (nil)

    CHILD NODE [line 632]
        type typeCon
        IsPC  1     PC = 000014A9
        value 0x000014A9


ExConstant  [line 633]
NODE [line 633]
    type typeCon
    IsPC  0
    value 0x000000AF

ExOpCode  [line 633]
NODE [line 633]
    type typeOpCode
    instruction   dcp
    mode          zero page
    opCode        C7
    PC            0x000014A9
    CHILD NODE [line 633]
        type typeCon
        IsPC  0
        value 0x000000AF


ExConstant  [line 634]
NODE [line 634]
    type typeCon
    IsPC  0
    value 0x000000AF

ExOpCode  [line 634]
NODE [line 634]
    type typeOpCode
    instruction   dcp
    mode          zero page
    opCode        C7
    PC            0x000014AB
    CHILD NODE [line 634]
        type typeCon
        IsPC  0
        value 0x000000AF


ExConstant  [line 635]
NODE [line 635]
    type typeCon
    IsPC  0
    value 0x0000009E

ExOpCode  [line 635]
NODE [line 635]
    type typeOpCode
    instruction   dcp
    mode          zero page x
    opCode        D7
    PC            0x000014AD
    CHILD NODE [line 635]
        type typeCon
        IsPC  0
        value 0x0000009E


ExConstant  [line 636]
NODE [line 636]
    type typeCon
    IsPC  0
    value 0x0000009E

ExOpCode  [line 636]
NODE [line 636]
    type typeOpCode
    instruction   dcp
    mode          zero page x
    opCode        D7
    PC            0x000014AF
    CHILD NODE [line 636]
        type typeCon
        IsPC  0
        value 0x0000009E


ExConstant  [line 637]
NODE [line 637]
    type typeCon
    IsPC  0
    value 0x000000AF

ExOpCode  [line 637]
NODE [line 637]
    type typeOpCode
    instruction   dcp
    mode          zero page indirect x
    opCode        C3
    PC            0x000014B1
    CHILD NODE [line 637]
        type typeCon
        IsPC  0
        value 0x000000AF


ExConstant  [line 638]
NODE [line 638]
    type typeCon
    IsPC  0
    value 0x000000AF

ExOpCode  [line 638]
NODE [line 638]
    type typeOpCode
    instruction   dcp
    mode          zero page indirect x
    opCode        C3
    PC            0x000014B3
    CHILD NODE [line 638]
        type typeCon
        IsPC  0
        value 0x000000AF


ExConstant  [line 639]
NODE [line 639]
    type typeCon
    IsPC  0
    value 0x00000045

ExOpCode  [line 639]
NODE [line 639]
    type typeOpCode
    instruction   dcp
    mode          zero page indirect y
    opCode        D3
    PC            0x000014B5
    CHILD NODE [line 639]
        type typeCon
        IsPC  0
        value 0x00000045


ExConstant  [line 640]
NODE [line 640]
    type typeCon
    IsPC  0
    value 0x00000045

ExOpCode  [line 640]
NODE [line 640]
    type typeOpCode
    instruction   dcp
    mode          zero page indirect y
    opCode        D3
    PC            0x000014B7
    CHILD NODE [line 640]
        type typeCon
        IsPC  0
        value 0x00000045


ExConstant  [line 641]
NODE [line 641]
    type typeCon
    IsPC  0
    value 0x0000CBD3

ExOpCode  [line 641]
NODE [line 641]
    type typeOpCode
    instruction   dcp
    mode          absolute
    opCode        CF
    PC            0x000014B9
    CHILD NODE [line 641]
        type typeCon
        IsPC  0
        value 0x0000CBD3


ExConstant  [line 642]
NODE [line 642]
    type typeCon
    IsPC  0
    value 0x0000CBD3

ExOpCode  [line 642]
NODE [line 642]
    type typeOpCode
    instruction   dcp
    mode          absolute
    opCode        CF
    PC            0x000014BC
    CHILD NODE [line 642]
        type typeCon
        IsPC  0
        value 0x0000CBD3


ExConstant  [line 643]
NODE [line 643]
    type typeCon
    IsPC  0
    value 0x0000D99D

ExOpCode  [line 643]
NODE [line 643]
    type typeOpCode
    instruction   dcp
    mode          absolute x
    opCode        DF
    PC            0x000014BF
    CHILD NODE [line 643]
        type typeCon
        IsPC  0
        value 0x0000D99D


ExConstant  [line 644]
NODE [line 644]
    type typeCon
    IsPC  0
    value 0x0000D99D

ExOpCode  [line 644]
NODE [line 644]
    type typeOpCode
    instruction   dcp
    mode          absolute x
    opCode        DF
    PC            0x000014C2
    CHILD NODE [line 644]
        type typeCon
        IsPC  0
        value 0x0000D99D


ExConstant  [line 645]
NODE [line 645]
    type typeCon
    IsPC  0
    value 0x0000FB43

ExOpCode  [line 645]
NODE [line 645]
    type typeOpCode
    instruction   dcp
    mode          absolute y
    opCode        DB
    PC            0x000014C5
    CHILD NODE [line 645]
        type typeCon
        IsPC  0
        value 0x0000FB43


ExConstant  [line 646]
NODE [line 646]
    type typeCon
    IsPC  0
    value 0x0000FB43

ExOpCode  [line 646]
NODE [line 646]
    type typeOpCode
    instruction   dcp
    mode          absolute y
    opCode        DB
    PC            0x000014C8
    CHILD NODE [line 646]
        type typeCon
        IsPC  0
        value 0x0000FB43


ExOprEqu  [line 650]
NODE [line 650]
    type typeOpr
    opr '='
    CHILD NODE [line 650]
        type typeId
        name __isc
        i    (nil)

    CHILD NODE [line 650]
        type typeCon
        IsPC  1     PC = 000014CB
        value 0x000014CB


ExConstant  [line 651]
NODE [line 651]
    type typeCon
    IsPC  0
    value 0x000000FC

ExOpCode  [line 651]
NODE [line 651]
    type typeOpCode
    instruction   isc
    mode          zero page
    opCode        E7
    PC            0x000014CB
    CHILD NODE [line 651]
        type typeCon
        IsPC  0
        value 0x000000FC


ExConstant  [line 652]
NODE [line 652]
    type typeCon
    IsPC  0
    value 0x000000FC

ExOpCode  [line 652]
NODE [line 652]
    type typeOpCode
    instruction   isc
    mode          zero page
    opCode        E7
    PC            0x000014CD
    CHILD NODE [line 652]
        type typeCon
        IsPC  0
        value 0x000000FC


ExConstant  [line 653]
NODE [line 653]
    type typeCon
    IsPC  0
    value 0x00000074

ExOpCode  [line 653]
NODE [line 653]
    type typeOpCode
    instruction   isc
    mode          zero page x
    opCode        F7
    PC            0x000014CF
    CHILD NODE [line 653]
        type typeCon
        IsPC  0
        value 0x00000074


ExConstant  [line 654]
NODE [line 654]
    type typeCon
    IsPC  0
    value 0x00000074

ExOpCode  [line 654]
NODE [line 654]
    type typeOpCode
    instruction   isc
    mode          zero page x
    opCode        F7
    PC            0x000014D1
    CHILD NODE [line 654]
        type typeCon
        IsPC  0
        value 0x00000074


ExConstant  [line 655]
NODE [line 655]
    type typeCon
    IsPC  0
    value 0x00000053

ExOpCode  [line 655]
NODE [line 655]
    type typeOpCode
    instruction   isc
    mode          zero page indirect x
    opCode        E3
    PC            0x000014D3
    CHILD NODE [line 655]
        type typeCon
        IsPC  0
        value 0x00000053


ExConstant  [line 656]
NODE [line 656]
    type typeCon
    IsPC  0
    value 0x00000053

ExOpCode  [line 656]
NODE [line 656]
    type typeOpCode
    instruction   isc
    mode          zero page indirect x
    opCode        E3
    PC            0x000014D5
    CHILD NODE [line 656]
        type typeCon
        IsPC  0
        value 0x00000053


ExConstant  [line 657]
NODE [line 657]
    type typeCon
    IsPC  0
    value 0x0000002E

ExOpCode  [line 657]
NODE [line 657]
    type typeOpCode
    instruction   isc
    mode          zero page indirect y
    opCode        F3
    PC            0x000014D7
    CHILD NODE [line 657]
        type typeCon
        IsPC  0
        value 0x0000002E


ExConstant  [line 658]
NODE [line 658]
    type typeCon
    IsPC  0
    value 0x0000002E

ExOpCode  [line 658]
NODE [line 658]
    type typeOpCode
    instruction   isc
    mode          zero page indirect y
    opCode        F3
    PC            0x000014D9
    CHILD NODE [line 658]
        type typeCon
        IsPC  0
        value 0x0000002E


ExConstant  [line 659]
NODE [line 659]
    type typeCon
    IsPC  0
    value 0x0000F269

ExOpCode  [line 659]
NODE [line 659]
    type typeOpCode
    instruction   isc
    mode          absolute
    opCode        EF
    PC            0x000014DB
    CHILD NODE [line 659]
        type typeCon
        IsPC  0
        value 0x0000F269


ExConstant  [line 660]
NODE [line 660]
    type typeCon
    IsPC  0
    value 0x0000F269

ExOpCode  [line 660]
NODE [line 660]
    type typeOpCode
    instruction   isc
    mode          absolute
    opCode        EF
    PC            0x000014DE
    CHILD NODE [line 660]
        type typeCon
        IsPC  0
        value 0x0000F269


ExConstant  [line 661]
NODE [line 661]
    type typeCon
    IsPC  0
    value 0x000021D0

ExOpCode  [line 661]
NODE [line 661]
    type typeOpCode
    instruction   isc
    mode          absolute x
    opCode        FF
    PC            0x000014E1
    CHILD NODE [line 661]
        type typeCon
        IsPC  0
        value 0x000021D0


ExConstant  [line 662]
NODE [line 662]
    type typeCon
    IsPC  0
    value 0x000021D0

ExOpCode  [line 662]
NODE [line 662]
    type typeOpCode
    instruction   isc
    mode          absolute x
    opCode        FF
    PC            0x000014E4
    CHILD NODE [line 662]
        type typeCon
        IsPC  0
        value 0x000021D0


ExConstant  [line 663]
NODE [line 663]
    type typeCon
    IsPC  0
    value 0x00009AD9

ExOpCode  [line 663]
NODE [line 663]
    type typeOpCode
    instruction   isc
    mode          absolute y
    opCode        FB
    PC            0x000014E7
    CHILD NODE [line 663]
        type typeCon
        IsPC  0
        value 0x00009AD9


ExConstant  [line 664]
NODE [line 664]
    type typeCon
    IsPC  0
    value 0x00009AD9

ExOpCode  [line 664]
NODE [line 664]
    type typeOpCode
    instruction   isc
    mode          absolute y
    opCode        FB
    PC            0x000014EA
    CHILD NODE [line 664]
        type typeCon
        IsPC  0
        value 0x00009AD9


ExOprEqu  [line 668]
NODE [line 668]
    type typeOpr
    opr '='
    CHILD NODE [line 668]
        type typeId
        name __anc
        i    (nil)

    CHILD NODE [line 668]
        type typeCon
        IsPC  1     PC = 000014ED
        value 0x000014ED


ExConstant  [line 669]
NODE [line 669]
    type typeCon
    IsPC  0
    value 0x00000063

ExOpCode  [line 669]
NODE [line 669]
    type typeOpCode
    instruction   anc
    mode          immediate
    opCode        0B
    PC            0x000014ED
    CHILD NODE [line 669]
        type typeCon
        IsPC  0
        value 0x00000063


ExConstant  [line 670]
NODE [line 670]
    type typeCon
    IsPC  0
    value 0x00000063

ExOpCode  [line 670]
NODE [line 670]
    type typeOpCode
    instruction   anc
    mode          immediate
    opCode        0B
    PC            0x000014EF
    CHILD NODE [line 670]
        type typeCon
        IsPC  0
        value 0x00000063


ExOprEqu  [line 674]
NODE [line 674]
    type typeOpr
    opr '='
    CHILD NODE [line 674]
        type typeId
        name __anc2
        i    (nil)

    CHILD NODE [line 674]
        type typeCon
        IsPC  1     PC = 000014F1
        value 0x000014F1


ExConstant  [line 675]
NODE [line 675]
    type typeCon
    IsPC  0
    value 0x0000002E

ExOpCode  [line 675]
NODE [line 675]
    type typeOpCode
    instruction   anc2
    mode          immediate
    opCode        2B
    PC            0x000014F1
    CHILD NODE [line 675]
        type typeCon
        IsPC  0
        value 0x0000002E


ExConstant  [line 676]
NODE [line 676]
    type typeCon
    IsPC  0
    value 0x0000002E

ExOpCode  [line 676]
NODE [line 676]
    type typeOpCode
    instruction   anc2
    mode          immediate
    opCode        2B
    PC            0x000014F3
    CHILD NODE [line 676]
        type typeCon
        IsPC  0
        value 0x0000002E


ExOprEqu  [line 680]
NODE [line 680]
    type typeOpr
    opr '='
    CHILD NODE [line 680]
        type typeId
        name __alr
        i    (nil)

    CHILD NODE [line 680]
        type typeCon
        IsPC  1     PC = 000014F5
        value 0x000014F5


ExConstant  [line 681]
NODE [line 681]
    type typeCon
    IsPC  0
    value 0x0000006B

ExOpCode  [line 681]
NODE [line 681]
    type typeOpCode
    instruction   alr
    mode          immediate
    opCode        4B
    PC            0x000014F5
    CHILD NODE [line 681]
        type typeCon
        IsPC  0
        value 0x0000006B


ExConstant  [line 682]
NODE [line 682]
    type typeCon
    IsPC  0
    value 0x0000006B

ExOpCode  [line 682]
NODE [line 682]
    type typeOpCode
    instruction   alr
    mode          immediate
    opCode        4B
    PC            0x000014F7
    CHILD NODE [line 682]
        type typeCon
        IsPC  0
        value 0x0000006B


ExOprEqu  [line 686]
NODE [line 686]
    type typeOpr
    opr '='
    CHILD NODE [line 686]
        type typeId
        name __arr
        i    (nil)

    CHILD NODE [line 686]
        type typeCon
        IsPC  1     PC = 000014F9
        value 0x000014F9


ExConstant  [line 687]
NODE [line 687]
    type typeCon
    IsPC  0
    value 0x00000045

ExOpCode  [line 687]
NODE [line 687]
    type typeOpCode
    instruction   arr
    mode          immediate
    opCode        6B
    PC            0x000014F9
    CHILD NODE [line 687]
        type typeCon
        IsPC  0
        value 0x00000045


ExConstant  [line 688]
NODE [line 688]
    type typeCon
    IsPC  0
    value 0x00000045

ExOpCode  [line 688]
NODE [line 688]
    type typeOpCode
    instruction   arr
    mode          immediate
    opCode        6B
    PC            0x000014FB
    CHILD NODE [line 688]
        type typeCon
        IsPC  0
        value 0x00000045


ExOprEqu  [line 692]
NODE [line 692]
    type typeOpr
    opr '='
    CHILD NODE [line 692]
        type typeId
        name __xaa
        i    (nil)

    CHILD NODE [line 692]
        type typeCon
        IsPC  1     PC = 000014FD
        value 0x000014FD


ExConstant  [line 693]
NODE [line 693]
    type typeCon
    IsPC  0
    value 0x0000007B

ExOpCode  [line 693]
NODE [line 693]
    type typeOpCode
    instruction   xaa
    mode          immediate
    opCode        8B
    PC            0x000014FD
    CHILD NODE [line 693]
        type typeCon
        IsPC  0
        value 0x0000007B


ExConstant  [line 694]
NODE [line 694]
    type typeCon
    IsPC  0
    value 0x0000007B

ExOpCode  [line 694]
NODE [line 694]
    type typeOpCode
    instruction   xaa
    mode          immediate
    opCode        8B
    PC            0x000014FF
    CHILD NODE [line 694]
        type typeCon
        IsPC  0
        value 0x0000007B


ExOprEqu  [line 698]
NODE [line 698]
    type typeOpr
    opr '='
    CHILD NODE [line 698]
        type typeId
        name __lax2
        i    (nil)

    CHILD NODE [line 698]
        type typeCon
        IsPC  1     PC = 00001501
        value 0x00001501


ExConstant  [line 699]
NODE [line 699]
    type typeCon
    IsPC  0
    value 0x000000C4

ExOpCode  [line 699]
NODE [line 699]
    type typeOpCode
    instruction   lax2
    mode          immediate
    opCode        AB
    PC            0x00001501
    CHILD NODE [line 699]
        type typeCon
        IsPC  0
        value 0x000000C4


ExConstant  [line 700]
NODE [line 700]
    type typeCon
    IsPC  0
    value 0x000000C4

ExOpCode  [line 700]
NODE [line 700]
    type typeOpCode
    instruction   lax2
    mode          immediate
    opCode        AB
    PC            0x00001503
    CHILD NODE [line 700]
        type typeCon
        IsPC  0
        value 0x000000C4


ExOprEqu  [line 704]
NODE [line 704]
    type typeOpr
    opr '='
    CHILD NODE [line 704]
        type typeId
        name __axs
        i    (nil)

    CHILD NODE [line 704]
        type typeCon
        IsPC  1     PC = 00001505
        value 0x00001505


ExConstant  [line 705]
NODE [line 705]
    type typeCon
    IsPC  0
    value 0x00000022

ExOpCode  [line 705]
NODE [line 705]
    type typeOpCode
    instruction   axs
    mode          immediate
    opCode        CB
    PC            0x00001505
    CHILD NODE [line 705]
        type typeCon
        IsPC  0
        value 0x00000022


ExConstant  [line 706]
NODE [line 706]
    type typeCon
    IsPC  0
    value 0x00000022

ExOpCode  [line 706]
NODE [line 706]
    type typeOpCode
    instruction   axs
    mode          immediate
    opCode        CB
    PC            0x00001507
    CHILD NODE [line 706]
        type typeCon
        IsPC  0
        value 0x00000022


ExOprEqu  [line 710]
NODE [line 710]
    type typeOpr
    opr '='
    CHILD NODE [line 710]
        type typeId
        name __sbc2
        i    (nil)

    CHILD NODE [line 710]
        type typeCon
        IsPC  1     PC = 00001509
        value 0x00001509


ExConstant  [line 711]
NODE [line 711]
    type typeCon
    IsPC  0
    value 0x000000F2

ExOpCode  [line 711]
NODE [line 711]
    type typeOpCode
    instruction   sbc2
    mode          immediate
    opCode        EB
    PC            0x00001509
    CHILD NODE [line 711]
        type typeCon
        IsPC  0
        value 0x000000F2


ExConstant  [line 712]
NODE [line 712]
    type typeCon
    IsPC  0
    value 0x000000F2

ExOpCode  [line 712]
NODE [line 712]
    type typeOpCode
    instruction   sbc2
    mode          immediate
    opCode        EB
    PC            0x0000150B
    CHILD NODE [line 712]
        type typeCon
        IsPC  0
        value 0x000000F2


ExOprEqu  [line 716]
NODE [line 716]
    type typeOpr
    opr '='
    CHILD NODE [line 716]
        type typeId
        name __ahx
        i    (nil)

    CHILD NODE [line 716]
        type typeCon
        IsPC  1     PC = 0000150D
        value 0x0000150D


ExConstant  [line 717]
NODE [line 717]
    type typeCon
    IsPC  0
    value 0x00000084

ExOpCode  [line 717]
NODE [line 717]
    type typeOpCode
    instruction   ahx
    mode          zero page indirect y
    opCode        93
    PC            0x0000150D
    CHILD NODE [line 717]
        type typeCon
        IsPC  0
        value 0x00000084


ExConstant  [line 718]
NODE [line 718]
    type typeCon
    IsPC  0
    value 0x00000084

ExOpCode  [line 718]
NODE [line 718]
    type typeOpCode
    instruction   ahx
    mode          zero page indirect y
    opCode        93
    PC            0x0000150F
    CHILD NODE [line 718]
        type typeCon
        IsPC  0
        value 0x00000084


ExConstant  [line 719]
NODE [line 719]
    type typeCon
    IsPC  0
    value 0x0000087F

ExOpCode  [line 719]
NODE [line 719]
    type typeOpCode
    instruction   ahx
    mode          absolute y
    opCode        9F
    PC            0x00001511
    CHILD NODE [line 719]
        type typeCon
        IsPC  0
        value 0x0000087F


ExConstant  [line 720]
NODE [line 720]
    type typeCon
    IsPC  0
    value 0x0000087F

ExOpCode  [line 720]
NODE [line 720]
    type typeOpCode
    instruction   ahx
    mode          absolute y
    opCode        9F
    PC            0x00001514
    CHILD NODE [line 720]
        type typeCon
        IsPC  0
        value 0x0000087F


ExOprEqu  [line 724]
NODE [line 724]
    type typeOpr
    opr '='
    CHILD NODE [line 724]
        type typeId
        name __shy
        i    (nil)

    CHILD NODE [line 724]
        type typeCon
        IsPC  1     PC = 00001517
        value 0x00001517


ExConstant  [line 725]
NODE [line 725]
    type typeCon
    IsPC  0
    value 0x00004619

ExOpCode  [line 725]
NODE [line 725]
    type typeOpCode
    instruction   shy
    mode          absolute x
    opCode        9C
    PC            0x00001517
    CHILD NODE [line 725]
        type typeCon
        IsPC  0
        value 0x00004619


ExConstant  [line 726]
NODE [line 726]
    type typeCon
    IsPC  0
    value 0x00004619

ExOpCode  [line 726]
NODE [line 726]
    type typeOpCode
    instruction   shy
    mode          absolute x
    opCode        9C
    PC            0x0000151A
    CHILD NODE [line 726]
        type typeCon
        IsPC  0
        value 0x00004619


ExOprEqu  [line 730]
NODE [line 730]
    type typeOpr
    opr '='
    CHILD NODE [line 730]
        type typeId
        name __shx
        i    (nil)

    CHILD NODE [line 730]
        type typeCon
        IsPC  1     PC = 0000151D
        value 0x0000151D


ExConstant  [line 731]
NODE [line 731]
    type typeCon
    IsPC  0
    value 0x00005378

ExOpCode  [line 731]
NODE [line 731]
    type typeOpCode
    instruction   shx
    mode          absolute y
    opCode        9E
    PC            0x0000151D
    CHILD NODE [line 731]
        type typeCon
        IsPC  0
        value 0x00005378


ExConstant  [line 732]
NODE [line 732]
    type typeCon
    IsPC  0
    value 0x00005378

ExOpCode  [line 732]
NODE [line 732]
    type typeOpCode
    instruction   shx
    mode          absolute y
    opCode        9E
    PC            0x00001520
    CHILD NODE [line 732]
        type typeCon
        IsPC  0
        value 0x00005378


ExOprEqu  [line 736]
NODE [line 736]
    type typeOpr
    opr '='
    CHILD NODE [line 736]
        type typeId
        name __tas
        i    (nil)

    CHILD NODE [line 736]
        type typeCon
        IsPC  1     PC = 00001523
        value 0x00001523


ExConstant  [line 737]
NODE [line 737]
    type typeCon
    IsPC  0
    value 0x0000D0F9

ExOpCode  [line 737]
NODE [line 737]
    type typeOpCode
    instruction   tas
    mode          absolute y
    opCode        9B
    PC            0x00001523
    CHILD NODE [line 737]
        type typeCon
        IsPC  0
        value 0x0000D0F9


ExConstant  [line 738]
NODE [line 738]
    type typeCon
    IsPC  0
    value 0x0000D0F9

ExOpCode  [line 738]
NODE [line 738]
    type typeOpCode
    instruction   tas
    mode          absolute y
    opCode        9B
    PC            0x00001526
    CHILD NODE [line 738]
        type typeCon
        IsPC  0
        value 0x0000D0F9


ExOprEqu  [line 742]
NODE [line 742]
    type typeOpr
    opr '='
    CHILD NODE [line 742]
        type typeId
        name __las
        i    (nil)

    CHILD NODE [line 742]
        type typeCon
        IsPC  1     PC = 00001529
        value 0x00001529


ExConstant  [line 743]
NODE [line 743]
    type typeCon
    IsPC  0
    value 0x000089B8

ExOpCode  [line 743]
NODE [line 743]
    type typeOpCode
    instruction   las
    mode          absolute y
    opCode        BB
    PC            0x00001529
    CHILD NODE [line 743]
        type typeCon
        IsPC  0
        value 0x000089B8


ExConstant  [line 744]
NODE [line 744]
    type typeCon
    IsPC  0
    value 0x000089B8

ExOpCode  [line 744]
NODE [line 744]
    type typeOpCode
    instruction   las
    mode          absolute y
    opCode        BB
    PC            0x0000152C
    CHILD NODE [line 744]
        type typeCon
        IsPC  0
        value 0x000089B8


ExOprEqu  [line 749]
NODE [line 749]
    type typeOpr
    opr '='
    CHILD NODE [line 749]
        type typeId
        name __maxOpcode
        i    (nil)

    CHILD NODE [line 749]
        type typeCon
        IsPC  1     PC = 0000152F
        value 0x0000152F


ExData  [line 750]
NODE [line 750]
    type typeData
    size 1
    CHILD NODE [line 750]
        type typeOpr
        opr EXPRLIST
        CHILD NODE [line 750]
            type typeOpr
            opr EXPRLIST
            CHILD NODE [line 750]
                type typeStr
                allocated  "end
                len        0x00000003
                value end


        CHILD NODE [line 750]
            type typeCon
            IsPC  0
            value 0x00000000



ExOprVar  [line 754]
NODE [line 754]
    type typeOpr


ExSymbol  [line 759]
NODE [line 759]
    type typeId
    name aaa
    i    (nil)


ExSymbol  [line 770]
NODE [line 770]
    type typeId
    name bbb
    i    (nil)


ExOprFor  [line 775]
NODE [line 775]
    type typeOpr
    opr FOR
    CHILD NODE [line 775]
        type typeOpr
        opr '='
        CHILD NODE [line 775]
            type typeId
            name count
            i    (nil)

        CHILD NODE [line 775]
            type typeCon
            IsPC  0
            value 0x00000001

    CHILD NODE [line 775]
        type typeCon
        IsPC  0
        value 0x00000003
    CHILD NODE [line 775]
        type typeOpr
        opr STATEMENT
        CHILD NODE [line 775]
            type typeOpr
            opr STATEMENT
            CHILD NODE [line 775]
                type typeOpr
                opr STATEMENT
                CHILD NODE [line 775]
                    type typeOpr
                    opr STATEMENT
                    CHILD NODE [line 775]
                        type typeOpr
                        opr STATEMENT

                    CHILD NODE [line 775]
                        type typeOpr
                        opr '='
                        CHILD NODE [line 775]
                            type typeId
                            name aaa
                            i    (nil)

                        CHILD NODE [line 775]
                            type typeId
                            name count
                            i    (nil)



                CHILD NODE [line 775]
                    type typeOpr
                    opr STATEMENT


            CHILD NODE [line 775]
                type typeOpr
                opr WHILE
                CHILD NODE [line 775]
                    type typeOpr
                    opr '<'
                    CHILD NODE [line 775]
                        type typeId
                        name aaa
                        i    (nil)

                    CHILD NODE [line 775]
                        type typeCon
                        IsPC  0
                        value 0x00000006

                CHILD NODE [line 775]
                    type typeOpr
                    opr STATEMENT
                    CHILD NODE [line 775]
                        type typeOpr
                        opr STATEMENT
                        CHILD NODE [line 775]
                            type typeOpr
                            opr STATEMENT
                            CHILD NODE [line 775]
                                type typeOpr
                                opr STATEMENT
                                CHILD NODE [line 775]
                                    type typeOpr
                                    opr STATEMENT
                                    CHILD NODE [line 775]
                                        type typeOpr
                                        opr STATEMENT
                                        CHILD NODE [line 775]
                                            type typeOpr
                                            opr STATEMENT

                                        CHILD NODE [line 775]
                                            type typeOpr
                                            opr '='
                                            CHILD NODE [line 775]
                                                type typeId
                                                name aaa
                                                i    (nil)

                                            CHILD NODE [line 775]
                                                type typeOpr
                                                opr '+'
                                                CHILD NODE [line 775]
                                                    type typeId
                                                    name aaa
                                                    i    (nil)

                                                CHILD NODE [line 775]
                                                    type typeCon
                                                    IsPC  0
                                                    value 0x00000001



                                    CHILD NODE [line 775]
                                        type typeOpr
                                        opr STATEMENT


                                CHILD NODE [line 775]
                                    type typeOpCode
                                    instruction   ldx
                                    mode          immediate
                                    opCode        A2
                                    PC            0x00000000
                                    CHILD NODE [line 775]
                                        type typeId
                                        name aaa
                                        i    0x1842970
                                             fullname     aaa
                                             initialized  1
                                             value        0
                                             ismacroname  0
                                             ismacroparam 0
                                             isvar        1
                                             macroNode    (nil)
                                             section      NULL
                                             name         aaa



                            CHILD NODE [line 775]
                                type typeOpr
                                opr STATEMENT


                        CHILD NODE [line 775]
                            type typeOpr
                            opr IF
                            CHILD NODE [line 775]
                                type typeOpr
                                opr '>'
                                CHILD NODE [line 775]
                                    type typeId
                                    name aaa
                                    i    (nil)

                                CHILD NODE [line 775]
                                    type typeCon
                                    IsPC  0
                                    value 0x00000004

                            CHILD NODE [line 775]
                                type typeOpr
                                opr STATEMENT
                                CHILD NODE [line 775]
                                    type typeOpr
                                    opr STATEMENT
                                    CHILD NODE [line 775]
                                        type typeOpr
                                        opr STATEMENT
                                        CHILD NODE [line 775]
                                            type typeOpr
                                            opr STATEMENT
                                            CHILD NODE [line 775]
                                                type typeOpr
                                                opr STATEMENT
                                                CHILD NODE [line 775]
                                                    type typeOpr
                                                    opr STATEMENT

                                                CHILD NODE [line 775]
                                                    type typeOpr
                                                    opr STATEMENT


                                            CHILD NODE [line 775]
                                                type typeOpCode
                                                instruction   brk
                                                mode          implied
                                                opCode        00
                                                PC            0x00000000


                                        CHILD NODE [line 775]
                                            type typeOpr
                                            opr STATEMENT


                                    CHILD NODE [line 775]
                                        type typeOpCode
                                        instruction   brk
                                        mode          implied
                                        opCode        00
                                        PC            0x00000000


                                CHILD NODE [line 775]
                                    type typeOpr
                                    opr STATEMENT


                            CHILD NODE [line 775]
                                type typeOpr
                                opr STATEMENT
                                CHILD NODE [line 775]
                                    type typeOpr
                                    opr STATEMENT
                                    CHILD NODE [line 775]
                                        type typeOpr
                                        opr STATEMENT
                                        CHILD NODE [line 775]
                                            type typeOpr
                                            opr STATEMENT
                                            CHILD NODE [line 775]
                                                type typeOpr
                                                opr STATEMENT
                                                CHILD NODE [line 775]
                                                    type typeOpr
                                                    opr STATEMENT
                                                    CHILD NODE [line 775]
                                                        type typeOpr
                                                        opr STATEMENT
                                                        CHILD NODE [line 775]
                                                            type typeOpr
                                                            opr STATEMENT

                                                        CHILD NODE [line 775]
                                                            type typeOpr
                                                            opr STATEMENT


                                                    CHILD NODE [line 775]
                                                        type typeOpr
                                                        opr '='
                                                        CHILD NODE [line 775]
                                                            type typeId
                                                            name bbb
                                                            i    (nil)

                                                        CHILD NODE [line 775]
                                                            type typeCon
                                                            IsPC  0
                                                            value 0x00000000


                                                CHILD NODE [line 775]
                                                    type typeOpr
                                                    opr STATEMENT


                                            CHILD NODE [line 775]
                                                type typeOpr
                                                opr REPEAT
                                                CHILD NODE [line 775]
                                                    type typeOpr
                                                    opr STATEMENT
                                                    CHILD NODE [line 775]
                                                        type typeOpr
                                                        opr STATEMENT
                                                        CHILD NODE [line 775]
                                                            type typeOpr
                                                            opr STATEMENT
                                                            CHILD NODE [line 775]
                                                                type typeOpr
                                                                opr STATEMENT
                                                                CHILD NODE [line 775]
                                                                    type typeOpr
                                                                    opr STATEMENT

                                                                CHILD NODE [line 775]
                                                                    type typeOpCode
                                                                    instruction   nop
                                                                    mode          implied
                                                                    opCode        EA
                                                                    PC            0x00000000


                                                            CHILD NODE [line 775]
                                                                type typeOpr
                                                                opr STATEMENT


                                                        CHILD NODE [line 775]
                                                            type typeOpr
                                                            opr '='
                                                            CHILD NODE [line 775]
                                                                type typeId
                                                                name bbb
                                                                i    (nil)

                                                            CHILD NODE [line 775]
                                                                type typeOpr
                                                                opr '+'
                                                                CHILD NODE [line 775]
                                                                    type typeId
                                                                    name bbb
                                                                    i    (nil)

                                                                CHILD NODE [line 775]
                                                                    type typeCon
                                                                    IsPC  0
                                                                    value 0x00000002



                                                    CHILD NODE [line 775]
                                                        type typeOpr
                                                        opr STATEMENT


                                                CHILD NODE [line 775]
                                                    type typeOpr
                                                    opr '>'
                                                    CHILD NODE [line 775]
                                                        type typeId
                                                        name bbb
                                                        i    (nil)

                                                    CHILD NODE [line 775]
                                                        type typeCon
                                                        IsPC  0
                                                        value 0x00000006



                                        CHILD NODE [line 775]
                                            type typeOpr
                                            opr STATEMENT


                                    CHILD NODE [line 775]
                                        type typeOpr
                                        opr DO
                                        CHILD NODE [line 775]
                                            type typeOpr
                                            opr STATEMENT
                                            CHILD NODE [line 775]
                                                type typeOpr
                                                opr STATEMENT
                                                CHILD NODE [line 775]
                                                    type typeOpr
                                                    opr STATEMENT
                                                    CHILD NODE [line 775]
                                                        type typeOpr
                                                        opr STATEMENT
                                                        CHILD NODE [line 775]
                                                            type typeOpr
                                                            opr STATEMENT
                                                            CHILD NODE [line 775]
                                                                type typeOpr
                                                                opr STATEMENT

                                                            CHILD NODE [line 775]
                                                                type typeOpr
                                                                opr STATEMENT


                                                        CHILD NODE [line 775]
                                                            type typeOpCode
                                                            instruction   lda
                                                            mode          immediate
                                                            opCode        A9
                                                            PC            0x00000000
                                                            CHILD NODE [line 775]
                                                                type typeId
                                                                name bbb
                                                                i    0x1842a30
                                                                     fullname     bbb
                                                                     initialized  1
                                                                     value        0
                                                                     ismacroname  0
                                                                     ismacroparam 0
                                                                     isvar        1
                                                                     macroNode    (nil)
                                                                     section      NULL
                                                                     name         bbb



                                                    CHILD NODE [line 775]
                                                        type typeOpr
                                                        opr STATEMENT


                                                CHILD NODE [line 775]
                                                    type typeOpr
                                                    opr '='
                                                    CHILD NODE [line 775]
                                                        type typeId
                                                        name bbb
                                                        i    (nil)

                                                    CHILD NODE [line 775]
                                                        type typeOpr
                                                        opr '+'
                                                        CHILD NODE [line 775]
                                                            type typeId
                                                            name bbb
                                                            i    (nil)

                                                        CHILD NODE [line 775]
                                                            type typeCon
                                                            IsPC  0
                                                            value 0x00000005



                                            CHILD NODE [line 775]
                                                type typeOpr
                                                opr STATEMENT


                                        CHILD NODE [line 775]
                                            type typeOpr
                                            opr '<'
                                            CHILD NODE [line 775]
                                                type typeId
                                                name bbb
                                                i    (nil)

                                            CHILD NODE [line 775]
                                                type typeCon
                                                IsPC  0
                                                value 0x0000000F



                                CHILD NODE [line 775]
                                    type typeOpr
                                    opr STATEMENT




                    CHILD NODE [line 775]
                        type typeOpr
                        opr STATEMENT




        CHILD NODE [line 775]
            type typeOpr
            opr STATEMENT


    CHILD NODE [line 775]
        type typeId
        name count
        i    (nil)

    CHILD NODE [line 775]
        type typeCon
        IsPC  0
        value 0x00000002


ExOprMacroDefinition  [line 779]
NODE [line 779]
    type typeOpr
    opr MACRO
    CHILD NODE [line 779]
        type typeMacroId
        name macroNoParam
        i    (nil)

    CHILD NODE [line 779]
        type typeOpr
        opr STATEMENT
        CHILD NODE [line 779]
            type typeOpr
            opr STATEMENT
            CHILD NODE [line 779]
                type typeOpr
                opr STATEMENT
                CHILD NODE [line 779]
                    type typeOpr
                    opr STATEMENT

                CHILD NODE [line 779]
                    type typeOpr
                    opr STATEMENT


            CHILD NODE [line 779]
                type typeOpCode
                instruction   nop
                mode          implied
                opCode        EA
                PC            0x00000000


        CHILD NODE [line 779]
            type typeOpr
            opr STATEMENT




ExSymbol  [line 782]
NODE [line 782]
    type typeId
    name @0
    i    (nil)


ExSymbol  [line 783]
NODE [line 783]
    type typeId
    name @1
    i    (nil)


ExOprMacroDefinition  [line 787]
NODE [line 787]
    type typeOpr
    opr MACRO
    CHILD NODE [line 787]
        type typeMacroId
        name macroTest
        i    (nil)

    CHILD NODE [line 787]
        type typeOpr
        opr STATEMENT
        CHILD NODE [line 787]
            type typeOpr
            opr STATEMENT
            CHILD NODE [line 787]
                type typeOpr
                opr STATEMENT
                CHILD NODE [line 787]
                    type typeOpr
                    opr STATEMENT
                    CHILD NODE [line 787]
                        type typeOpr
                        opr STATEMENT
                        CHILD NODE [line 787]
                            type typeOpr
                            opr STATEMENT
                            CHILD NODE [line 787]
                                type typeOpr
                                opr STATEMENT
                                CHILD NODE [line 787]
                                    type typeOpr
                                    opr STATEMENT

                                CHILD NODE [line 787]
                                    type typeOpr
                                    opr STATEMENT


                            CHILD NODE [line 787]
                                type typeOpCode
                                instruction   lda
                                mode          absolute
                                opCode        AD
                                PC            0x00000000
                                CHILD NODE [line 787]
                                    type typeId
                                    name @0
                                    i    0x187f820
                                         fullname     @0
                                         initialized  0
                                         value        0
                                         ismacroname  0
                                         ismacroparam 1
                                         isvar        0
                                         macroNode    (nil)
                                         section      NULL
                                         name         @0



                        CHILD NODE [line 787]
                            type typeOpr
                            opr STATEMENT


                    CHILD NODE [line 787]
                        type typeOpCode
                        instruction   sta
                        mode          absolute
                        opCode        8D
                        PC            0x00000000
                        CHILD NODE [line 787]
                            type typeId
                            name @1
                            i    0x187fb10
                                 fullname     @1
                                 initialized  0
                                 value        0
                                 ismacroname  0
                                 ismacroparam 1
                                 isvar        0
                                 macroNode    (nil)
                                 section      NULL
                                 name         @1



                CHILD NODE [line 787]
                    type typeOpr
                    opr STATEMENT


            CHILD NODE [line 787]
                type typeOpr
                opr IF
                CHILD NODE [line 787]
                    type typeOpr
                    opr LE
                    CHILD NODE [line 787]
                        type typeId
                        name @0
                        i    (nil)

                    CHILD NODE [line 787]
                        type typeId
                        name @2
                        i    (nil)


                CHILD NODE [line 787]
                    type typeOpr
                    opr STATEMENT
                    CHILD NODE [line 787]
                        type typeOpr
                        opr STATEMENT
                        CHILD NODE [line 787]
                            type typeOpr
                            opr STATEMENT
                            CHILD NODE [line 787]
                                type typeOpr
                                opr STATEMENT

                            CHILD NODE [line 787]
                                type typeOpr
                                opr STATEMENT


                        CHILD NODE [line 787]


                    CHILD NODE [line 787]
                        type typeOpr
                        opr STATEMENT




        CHILD NODE [line 787]
            type typeOpr
            opr STATEMENT




ExData  [line 789]
NODE [line 789]
    type typeData
    size 2
    CHILD NODE [line 789]
        type typeOpr
        opr EXPRLIST
        CHILD NODE [line 789]
            type typeStr
            allocated  "Hello World
            len        0x0000000B
            value Hello World




ExMacroExpansion  [line 791]
NODE [line 791]


ExOpCode  [line 792]
NODE [line 792]
    type typeOpCode
    instruction   rts
    mode          implied
    opCode        60
    PC            0x00001593


ExData  [line 794]
NODE [line 794]
    type typeData
    size 2
    CHILD NODE [line 794]
        type typeOpr
        opr EXPRLIST
        CHILD NODE [line 794]
            type typeCon
            IsPC  0
            value 0x0000FFF3



ExSymbol  [line 797]
NODE [line 797]
    type typeId
    name __ora
    i    (nil)


ExMacroExpansion  [line 800]
NODE [line 800]


ExOprSection  [line 802]
NODE [line 802]
    type typeOpr
    opr SECTION
    CHILD NODE [line 802]
        type typeId
        name end
        i    (nil)



ExOprEqu  [line 803]
NODE [line 803]
    type typeOpr
    opr '='
    CHILD NODE [line 803]
        type typeId
        name end
        i    (nil)

    CHILD NODE [line 803]
        type typeCon
        IsPC  1     PC = 0000159C
        value 0x0000159C


ExSymbol  [line 804]
NODE [line 804]
    type typeId
    name start
    i    (nil)


ExOpCode  [line 804]
NODE [line 804]
    type typeOpCode
    instruction   jmp
    mode          absolute
    opCode        4C
    PC            0x0000159C
    CHILD NODE [line 804]
        type typeId
        name start
        i    0x1847870
             fullname     start
             initialized  1
             value        4485
             ismacroname  0
             ismacroparam 0
             isvar        0
             macroNode    (nil)
             section      NULL
             name         start



ExOpCode  [line 805]
NODE [line 805]
    type typeOpCode
    instruction   rts
    mode          implied
    opCode        60
    PC            0x0000159F


ExOprSection  [line 806]
NODE [line 806]
    type typeOpr
    opr ENDSECTION


ExOprEqu  [line 809]
NODE [line 809]
    type typeOpr
    opr '='
    CHILD NODE [line 809]
        type typeId
        name end
        i    (nil)

    CHILD NODE [line 809]
        type typeCon
        IsPC  1     PC = 000015A0
        value 0x000015A0


                   loops: $100C                    here: $1097
                   start: $1185                 loadTAB: $1187
               LoadSLASH: $1189                   __ora: $118D
                   __and: $11B3                   __eor: $11D9
                   __adc: $11FF                   __sbc: $1225
                   __cmp: $124B                   __cpx: $1271
                   __cpy: $127F                   __dec: $128D
                   __dex: $12A1                   __dey: $12A2
                   __inc: $12A3                   __inx: $12B7
                   __iny: $12B8                   __asl: $12B9
                   __rol: $12CF                   __lsr: $12E4
                   __ror: $12F9                   __lda: $130E
                   __sta: $1334                   __ldx: $1356
                   __stx: $136E                   __ldy: $137C
                   __sty: $1394                   __tax: $13A2
                   __txa: $13A3                   __tay: $13A4
                   __tya: $13A5                   __tsx: $13A6
                   __txs: $13A7                   __pla: $13A8
                   __pha: $13A9                   __plp: $13AA
                   __php: $13AB                   __bpl: $13AC
                   __bmi: $13B0                   __bvc: $13B4
                   __bvs: $13B8                   __bcc: $13BC
                   __bcs: $13C0                   __bne: $13C4
                   __beq: $13C8                   __brk: $13CC
                   __rti: $13CD                   __jsr: $13CE
                   __rts: $13D4                   __jmp: $13D5
                   __bit: $13E1                   __clc: $13EB
                   __sec: $13EC                   __cld: $13ED
                   __sed: $13EE                   __cli: $13EF
                   __sei: $13F0                   __clv: $13F1
                   __nop: $13F2                   __slo: $13F3
                   __rla: $1415                   __sre: $1437
                   __rra: $1459                   __sax: $147B
                   __lax: $148D                   __dcp: $14A9
                   __isc: $14CB                   __anc: $14ED
                  __anc2: $14F1                   __alr: $14F5
                   __arr: $14F9                   __xaa: $14FD
                  __lax2: $1501                   __axs: $1505
                  __sbc2: $1509                   __ahx: $150D
                   __shy: $1517                   __shx: $151D
                   __tas: $1523                   __las: $1529
             __maxOpcode: $152F                 end.end: $159C
                     end: $15A0
PASS 3
Current File wintest.a
ExOprOrg  [line 3]
NODE [line 3]
    type typeOpr
    opr ORG
    CHILD NODE [line 3]
        type typeCon
        IsPC  0
        value 0x00001000


ExConstant  [line 5]
NODE [line 5]
    type typeCon
    IsPC  0
    value 0x00000009

ExOpCode  [line 5]
NODE [line 5]
    type typeOpCode
    instruction   lda
    mode          immediate
    opCode        A9
    PC            0x00001000
    CHILD NODE [line 5]
        type typeCon
        IsPC  0
        value 0x00000009


ExOprInclude  [line 9]
NODE [line 9]
    type typeOpr
    opr INC
    CHILD NODE [line 9]
        type typeStr
        allocated  "test.a
        len        0x00000006
        value test.a



ExConstant  [line 2]
NODE [line 2]
    type typeCon
    IsPC  0
    value 0x0000001A

ExOpCode  [line 2]
NODE [line 2]
    type typeOpCode
    instruction   ora
    mode          zero page x
    opCode        15
    PC            0x00001002
    CHILD NODE [line 2]
        type typeCon
        IsPC  0
        value 0x0000001A


ExConstant  [line 3]
NODE [line 3]
    type typeCon
    IsPC  0
    value 0x000000E5

ExOpCode  [line 3]
NODE [line 3]
    type typeOpCode
    instruction   ora
    mode          zero page indirect x
    opCode        01
    PC            0x00001004
    CHILD NODE [line 3]
        type typeCon
        IsPC  0
        value 0x000000E5


ExOpCode  [line 5]
NODE [line 5]
    type typeOpCode
    instruction   nop
    mode          implied
    opCode        EA
    PC            0x00001006


ExOpCode  [line 7]
NODE [line 7]
    type typeOpCode
    instruction   nop
    mode          implied
    opCode        EA
    PC            0x00001007


ExOpCode  [line 8]
NODE [line 8]
    type typeOpCode
    instruction   asl
    mode          implied
    opCode        0A
    PC            0x00001008


ExOprVar  [line 9]
NODE [line 9]
    type typeOpr


ExOprEqu  [line 12]
NODE [line 12]
    type typeOpr
    opr '='
    CHILD NODE [line 12]
        type typeId
        name aaa
        i    (nil)

    CHILD NODE [line 12]
        type typeCon
        IsPC  0
        value 0x00000001


ExOprEqu  [line 13]
NODE [line 13]
    type typeOpr
    opr '='
    CHILD NODE [line 13]
        type typeId
        name aaa
        i    (nil)

    CHILD NODE [line 13]
        type typeOpr
        opr '+'
        CHILD NODE [line 13]
            type typeId
            name aaa
            i    (nil)

        CHILD NODE [line 13]
            type typeCon
            IsPC  0
            value 0x00000001



ExSymbol  [line 14]
NODE [line 14]
    type typeId
    name aaa
    i    (nil)


ExOpCode  [line 14]
NODE [line 14]
    type typeOpCode
    instruction   lda
    mode          immediate
    opCode        A9
    PC            0x00001009
    CHILD NODE [line 14]
        type typeId
        name aaa
        i    0x1842970
             fullname     aaa
             initialized  1
             value        2
             ismacroname  0
             ismacroparam 0
             isvar        1
             macroNode    (nil)
             section      NULL
             name         aaa



ExOpCode  [line 15]
NODE [line 15]
    type typeOpCode
    instruction   brk
    mode          implied
    opCode        00
    PC            0x0000100B


ExOprEqu  [line 17]
NODE [line 17]
    type typeOpr
    opr '='
    CHILD NODE [line 17]
        type typeId
        name loops
        i    (nil)

    CHILD NODE [line 17]
        type typeCon
        IsPC  1     PC = 0000100C
        value 0x0000100C


ExSymbol  [line 24]
NODE [line 24]
    type typeId
    name aaa
    i    (nil)


ExOprWhile  [line 37]
NODE [line 37]
    type typeOpr
    opr WHILE
    CHILD NODE [line 37]
        type typeOpr
        opr '<'
        CHILD NODE [line 37]
            type typeId
            name aaa
            i    (nil)

        CHILD NODE [line 37]
            type typeCon
            IsPC  0
            value 0x0000000A

    CHILD NODE [line 37]
        type typeOpr
        opr STATEMENT
        CHILD NODE [line 37]
            type typeOpr
            opr STATEMENT
            CHILD NODE [line 37]
                type typeOpr
                opr STATEMENT
                CHILD NODE [line 37]
                    type typeOpr
                    opr STATEMENT
                    CHILD NODE [line 37]
                        type typeOpr
                        opr STATEMENT
                        CHILD NODE [line 37]
                            type typeOpr
                            opr STATEMENT
                            CHILD NODE [line 37]
                                type typeOpr
                                opr STATEMENT
                                CHILD NODE [line 37]
                                    type typeOpr
                                    opr STATEMENT
                                    CHILD NODE [line 37]
                                        type typeOpr
                                        opr STATEMENT
                                        CHILD NODE [line 37]
                                            type typeOpr
                                            opr STATEMENT
                                            CHILD NODE [line 37]
                                                type typeOpr
                                                opr STATEMENT

                                            CHILD NODE [line 37]
                                                type typeOpr
                                                opr STATEMENT


                                        CHILD NODE [line 37]
                                            type typeOpr
                                            opr STATEMENT


                                    CHILD NODE [line 37]
                                        type typeOpr
                                        opr '='
                                        CHILD NODE [line 37]
                                            type typeId
                                            name aaa
                                            i    (nil)

                                        CHILD NODE [line 37]
                                            type typeOpr
                                            opr '+'
                                            CHILD NODE [line 37]
                                                type typeId
                                                name aaa
                                                i    (nil)

                                            CHILD NODE [line 37]
                                                type typeCon
                                                IsPC  0
                                                value 0x00000001



                                CHILD NODE [line 37]
                                    type typeOpr
                                    opr STATEMENT


                            CHILD NODE [line 37]
                                type typeOpCode
                                instruction   ldx
                                mode          immediate
                                opCode        A2
                                PC            0x00000000
                                CHILD NODE [line 37]
                                    type typeId
                                    name aaa
                                    i    0x1842970
                                         fullname     aaa
                                         initialized  1
                                         value        2
                                         ismacroname  0
                                         ismacroparam 0
                                         isvar        1
                                         macroNode    (nil)
                                         section      NULL
                                         name         aaa



                        CHILD NODE [line 37]
                            type typeOpr
                            opr STATEMENT


                    CHILD NODE [line 37]
                        type typeOpr
                        opr STATEMENT


                CHILD NODE [line 37]
                    type typeOpr
                    opr STATEMENT


            CHILD NODE [line 37]
                type typeOpr
                opr IF
                CHILD NODE [line 37]
                    type typeOpr
                    opr '>'
                    CHILD NODE [line 37]
                        type typeId
                        name aaa
                        i    (nil)

                    CHILD NODE [line 37]
                        type typeCon
                        IsPC  0
                        value 0x00000006

                CHILD NODE [line 37]
                    type typeOpr
                    opr STATEMENT
                    CHILD NODE [line 37]
                        type typeOpr
                        opr STATEMENT
                        CHILD NODE [line 37]
                            type typeOpr
                            opr STATEMENT
                            CHILD NODE [line 37]
                                type typeOpr
                                opr STATEMENT
                                CHILD NODE [line 37]
                                    type typeOpr
                                    opr STATEMENT
                                    CHILD NODE [line 37]
                                        type typeOpr
                                        opr STATEMENT
                                        CHILD NODE [line 37]
                                            type typeOpr
                                            opr STATEMENT
                                            CHILD NODE [line 37]
                                                type typeOpr
                                                opr STATEMENT

                                            CHILD NODE [line 37]
                                                type typeOpr
                                                opr STATEMENT


                                        CHILD NODE [line 37]
                                            type typeOpCode
                                            instruction   brk
                                            mode          implied
                                            opCode        00
                                            PC            0x00000000


                                    CHILD NODE [line 37]
                                        type typeOpr
                                        opr STATEMENT


                                CHILD NODE [line 37]
                                    type typeOpCode
                                    instruction   brk
                                    mode          implied
                                    opCode        00
                                    PC            0x00000000


                            CHILD NODE [line 37]
                                type typeOpr
                                opr STATEMENT


                        CHILD NODE [line 37]
                            type typeOpCode
                            instruction   brk
                            mode          implied
                            opCode        00
                            PC            0x00000000


                    CHILD NODE [line 37]
                        type typeOpr
                        opr STATEMENT


                CHILD NODE [line 37]
                    type typeOpr
                    opr STATEMENT
                    CHILD NODE [line 37]
                        type typeOpr
                        opr STATEMENT
                        CHILD NODE [line 37]
                            type typeOpr
                            opr STATEMENT
                            CHILD NODE [line 37]
                                type typeOpr
                                opr STATEMENT
                                CHILD NODE [line 37]
                                    type typeOpr
                                    opr STATEMENT
                                    CHILD NODE [line 37]
                                        type typeOpr
                                        opr STATEMENT

                                    CHILD NODE [line 37]
                                        type typeOpr
                                        opr STATEMENT


                                CHILD NODE [line 37]
                                    type typeOpr
                                    opr '='
                                    CHILD NODE [line 37]
                                        type typeId
                                        name bbb
                                        i    (nil)

                                    CHILD NODE [line 37]
                                        type typeCon
                                        IsPC  0
                                        value 0x00000000


                            CHILD NODE [line 37]
                                type typeOpr
                                opr STATEMENT


                        CHILD NODE [line 37]
                            type typeOpr
                            opr REPEAT
                            CHILD NODE [line 37]
                                type typeOpr
                                opr STATEMENT
                                CHILD NODE [line 37]
                                    type typeOpr
                                    opr STATEMENT
                                    CHILD NODE [line 37]
                                        type typeOpr
                                        opr STATEMENT
                                        CHILD NODE [line 37]
                                            type typeOpr
                                            opr STATEMENT
                                            CHILD NODE [line 37]
                                                type typeOpr
                                                opr STATEMENT

                                            CHILD NODE [line 37]
                                                type typeOpCode
                                                instruction   nop
                                                mode          implied
                                                opCode        EA
                                                PC            0x00000000


                                        CHILD NODE [line 37]
                                            type typeOpr
                                            opr STATEMENT


                                    CHILD NODE [line 37]
                                        type typeOpr
                                        opr '='
                                        CHILD NODE [line 37]
                                            type typeId
                                            name bbb
                                            i    (nil)

                                        CHILD NODE [line 37]
                                            type typeOpr
                                            opr '+'
                                            CHILD NODE [line 37]
                                                type typeId
                                                name bbb
                                                i    (nil)

                                            CHILD NODE [line 37]
                                                type typeCon
                                                IsPC  0
                                                value 0x00000002



                                CHILD NODE [line 37]
                                    type typeOpr
                                    opr STATEMENT


                            CHILD NODE [line 37]
                                type typeOpr
                                opr '<'
                                CHILD NODE [line 37]
                                    type typeId
                                    name bbb
                                    i    (nil)

                                CHILD NODE [line 37]
                                    type typeCon
                                    IsPC  0
                                    value 0x00000006



                    CHILD NODE [line 37]
                        type typeOpr
                        opr STATEMENT




        CHILD NODE [line 37]
            type typeOpr
            opr STATEMENT




ExConstant  [line 39]
NODE [line 39]
    type typeCon
    IsPC  0
    value 0x00000001

ExOpCode  [line 39]
NODE [line 39]
    type typeOpCode
    instruction   ldx
    mode          immediate
    opCode        A2
    PC            0x0000102C
    CHILD NODE [line 39]
        type typeCon
        IsPC  0
        value 0x00000001


ExConstant  [line 40]
NODE [line 40]
    type typeCon
    IsPC  0
    value 0x00000035

ExOpCode  [line 40]
NODE [line 40]
    type typeOpCode
    instruction   ldy
    mode          immediate
    opCode        A0
    PC            0x0000102E
    CHILD NODE [line 40]
        type typeCon
        IsPC  0
        value 0x00000035


ExOpCode  [line 42]
NODE [line 42]
    type typeOpCode
    instruction   rts
    mode          implied
    opCode        60
    PC            0x00001030


ExOprInclude  [line 10]
NODE [line 10]
    type typeOpr
    opr INC
    CHILD NODE [line 10]
        type typeStr
        allocated  "branchtest.a
        len        0x0000000C
        value branchtest.a



ExOpCode  [line 0]
NODE [line 0]
    type typeOpCode
    instruction   nop
    mode          implied
    opCode        EA
    PC            0x00001031


ExSymbol  [line 2]
NODE [line 2]
    type typeId
    name +
    i    (nil)


ExOpCode  [line 2]
NODE [line 2]
    type typeOpCode
    instruction   beq
    mode          relative
    opCode        F0
    PC            0x00001032
    CHILD NODE [line 2]
        type typeId
        name +
        i    (nil)



ExOprEqu  [line 3]
NODE [line 3]
    type typeOpr
    opr '='
    CHILD NODE [line 3]
        type typeId
        name -
        i    (nil)

    CHILD NODE [line 3]
        type typeCon
        IsPC  1     PC = 00001034
        value 0x00001034


ExSymbol  [line 4]
NODE [line 4]
    type typeId
    name ++
    i    (nil)


ExOpCode  [line 4]
NODE [line 4]
    type typeOpCode
    instruction   lda
    mode          absolute y
    opCode        B9
    PC            0x00001034
    CHILD NODE [line 4]
        type typeId
        name ++
        i    (nil)



ExSymbol  [line 5]
NODE [line 5]
    type typeId
    name -
    i    (nil)


ExOpCode  [line 5]
NODE [line 5]
    type typeOpCode
    instruction   bne
    mode          relative
    opCode        D0
    PC            0x00001037
    CHILD NODE [line 5]
        type typeId
        name -
        i    (nil)



ExOpCode  [line 6]
NODE [line 6]
    type typeOpCode
    instruction   nop
    mode          implied
    opCode        EA
    PC            0x00001039


ExOprEqu  [line 7]
NODE [line 7]
    type typeOpr
    opr '='
    CHILD NODE [line 7]
        type typeId
        name -
        i    (nil)

    CHILD NODE [line 7]
        type typeCon
        IsPC  1     PC = 0000103A
        value 0x0000103A


ExSymbol  [line 8]
NODE [line 8]
    type typeId
    name -
    i    (nil)


ExOpCode  [line 8]
NODE [line 8]
    type typeOpCode
    instruction   bpl
    mode          relative
    opCode        10
    PC            0x0000103A
    CHILD NODE [line 8]
        type typeId
        name -
        i    (nil)



ExSymbol  [line 9]
NODE [line 9]
    type typeId
    name --
    i    (nil)


ExOpCode  [line 9]
NODE [line 9]
    type typeOpCode
    instruction   jmp
    mode          absolute i
    opCode        6C
    PC            0x0000103C
    CHILD NODE [line 9]
        type typeId
        name --
        i    (nil)



ExOpCode  [line 10]
NODE [line 10]
    type typeOpCode
    instruction   rts
    mode          implied
    opCode        60
    PC            0x0000103F


ExOprEqu  [line 12]
NODE [line 12]
    type typeOpr
    opr '='
    CHILD NODE [line 12]
        type typeId
        name +
        i    (nil)

    CHILD NODE [line 12]
        type typeCon
        IsPC  1     PC = 00001040
        value 0x00001040


ExOpCode  [line 13]
NODE [line 13]
    type typeOpCode
    instruction   rts
    mode          implied
    opCode        60
    PC            0x00001040


ExOprEqu  [line 14]
NODE [line 14]
    type typeOpr
    opr '='
    CHILD NODE [line 14]
        type typeId
        name +
        i    (nil)

    CHILD NODE [line 14]
        type typeCon
        IsPC  1     PC = 00001041
        value 0x00001041


ExOpCode  [line 15]
NODE [line 15]
    type typeOpCode
    instruction   nop
    mode          implied
    opCode        EA
    PC            0x00001041


ExOpCode  [line 16]
NODE [line 16]
    type typeOpCode
    instruction   nop
    mode          implied
    opCode        EA
    PC            0x00001042


ExOpCode  [line 17]
NODE [line 17]
    type typeOpCode
    instruction   rts
    mode          implied
    opCode        60
    PC            0x00001043


ExSymbol  [line 19]
NODE [line 19]
    type typeId
    name --
    i    (nil)


ExOpCode  [line 19]
NODE [line 19]
    type typeOpCode
    instruction   beq
    mode          relative
    opCode        F0
    PC            0x00001044
    CHILD NODE [line 19]
        type typeId
        name --
        i    (nil)



ExOprLoad  [line 11]
NODE [line 11]
    type typeOpr
    opr LOAD
    CHILD NODE [line 11]
        type typeStr
        allocated  "textfile.txt
        len        0x0000000C
        value textfile.txt



ExOprInclude  [line 12]
NODE [line 12]
    type typeOpr
    opr INC
    CHILD NODE [line 12]
        type typeStr
        allocated  "scripttest.a
        len        0x0000000C
        value scripttest.a



ExOprVar  [line 1]
NODE [line 1]
    type typeOpr


ExOprPlus  [line 4]
NODE [line 4]
    type typeOpr
    opr '+'
    CHILD NODE [line 4]
        type typeId
        name here
        i    (nil)

    CHILD NODE [line 4]
        type typeId
        name i
        i    (nil)



ExOprFor  [line 5]
NODE [line 5]
    type typeOpr
    opr FOR
    CHILD NODE [line 5]
        type typeOpr
        opr '='
        CHILD NODE [line 5]
            type typeId
            name i
            i    (nil)

        CHILD NODE [line 5]
            type typeCon
            IsPC  0
            value 0x0000000A

    CHILD NODE [line 5]
        type typeCon
        IsPC  0
        value 0x00000014
    CHILD NODE [line 5]
        type typeOpr
        opr STATEMENT
        CHILD NODE [line 5]
            type typeOpr
            opr STATEMENT
            CHILD NODE [line 5]
                type typeOpr
                opr STATEMENT

            CHILD NODE [line 5]
                type typeOpCode
                instruction   lda
                mode          absolute
                opCode        AD
                PC            0x00000000
                CHILD NODE [line 5]
                    type typeOpr
                    opr '+'
                    CHILD NODE [line 5]
                        type typeId
                        name here
                        i    0x1846880
                             fullname     here
                             initialized  1
                             value        4247
                             ismacroname  0
                             ismacroparam 0
                             isvar        0
                             macroNode    (nil)
                             section      NULL
                             name         here

                    CHILD NODE [line 5]
                        type typeId
                        name i
                        i    0x1846110
                             fullname     i
                             initialized  1
                             value        0
                             ismacroname  0
                             ismacroparam 0
                             isvar        1
                             macroNode    (nil)
                             section      NULL
                             name         i




        CHILD NODE [line 5]
            type typeOpr
            opr STATEMENT


    CHILD NODE [line 5]
        type typeId
        name i
        i    (nil)

    CHILD NODE [line 5]
        type typeCon
        IsPC  0
        value 0x00000002


ExOprPlus  [line 8]
NODE [line 8]
    type typeOpr
    opr '+'
    CHILD NODE [line 8]
        type typeId
        name i
        i    (nil)

    CHILD NODE [line 8]
        type typeCon
        IsPC  0
        value 0x00000001


ExOprRepeat  [line 10]
NODE [line 10]
    type typeOpr
    opr REPEAT
    CHILD NODE [line 10]
        type typeOpr
        opr STATEMENT
        CHILD NODE [line 10]
            type typeOpr
            opr STATEMENT
            CHILD NODE [line 10]
                type typeOpr
                opr STATEMENT
                CHILD NODE [line 10]
                    type typeOpr
                    opr STATEMENT
                    CHILD NODE [line 10]
                        type typeOpr
                        opr STATEMENT

                    CHILD NODE [line 10]
                        type typeOpCode
                        instruction   jsr
                        mode          absolute
                        opCode        20
                        PC            0x00000000
                        CHILD NODE [line 10]
                            type typeOpr
                            opr '+'
                            CHILD NODE [line 10]
                                type typeId
                                name i
                                i    0x1846110
                                     fullname     i
                                     initialized  1
                                     value        22
                                     ismacroname  0
                                     ismacroparam 0
                                     isvar        1
                                     macroNode    (nil)
                                     section      NULL
                                     name         i

                            CHILD NODE [line 10]
                                type typeCon
                                IsPC  0
                                value 0x00000001



                CHILD NODE [line 10]
                    type typeOpr
                    opr STATEMENT


            CHILD NODE [line 10]
                type typeOpr
                opr '='
                CHILD NODE [line 10]
                    type typeId
                    name i
                    i    (nil)

                CHILD NODE [line 10]
                    type typeOpr
                    opr '-'
                    CHILD NODE [line 10]
                        type typeId
                        name i
                        i    (nil)

                    CHILD NODE [line 10]
                        type typeCon
                        IsPC  0
                        value 0x00000002



        CHILD NODE [line 10]
            type typeOpr
            opr STATEMENT


    CHILD NODE [line 10]
        type typeOpr
        opr LE
        CHILD NODE [line 10]
            type typeId
            name i
            i    (nil)

        CHILD NODE [line 10]
            type typeCon
            IsPC  0
            value 0x0000000A



ExOprPlus  [line 13]
NODE [line 13]
    type typeOpr
    opr '+'
    CHILD NODE [line 13]
        type typeId
        name here
        i    (nil)

    CHILD NODE [line 13]
        type typeId
        name i
        i    (nil)



ExOprDo  [line 16]
NODE [line 16]
    type typeOpr
    opr DO
    CHILD NODE [line 16]
        type typeOpr
        opr STATEMENT
        CHILD NODE [line 16]
            type typeOpr
            opr STATEMENT
            CHILD NODE [line 16]
                type typeOpr
                opr STATEMENT
                CHILD NODE [line 16]
                    type typeOpr
                    opr STATEMENT
                    CHILD NODE [line 16]
                        type typeOpr
                        opr STATEMENT
                        CHILD NODE [line 16]
                            type typeOpr
                            opr STATEMENT
                            CHILD NODE [line 16]
                                type typeOpr
                                opr STATEMENT
                                CHILD NODE [line 16]
                                    type typeOpr
                                    opr STATEMENT

                                CHILD NODE [line 16]
                                    type typeOpr
                                    opr STATEMENT


                            CHILD NODE [line 16]
                                type typeOpCode
                                instruction   ldx
                                mode          absolute
                                opCode        AE
                                PC            0x00000000
                                CHILD NODE [line 16]
                                    type typeOpr
                                    opr '+'
                                    CHILD NODE [line 16]
                                        type typeId
                                        name here
                                        i    0x1846880
                                             fullname     here
                                             initialized  1
                                             value        4247
                                             ismacroname  0
                                             ismacroparam 0
                                             isvar        0
                                             macroNode    (nil)
                                             section      NULL
                                             name         here

                                    CHILD NODE [line 16]
                                        type typeId
                                        name i
                                        i    0x1846110
                                             fullname     i
                                             initialized  1
                                             value        10
                                             ismacroname  0
                                             ismacroparam 0
                                             isvar        1
                                             macroNode    (nil)
                                             section      NULL
                                             name         i




                        CHILD NODE [line 16]
                            type typeOpr
                            opr STATEMENT


                    CHILD NODE [line 16]
                        type typeOpCode
                        instruction   nop
                        mode          implied
                        opCode        EA
                        PC            0x00000000


                CHILD NODE [line 16]
                    type typeOpr
                    opr STATEMENT


            CHILD NODE [line 16]
                type typeOpr
                opr '='
                CHILD NODE [line 16]
                    type typeId
                    name i
                    i    (nil)

                CHILD NODE [line 16]
                    type typeOpr
                    opr '+'
                    CHILD NODE [line 16]
                        type typeId
                        name i
                        i    (nil)

                    CHILD NODE [line 16]
                        type typeCon
                        IsPC  0
                        value 0x00000002



        CHILD NODE [line 16]
            type typeOpr
            opr STATEMENT


    CHILD NODE [line 16]
        type typeOpr
        opr '<'
        CHILD NODE [line 16]
            type typeId
            name i
            i    (nil)

        CHILD NODE [line 16]
            type typeCon
            IsPC  0
            value 0x0000000A



ExOprEqu  [line 18]
NODE [line 18]
    type typeOpr
    opr '='
    CHILD NODE [line 18]
        type typeId
        name here
        i    (nil)

    CHILD NODE [line 18]
        type typeCon
        IsPC  1     PC = 00001097
        value 0x00001097


ExOpCode  [line 19]
NODE [line 19]
    type typeOpCode
    instruction   nop
    mode          implied
    opCode        EA
    PC            0x00001097


ExSymbol  [line 25]
NODE [line 25]
    type typeId
    name ii
    i    (nil)


ExSymbol  [line 30]
NODE [line 30]
    type typeId
    name jj
    i    (nil)


ExOprFor  [line 35]
NODE [line 35]
    type typeOpr
    opr FOR
    CHILD NODE [line 35]
        type typeOpr
        opr '='
        CHILD NODE [line 35]
            type typeId
            name i
            i    (nil)

        CHILD NODE [line 35]
            type typeCon
            IsPC  0
            value 0x00000001

    CHILD NODE [line 35]
        type typeCon
        IsPC  0
        value 0x0000000A
    CHILD NODE [line 35]
        type typeOpr
        opr STATEMENT
        CHILD NODE [line 35]
            type typeOpr
            opr STATEMENT
            CHILD NODE [line 35]
                type typeOpr
                opr STATEMENT
                CHILD NODE [line 35]
                    type typeOpr
                    opr STATEMENT
                    CHILD NODE [line 35]
                        type typeOpr
                        opr STATEMENT

                    CHILD NODE [line 35]
                        type typeOpr
                        opr '='
                        CHILD NODE [line 35]
                            type typeId
                            name ii
                            i    (nil)

                        CHILD NODE [line 35]
                            type typeCon
                            IsPC  0
                            value 0x00000000


                CHILD NODE [line 35]
                    type typeOpr
                    opr STATEMENT


            CHILD NODE [line 35]
                type typeOpr
                opr REPEAT
                CHILD NODE [line 35]
                    type typeOpr
                    opr STATEMENT
                    CHILD NODE [line 35]
                        type typeOpr
                        opr STATEMENT
                        CHILD NODE [line 35]
                            type typeOpr
                            opr STATEMENT
                            CHILD NODE [line 35]
                                type typeOpr
                                opr STATEMENT
                                CHILD NODE [line 35]
                                    type typeOpr
                                    opr STATEMENT
                                    CHILD NODE [line 35]
                                        type typeOpr
                                        opr STATEMENT
                                        CHILD NODE [line 35]
                                            type typeOpr
                                            opr STATEMENT
                                            CHILD NODE [line 35]
                                                type typeOpr
                                                opr STATEMENT
                                                CHILD NODE [line 35]
                                                    type typeOpr
                                                    opr STATEMENT
                                                    CHILD NODE [line 35]
                                                        type typeOpr
                                                        opr STATEMENT
                                                        CHILD NODE [line 35]
                                                            type typeOpr
                                                            opr STATEMENT

                                                        CHILD NODE [line 35]
                                                            type typeOpCode
                                                            instruction   jsr
                                                            mode          absolute
                                                            opCode        20
                                                            PC            0x00000000
                                                            CHILD NODE [line 35]
                                                                type typeId
                                                                name ii
                                                                i    0x18461d0
                                                                     fullname     ii
                                                                     initialized  1
                                                                     value        0
                                                                     ismacroname  0
                                                                     ismacroparam 0
                                                                     isvar        1
                                                                     macroNode    (nil)
                                                                     section      NULL
                                                                     name         ii



                                                    CHILD NODE [line 35]
                                                        type typeOpr
                                                        opr STATEMENT


                                                CHILD NODE [line 35]
                                                    type typeOpr
                                                    opr '='
                                                    CHILD NODE [line 35]
                                                        type typeId
                                                        name ii
                                                        i    (nil)

                                                    CHILD NODE [line 35]
                                                        type typeOpr
                                                        opr '-'
                                                        CHILD NODE [line 35]
                                                            type typeId
                                                            name ii
                                                            i    (nil)

                                                        CHILD NODE [line 35]
                                                            type typeCon
                                                            IsPC  0
                                                            value 0x00000002



                                            CHILD NODE [line 35]
                                                type typeOpr
                                                opr STATEMENT


                                        CHILD NODE [line 35]
                                            type typeOpr
                                            opr STATEMENT


                                    CHILD NODE [line 35]
                                        type typeOpr
                                        opr STATEMENT


                                CHILD NODE [line 35]
                                    type typeOpr
                                    opr '='
                                    CHILD NODE [line 35]
                                        type typeId
                                        name jj
                                        i    (nil)

                                    CHILD NODE [line 35]
                                        type typeCon
                                        IsPC  0
                                        value 0x00000000


                            CHILD NODE [line 35]
                                type typeOpr
                                opr STATEMENT


                        CHILD NODE [line 35]
                            type typeOpr
                            opr DO
                            CHILD NODE [line 35]
                                type typeOpr
                                opr STATEMENT
                                CHILD NODE [line 35]
                                    type typeOpr
                                    opr STATEMENT
                                    CHILD NODE [line 35]
                                        type typeOpr
                                        opr STATEMENT
                                        CHILD NODE [line 35]
                                            type typeOpr
                                            opr STATEMENT
                                            CHILD NODE [line 35]
                                                type typeOpr
                                                opr STATEMENT
                                                CHILD NODE [line 35]
                                                    type typeOpr
                                                    opr STATEMENT
                                                    CHILD NODE [line 35]
                                                        type typeOpr
                                                        opr STATEMENT
                                                        CHILD NODE [line 35]
                                                            type typeOpr
                                                            opr STATEMENT

                                                        CHILD NODE [line 35]
                                                            type typeOpr
                                                            opr STATEMENT


                                                    CHILD NODE [line 35]
                                                        type typeOpCode
                                                        instruction   jsr
                                                        mode          absolute
                                                        opCode        20
                                                        PC            0x00000000
                                                        CHILD NODE [line 35]
                                                            type typeId
                                                            name jj
                                                            i    0x1846290
                                                                 fullname     jj
                                                                 initialized  1
                                                                 value        0
                                                                 ismacroname  0
                                                                 ismacroparam 0
                                                                 isvar        1
                                                                 macroNode    (nil)
                                                                 section      NULL
                                                                 name         jj



                                                CHILD NODE [line 35]
                                                    type typeOpr
                                                    opr STATEMENT


                                            CHILD NODE [line 35]
                                                type typeOpCode
                                                instruction   nop
                                                mode          implied
                                                opCode        EA
                                                PC            0x00000000


                                        CHILD NODE [line 35]
                                            type typeOpr
                                            opr STATEMENT


                                    CHILD NODE [line 35]
                                        type typeOpr
                                        opr '='
                                        CHILD NODE [line 35]
                                            type typeId
                                            name jj
                                            i    (nil)

                                        CHILD NODE [line 35]
                                            type typeOpr
                                            opr '+'
                                            CHILD NODE [line 35]
                                                type typeId
                                                name jj
                                                i    (nil)

                                            CHILD NODE [line 35]
                                                type typeCon
                                                IsPC  0
                                                value 0x00000002



                                CHILD NODE [line 35]
                                    type typeOpr
                                    opr STATEMENT


                            CHILD NODE [line 35]
                                type typeOpr
                                opr '<'
                                CHILD NODE [line 35]
                                    type typeId
                                    name jj
                                    i    (nil)

                                CHILD NODE [line 35]
                                    type typeCon
                                    IsPC  0
                                    value 0x0000000A



                    CHILD NODE [line 35]
                        type typeOpr
                        opr STATEMENT


                CHILD NODE [line 35]
                    type typeOpr
                    opr LE
                    CHILD NODE [line 35]
                        type typeId
                        name ii
                        i    (nil)

                    CHILD NODE [line 35]
                        type typeCon
                        IsPC  0
                        value 0x0000000A



        CHILD NODE [line 35]
            type typeOpr
            opr STATEMENT


    CHILD NODE [line 35]
        type typeId
        name i
        i    (nil)



ExOprIf  [line 45]
NODE [line 45]
    type typeOpr
    opr IF
    CHILD NODE [line 45]
        type typeOpr
        opr '>'
        CHILD NODE [line 45]
            type typeId
            name i
            i    (nil)

        CHILD NODE [line 45]
            type typeCon
            IsPC  0
            value 0x00000000

    CHILD NODE [line 45]
        type typeOpr
        opr STATEMENT
        CHILD NODE [line 45]
            type typeOpr
            opr STATEMENT
            CHILD NODE [line 45]
                type typeOpr
                opr STATEMENT
                CHILD NODE [line 45]
                    type typeOpr
                    opr STATEMENT
                    CHILD NODE [line 45]
                        type typeOpr
                        opr STATEMENT
                        CHILD NODE [line 45]
                            type typeOpr
                            opr STATEMENT

                        CHILD NODE [line 45]
                            type typeOpr
                            opr STATEMENT


                    CHILD NODE [line 45]
                        type typeOpCode
                        instruction   nop
                        mode          implied
                        opCode        EA
                        PC            0x00000000


                CHILD NODE [line 45]
                    type typeOpr
                    opr STATEMENT


            CHILD NODE [line 45]
                type typeOpr
                opr WHILE
                CHILD NODE [line 45]
                    type typeOpr
                    opr '>'
                    CHILD NODE [line 45]
                        type typeId
                        name i
                        i    (nil)

                    CHILD NODE [line 45]
                        type typeCon
                        IsPC  0
                        value 0x00000001

                CHILD NODE [line 45]
                    type typeOpr
                    opr STATEMENT
                    CHILD NODE [line 45]
                        type typeOpr
                        opr STATEMENT
                        CHILD NODE [line 45]
                            type typeOpr
                            opr STATEMENT
                            CHILD NODE [line 45]
                                type typeOpr
                                opr STATEMENT
                                CHILD NODE [line 45]
                                    type typeOpr
                                    opr STATEMENT

                                CHILD NODE [line 45]
                                    type typeOpr
                                    opr DS
                                    CHILD NODE [line 45]
                                        type typeCon
                                        IsPC  0
                                        value 0x00000001


                            CHILD NODE [line 45]
                                type typeOpr
                                opr STATEMENT


                        CHILD NODE [line 45]
                            type typeOpr
                            opr '='
                            CHILD NODE [line 45]
                                type typeId
                                name i
                                i    (nil)

                            CHILD NODE [line 45]
                                type typeOpr
                                opr '-'
                                CHILD NODE [line 45]
                                    type typeId
                                    name i
                                    i    (nil)

                                CHILD NODE [line 45]
                                    type typeCon
                                    IsPC  0
                                    value 0x00000003



                    CHILD NODE [line 45]
                        type typeOpr
                        opr STATEMENT




        CHILD NODE [line 45]
            type typeOpr
            opr STATEMENT


    CHILD NODE [line 45]
        type typeOpr
        opr STATEMENT
        CHILD NODE [line 45]
            type typeOpr
            opr STATEMENT
            CHILD NODE [line 45]
                type typeOpr
                opr STATEMENT
                CHILD NODE [line 45]
                    type typeOpr
                    opr STATEMENT

                CHILD NODE [line 45]
                    type typeOpr
                    opr STATEMENT


            CHILD NODE [line 45]
                type typeOpCode
                instruction   brk
                mode          implied
                opCode        00
                PC            0x00000000


        CHILD NODE [line 45]
            type typeOpr
            opr STATEMENT




ExData  [line 46]
NODE [line 46]
    type typeData
    size 1
    CHILD NODE [line 46]
        type typeOpr
        opr EXPRLIST
        CHILD NODE [line 46]
            type typeCon
            IsPC  0
            value 0x00000064



ExOpCode  [line 48]
NODE [line 48]
    type typeOpCode
    instruction   brk
    mode          implied
    opCode        00
    PC            0x00001184


ExOprEqu  [line 19]
NODE [line 19]
    type typeOpr
    opr '='
    CHILD NODE [line 19]
        type typeId
        name start
        i    (nil)

    CHILD NODE [line 19]
        type typeCon
        IsPC  1     PC = 00001185
        value 0x00001185


ExOpCode  [line 20]
NODE [line 20]
    type typeOpCode
    instruction   phx
    mode          implied
    opCode        DA
    PC            0x00001185


ExOpCode  [line 21]
NODE [line 21]
    type typeOpCode
    instruction   phy
    mode          implied
    opCode        5A
    PC            0x00001186


ExOprEqu  [line 24]
NODE [line 24]
    type typeOpr
    opr '='
    CHILD NODE [line 24]
        type typeId
        name loadTAB
        i    (nil)

    CHILD NODE [line 24]
        type typeCon
        IsPC  1     PC = 00001187
        value 0x00001187


ExConstant  [line 25]
NODE [line 25]
    type typeCon
    IsPC  0
    value 0x00000009

ExOpCode  [line 25]
NODE [line 25]
    type typeOpCode
    instruction   lda
    mode          immediate
    opCode        A9
    PC            0x00001187
    CHILD NODE [line 25]
        type typeCon
        IsPC  0
        value 0x00000009


ExOprEqu  [line 26]
NODE [line 26]
    type typeOpr
    opr '='
    CHILD NODE [line 26]
        type typeId
        name LoadSLASH
        i    (nil)

    CHILD NODE [line 26]
        type typeCon
        IsPC  1     PC = 00001189
        value 0x00001189


ExConstant  [line 27]
NODE [line 27]
    type typeCon
    IsPC  0
    value 0x0000005C

ExOpCode  [line 27]
NODE [line 27]
    type typeOpCode
    instruction   lda
    mode          immediate
    opCode        A9
    PC            0x00001189
    CHILD NODE [line 27]
        type typeCon
        IsPC  0
        value 0x0000005C


ExSymbol  [line 30]
NODE [line 30]
    type typeId
    name end
    i    (nil)


ExOprEqu  [line 33]
NODE [line 33]
    type typeOpr
    opr '='
    CHILD NODE [line 33]
        type typeId
        name __ora
        i    (nil)

    CHILD NODE [line 33]
        type typeCon
        IsPC  1     PC = 00001190
        value 0x00001190


ExConstant  [line 34]
NODE [line 34]
    type typeCon
    IsPC  0
    value 0x00000016

ExOpCode  [line 34]
NODE [line 34]
    type typeOpCode
    instruction   ora
    mode          immediate
    opCode        09
    PC            0x00001190
    CHILD NODE [line 34]
        type typeCon
        IsPC  0
        value 0x00000016


ExConstant  [line 35]
NODE [line 35]
    type typeCon
    IsPC  0
    value 0x00000016

ExOpCode  [line 35]
NODE [line 35]
    type typeOpCode
    instruction   ora
    mode          immediate
    opCode        09
    PC            0x00001192
    CHILD NODE [line 35]
        type typeCon
        IsPC  0
        value 0x00000016


ExConstant  [line 36]
NODE [line 36]
    type typeCon
    IsPC  0
    value 0x000000B2

ExOpCode  [line 36]
NODE [line 36]
    type typeOpCode
    instruction   ora
    mode          zero page
    opCode        05
    PC            0x00001194
    CHILD NODE [line 36]
        type typeCon
        IsPC  0
        value 0x000000B2


ExConstant  [line 37]
NODE [line 37]
    type typeCon
    IsPC  0
    value 0x000000B2

ExOpCode  [line 37]
NODE [line 37]
    type typeOpCode
    instruction   ora
    mode          zero page
    opCode        05
    PC            0x00001196
    CHILD NODE [line 37]
        type typeCon
        IsPC  0
        value 0x000000B2


ExConstant  [line 38]
NODE [line 38]
    type typeCon
    IsPC  0
    value 0x0000001A

ExOpCode  [line 38]
NODE [line 38]
    type typeOpCode
    instruction   ora
    mode          zero page x
    opCode        15
    PC            0x00001198
    CHILD NODE [line 38]
        type typeCon
        IsPC  0
        value 0x0000001A


ExConstant  [line 39]
NODE [line 39]
    type typeCon
    IsPC  0
    value 0x0000001A

ExOpCode  [line 39]
NODE [line 39]
    type typeOpCode
    instruction   ora
    mode          zero page x
    opCode        15
    PC            0x0000119A
    CHILD NODE [line 39]
        type typeCon
        IsPC  0
        value 0x0000001A


ExConstant  [line 40]
NODE [line 40]
    type typeCon
    IsPC  0
    value 0x000000E5

ExOpCode  [line 40]
NODE [line 40]
    type typeOpCode
    instruction   ora
    mode          zero page indirect x
    opCode        01
    PC            0x0000119C
    CHILD NODE [line 40]
        type typeCon
        IsPC  0
        value 0x000000E5


ExConstant  [line 41]
NODE [line 41]
    type typeCon
    IsPC  0
    value 0x000000E5

ExOpCode  [line 41]
NODE [line 41]
    type typeOpCode
    instruction   ora
    mode          zero page indirect x
    opCode        01
    PC            0x0000119E
    CHILD NODE [line 41]
        type typeCon
        IsPC  0
        value 0x000000E5


ExConstant  [line 42]
NODE [line 42]
    type typeCon
    IsPC  0
    value 0x00000039

ExOpCode  [line 42]
NODE [line 42]
    type typeOpCode
    instruction   ora
    mode          zero page indirect y
    opCode        11
    PC            0x000011A0
    CHILD NODE [line 42]
        type typeCon
        IsPC  0
        value 0x00000039


ExConstant  [line 43]
NODE [line 43]
    type typeCon
    IsPC  0
    value 0x00000039

ExOpCode  [line 43]
NODE [line 43]
    type typeOpCode
    instruction   ora
    mode          zero page indirect y
    opCode        11
    PC            0x000011A2
    CHILD NODE [line 43]
        type typeCon
        IsPC  0
        value 0x00000039


ExConstant  [line 44]
NODE [line 44]
    type typeCon
    IsPC  0
    value 0x00007623

ExOpCode  [line 44]
NODE [line 44]
    type typeOpCode
    instruction   ora
    mode          absolute
    opCode        0D
    PC            0x000011A4
    CHILD NODE [line 44]
        type typeCon
        IsPC  0
        value 0x00007623


ExConstant  [line 45]
NODE [line 45]
    type typeCon
    IsPC  0
    value 0x00007623

ExOpCode  [line 45]
NODE [line 45]
    type typeOpCode
    instruction   ora
    mode          absolute
    opCode        0D
    PC            0x000011A7
    CHILD NODE [line 45]
        type typeCon
        IsPC  0
        value 0x00007623


ExConstant  [line 46]
NODE [line 46]
    type typeCon
    IsPC  0
    value 0x000065B2

ExOpCode  [line 46]
NODE [line 46]
    type typeOpCode
    instruction   ora
    mode          absolute x
    opCode        1D
    PC            0x000011AA
    CHILD NODE [line 46]
        type typeCon
        IsPC  0
        value 0x000065B2


ExConstant  [line 47]
NODE [line 47]
    type typeCon
    IsPC  0
    value 0x000065B2

ExOpCode  [line 47]
NODE [line 47]
    type typeOpCode
    instruction   ora
    mode          absolute x
    opCode        1D
    PC            0x000011AD
    CHILD NODE [line 47]
        type typeCon
        IsPC  0
        value 0x000065B2


ExConstant  [line 48]
NODE [line 48]
    type typeCon
    IsPC  0
    value 0x0000BE2C

ExOpCode  [line 48]
NODE [line 48]
    type typeOpCode
    instruction   ora
    mode          absolute y
    opCode        19
    PC            0x000011B0
    CHILD NODE [line 48]
        type typeCon
        IsPC  0
        value 0x0000BE2C


ExConstant  [line 49]
NODE [line 49]
    type typeCon
    IsPC  0
    value 0x0000BE2C

ExOpCode  [line 49]
NODE [line 49]
    type typeOpCode
    instruction   ora
    mode          absolute y
    opCode        19
    PC            0x000011B3
    CHILD NODE [line 49]
        type typeCon
        IsPC  0
        value 0x0000BE2C


ExOprEqu  [line 53]
NODE [line 53]
    type typeOpr
    opr '='
    CHILD NODE [line 53]
        type typeId
        name __and
        i    (nil)

    CHILD NODE [line 53]
        type typeCon
        IsPC  1     PC = 000011B6
        value 0x000011B6


ExConstant  [line 54]
NODE [line 54]
    type typeCon
    IsPC  0
    value 0x00000088

ExOpCode  [line 54]
NODE [line 54]
    type typeOpCode
    instruction   and
    mode          immediate
    opCode        29
    PC            0x000011B6
    CHILD NODE [line 54]
        type typeCon
        IsPC  0
        value 0x00000088


ExConstant  [line 55]
NODE [line 55]
    type typeCon
    IsPC  0
    value 0x00000088

ExOpCode  [line 55]
NODE [line 55]
    type typeOpCode
    instruction   and
    mode          immediate
    opCode        29
    PC            0x000011B8
    CHILD NODE [line 55]
        type typeCon
        IsPC  0
        value 0x00000088


ExConstant  [line 56]
NODE [line 56]
    type typeCon
    IsPC  0
    value 0x000000B7

ExOpCode  [line 56]
NODE [line 56]
    type typeOpCode
    instruction   and
    mode          zero page
    opCode        25
    PC            0x000011BA
    CHILD NODE [line 56]
        type typeCon
        IsPC  0
        value 0x000000B7


ExConstant  [line 57]
NODE [line 57]
    type typeCon
    IsPC  0
    value 0x000000B7

ExOpCode  [line 57]
NODE [line 57]
    type typeOpCode
    instruction   and
    mode          zero page
    opCode        25
    PC            0x000011BC
    CHILD NODE [line 57]
        type typeCon
        IsPC  0
        value 0x000000B7


ExConstant  [line 58]
NODE [line 58]
    type typeCon
    IsPC  0
    value 0x00000097

ExOpCode  [line 58]
NODE [line 58]
    type typeOpCode
    instruction   and
    mode          zero page x
    opCode        35
    PC            0x000011BE
    CHILD NODE [line 58]
        type typeCon
        IsPC  0
        value 0x00000097


ExConstant  [line 59]
NODE [line 59]
    type typeCon
    IsPC  0
    value 0x00000097

ExOpCode  [line 59]
NODE [line 59]
    type typeOpCode
    instruction   and
    mode          zero page x
    opCode        35
    PC            0x000011C0
    CHILD NODE [line 59]
        type typeCon
        IsPC  0
        value 0x00000097


ExConstant  [line 60]
NODE [line 60]
    type typeCon
    IsPC  0
    value 0x00000014

ExOpCode  [line 60]
NODE [line 60]
    type typeOpCode
    instruction   and
    mode          zero page indirect x
    opCode        21
    PC            0x000011C2
    CHILD NODE [line 60]
        type typeCon
        IsPC  0
        value 0x00000014


ExConstant  [line 61]
NODE [line 61]
    type typeCon
    IsPC  0
    value 0x00000014

ExOpCode  [line 61]
NODE [line 61]
    type typeOpCode
    instruction   and
    mode          zero page indirect x
    opCode        21
    PC            0x000011C4
    CHILD NODE [line 61]
        type typeCon
        IsPC  0
        value 0x00000014


ExConstant  [line 62]
NODE [line 62]
    type typeCon
    IsPC  0
    value 0x000000DB

ExOpCode  [line 62]
NODE [line 62]
    type typeOpCode
    instruction   and
    mode          zero page indirect y
    opCode        31
    PC            0x000011C6
    CHILD NODE [line 62]
        type typeCon
        IsPC  0
        value 0x000000DB


ExConstant  [line 63]
NODE [line 63]
    type typeCon
    IsPC  0
    value 0x000000DB

ExOpCode  [line 63]
NODE [line 63]
    type typeOpCode
    instruction   and
    mode          zero page indirect y
    opCode        31
    PC            0x000011C8
    CHILD NODE [line 63]
        type typeCon
        IsPC  0
        value 0x000000DB


ExConstant  [line 64]
NODE [line 64]
    type typeCon
    IsPC  0
    value 0x000018CC

ExOpCode  [line 64]
NODE [line 64]
    type typeOpCode
    instruction   and
    mode          absolute
    opCode        2D
    PC            0x000011CA
    CHILD NODE [line 64]
        type typeCon
        IsPC  0
        value 0x000018CC


ExConstant  [line 65]
NODE [line 65]
    type typeCon
    IsPC  0
    value 0x000018CC

ExOpCode  [line 65]
NODE [line 65]
    type typeOpCode
    instruction   and
    mode          absolute
    opCode        2D
    PC            0x000011CD
    CHILD NODE [line 65]
        type typeCon
        IsPC  0
        value 0x000018CC


ExConstant  [line 66]
NODE [line 66]
    type typeCon
    IsPC  0
    value 0x0000D2FF

ExOpCode  [line 66]
NODE [line 66]
    type typeOpCode
    instruction   and
    mode          absolute x
    opCode        3D
    PC            0x000011D0
    CHILD NODE [line 66]
        type typeCon
        IsPC  0
        value 0x0000D2FF


ExConstant  [line 67]
NODE [line 67]
    type typeCon
    IsPC  0
    value 0x0000D2FF

ExOpCode  [line 67]
NODE [line 67]
    type typeOpCode
    instruction   and
    mode          absolute x
    opCode        3D
    PC            0x000011D3
    CHILD NODE [line 67]
        type typeCon
        IsPC  0
        value 0x0000D2FF


ExConstant  [line 68]
NODE [line 68]
    type typeCon
    IsPC  0
    value 0x0000F41B

ExOpCode  [line 68]
NODE [line 68]
    type typeOpCode
    instruction   and
    mode          absolute y
    opCode        39
    PC            0x000011D6
    CHILD NODE [line 68]
        type typeCon
        IsPC  0
        value 0x0000F41B


ExConstant  [line 69]
NODE [line 69]
    type typeCon
    IsPC  0
    value 0x0000F41B

ExOpCode  [line 69]
NODE [line 69]
    type typeOpCode
    instruction   and
    mode          absolute y
    opCode        39
    PC            0x000011D9
    CHILD NODE [line 69]
        type typeCon
        IsPC  0
        value 0x0000F41B


ExOprEqu  [line 73]
NODE [line 73]
    type typeOpr
    opr '='
    CHILD NODE [line 73]
        type typeId
        name __eor
        i    (nil)

    CHILD NODE [line 73]
        type typeCon
        IsPC  1     PC = 000011DC
        value 0x000011DC


ExConstant  [line 74]
NODE [line 74]
    type typeCon
    IsPC  0
    value 0x00000033

ExOpCode  [line 74]
NODE [line 74]
    type typeOpCode
    instruction   eor
    mode          immediate
    opCode        49
    PC            0x000011DC
    CHILD NODE [line 74]
        type typeCon
        IsPC  0
        value 0x00000033


ExConstant  [line 75]
NODE [line 75]
    type typeCon
    IsPC  0
    value 0x00000033

ExOpCode  [line 75]
NODE [line 75]
    type typeOpCode
    instruction   eor
    mode          immediate
    opCode        49
    PC            0x000011DE
    CHILD NODE [line 75]
        type typeCon
        IsPC  0
        value 0x00000033


ExConstant  [line 76]
NODE [line 76]
    type typeCon
    IsPC  0
    value 0x00000017

ExOpCode  [line 76]
NODE [line 76]
    type typeOpCode
    instruction   eor
    mode          zero page
    opCode        45
    PC            0x000011E0
    CHILD NODE [line 76]
        type typeCon
        IsPC  0
        value 0x00000017


ExConstant  [line 77]
NODE [line 77]
    type typeCon
    IsPC  0
    value 0x00000017

ExOpCode  [line 77]
NODE [line 77]
    type typeOpCode
    instruction   eor
    mode          zero page
    opCode        45
    PC            0x000011E2
    CHILD NODE [line 77]
        type typeCon
        IsPC  0
        value 0x00000017


ExConstant  [line 78]
NODE [line 78]
    type typeCon
    IsPC  0
    value 0x000000F5

ExOpCode  [line 78]
NODE [line 78]
    type typeOpCode
    instruction   eor
    mode          zero page x
    opCode        55
    PC            0x000011E4
    CHILD NODE [line 78]
        type typeCon
        IsPC  0
        value 0x000000F5


ExConstant  [line 79]
NODE [line 79]
    type typeCon
    IsPC  0
    value 0x000000F5

ExOpCode  [line 79]
NODE [line 79]
    type typeOpCode
    instruction   eor
    mode          zero page x
    opCode        55
    PC            0x000011E6
    CHILD NODE [line 79]
        type typeCon
        IsPC  0
        value 0x000000F5


ExConstant  [line 80]
NODE [line 80]
    type typeCon
    IsPC  0
    value 0x000000D2

ExOpCode  [line 80]
NODE [line 80]
    type typeOpCode
    instruction   eor
    mode          zero page indirect x
    opCode        41
    PC            0x000011E8
    CHILD NODE [line 80]
        type typeCon
        IsPC  0
        value 0x000000D2


ExConstant  [line 81]
NODE [line 81]
    type typeCon
    IsPC  0
    value 0x000000D2

ExOpCode  [line 81]
NODE [line 81]
    type typeOpCode
    instruction   eor
    mode          zero page indirect x
    opCode        41
    PC            0x000011EA
    CHILD NODE [line 81]
        type typeCon
        IsPC  0
        value 0x000000D2


ExConstant  [line 82]
NODE [line 82]
    type typeCon
    IsPC  0
    value 0x00000072

ExOpCode  [line 82]
NODE [line 82]
    type typeOpCode
    instruction   eor
    mode          zero page indirect y
    opCode        51
    PC            0x000011EC
    CHILD NODE [line 82]
        type typeCon
        IsPC  0
        value 0x00000072


ExConstant  [line 83]
NODE [line 83]
    type typeCon
    IsPC  0
    value 0x00000072

ExOpCode  [line 83]
NODE [line 83]
    type typeOpCode
    instruction   eor
    mode          zero page indirect y
    opCode        51
    PC            0x000011EE
    CHILD NODE [line 83]
        type typeCon
        IsPC  0
        value 0x00000072


ExConstant  [line 84]
NODE [line 84]
    type typeCon
    IsPC  0
    value 0x00008505

ExOpCode  [line 84]
NODE [line 84]
    type typeOpCode
    instruction   eor
    mode          absolute
    opCode        4D
    PC            0x000011F0
    CHILD NODE [line 84]
        type typeCon
        IsPC  0
        value 0x00008505


ExConstant  [line 85]
NODE [line 85]
    type typeCon
    IsPC  0
    value 0x00008505

ExOpCode  [line 85]
NODE [line 85]
    type typeOpCode
    instruction   eor
    mode          absolute
    opCode        4D
    PC            0x000011F3
    CHILD NODE [line 85]
        type typeCon
        IsPC  0
        value 0x00008505


ExConstant  [line 86]
NODE [line 86]
    type typeCon
    IsPC  0
    value 0x00006E59

ExOpCode  [line 86]
NODE [line 86]
    type typeOpCode
    instruction   eor
    mode          absolute x
    opCode        5D
    PC            0x000011F6
    CHILD NODE [line 86]
        type typeCon
        IsPC  0
        value 0x00006E59


ExConstant  [line 87]
NODE [line 87]
    type typeCon
    IsPC  0
    value 0x00006E59

ExOpCode  [line 87]
NODE [line 87]
    type typeOpCode
    instruction   eor
    mode          absolute x
    opCode        5D
    PC            0x000011F9
    CHILD NODE [line 87]
        type typeCon
        IsPC  0
        value 0x00006E59


ExConstant  [line 88]
NODE [line 88]
    type typeCon
    IsPC  0
    value 0x0000FB77

ExOpCode  [line 88]
NODE [line 88]
    type typeOpCode
    instruction   eor
    mode          absolute y
    opCode        59
    PC            0x000011FC
    CHILD NODE [line 88]
        type typeCon
        IsPC  0
        value 0x0000FB77


ExConstant  [line 89]
NODE [line 89]
    type typeCon
    IsPC  0
    value 0x0000FB77

ExOpCode  [line 89]
NODE [line 89]
    type typeOpCode
    instruction   eor
    mode          absolute y
    opCode        59
    PC            0x000011FF
    CHILD NODE [line 89]
        type typeCon
        IsPC  0
        value 0x0000FB77


ExOprEqu  [line 93]
NODE [line 93]
    type typeOpr
    opr '='
    CHILD NODE [line 93]
        type typeId
        name __adc
        i    (nil)

    CHILD NODE [line 93]
        type typeCon
        IsPC  1     PC = 00001202
        value 0x00001202


ExConstant  [line 94]
NODE [line 94]
    type typeCon
    IsPC  0
    value 0x00000063

ExOpCode  [line 94]
NODE [line 94]
    type typeOpCode
    instruction   adc
    mode          immediate
    opCode        69
    PC            0x00001202
    CHILD NODE [line 94]
        type typeCon
        IsPC  0
        value 0x00000063


ExConstant  [line 95]
NODE [line 95]
    type typeCon
    IsPC  0
    value 0x00000063

ExOpCode  [line 95]
NODE [line 95]
    type typeOpCode
    instruction   adc
    mode          immediate
    opCode        69
    PC            0x00001204
    CHILD NODE [line 95]
        type typeCon
        IsPC  0
        value 0x00000063


ExConstant  [line 96]
NODE [line 96]
    type typeCon
    IsPC  0
    value 0x0000006F

ExOpCode  [line 96]
NODE [line 96]
    type typeOpCode
    instruction   adc
    mode          zero page
    opCode        65
    PC            0x00001206
    CHILD NODE [line 96]
        type typeCon
        IsPC  0
        value 0x0000006F


ExConstant  [line 97]
NODE [line 97]
    type typeCon
    IsPC  0
    value 0x0000006F

ExOpCode  [line 97]
NODE [line 97]
    type typeOpCode
    instruction   adc
    mode          zero page
    opCode        65
    PC            0x00001208
    CHILD NODE [line 97]
        type typeCon
        IsPC  0
        value 0x0000006F


ExConstant  [line 98]
NODE [line 98]
    type typeCon
    IsPC  0
    value 0x0000009D

ExOpCode  [line 98]
NODE [line 98]
    type typeOpCode
    instruction   adc
    mode          zero page x
    opCode        75
    PC            0x0000120A
    CHILD NODE [line 98]
        type typeCon
        IsPC  0
        value 0x0000009D


ExConstant  [line 99]
NODE [line 99]
    type typeCon
    IsPC  0
    value 0x0000009D

ExOpCode  [line 99]
NODE [line 99]
    type typeOpCode
    instruction   adc
    mode          zero page x
    opCode        75
    PC            0x0000120C
    CHILD NODE [line 99]
        type typeCon
        IsPC  0
        value 0x0000009D


ExConstant  [line 100]
NODE [line 100]
    type typeCon
    IsPC  0
    value 0x0000004A

ExOpCode  [line 100]
NODE [line 100]
    type typeOpCode
    instruction   adc
    mode          zero page indirect x
    opCode        61
    PC            0x0000120E
    CHILD NODE [line 100]
        type typeCon
        IsPC  0
        value 0x0000004A


ExConstant  [line 101]
NODE [line 101]
    type typeCon
    IsPC  0
    value 0x0000004A

ExOpCode  [line 101]
NODE [line 101]
    type typeOpCode
    instruction   adc
    mode          zero page indirect x
    opCode        61
    PC            0x00001210
    CHILD NODE [line 101]
        type typeCon
        IsPC  0
        value 0x0000004A


ExConstant  [line 102]
NODE [line 102]
    type typeCon
    IsPC  0
    value 0x000000E4

ExOpCode  [line 102]
NODE [line 102]
    type typeOpCode
    instruction   adc
    mode          zero page indirect y
    opCode        71
    PC            0x00001212
    CHILD NODE [line 102]
        type typeCon
        IsPC  0
        value 0x000000E4


ExConstant  [line 103]
NODE [line 103]
    type typeCon
    IsPC  0
    value 0x000000E4

ExOpCode  [line 103]
NODE [line 103]
    type typeOpCode
    instruction   adc
    mode          zero page indirect y
    opCode        71
    PC            0x00001214
    CHILD NODE [line 103]
        type typeCon
        IsPC  0
        value 0x000000E4


ExConstant  [line 104]
NODE [line 104]
    type typeCon
    IsPC  0
    value 0x00003162

ExOpCode  [line 104]
NODE [line 104]
    type typeOpCode
    instruction   adc
    mode          absolute
    opCode        6D
    PC            0x00001216
    CHILD NODE [line 104]
        type typeCon
        IsPC  0
        value 0x00003162


ExConstant  [line 105]
NODE [line 105]
    type typeCon
    IsPC  0
    value 0x00003162

ExOpCode  [line 105]
NODE [line 105]
    type typeOpCode
    instruction   adc
    mode          absolute
    opCode        6D
    PC            0x00001219
    CHILD NODE [line 105]
        type typeCon
        IsPC  0
        value 0x00003162


ExConstant  [line 106]
NODE [line 106]
    type typeCon
    IsPC  0
    value 0x0000D8D8

ExOpCode  [line 106]
NODE [line 106]
    type typeOpCode
    instruction   adc
    mode          absolute x
    opCode        7D
    PC            0x0000121C
    CHILD NODE [line 106]
        type typeCon
        IsPC  0
        value 0x0000D8D8


ExConstant  [line 107]
NODE [line 107]
    type typeCon
    IsPC  0
    value 0x0000D8D8

ExOpCode  [line 107]
NODE [line 107]
    type typeOpCode
    instruction   adc
    mode          absolute x
    opCode        7D
    PC            0x0000121F
    CHILD NODE [line 107]
        type typeCon
        IsPC  0
        value 0x0000D8D8


ExConstant  [line 108]
NODE [line 108]
    type typeCon
    IsPC  0
    value 0x0000709F

ExOpCode  [line 108]
NODE [line 108]
    type typeOpCode
    instruction   adc
    mode          absolute y
    opCode        79
    PC            0x00001222
    CHILD NODE [line 108]
        type typeCon
        IsPC  0
        value 0x0000709F


ExConstant  [line 109]
NODE [line 109]
    type typeCon
    IsPC  0
    value 0x0000709F

ExOpCode  [line 109]
NODE [line 109]
    type typeOpCode
    instruction   adc
    mode          absolute y
    opCode        79
    PC            0x00001225
    CHILD NODE [line 109]
        type typeCon
        IsPC  0
        value 0x0000709F


ExOprEqu  [line 113]
NODE [line 113]
    type typeOpr
    opr '='
    CHILD NODE [line 113]
        type typeId
        name __sbc
        i    (nil)

    CHILD NODE [line 113]
        type typeCon
        IsPC  1     PC = 00001228
        value 0x00001228


ExConstant  [line 114]
NODE [line 114]
    type typeCon
    IsPC  0
    value 0x00000011

ExOpCode  [line 114]
NODE [line 114]
    type typeOpCode
    instruction   sbc
    mode          immediate
    opCode        E9
    PC            0x00001228
    CHILD NODE [line 114]
        type typeCon
        IsPC  0
        value 0x00000011


ExConstant  [line 115]
NODE [line 115]
    type typeCon
    IsPC  0
    value 0x00000011

ExOpCode  [line 115]
NODE [line 115]
    type typeOpCode
    instruction   sbc
    mode          immediate
    opCode        E9
    PC            0x0000122A
    CHILD NODE [line 115]
        type typeCon
        IsPC  0
        value 0x00000011


ExConstant  [line 116]
NODE [line 116]
    type typeCon
    IsPC  0
    value 0x0000000E

ExOpCode  [line 116]
NODE [line 116]
    type typeOpCode
    instruction   sbc
    mode          zero page
    opCode        E5
    PC            0x0000122C
    CHILD NODE [line 116]
        type typeCon
        IsPC  0
        value 0x0000000E


ExConstant  [line 117]
NODE [line 117]
    type typeCon
    IsPC  0
    value 0x0000000E

ExOpCode  [line 117]
NODE [line 117]
    type typeOpCode
    instruction   sbc
    mode          zero page
    opCode        E5
    PC            0x0000122E
    CHILD NODE [line 117]
        type typeCon
        IsPC  0
        value 0x0000000E


ExConstant  [line 118]
NODE [line 118]
    type typeCon
    IsPC  0
    value 0x000000C5

ExOpCode  [line 118]
NODE [line 118]
    type typeOpCode
    instruction   sbc
    mode          zero page x
    opCode        F5
    PC            0x00001230
    CHILD NODE [line 118]
        type typeCon
        IsPC  0
        value 0x000000C5


ExConstant  [line 119]
NODE [line 119]
    type typeCon
    IsPC  0
    value 0x000000C5

ExOpCode  [line 119]
NODE [line 119]
    type typeOpCode
    instruction   sbc
    mode          zero page x
    opCode        F5
    PC            0x00001232
    CHILD NODE [line 119]
        type typeCon
        IsPC  0
        value 0x000000C5


ExConstant  [line 120]
NODE [line 120]
    type typeCon
    IsPC  0
    value 0x00000000

ExOpCode  [line 120]
NODE [line 120]
    type typeOpCode
    instruction   sbc
    mode          zero page indirect x
    opCode        E1
    PC            0x00001234
    CHILD NODE [line 120]
        type typeCon
        IsPC  0
        value 0x00000000


ExConstant  [line 121]
NODE [line 121]
    type typeCon
    IsPC  0
    value 0x00000000

ExOpCode  [line 121]
NODE [line 121]
    type typeOpCode
    instruction   sbc
    mode          zero page indirect x
    opCode        E1
    PC            0x00001236
    CHILD NODE [line 121]
        type typeCon
        IsPC  0
        value 0x00000000


ExConstant  [line 122]
NODE [line 122]
    type typeCon
    IsPC  0
    value 0x0000008B

ExOpCode  [line 122]
NODE [line 122]
    type typeOpCode
    instruction   sbc
    mode          zero page indirect y
    opCode        F1
    PC            0x00001238
    CHILD NODE [line 122]
        type typeCon
        IsPC  0
        value 0x0000008B


ExConstant  [line 123]
NODE [line 123]
    type typeCon
    IsPC  0
    value 0x0000008B

ExOpCode  [line 123]
NODE [line 123]
    type typeOpCode
    instruction   sbc
    mode          zero page indirect y
    opCode        F1
    PC            0x0000123A
    CHILD NODE [line 123]
        type typeCon
        IsPC  0
        value 0x0000008B


ExConstant  [line 124]
NODE [line 124]
    type typeCon
    IsPC  0
    value 0x000079C6

ExOpCode  [line 124]
NODE [line 124]
    type typeOpCode
    instruction   sbc
    mode          absolute
    opCode        ED
    PC            0x0000123C
    CHILD NODE [line 124]
        type typeCon
        IsPC  0
        value 0x000079C6


ExConstant  [line 125]
NODE [line 125]
    type typeCon
    IsPC  0
    value 0x000079C6

ExOpCode  [line 125]
NODE [line 125]
    type typeOpCode
    instruction   sbc
    mode          absolute
    opCode        ED
    PC            0x0000123F
    CHILD NODE [line 125]
        type typeCon
        IsPC  0
        value 0x000079C6


ExConstant  [line 126]
NODE [line 126]
    type typeCon
    IsPC  0
    value 0x00004D03

ExOpCode  [line 126]
NODE [line 126]
    type typeOpCode
    instruction   sbc
    mode          absolute x
    opCode        FD
    PC            0x00001242
    CHILD NODE [line 126]
        type typeCon
        IsPC  0
        value 0x00004D03


ExConstant  [line 127]
NODE [line 127]
    type typeCon
    IsPC  0
    value 0x00004D03

ExOpCode  [line 127]
NODE [line 127]
    type typeOpCode
    instruction   sbc
    mode          absolute x
    opCode        FD
    PC            0x00001245
    CHILD NODE [line 127]
        type typeCon
        IsPC  0
        value 0x00004D03


ExConstant  [line 128]
NODE [line 128]
    type typeCon
    IsPC  0
    value 0x000081BC

ExOpCode  [line 128]
NODE [line 128]
    type typeOpCode
    instruction   sbc
    mode          absolute y
    opCode        F9
    PC            0x00001248
    CHILD NODE [line 128]
        type typeCon
        IsPC  0
        value 0x000081BC


ExConstant  [line 129]
NODE [line 129]
    type typeCon
    IsPC  0
    value 0x000081BC

ExOpCode  [line 129]
NODE [line 129]
    type typeOpCode
    instruction   sbc
    mode          absolute y
    opCode        F9
    PC            0x0000124B
    CHILD NODE [line 129]
        type typeCon
        IsPC  0
        value 0x000081BC


ExOprEqu  [line 133]
NODE [line 133]
    type typeOpr
    opr '='
    CHILD NODE [line 133]
        type typeId
        name __cmp
        i    (nil)

    CHILD NODE [line 133]
        type typeCon
        IsPC  1     PC = 0000124E
        value 0x0000124E


ExConstant  [line 134]
NODE [line 134]
    type typeCon
    IsPC  0
    value 0x000000A0

ExOpCode  [line 134]
NODE [line 134]
    type typeOpCode
    instruction   cmp
    mode          immediate
    opCode        C9
    PC            0x0000124E
    CHILD NODE [line 134]
        type typeCon
        IsPC  0
        value 0x000000A0


ExConstant  [line 135]
NODE [line 135]
    type typeCon
    IsPC  0
    value 0x000000A0

ExOpCode  [line 135]
NODE [line 135]
    type typeOpCode
    instruction   cmp
    mode          immediate
    opCode        C9
    PC            0x00001250
    CHILD NODE [line 135]
        type typeCon
        IsPC  0
        value 0x000000A0


ExConstant  [line 136]
NODE [line 136]
    type typeCon
    IsPC  0
    value 0x0000004D

ExOpCode  [line 136]
NODE [line 136]
    type typeOpCode
    instruction   cmp
    mode          zero page
    opCode        C5
    PC            0x00001252
    CHILD NODE [line 136]
        type typeCon
        IsPC  0
        value 0x0000004D


ExConstant  [line 137]
NODE [line 137]
    type typeCon
    IsPC  0
    value 0x0000004D

ExOpCode  [line 137]
NODE [line 137]
    type typeOpCode
    instruction   cmp
    mode          zero page
    opCode        C5
    PC            0x00001254
    CHILD NODE [line 137]
        type typeCon
        IsPC  0
        value 0x0000004D


ExConstant  [line 138]
NODE [line 138]
    type typeCon
    IsPC  0
    value 0x000000F7

ExOpCode  [line 138]
NODE [line 138]
    type typeOpCode
    instruction   cmp
    mode          zero page x
    opCode        D5
    PC            0x00001256
    CHILD NODE [line 138]
        type typeCon
        IsPC  0
        value 0x000000F7


ExConstant  [line 139]
NODE [line 139]
    type typeCon
    IsPC  0
    value 0x000000F7

ExOpCode  [line 139]
NODE [line 139]
    type typeOpCode
    instruction   cmp
    mode          zero page x
    opCode        D5
    PC            0x00001258
    CHILD NODE [line 139]
        type typeCon
        IsPC  0
        value 0x000000F7


ExConstant  [line 140]
NODE [line 140]
    type typeCon
    IsPC  0
    value 0x00000086

ExOpCode  [line 140]
NODE [line 140]
    type typeOpCode
    instruction   cmp
    mode          zero page indirect x
    opCode        C1
    PC            0x0000125A
    CHILD NODE [line 140]
        type typeCon
        IsPC  0
        value 0x00000086


ExConstant  [line 141]
NODE [line 141]
    type typeCon
    IsPC  0
    value 0x00000086

ExOpCode  [line 141]
NODE [line 141]
    type typeOpCode
    instruction   cmp
    mode          zero page indirect x
    opCode        C1
    PC            0x0000125C
    CHILD NODE [line 141]
        type typeCon
        IsPC  0
        value 0x00000086


ExConstant  [line 142]
NODE [line 142]
    type typeCon
    IsPC  0
    value 0x0000007C

ExOpCode  [line 142]
NODE [line 142]
    type typeOpCode
    instruction   cmp
    mode          zero page indirect y
    opCode        D1
    PC            0x0000125E
    CHILD NODE [line 142]
        type typeCon
        IsPC  0
        value 0x0000007C


ExConstant  [line 143]
NODE [line 143]
    type typeCon
    IsPC  0
    value 0x0000007C

ExOpCode  [line 143]
NODE [line 143]
    type typeOpCode
    instruction   cmp
    mode          zero page indirect y
    opCode        D1
    PC            0x00001260
    CHILD NODE [line 143]
        type typeCon
        IsPC  0
        value 0x0000007C


ExConstant  [line 144]
NODE [line 144]
    type typeCon
    IsPC  0
    value 0x0000E857

ExOpCode  [line 144]
NODE [line 144]
    type typeOpCode
    instruction   cmp
    mode          absolute
    opCode        CD
    PC            0x00001262
    CHILD NODE [line 144]
        type typeCon
        IsPC  0
        value 0x0000E857


ExConstant  [line 145]
NODE [line 145]
    type typeCon
    IsPC  0
    value 0x0000E857

ExOpCode  [line 145]
NODE [line 145]
    type typeOpCode
    instruction   cmp
    mode          absolute
    opCode        CD
    PC            0x00001265
    CHILD NODE [line 145]
        type typeCon
        IsPC  0
        value 0x0000E857


ExConstant  [line 146]
NODE [line 146]
    type typeCon
    IsPC  0
    value 0x00002011

ExOpCode  [line 146]
NODE [line 146]
    type typeOpCode
    instruction   cmp
    mode          absolute x
    opCode        DD
    PC            0x00001268
    CHILD NODE [line 146]
        type typeCon
        IsPC  0
        value 0x00002011


ExConstant  [line 147]
NODE [line 147]
    type typeCon
    IsPC  0
    value 0x00002011

ExOpCode  [line 147]
NODE [line 147]
    type typeOpCode
    instruction   cmp
    mode          absolute x
    opCode        DD
    PC            0x0000126B
    CHILD NODE [line 147]
        type typeCon
        IsPC  0
        value 0x00002011


ExConstant  [line 148]
NODE [line 148]
    type typeCon
    IsPC  0
    value 0x0000EF1A

ExOpCode  [line 148]
NODE [line 148]
    type typeOpCode
    instruction   cmp
    mode          absolute y
    opCode        D9
    PC            0x0000126E
    CHILD NODE [line 148]
        type typeCon
        IsPC  0
        value 0x0000EF1A


ExConstant  [line 149]
NODE [line 149]
    type typeCon
    IsPC  0
    value 0x0000EF1A

ExOpCode  [line 149]
NODE [line 149]
    type typeOpCode
    instruction   cmp
    mode          absolute y
    opCode        D9
    PC            0x00001271
    CHILD NODE [line 149]
        type typeCon
        IsPC  0
        value 0x0000EF1A


ExOprEqu  [line 153]
NODE [line 153]
    type typeOpr
    opr '='
    CHILD NODE [line 153]
        type typeId
        name __cpx
        i    (nil)

    CHILD NODE [line 153]
        type typeCon
        IsPC  1     PC = 00001274
        value 0x00001274


ExConstant  [line 154]
NODE [line 154]
    type typeCon
    IsPC  0
    value 0x0000008C

ExOpCode  [line 154]
NODE [line 154]
    type typeOpCode
    instruction   cpx
    mode          immediate
    opCode        E0
    PC            0x00001274
    CHILD NODE [line 154]
        type typeCon
        IsPC  0
        value 0x0000008C


ExConstant  [line 155]
NODE [line 155]
    type typeCon
    IsPC  0
    value 0x0000008C

ExOpCode  [line 155]
NODE [line 155]
    type typeOpCode
    instruction   cpx
    mode          immediate
    opCode        E0
    PC            0x00001276
    CHILD NODE [line 155]
        type typeCon
        IsPC  0
        value 0x0000008C


ExConstant  [line 156]
NODE [line 156]
    type typeCon
    IsPC  0
    value 0x000000A1

ExOpCode  [line 156]
NODE [line 156]
    type typeOpCode
    instruction   cpx
    mode          zero page
    opCode        E4
    PC            0x00001278
    CHILD NODE [line 156]
        type typeCon
        IsPC  0
        value 0x000000A1


ExConstant  [line 157]
NODE [line 157]
    type typeCon
    IsPC  0
    value 0x000000A1

ExOpCode  [line 157]
NODE [line 157]
    type typeOpCode
    instruction   cpx
    mode          zero page
    opCode        E4
    PC            0x0000127A
    CHILD NODE [line 157]
        type typeCon
        IsPC  0
        value 0x000000A1


ExConstant  [line 158]
NODE [line 158]
    type typeCon
    IsPC  0
    value 0x0000EAA2

ExOpCode  [line 158]
NODE [line 158]
    type typeOpCode
    instruction   cpx
    mode          absolute
    opCode        EC
    PC            0x0000127C
    CHILD NODE [line 158]
        type typeCon
        IsPC  0
        value 0x0000EAA2


ExConstant  [line 159]
NODE [line 159]
    type typeCon
    IsPC  0
    value 0x0000EAA2

ExOpCode  [line 159]
NODE [line 159]
    type typeOpCode
    instruction   cpx
    mode          absolute
    opCode        EC
    PC            0x0000127F
    CHILD NODE [line 159]
        type typeCon
        IsPC  0
        value 0x0000EAA2


ExOprEqu  [line 163]
NODE [line 163]
    type typeOpr
    opr '='
    CHILD NODE [line 163]
        type typeId
        name __cpy
        i    (nil)

    CHILD NODE [line 163]
        type typeCon
        IsPC  1     PC = 00001282
        value 0x00001282


ExConstant  [line 164]
NODE [line 164]
    type typeCon
    IsPC  0
    value 0x000000C9

ExOpCode  [line 164]
NODE [line 164]
    type typeOpCode
    instruction   cpy
    mode          immediate
    opCode        C0
    PC            0x00001282
    CHILD NODE [line 164]
        type typeCon
        IsPC  0
        value 0x000000C9


ExConstant  [line 165]
NODE [line 165]
    type typeCon
    IsPC  0
    value 0x000000C9

ExOpCode  [line 165]
NODE [line 165]
    type typeOpCode
    instruction   cpy
    mode          immediate
    opCode        C0
    PC            0x00001284
    CHILD NODE [line 165]
        type typeCon
        IsPC  0
        value 0x000000C9


ExConstant  [line 166]
NODE [line 166]
    type typeCon
    IsPC  0
    value 0x0000005A

ExOpCode  [line 166]
NODE [line 166]
    type typeOpCode
    instruction   cpy
    mode          zero page
    opCode        C4
    PC            0x00001286
    CHILD NODE [line 166]
        type typeCon
        IsPC  0
        value 0x0000005A


ExConstant  [line 167]
NODE [line 167]
    type typeCon
    IsPC  0
    value 0x0000005A

ExOpCode  [line 167]
NODE [line 167]
    type typeOpCode
    instruction   cpy
    mode          zero page
    opCode        C4
    PC            0x00001288
    CHILD NODE [line 167]
        type typeCon
        IsPC  0
        value 0x0000005A


ExConstant  [line 168]
NODE [line 168]
    type typeCon
    IsPC  0
    value 0x0000E9D6

ExOpCode  [line 168]
NODE [line 168]
    type typeOpCode
    instruction   cpy
    mode          absolute
    opCode        CC
    PC            0x0000128A
    CHILD NODE [line 168]
        type typeCon
        IsPC  0
        value 0x0000E9D6


ExConstant  [line 169]
NODE [line 169]
    type typeCon
    IsPC  0
    value 0x0000E9D6

ExOpCode  [line 169]
NODE [line 169]
    type typeOpCode
    instruction   cpy
    mode          absolute
    opCode        CC
    PC            0x0000128D
    CHILD NODE [line 169]
        type typeCon
        IsPC  0
        value 0x0000E9D6


ExOprEqu  [line 173]
NODE [line 173]
    type typeOpr
    opr '='
    CHILD NODE [line 173]
        type typeId
        name __dec
        i    (nil)

    CHILD NODE [line 173]
        type typeCon
        IsPC  1     PC = 00001290
        value 0x00001290


ExConstant  [line 174]
NODE [line 174]
    type typeCon
    IsPC  0
    value 0x00000064

ExOpCode  [line 174]
NODE [line 174]
    type typeOpCode
    instruction   dec
    mode          zero page
    opCode        C6
    PC            0x00001290
    CHILD NODE [line 174]
        type typeCon
        IsPC  0
        value 0x00000064


ExConstant  [line 175]
NODE [line 175]
    type typeCon
    IsPC  0
    value 0x00000064

ExOpCode  [line 175]
NODE [line 175]
    type typeOpCode
    instruction   dec
    mode          zero page
    opCode        C6
    PC            0x00001292
    CHILD NODE [line 175]
        type typeCon
        IsPC  0
        value 0x00000064


ExConstant  [line 176]
NODE [line 176]
    type typeCon
    IsPC  0
    value 0x00000004

ExOpCode  [line 176]
NODE [line 176]
    type typeOpCode
    instruction   dec
    mode          zero page x
    opCode        D6
    PC            0x00001294
    CHILD NODE [line 176]
        type typeCon
        IsPC  0
        value 0x00000004


ExConstant  [line 177]
NODE [line 177]
    type typeCon
    IsPC  0
    value 0x00000004

ExOpCode  [line 177]
NODE [line 177]
    type typeOpCode
    instruction   dec
    mode          zero page x
    opCode        D6
    PC            0x00001296
    CHILD NODE [line 177]
        type typeCon
        IsPC  0
        value 0x00000004


ExConstant  [line 178]
NODE [line 178]
    type typeCon
    IsPC  0
    value 0x0000844F

ExOpCode  [line 178]
NODE [line 178]
    type typeOpCode
    instruction   dec
    mode          absolute
    opCode        CE
    PC            0x00001298
    CHILD NODE [line 178]
        type typeCon
        IsPC  0
        value 0x0000844F


ExConstant  [line 179]
NODE [line 179]
    type typeCon
    IsPC  0
    value 0x0000844F

ExOpCode  [line 179]
NODE [line 179]
    type typeOpCode
    instruction   dec
    mode          absolute
    opCode        CE
    PC            0x0000129B
    CHILD NODE [line 179]
        type typeCon
        IsPC  0
        value 0x0000844F


ExConstant  [line 180]
NODE [line 180]
    type typeCon
    IsPC  0
    value 0x00009DA1

ExOpCode  [line 180]
NODE [line 180]
    type typeOpCode
    instruction   dec
    mode          absolute x
    opCode        DE
    PC            0x0000129E
    CHILD NODE [line 180]
        type typeCon
        IsPC  0
        value 0x00009DA1


ExConstant  [line 181]
NODE [line 181]
    type typeCon
    IsPC  0
    value 0x00009DA1

ExOpCode  [line 181]
NODE [line 181]
    type typeOpCode
    instruction   dec
    mode          absolute x
    opCode        DE
    PC            0x000012A1
    CHILD NODE [line 181]
        type typeCon
        IsPC  0
        value 0x00009DA1


ExOprEqu  [line 185]
NODE [line 185]
    type typeOpr
    opr '='
    CHILD NODE [line 185]
        type typeId
        name __dex
        i    (nil)

    CHILD NODE [line 185]
        type typeCon
        IsPC  1     PC = 000012A4
        value 0x000012A4


ExOpCode  [line 186]
NODE [line 186]
    type typeOpCode
    instruction   dex
    mode          implied
    opCode        CA
    PC            0x000012A4


ExOprEqu  [line 190]
NODE [line 190]
    type typeOpr
    opr '='
    CHILD NODE [line 190]
        type typeId
        name __dey
        i    (nil)

    CHILD NODE [line 190]
        type typeCon
        IsPC  1     PC = 000012A5
        value 0x000012A5


ExOpCode  [line 191]
NODE [line 191]
    type typeOpCode
    instruction   dey
    mode          implied
    opCode        88
    PC            0x000012A5


ExOprEqu  [line 195]
NODE [line 195]
    type typeOpr
    opr '='
    CHILD NODE [line 195]
        type typeId
        name __inc
        i    (nil)

    CHILD NODE [line 195]
        type typeCon
        IsPC  1     PC = 000012A6
        value 0x000012A6


ExConstant  [line 196]
NODE [line 196]
    type typeCon
    IsPC  0
    value 0x00000039

ExOpCode  [line 196]
NODE [line 196]
    type typeOpCode
    instruction   inc
    mode          zero page
    opCode        E6
    PC            0x000012A6
    CHILD NODE [line 196]
        type typeCon
        IsPC  0
        value 0x00000039


ExConstant  [line 197]
NODE [line 197]
    type typeCon
    IsPC  0
    value 0x00000039

ExOpCode  [line 197]
NODE [line 197]
    type typeOpCode
    instruction   inc
    mode          zero page
    opCode        E6
    PC            0x000012A8
    CHILD NODE [line 197]
        type typeCon
        IsPC  0
        value 0x00000039


ExConstant  [line 198]
NODE [line 198]
    type typeCon
    IsPC  0
    value 0x000000B4

ExOpCode  [line 198]
NODE [line 198]
    type typeOpCode
    instruction   inc
    mode          zero page x
    opCode        F6
    PC            0x000012AA
    CHILD NODE [line 198]
        type typeCon
        IsPC  0
        value 0x000000B4


ExConstant  [line 199]
NODE [line 199]
    type typeCon
    IsPC  0
    value 0x000000B4

ExOpCode  [line 199]
NODE [line 199]
    type typeOpCode
    instruction   inc
    mode          zero page x
    opCode        F6
    PC            0x000012AC
    CHILD NODE [line 199]
        type typeCon
        IsPC  0
        value 0x000000B4


ExConstant  [line 200]
NODE [line 200]
    type typeCon
    IsPC  0
    value 0x00004DEC

ExOpCode  [line 200]
NODE [line 200]
    type typeOpCode
    instruction   inc
    mode          absolute
    opCode        EE
    PC            0x000012AE
    CHILD NODE [line 200]
        type typeCon
        IsPC  0
        value 0x00004DEC


ExConstant  [line 201]
NODE [line 201]
    type typeCon
    IsPC  0
    value 0x00004DEC

ExOpCode  [line 201]
NODE [line 201]
    type typeOpCode
    instruction   inc
    mode          absolute
    opCode        EE
    PC            0x000012B1
    CHILD NODE [line 201]
        type typeCon
        IsPC  0
        value 0x00004DEC


ExConstant  [line 202]
NODE [line 202]
    type typeCon
    IsPC  0
    value 0x0000B310

ExOpCode  [line 202]
NODE [line 202]
    type typeOpCode
    instruction   inc
    mode          absolute x
    opCode        FE
    PC            0x000012B4
    CHILD NODE [line 202]
        type typeCon
        IsPC  0
        value 0x0000B310


ExConstant  [line 203]
NODE [line 203]
    type typeCon
    IsPC  0
    value 0x0000B310

ExOpCode  [line 203]
NODE [line 203]
    type typeOpCode
    instruction   inc
    mode          absolute x
    opCode        FE
    PC            0x000012B7
    CHILD NODE [line 203]
        type typeCon
        IsPC  0
        value 0x0000B310


ExOprEqu  [line 207]
NODE [line 207]
    type typeOpr
    opr '='
    CHILD NODE [line 207]
        type typeId
        name __inx
        i    (nil)

    CHILD NODE [line 207]
        type typeCon
        IsPC  1     PC = 000012BA
        value 0x000012BA


ExOpCode  [line 208]
NODE [line 208]
    type typeOpCode
    instruction   inx
    mode          implied
    opCode        E8
    PC            0x000012BA


ExOprEqu  [line 212]
NODE [line 212]
    type typeOpr
    opr '='
    CHILD NODE [line 212]
        type typeId
        name __iny
        i    (nil)

    CHILD NODE [line 212]
        type typeCon
        IsPC  1     PC = 000012BB
        value 0x000012BB


ExOpCode  [line 213]
NODE [line 213]
    type typeOpCode
    instruction   iny
    mode          implied
    opCode        C8
    PC            0x000012BB


ExOprEqu  [line 217]
NODE [line 217]
    type typeOpr
    opr '='
    CHILD NODE [line 217]
        type typeId
        name __asl
        i    (nil)

    CHILD NODE [line 217]
        type typeCon
        IsPC  1     PC = 000012BC
        value 0x000012BC


ExOpCode  [line 218]
NODE [line 218]
    type typeOpCode
    instruction   asl
    mode          implied
    opCode        0A
    PC            0x000012BC


ExConstant  [line 219]
NODE [line 219]
    type typeCon
    IsPC  0
    value 0x00000031

ExOpCode  [line 219]
NODE [line 219]
    type typeOpCode
    instruction   asl
    mode          zero page
    opCode        06
    PC            0x000012BD
    CHILD NODE [line 219]
        type typeCon
        IsPC  0
        value 0x00000031


ExConstant  [line 220]
NODE [line 220]
    type typeCon
    IsPC  0
    value 0x00000031

ExOpCode  [line 220]
NODE [line 220]
    type typeOpCode
    instruction   asl
    mode          zero page
    opCode        06
    PC            0x000012BF
    CHILD NODE [line 220]
        type typeCon
        IsPC  0
        value 0x00000031


ExConstant  [line 221]
NODE [line 221]
    type typeCon
    IsPC  0
    value 0x000000DF

ExOpCode  [line 221]
NODE [line 221]
    type typeOpCode
    instruction   asl
    mode          zero page x
    opCode        16
    PC            0x000012C1
    CHILD NODE [line 221]
        type typeCon
        IsPC  0
        value 0x000000DF


ExConstant  [line 222]
NODE [line 222]
    type typeCon
    IsPC  0
    value 0x000000DF

ExOpCode  [line 222]
NODE [line 222]
    type typeOpCode
    instruction   asl
    mode          zero page x
    opCode        16
    PC            0x000012C3
    CHILD NODE [line 222]
        type typeCon
        IsPC  0
        value 0x000000DF


ExConstant  [line 223]
NODE [line 223]
    type typeCon
    IsPC  0
    value 0x00008864

ExOpCode  [line 223]
NODE [line 223]
    type typeOpCode
    instruction   asl
    mode          absolute
    opCode        0E
    PC            0x000012C5
    CHILD NODE [line 223]
        type typeCon
        IsPC  0
        value 0x00008864


ExConstant  [line 224]
NODE [line 224]
    type typeCon
    IsPC  0
    value 0x00008864

ExOpCode  [line 224]
NODE [line 224]
    type typeOpCode
    instruction   asl
    mode          absolute
    opCode        0E
    PC            0x000012C8
    CHILD NODE [line 224]
        type typeCon
        IsPC  0
        value 0x00008864


ExConstant  [line 225]
NODE [line 225]
    type typeCon
    IsPC  0
    value 0x000006BF

ExOpCode  [line 225]
NODE [line 225]
    type typeOpCode
    instruction   asl
    mode          absolute x
    opCode        1E
    PC            0x000012CB
    CHILD NODE [line 225]
        type typeCon
        IsPC  0
        value 0x000006BF


ExConstant  [line 226]
NODE [line 226]
    type typeCon
    IsPC  0
    value 0x000006BF

ExOpCode  [line 226]
NODE [line 226]
    type typeOpCode
    instruction   asl
    mode          absolute x
    opCode        1E
    PC            0x000012CE
    CHILD NODE [line 226]
        type typeCon
        IsPC  0
        value 0x000006BF


ExOpCode  [line 227]
NODE [line 227]
    type typeOpCode
    instruction   asl
    mode          implied
    opCode        0A
    PC            0x000012D1


ExOprEqu  [line 231]
NODE [line 231]
    type typeOpr
    opr '='
    CHILD NODE [line 231]
        type typeId
        name __rol
        i    (nil)

    CHILD NODE [line 231]
        type typeCon
        IsPC  1     PC = 000012D2
        value 0x000012D2


ExOpCode  [line 232]
NODE [line 232]
    type typeOpCode
    instruction   rol
    mode          implied
    opCode        2A
    PC            0x000012D2


ExConstant  [line 233]
NODE [line 233]
    type typeCon
    IsPC  0
    value 0x00000059

ExOpCode  [line 233]
NODE [line 233]
    type typeOpCode
    instruction   rol
    mode          zero page
    opCode        26
    PC            0x000012D3
    CHILD NODE [line 233]
        type typeCon
        IsPC  0
        value 0x00000059


ExConstant  [line 234]
NODE [line 234]
    type typeCon
    IsPC  0
    value 0x00000059

ExOpCode  [line 234]
NODE [line 234]
    type typeOpCode
    instruction   rol
    mode          zero page
    opCode        26
    PC            0x000012D5
    CHILD NODE [line 234]
        type typeCon
        IsPC  0
        value 0x00000059


ExConstant  [line 235]
NODE [line 235]
    type typeCon
    IsPC  0
    value 0x00000091

ExOpCode  [line 235]
NODE [line 235]
    type typeOpCode
    instruction   rol
    mode          zero page x
    opCode        36
    PC            0x000012D7
    CHILD NODE [line 235]
        type typeCon
        IsPC  0
        value 0x00000091


ExConstant  [line 236]
NODE [line 236]
    type typeCon
    IsPC  0
    value 0x00000091

ExOpCode  [line 236]
NODE [line 236]
    type typeOpCode
    instruction   rol
    mode          zero page x
    opCode        36
    PC            0x000012D9
    CHILD NODE [line 236]
        type typeCon
        IsPC  0
        value 0x00000091


ExConstant  [line 237]
NODE [line 237]
    type typeCon
    IsPC  0
    value 0x00004ADA

ExOpCode  [line 237]
NODE [line 237]
    type typeOpCode
    instruction   rol
    mode          absolute
    opCode        2E
    PC            0x000012DB
    CHILD NODE [line 237]
        type typeCon
        IsPC  0
        value 0x00004ADA


ExConstant  [line 238]
NODE [line 238]
    type typeCon
    IsPC  0
    value 0x00004ADA

ExOpCode  [line 238]
NODE [line 238]
    type typeOpCode
    instruction   rol
    mode          absolute
    opCode        2E
    PC            0x000012DE
    CHILD NODE [line 238]
        type typeCon
        IsPC  0
        value 0x00004ADA


ExConstant  [line 239]
NODE [line 239]
    type typeCon
    IsPC  0
    value 0x000047F2

ExOpCode  [line 239]
NODE [line 239]
    type typeOpCode
    instruction   rol
    mode          absolute x
    opCode        3E
    PC            0x000012E1
    CHILD NODE [line 239]
        type typeCon
        IsPC  0
        value 0x000047F2


ExConstant  [line 240]
NODE [line 240]
    type typeCon
    IsPC  0
    value 0x000047F2

ExOpCode  [line 240]
NODE [line 240]
    type typeOpCode
    instruction   rol
    mode          absolute x
    opCode        3E
    PC            0x000012E4
    CHILD NODE [line 240]
        type typeCon
        IsPC  0
        value 0x000047F2


ExOprEqu  [line 244]
NODE [line 244]
    type typeOpr
    opr '='
    CHILD NODE [line 244]
        type typeId
        name __lsr
        i    (nil)

    CHILD NODE [line 244]
        type typeCon
        IsPC  1     PC = 000012E7
        value 0x000012E7


ExOpCode  [line 245]
NODE [line 245]
    type typeOpCode
    instruction   lsr
    mode          implied
    opCode        4A
    PC            0x000012E7


ExConstant  [line 246]
NODE [line 246]
    type typeCon
    IsPC  0
    value 0x00000035

ExOpCode  [line 246]
NODE [line 246]
    type typeOpCode
    instruction   lsr
    mode          zero page
    opCode        46
    PC            0x000012E8
    CHILD NODE [line 246]
        type typeCon
        IsPC  0
        value 0x00000035


ExConstant  [line 247]
NODE [line 247]
    type typeCon
    IsPC  0
    value 0x00000035

ExOpCode  [line 247]
NODE [line 247]
    type typeOpCode
    instruction   lsr
    mode          zero page
    opCode        46
    PC            0x000012EA
    CHILD NODE [line 247]
        type typeCon
        IsPC  0
        value 0x00000035


ExConstant  [line 248]
NODE [line 248]
    type typeCon
    IsPC  0
    value 0x0000002B

ExOpCode  [line 248]
NODE [line 248]
    type typeOpCode
    instruction   lsr
    mode          zero page x
    opCode        56
    PC            0x000012EC
    CHILD NODE [line 248]
        type typeCon
        IsPC  0
        value 0x0000002B


ExConstant  [line 249]
NODE [line 249]
    type typeCon
    IsPC  0
    value 0x0000002B

ExOpCode  [line 249]
NODE [line 249]
    type typeOpCode
    instruction   lsr
    mode          zero page x
    opCode        56
    PC            0x000012EE
    CHILD NODE [line 249]
        type typeCon
        IsPC  0
        value 0x0000002B


ExConstant  [line 250]
NODE [line 250]
    type typeCon
    IsPC  0
    value 0x0000E83A

ExOpCode  [line 250]
NODE [line 250]
    type typeOpCode
    instruction   lsr
    mode          absolute
    opCode        4E
    PC            0x000012F0
    CHILD NODE [line 250]
        type typeCon
        IsPC  0
        value 0x0000E83A


ExConstant  [line 251]
NODE [line 251]
    type typeCon
    IsPC  0
    value 0x0000E83A

ExOpCode  [line 251]
NODE [line 251]
    type typeOpCode
    instruction   lsr
    mode          absolute
    opCode        4E
    PC            0x000012F3
    CHILD NODE [line 251]
        type typeCon
        IsPC  0
        value 0x0000E83A


ExConstant  [line 252]
NODE [line 252]
    type typeCon
    IsPC  0
    value 0x0000F07E

ExOpCode  [line 252]
NODE [line 252]
    type typeOpCode
    instruction   lsr
    mode          absolute x
    opCode        5E
    PC            0x000012F6
    CHILD NODE [line 252]
        type typeCon
        IsPC  0
        value 0x0000F07E


ExConstant  [line 253]
NODE [line 253]
    type typeCon
    IsPC  0
    value 0x0000F07E

ExOpCode  [line 253]
NODE [line 253]
    type typeOpCode
    instruction   lsr
    mode          absolute x
    opCode        5E
    PC            0x000012F9
    CHILD NODE [line 253]
        type typeCon
        IsPC  0
        value 0x0000F07E


ExOprEqu  [line 257]
NODE [line 257]
    type typeOpr
    opr '='
    CHILD NODE [line 257]
        type typeId
        name __ror
        i    (nil)

    CHILD NODE [line 257]
        type typeCon
        IsPC  1     PC = 000012FC
        value 0x000012FC


ExOpCode  [line 258]
NODE [line 258]
    type typeOpCode
    instruction   ror
    mode          implied
    opCode        6A
    PC            0x000012FC


ExConstant  [line 259]
NODE [line 259]
    type typeCon
    IsPC  0
    value 0x000000B9

ExOpCode  [line 259]
NODE [line 259]
    type typeOpCode
    instruction   ror
    mode          zero page
    opCode        66
    PC            0x000012FD
    CHILD NODE [line 259]
        type typeCon
        IsPC  0
        value 0x000000B9


ExConstant  [line 260]
NODE [line 260]
    type typeCon
    IsPC  0
    value 0x000000B9

ExOpCode  [line 260]
NODE [line 260]
    type typeOpCode
    instruction   ror
    mode          zero page
    opCode        66
    PC            0x000012FF
    CHILD NODE [line 260]
        type typeCon
        IsPC  0
        value 0x000000B9


ExConstant  [line 261]
NODE [line 261]
    type typeCon
    IsPC  0
    value 0x000000D1

ExOpCode  [line 261]
NODE [line 261]
    type typeOpCode
    instruction   ror
    mode          zero page x
    opCode        76
    PC            0x00001301
    CHILD NODE [line 261]
        type typeCon
        IsPC  0
        value 0x000000D1


ExConstant  [line 262]
NODE [line 262]
    type typeCon
    IsPC  0
    value 0x000000D1

ExOpCode  [line 262]
NODE [line 262]
    type typeOpCode
    instruction   ror
    mode          zero page x
    opCode        76
    PC            0x00001303
    CHILD NODE [line 262]
        type typeCon
        IsPC  0
        value 0x000000D1


ExConstant  [line 263]
NODE [line 263]
    type typeCon
    IsPC  0
    value 0x0000252C

ExOpCode  [line 263]
NODE [line 263]
    type typeOpCode
    instruction   ror
    mode          absolute
    opCode        6E
    PC            0x00001305
    CHILD NODE [line 263]
        type typeCon
        IsPC  0
        value 0x0000252C


ExConstant  [line 264]
NODE [line 264]
    type typeCon
    IsPC  0
    value 0x0000252C

ExOpCode  [line 264]
NODE [line 264]
    type typeOpCode
    instruction   ror
    mode          absolute
    opCode        6E
    PC            0x00001308
    CHILD NODE [line 264]
        type typeCon
        IsPC  0
        value 0x0000252C


ExConstant  [line 265]
NODE [line 265]
    type typeCon
    IsPC  0
    value 0x000091A0

ExOpCode  [line 265]
NODE [line 265]
    type typeOpCode
    instruction   ror
    mode          absolute x
    opCode        7E
    PC            0x0000130B
    CHILD NODE [line 265]
        type typeCon
        IsPC  0
        value 0x000091A0


ExConstant  [line 266]
NODE [line 266]
    type typeCon
    IsPC  0
    value 0x000091A0

ExOpCode  [line 266]
NODE [line 266]
    type typeOpCode
    instruction   ror
    mode          absolute x
    opCode        7E
    PC            0x0000130E
    CHILD NODE [line 266]
        type typeCon
        IsPC  0
        value 0x000091A0


ExOprEqu  [line 270]
NODE [line 270]
    type typeOpr
    opr '='
    CHILD NODE [line 270]
        type typeId
        name __lda
        i    (nil)

    CHILD NODE [line 270]
        type typeCon
        IsPC  1     PC = 00001311
        value 0x00001311


ExConstant  [line 271]
NODE [line 271]
    type typeCon
    IsPC  0
    value 0x00000050

ExOpCode  [line 271]
NODE [line 271]
    type typeOpCode
    instruction   lda
    mode          immediate
    opCode        A9
    PC            0x00001311
    CHILD NODE [line 271]
        type typeCon
        IsPC  0
        value 0x00000050


ExConstant  [line 272]
NODE [line 272]
    type typeCon
    IsPC  0
    value 0x00000050

ExOpCode  [line 272]
NODE [line 272]
    type typeOpCode
    instruction   lda
    mode          immediate
    opCode        A9
    PC            0x00001313
    CHILD NODE [line 272]
        type typeCon
        IsPC  0
        value 0x00000050


ExConstant  [line 273]
NODE [line 273]
    type typeCon
    IsPC  0
    value 0x00000031

ExOpCode  [line 273]
NODE [line 273]
    type typeOpCode
    instruction   lda
    mode          zero page
    opCode        A5
    PC            0x00001315
    CHILD NODE [line 273]
        type typeCon
        IsPC  0
        value 0x00000031


ExConstant  [line 274]
NODE [line 274]
    type typeCon
    IsPC  0
    value 0x00000031

ExOpCode  [line 274]
NODE [line 274]
    type typeOpCode
    instruction   lda
    mode          zero page
    opCode        A5
    PC            0x00001317
    CHILD NODE [line 274]
        type typeCon
        IsPC  0
        value 0x00000031


ExConstant  [line 275]
NODE [line 275]
    type typeCon
    IsPC  0
    value 0x00000054

ExOpCode  [line 275]
NODE [line 275]
    type typeOpCode
    instruction   lda
    mode          zero page x
    opCode        B5
    PC            0x00001319
    CHILD NODE [line 275]
        type typeCon
        IsPC  0
        value 0x00000054


ExConstant  [line 276]
NODE [line 276]
    type typeCon
    IsPC  0
    value 0x00000054

ExOpCode  [line 276]
NODE [line 276]
    type typeOpCode
    instruction   lda
    mode          zero page x
    opCode        B5
    PC            0x0000131B
    CHILD NODE [line 276]
        type typeCon
        IsPC  0
        value 0x00000054


ExConstant  [line 277]
NODE [line 277]
    type typeCon
    IsPC  0
    value 0x0000001A

ExOpCode  [line 277]
NODE [line 277]
    type typeOpCode
    instruction   lda
    mode          zero page indirect x
    opCode        A1
    PC            0x0000131D
    CHILD NODE [line 277]
        type typeCon
        IsPC  0
        value 0x0000001A


ExConstant  [line 278]
NODE [line 278]
    type typeCon
    IsPC  0
    value 0x0000001A

ExOpCode  [line 278]
NODE [line 278]
    type typeOpCode
    instruction   lda
    mode          zero page indirect x
    opCode        A1
    PC            0x0000131F
    CHILD NODE [line 278]
        type typeCon
        IsPC  0
        value 0x0000001A


ExConstant  [line 279]
NODE [line 279]
    type typeCon
    IsPC  0
    value 0x000000EC

ExOpCode  [line 279]
NODE [line 279]
    type typeOpCode
    instruction   lda
    mode          zero page indirect y
    opCode        B1
    PC            0x00001321
    CHILD NODE [line 279]
        type typeCon
        IsPC  0
        value 0x000000EC


ExConstant  [line 280]
NODE [line 280]
    type typeCon
    IsPC  0
    value 0x000000EC

ExOpCode  [line 280]
NODE [line 280]
    type typeOpCode
    instruction   lda
    mode          zero page indirect y
    opCode        B1
    PC            0x00001323
    CHILD NODE [line 280]
        type typeCon
        IsPC  0
        value 0x000000EC


ExConstant  [line 281]
NODE [line 281]
    type typeCon
    IsPC  0
    value 0x00003141

ExOpCode  [line 281]
NODE [line 281]
    type typeOpCode
    instruction   lda
    mode          absolute
    opCode        AD
    PC            0x00001325
    CHILD NODE [line 281]
        type typeCon
        IsPC  0
        value 0x00003141


ExConstant  [line 282]
NODE [line 282]
    type typeCon
    IsPC  0
    value 0x00003141

ExOpCode  [line 282]
NODE [line 282]
    type typeOpCode
    instruction   lda
    mode          absolute
    opCode        AD
    PC            0x00001328
    CHILD NODE [line 282]
        type typeCon
        IsPC  0
        value 0x00003141


ExConstant  [line 283]
NODE [line 283]
    type typeCon
    IsPC  0
    value 0x00002003

ExOpCode  [line 283]
NODE [line 283]
    type typeOpCode
    instruction   lda
    mode          absolute x
    opCode        BD
    PC            0x0000132B
    CHILD NODE [line 283]
        type typeCon
        IsPC  0
        value 0x00002003


ExConstant  [line 284]
NODE [line 284]
    type typeCon
    IsPC  0
    value 0x00002003

ExOpCode  [line 284]
NODE [line 284]
    type typeOpCode
    instruction   lda
    mode          absolute x
    opCode        BD
    PC            0x0000132E
    CHILD NODE [line 284]
        type typeCon
        IsPC  0
        value 0x00002003


ExConstant  [line 285]
NODE [line 285]
    type typeCon
    IsPC  0
    value 0x00008497

ExOpCode  [line 285]
NODE [line 285]
    type typeOpCode
    instruction   lda
    mode          absolute y
    opCode        B9
    PC            0x00001331
    CHILD NODE [line 285]
        type typeCon
        IsPC  0
        value 0x00008497


ExConstant  [line 286]
NODE [line 286]
    type typeCon
    IsPC  0
    value 0x00008497

ExOpCode  [line 286]
NODE [line 286]
    type typeOpCode
    instruction   lda
    mode          absolute y
    opCode        B9
    PC            0x00001334
    CHILD NODE [line 286]
        type typeCon
        IsPC  0
        value 0x00008497


ExOprEqu  [line 290]
NODE [line 290]
    type typeOpr
    opr '='
    CHILD NODE [line 290]
        type typeId
        name __sta
        i    (nil)

    CHILD NODE [line 290]
        type typeCon
        IsPC  1     PC = 00001337
        value 0x00001337


ExConstant  [line 291]
NODE [line 291]
    type typeCon
    IsPC  0
    value 0x000000F7

ExOpCode  [line 291]
NODE [line 291]
    type typeOpCode
    instruction   sta
    mode          zero page
    opCode        85
    PC            0x00001337
    CHILD NODE [line 291]
        type typeCon
        IsPC  0
        value 0x000000F7


ExConstant  [line 292]
NODE [line 292]
    type typeCon
    IsPC  0
    value 0x000000F7

ExOpCode  [line 292]
NODE [line 292]
    type typeOpCode
    instruction   sta
    mode          zero page
    opCode        85
    PC            0x00001339
    CHILD NODE [line 292]
        type typeCon
        IsPC  0
        value 0x000000F7


ExConstant  [line 293]
NODE [line 293]
    type typeCon
    IsPC  0
    value 0x00000097

ExOpCode  [line 293]
NODE [line 293]
    type typeOpCode
    instruction   sta
    mode          zero page x
    opCode        95
    PC            0x0000133B
    CHILD NODE [line 293]
        type typeCon
        IsPC  0
        value 0x00000097


ExConstant  [line 294]
NODE [line 294]
    type typeCon
    IsPC  0
    value 0x00000097

ExOpCode  [line 294]
NODE [line 294]
    type typeOpCode
    instruction   sta
    mode          zero page x
    opCode        95
    PC            0x0000133D
    CHILD NODE [line 294]
        type typeCon
        IsPC  0
        value 0x00000097


ExConstant  [line 295]
NODE [line 295]
    type typeCon
    IsPC  0
    value 0x000000A0

ExOpCode  [line 295]
NODE [line 295]
    type typeOpCode
    instruction   sta
    mode          zero page indirect x
    opCode        81
    PC            0x0000133F
    CHILD NODE [line 295]
        type typeCon
        IsPC  0
        value 0x000000A0


ExConstant  [line 296]
NODE [line 296]
    type typeCon
    IsPC  0
    value 0x000000A0

ExOpCode  [line 296]
NODE [line 296]
    type typeOpCode
    instruction   sta
    mode          zero page indirect x
    opCode        81
    PC            0x00001341
    CHILD NODE [line 296]
        type typeCon
        IsPC  0
        value 0x000000A0


ExConstant  [line 297]
NODE [line 297]
    type typeCon
    IsPC  0
    value 0x0000001A

ExOpCode  [line 297]
NODE [line 297]
    type typeOpCode
    instruction   sta
    mode          zero page indirect y
    opCode        91
    PC            0x00001343
    CHILD NODE [line 297]
        type typeCon
        IsPC  0
        value 0x0000001A


ExConstant  [line 298]
NODE [line 298]
    type typeCon
    IsPC  0
    value 0x0000001A

ExOpCode  [line 298]
NODE [line 298]
    type typeOpCode
    instruction   sta
    mode          zero page indirect y
    opCode        91
    PC            0x00001345
    CHILD NODE [line 298]
        type typeCon
        IsPC  0
        value 0x0000001A


ExConstant  [line 299]
NODE [line 299]
    type typeCon
    IsPC  0
    value 0x0000B28B

ExOpCode  [line 299]
NODE [line 299]
    type typeOpCode
    instruction   sta
    mode          absolute
    opCode        8D
    PC            0x00001347
    CHILD NODE [line 299]
        type typeCon
        IsPC  0
        value 0x0000B28B


ExConstant  [line 300]
NODE [line 300]
    type typeCon
    IsPC  0
    value 0x0000B28B

ExOpCode  [line 300]
NODE [line 300]
    type typeOpCode
    instruction   sta
    mode          absolute
    opCode        8D
    PC            0x0000134A
    CHILD NODE [line 300]
        type typeCon
        IsPC  0
        value 0x0000B28B


ExConstant  [line 301]
NODE [line 301]
    type typeCon
    IsPC  0
    value 0x00000F8F

ExOpCode  [line 301]
NODE [line 301]
    type typeOpCode
    instruction   sta
    mode          absolute x
    opCode        9D
    PC            0x0000134D
    CHILD NODE [line 301]
        type typeCon
        IsPC  0
        value 0x00000F8F


ExConstant  [line 302]
NODE [line 302]
    type typeCon
    IsPC  0
    value 0x00000F8F

ExOpCode  [line 302]
NODE [line 302]
    type typeOpCode
    instruction   sta
    mode          absolute x
    opCode        9D
    PC            0x00001350
    CHILD NODE [line 302]
        type typeCon
        IsPC  0
        value 0x00000F8F


ExConstant  [line 303]
NODE [line 303]
    type typeCon
    IsPC  0
    value 0x00006536

ExOpCode  [line 303]
NODE [line 303]
    type typeOpCode
    instruction   sta
    mode          absolute y
    opCode        99
    PC            0x00001353
    CHILD NODE [line 303]
        type typeCon
        IsPC  0
        value 0x00006536


ExConstant  [line 304]
NODE [line 304]
    type typeCon
    IsPC  0
    value 0x00006536

ExOpCode  [line 304]
NODE [line 304]
    type typeOpCode
    instruction   sta
    mode          absolute y
    opCode        99
    PC            0x00001356
    CHILD NODE [line 304]
        type typeCon
        IsPC  0
        value 0x00006536


ExOprEqu  [line 308]
NODE [line 308]
    type typeOpr
    opr '='
    CHILD NODE [line 308]
        type typeId
        name __ldx
        i    (nil)

    CHILD NODE [line 308]
        type typeCon
        IsPC  1     PC = 00001359
        value 0x00001359


ExConstant  [line 309]
NODE [line 309]
    type typeCon
    IsPC  0
    value 0x0000008C

ExOpCode  [line 309]
NODE [line 309]
    type typeOpCode
    instruction   ldx
    mode          immediate
    opCode        A2
    PC            0x00001359
    CHILD NODE [line 309]
        type typeCon
        IsPC  0
        value 0x0000008C


ExConstant  [line 310]
NODE [line 310]
    type typeCon
    IsPC  0
    value 0x0000008C

ExOpCode  [line 310]
NODE [line 310]
    type typeOpCode
    instruction   ldx
    mode          immediate
    opCode        A2
    PC            0x0000135B
    CHILD NODE [line 310]
        type typeCon
        IsPC  0
        value 0x0000008C


ExConstant  [line 311]
NODE [line 311]
    type typeCon
    IsPC  0
    value 0x00000092

ExOpCode  [line 311]
NODE [line 311]
    type typeOpCode
    instruction   ldx
    mode          zero page
    opCode        A6
    PC            0x0000135D
    CHILD NODE [line 311]
        type typeCon
        IsPC  0
        value 0x00000092


ExConstant  [line 312]
NODE [line 312]
    type typeCon
    IsPC  0
    value 0x00000092

ExOpCode  [line 312]
NODE [line 312]
    type typeOpCode
    instruction   ldx
    mode          zero page
    opCode        A6
    PC            0x0000135F
    CHILD NODE [line 312]
        type typeCon
        IsPC  0
        value 0x00000092


ExConstant  [line 313]
NODE [line 313]
    type typeCon
    IsPC  0
    value 0x00000007

ExOpCode  [line 313]
NODE [line 313]
    type typeOpCode
    instruction   ldx
    mode          zero page y
    opCode        B6
    PC            0x00001361
    CHILD NODE [line 313]
        type typeCon
        IsPC  0
        value 0x00000007


ExConstant  [line 314]
NODE [line 314]
    type typeCon
    IsPC  0
    value 0x00000007

ExOpCode  [line 314]
NODE [line 314]
    type typeOpCode
    instruction   ldx
    mode          zero page y
    opCode        B6
    PC            0x00001363
    CHILD NODE [line 314]
        type typeCon
        IsPC  0
        value 0x00000007


ExConstant  [line 315]
NODE [line 315]
    type typeCon
    IsPC  0
    value 0x00005503

ExOpCode  [line 315]
NODE [line 315]
    type typeOpCode
    instruction   ldx
    mode          absolute
    opCode        AE
    PC            0x00001365
    CHILD NODE [line 315]
        type typeCon
        IsPC  0
        value 0x00005503


ExConstant  [line 316]
NODE [line 316]
    type typeCon
    IsPC  0
    value 0x00005503

ExOpCode  [line 316]
NODE [line 316]
    type typeOpCode
    instruction   ldx
    mode          absolute
    opCode        AE
    PC            0x00001368
    CHILD NODE [line 316]
        type typeCon
        IsPC  0
        value 0x00005503


ExConstant  [line 317]
NODE [line 317]
    type typeCon
    IsPC  0
    value 0x00000F09

ExOpCode  [line 317]
NODE [line 317]
    type typeOpCode
    instruction   ldx
    mode          absolute y
    opCode        BE
    PC            0x0000136B
    CHILD NODE [line 317]
        type typeCon
        IsPC  0
        value 0x00000F09


ExConstant  [line 318]
NODE [line 318]
    type typeCon
    IsPC  0
    value 0x00000F09

ExOpCode  [line 318]
NODE [line 318]
    type typeOpCode
    instruction   ldx
    mode          absolute y
    opCode        BE
    PC            0x0000136E
    CHILD NODE [line 318]
        type typeCon
        IsPC  0
        value 0x00000F09


ExOprEqu  [line 322]
NODE [line 322]
    type typeOpr
    opr '='
    CHILD NODE [line 322]
        type typeId
        name __stx
        i    (nil)

    CHILD NODE [line 322]
        type typeCon
        IsPC  1     PC = 00001371
        value 0x00001371


ExConstant  [line 323]
NODE [line 323]
    type typeCon
    IsPC  0
    value 0x000000D0

ExOpCode  [line 323]
NODE [line 323]
    type typeOpCode
    instruction   stx
    mode          zero page
    opCode        86
    PC            0x00001371
    CHILD NODE [line 323]
        type typeCon
        IsPC  0
        value 0x000000D0


ExConstant  [line 324]
NODE [line 324]
    type typeCon
    IsPC  0
    value 0x000000D0

ExOpCode  [line 324]
NODE [line 324]
    type typeOpCode
    instruction   stx
    mode          zero page
    opCode        86
    PC            0x00001373
    CHILD NODE [line 324]
        type typeCon
        IsPC  0
        value 0x000000D0


ExConstant  [line 325]
NODE [line 325]
    type typeCon
    IsPC  0
    value 0x00000008

ExOpCode  [line 325]
NODE [line 325]
    type typeOpCode
    instruction   stx
    mode          zero page y
    opCode        96
    PC            0x00001375
    CHILD NODE [line 325]
        type typeCon
        IsPC  0
        value 0x00000008


ExConstant  [line 326]
NODE [line 326]
    type typeCon
    IsPC  0
    value 0x00000008

ExOpCode  [line 326]
NODE [line 326]
    type typeOpCode
    instruction   stx
    mode          zero page y
    opCode        96
    PC            0x00001377
    CHILD NODE [line 326]
        type typeCon
        IsPC  0
        value 0x00000008


ExConstant  [line 327]
NODE [line 327]
    type typeCon
    IsPC  0
    value 0x0000287B

ExOpCode  [line 327]
NODE [line 327]
    type typeOpCode
    instruction   stx
    mode          absolute
    opCode        8E
    PC            0x00001379
    CHILD NODE [line 327]
        type typeCon
        IsPC  0
        value 0x0000287B


ExConstant  [line 328]
NODE [line 328]
    type typeCon
    IsPC  0
    value 0x0000287B

ExOpCode  [line 328]
NODE [line 328]
    type typeOpCode
    instruction   stx
    mode          absolute
    opCode        8E
    PC            0x0000137C
    CHILD NODE [line 328]
        type typeCon
        IsPC  0
        value 0x0000287B


ExOprEqu  [line 332]
NODE [line 332]
    type typeOpr
    opr '='
    CHILD NODE [line 332]
        type typeId
        name __ldy
        i    (nil)

    CHILD NODE [line 332]
        type typeCon
        IsPC  1     PC = 0000137F
        value 0x0000137F


ExConstant  [line 333]
NODE [line 333]
    type typeCon
    IsPC  0
    value 0x00000046

ExOpCode  [line 333]
NODE [line 333]
    type typeOpCode
    instruction   ldy
    mode          immediate
    opCode        A0
    PC            0x0000137F
    CHILD NODE [line 333]
        type typeCon
        IsPC  0
        value 0x00000046


ExConstant  [line 334]
NODE [line 334]
    type typeCon
    IsPC  0
    value 0x00000046

ExOpCode  [line 334]
NODE [line 334]
    type typeOpCode
    instruction   ldy
    mode          immediate
    opCode        A0
    PC            0x00001381
    CHILD NODE [line 334]
        type typeCon
        IsPC  0
        value 0x00000046


ExConstant  [line 335]
NODE [line 335]
    type typeCon
    IsPC  0
    value 0x000000B6

ExOpCode  [line 335]
NODE [line 335]
    type typeOpCode
    instruction   ldy
    mode          zero page
    opCode        A4
    PC            0x00001383
    CHILD NODE [line 335]
        type typeCon
        IsPC  0
        value 0x000000B6


ExConstant  [line 336]
NODE [line 336]
    type typeCon
    IsPC  0
    value 0x000000B6

ExOpCode  [line 336]
NODE [line 336]
    type typeOpCode
    instruction   ldy
    mode          zero page
    opCode        A4
    PC            0x00001385
    CHILD NODE [line 336]
        type typeCon
        IsPC  0
        value 0x000000B6


ExConstant  [line 337]
NODE [line 337]
    type typeCon
    IsPC  0
    value 0x00000091

ExOpCode  [line 337]
NODE [line 337]
    type typeOpCode
    instruction   ldy
    mode          zero page x
    opCode        B4
    PC            0x00001387
    CHILD NODE [line 337]
        type typeCon
        IsPC  0
        value 0x00000091


ExConstant  [line 338]
NODE [line 338]
    type typeCon
    IsPC  0
    value 0x00000091

ExOpCode  [line 338]
NODE [line 338]
    type typeOpCode
    instruction   ldy
    mode          zero page x
    opCode        B4
    PC            0x00001389
    CHILD NODE [line 338]
        type typeCon
        IsPC  0
        value 0x00000091


ExConstant  [line 339]
NODE [line 339]
    type typeCon
    IsPC  0
    value 0x0000733C

ExOpCode  [line 339]
NODE [line 339]
    type typeOpCode
    instruction   ldy
    mode          absolute
    opCode        AC
    PC            0x0000138B
    CHILD NODE [line 339]
        type typeCon
        IsPC  0
        value 0x0000733C


ExConstant  [line 340]
NODE [line 340]
    type typeCon
    IsPC  0
    value 0x0000733C

ExOpCode  [line 340]
NODE [line 340]
    type typeOpCode
    instruction   ldy
    mode          absolute
    opCode        AC
    PC            0x0000138E
    CHILD NODE [line 340]
        type typeCon
        IsPC  0
        value 0x0000733C


ExConstant  [line 341]
NODE [line 341]
    type typeCon
    IsPC  0
    value 0x0000B75E

ExOpCode  [line 341]
NODE [line 341]
    type typeOpCode
    instruction   ldy
    mode          absolute x
    opCode        BC
    PC            0x00001391
    CHILD NODE [line 341]
        type typeCon
        IsPC  0
        value 0x0000B75E


ExConstant  [line 342]
NODE [line 342]
    type typeCon
    IsPC  0
    value 0x0000B75E

ExOpCode  [line 342]
NODE [line 342]
    type typeOpCode
    instruction   ldy
    mode          absolute x
    opCode        BC
    PC            0x00001394
    CHILD NODE [line 342]
        type typeCon
        IsPC  0
        value 0x0000B75E


ExOprEqu  [line 346]
NODE [line 346]
    type typeOpr
    opr '='
    CHILD NODE [line 346]
        type typeId
        name __sty
        i    (nil)

    CHILD NODE [line 346]
        type typeCon
        IsPC  1     PC = 00001397
        value 0x00001397


ExConstant  [line 347]
NODE [line 347]
    type typeCon
    IsPC  0
    value 0x00000046

ExOpCode  [line 347]
NODE [line 347]
    type typeOpCode
    instruction   sty
    mode          zero page
    opCode        84
    PC            0x00001397
    CHILD NODE [line 347]
        type typeCon
        IsPC  0
        value 0x00000046


ExConstant  [line 348]
NODE [line 348]
    type typeCon
    IsPC  0
    value 0x00000046

ExOpCode  [line 348]
NODE [line 348]
    type typeOpCode
    instruction   sty
    mode          zero page
    opCode        84
    PC            0x00001399
    CHILD NODE [line 348]
        type typeCon
        IsPC  0
        value 0x00000046


ExConstant  [line 349]
NODE [line 349]
    type typeCon
    IsPC  0
    value 0x0000003E

ExOpCode  [line 349]
NODE [line 349]
    type typeOpCode
    instruction   sty
    mode          zero page x
    opCode        94
    PC            0x0000139B
    CHILD NODE [line 349]
        type typeCon
        IsPC  0
        value 0x0000003E


ExConstant  [line 350]
NODE [line 350]
    type typeCon
    IsPC  0
    value 0x0000003E

ExOpCode  [line 350]
NODE [line 350]
    type typeOpCode
    instruction   sty
    mode          zero page x
    opCode        94
    PC            0x0000139D
    CHILD NODE [line 350]
        type typeCon
        IsPC  0
        value 0x0000003E


ExConstant  [line 351]
NODE [line 351]
    type typeCon
    IsPC  0
    value 0x00008BE4

ExOpCode  [line 351]
NODE [line 351]
    type typeOpCode
    instruction   sty
    mode          absolute
    opCode        8C
    PC            0x0000139F
    CHILD NODE [line 351]
        type typeCon
        IsPC  0
        value 0x00008BE4


ExConstant  [line 352]
NODE [line 352]
    type typeCon
    IsPC  0
    value 0x00008BE4

ExOpCode  [line 352]
NODE [line 352]
    type typeOpCode
    instruction   sty
    mode          absolute
    opCode        8C
    PC            0x000013A2
    CHILD NODE [line 352]
        type typeCon
        IsPC  0
        value 0x00008BE4


ExOprEqu  [line 356]
NODE [line 356]
    type typeOpr
    opr '='
    CHILD NODE [line 356]
        type typeId
        name __tax
        i    (nil)

    CHILD NODE [line 356]
        type typeCon
        IsPC  1     PC = 000013A5
        value 0x000013A5


ExOpCode  [line 357]
NODE [line 357]
    type typeOpCode
    instruction   tax
    mode          implied
    opCode        AA
    PC            0x000013A5


ExOprEqu  [line 361]
NODE [line 361]
    type typeOpr
    opr '='
    CHILD NODE [line 361]
        type typeId
        name __txa
        i    (nil)

    CHILD NODE [line 361]
        type typeCon
        IsPC  1     PC = 000013A6
        value 0x000013A6


ExOpCode  [line 362]
NODE [line 362]
    type typeOpCode
    instruction   txa
    mode          implied
    opCode        8A
    PC            0x000013A6


ExOprEqu  [line 366]
NODE [line 366]
    type typeOpr
    opr '='
    CHILD NODE [line 366]
        type typeId
        name __tay
        i    (nil)

    CHILD NODE [line 366]
        type typeCon
        IsPC  1     PC = 000013A7
        value 0x000013A7


ExOpCode  [line 367]
NODE [line 367]
    type typeOpCode
    instruction   tay
    mode          implied
    opCode        A8
    PC            0x000013A7


ExOprEqu  [line 371]
NODE [line 371]
    type typeOpr
    opr '='
    CHILD NODE [line 371]
        type typeId
        name __tya
        i    (nil)

    CHILD NODE [line 371]
        type typeCon
        IsPC  1     PC = 000013A8
        value 0x000013A8


ExOpCode  [line 372]
NODE [line 372]
    type typeOpCode
    instruction   tya
    mode          implied
    opCode        98
    PC            0x000013A8


ExOprEqu  [line 376]
NODE [line 376]
    type typeOpr
    opr '='
    CHILD NODE [line 376]
        type typeId
        name __tsx
        i    (nil)

    CHILD NODE [line 376]
        type typeCon
        IsPC  1     PC = 000013A9
        value 0x000013A9


ExOpCode  [line 377]
NODE [line 377]
    type typeOpCode
    instruction   tsx
    mode          implied
    opCode        BA
    PC            0x000013A9


ExOprEqu  [line 381]
NODE [line 381]
    type typeOpr
    opr '='
    CHILD NODE [line 381]
        type typeId
        name __txs
        i    (nil)

    CHILD NODE [line 381]
        type typeCon
        IsPC  1     PC = 000013AA
        value 0x000013AA


ExOpCode  [line 382]
NODE [line 382]
    type typeOpCode
    instruction   txs
    mode          implied
    opCode        9A
    PC            0x000013AA


ExOprEqu  [line 386]
NODE [line 386]
    type typeOpr
    opr '='
    CHILD NODE [line 386]
        type typeId
        name __pla
        i    (nil)

    CHILD NODE [line 386]
        type typeCon
        IsPC  1     PC = 000013AB
        value 0x000013AB


ExOpCode  [line 387]
NODE [line 387]
    type typeOpCode
    instruction   pla
    mode          implied
    opCode        68
    PC            0x000013AB


ExOprEqu  [line 391]
NODE [line 391]
    type typeOpr
    opr '='
    CHILD NODE [line 391]
        type typeId
        name __pha
        i    (nil)

    CHILD NODE [line 391]
        type typeCon
        IsPC  1     PC = 000013AC
        value 0x000013AC


ExOpCode  [line 392]
NODE [line 392]
    type typeOpCode
    instruction   pha
    mode          implied
    opCode        48
    PC            0x000013AC


ExOprEqu  [line 396]
NODE [line 396]
    type typeOpr
    opr '='
    CHILD NODE [line 396]
        type typeId
        name __plp
        i    (nil)

    CHILD NODE [line 396]
        type typeCon
        IsPC  1     PC = 000013AD
        value 0x000013AD


ExOpCode  [line 397]
NODE [line 397]
    type typeOpCode
    instruction   plp
    mode          implied
    opCode        28
    PC            0x000013AD


ExOprEqu  [line 401]
NODE [line 401]
    type typeOpr
    opr '='
    CHILD NODE [line 401]
        type typeId
        name __php
        i    (nil)

    CHILD NODE [line 401]
        type typeCon
        IsPC  1     PC = 000013AE
        value 0x000013AE


ExOpCode  [line 402]
NODE [line 402]
    type typeOpCode
    instruction   php
    mode          implied
    opCode        08
    PC            0x000013AE


ExOprEqu  [line 406]
NODE [line 406]
    type typeOpr
    opr '='
    CHILD NODE [line 406]
        type typeId
        name __bpl
        i    (nil)

    CHILD NODE [line 406]
        type typeCon
        IsPC  1     PC = 000013AF
        value 0x000013AF


ExSymbol  [line 407]
NODE [line 407]
    type typeId
    name __bmi
    i    (nil)


ExOpCode  [line 407]
NODE [line 407]
    type typeOpCode
    instruction   bpl
    mode          relative
    opCode        10
    PC            0x000013AF
    CHILD NODE [line 407]
        type typeId
        name __bmi
        i    0x1865fb0
             fullname     __bmi
             initialized  1
             value        5040
             ismacroname  0
             ismacroparam 0
             isvar        0
             macroNode    (nil)
             section      NULL
             name         __bmi



ExSymbol  [line 408]
NODE [line 408]
    type typeId
    name __php
    i    (nil)


ExOpCode  [line 408]
NODE [line 408]
    type typeOpCode
    instruction   bpl
    mode          relative
    opCode        10
    PC            0x000013B1
    CHILD NODE [line 408]
        type typeId
        name __php
        i    0x1865910
             fullname     __php
             initialized  1
             value        5038
             ismacroname  0
             ismacroparam 0
             isvar        0
             macroNode    (nil)
             section      NULL
             name         __php



ExOprEqu  [line 412]
NODE [line 412]
    type typeOpr
    opr '='
    CHILD NODE [line 412]
        type typeId
        name __bmi
        i    (nil)

    CHILD NODE [line 412]
        type typeCon
        IsPC  1     PC = 000013B3
        value 0x000013B3


ExSymbol  [line 413]
NODE [line 413]
    type typeId
    name __bpl
    i    (nil)


ExOpCode  [line 413]
NODE [line 413]
    type typeOpCode
    instruction   bmi
    mode          relative
    opCode        30
    PC            0x000013B3
    CHILD NODE [line 413]
        type typeId
        name __bpl
        i    0x1865da0
             fullname     __bpl
             initialized  1
             value        5039
             ismacroname  0
             ismacroparam 0
             isvar        0
             macroNode    (nil)
             section      NULL
             name         __bpl



ExSymbol  [line 414]
NODE [line 414]
    type typeId
    name __php
    i    (nil)


ExOpCode  [line 414]
NODE [line 414]
    type typeOpCode
    instruction   bmi
    mode          relative
    opCode        30
    PC            0x000013B5
    CHILD NODE [line 414]
        type typeId
        name __php
        i    0x1865910
             fullname     __php
             initialized  1
             value        5038
             ismacroname  0
             ismacroparam 0
             isvar        0
             macroNode    (nil)
             section      NULL
             name         __php



ExOprEqu  [line 417]
NODE [line 417]
    type typeOpr
    opr '='
    CHILD NODE [line 417]
        type typeId
        name __bvc
        i    (nil)

    CHILD NODE [line 417]
        type typeCon
        IsPC  1     PC = 000013B7
        value 0x000013B7


ExSymbol  [line 418]
NODE [line 418]
    type typeId
    name __bmi
    i    (nil)


ExOpCode  [line 418]
NODE [line 418]
    type typeOpCode
    instruction   bvc
    mode          relative
    opCode        50
    PC            0x000013B7
    CHILD NODE [line 418]
        type typeId
        name __bmi
        i    0x1865fb0
             fullname     __bmi
             initialized  1
             value        5043
             ismacroname  0
             ismacroparam 0
             isvar        0
             macroNode    (nil)
             section      NULL
             name         __bmi



ExSymbol  [line 419]
NODE [line 419]
    type typeId
    name __php
    i    (nil)


ExOpCode  [line 419]
NODE [line 419]
    type typeOpCode
    instruction   bvc
    mode          relative
    opCode        50
    PC            0x000013B9
    CHILD NODE [line 419]
        type typeId
        name __php
        i    0x1865910
             fullname     __php
             initialized  1
             value        5038
             ismacroname  0
             ismacroparam 0
             isvar        0
             macroNode    (nil)
             section      NULL
             name         __php



ExOprEqu  [line 423]
NODE [line 423]
    type typeOpr
    opr '='
    CHILD NODE [line 423]
        type typeId
        name __bvs
        i    (nil)

    CHILD NODE [line 423]
        type typeCon
        IsPC  1     PC = 000013BB
        value 0x000013BB


ExSymbol  [line 424]
NODE [line 424]
    type typeId
    name __bcc
    i    (nil)


ExOpCode  [line 424]
NODE [line 424]
    type typeOpCode
    instruction   bvs
    mode          relative
    opCode        70
    PC            0x000013BB
    CHILD NODE [line 424]
        type typeId
        name __bcc
        i    0x18672c0
             fullname     __bcc
             initialized  1
             value        5052
             ismacroname  0
             ismacroparam 0
             isvar        0
             macroNode    (nil)
             section      NULL
             name         __bcc



ExSymbol  [line 425]
NODE [line 425]
    type typeId
    name __php
    i    (nil)


ExOpCode  [line 425]
NODE [line 425]
    type typeOpCode
    instruction   bvs
    mode          relative
    opCode        70
    PC            0x000013BD
    CHILD NODE [line 425]
        type typeId
        name __php
        i    0x1865910
             fullname     __php
             initialized  1
             value        5038
             ismacroname  0
             ismacroparam 0
             isvar        0
             macroNode    (nil)
             section      NULL
             name         __php



ExOprEqu  [line 429]
NODE [line 429]
    type typeOpr
    opr '='
    CHILD NODE [line 429]
        type typeId
        name __bcc
        i    (nil)

    CHILD NODE [line 429]
        type typeCon
        IsPC  1     PC = 000013BF
        value 0x000013BF


ExSymbol  [line 430]
NODE [line 430]
    type typeId
    name __php
    i    (nil)


ExOpCode  [line 430]
NODE [line 430]
    type typeOpCode
    instruction   bcc
    mode          relative
    opCode        90
    PC            0x000013BF
    CHILD NODE [line 430]
        type typeId
        name __php
        i    0x1865910
             fullname     __php
             initialized  1
             value        5038
             ismacroname  0
             ismacroparam 0
             isvar        0
             macroNode    (nil)
             section      NULL
             name         __php



ExSymbol  [line 431]
NODE [line 431]
    type typeId
    name __bne
    i    (nil)


ExOpCode  [line 431]
NODE [line 431]
    type typeOpCode
    instruction   bcc
    mode          relative
    opCode        90
    PC            0x000013C1
    CHILD NODE [line 431]
        type typeId
        name __bne
        i    0x1867aa0
             fullname     __bne
             initialized  1
             value        5060
             ismacroname  0
             ismacroparam 0
             isvar        0
             macroNode    (nil)
             section      NULL
             name         __bne



ExOprEqu  [line 435]
NODE [line 435]
    type typeOpr
    opr '='
    CHILD NODE [line 435]
        type typeId
        name __bcs
        i    (nil)

    CHILD NODE [line 435]
        type typeCon
        IsPC  1     PC = 000013C3
        value 0x000013C3


ExSymbol  [line 436]
NODE [line 436]
    type typeId
    name __nop
    i    (nil)


ExOpCode  [line 436]
NODE [line 436]
    type typeOpCode
    instruction   bcs
    mode          relative
    opCode        B0
    PC            0x000013C3
    CHILD NODE [line 436]
        type typeId
        name __nop
        i    0x18680a0
             fullname     __nop
             initialized  1
             value        5106
             ismacroname  0
             ismacroparam 0
             isvar        0
             macroNode    (nil)
             section      NULL
             name         __nop



ExSymbol  [line 437]
NODE [line 437]
    type typeId
    name __nop
    i    (nil)


ExOpCode  [line 437]
NODE [line 437]
    type typeOpCode
    instruction   bcs
    mode          relative
    opCode        B0
    PC            0x000013C5
    CHILD NODE [line 437]
        type typeId
        name __nop
        i    0x18680a0
             fullname     __nop
             initialized  1
             value        5106
             ismacroname  0
             ismacroparam 0
             isvar        0
             macroNode    (nil)
             section      NULL
             name         __nop



ExOprEqu  [line 441]
NODE [line 441]
    type typeOpr
    opr '='
    CHILD NODE [line 441]
        type typeId
        name __bne
        i    (nil)

    CHILD NODE [line 441]
        type typeCon
        IsPC  1     PC = 000013C7
        value 0x000013C7


ExSymbol  [line 442]
NODE [line 442]
    type typeId
    name __brk
    i    (nil)


ExOpCode  [line 442]
NODE [line 442]
    type typeOpCode
    instruction   bne
    mode          relative
    opCode        D0
    PC            0x000013C7
    CHILD NODE [line 442]
        type typeId
        name __brk
        i    0x1868730
             fullname     __brk
             initialized  1
             value        5068
             ismacroname  0
             ismacroparam 0
             isvar        0
             macroNode    (nil)
             section      NULL
             name         __brk



ExSymbol  [line 443]
NODE [line 443]
    type typeId
    name __rti
    i    (nil)


ExOpCode  [line 443]
NODE [line 443]
    type typeOpCode
    instruction   bne
    mode          relative
    opCode        D0
    PC            0x000013C9
    CHILD NODE [line 443]
        type typeId
        name __rti
        i    0x1868940
             fullname     __rti
             initialized  1
             value        5069
             ismacroname  0
             ismacroparam 0
             isvar        0
             macroNode    (nil)
             section      NULL
             name         __rti



ExOprEqu  [line 447]
NODE [line 447]
    type typeOpr
    opr '='
    CHILD NODE [line 447]
        type typeId
        name __beq
        i    (nil)

    CHILD NODE [line 447]
        type typeCon
        IsPC  1     PC = 000013CB
        value 0x000013CB


ExSymbol  [line 448]
NODE [line 448]
    type typeId
    name __bne
    i    (nil)


ExOpCode  [line 448]
NODE [line 448]
    type typeOpCode
    instruction   beq
    mode          relative
    opCode        F0
    PC            0x000013CB
    CHILD NODE [line 448]
        type typeId
        name __bne
        i    0x1867aa0
             fullname     __bne
             initialized  1
             value        5063
             ismacroname  0
             ismacroparam 0
             isvar        0
             macroNode    (nil)
             section      NULL
             name         __bne



ExSymbol  [line 449]
NODE [line 449]
    type typeId
    name __jsr
    i    (nil)


ExOpCode  [line 449]
NODE [line 449]
    type typeOpCode
    instruction   beq
    mode          relative
    opCode        F0
    PC            0x000013CD
    CHILD NODE [line 449]
        type typeId
        name __jsr
        i    0x1869090
             fullname     __jsr
             initialized  1
             value        5070
             ismacroname  0
             ismacroparam 0
             isvar        0
             macroNode    (nil)
             section      NULL
             name         __jsr



ExOprEqu  [line 453]
NODE [line 453]
    type typeOpr
    opr '='
    CHILD NODE [line 453]
        type typeId
        name __brk
        i    (nil)

    CHILD NODE [line 453]
        type typeCon
        IsPC  1     PC = 000013CF
        value 0x000013CF


ExOpCode  [line 454]
NODE [line 454]
    type typeOpCode
    instruction   brk
    mode          implied
    opCode        00
    PC            0x000013CF


ExOprEqu  [line 458]
NODE [line 458]
    type typeOpr
    opr '='
    CHILD NODE [line 458]
        type typeId
        name __rti
        i    (nil)

    CHILD NODE [line 458]
        type typeCon
        IsPC  1     PC = 000013D0
        value 0x000013D0


ExOpCode  [line 459]
NODE [line 459]
    type typeOpCode
    instruction   rti
    mode          implied
    opCode        40
    PC            0x000013D0


ExOprEqu  [line 463]
NODE [line 463]
    type typeOpr
    opr '='
    CHILD NODE [line 463]
        type typeId
        name __jsr
        i    (nil)

    CHILD NODE [line 463]
        type typeCon
        IsPC  1     PC = 000013D1
        value 0x000013D1


ExConstant  [line 464]
NODE [line 464]
    type typeCon
    IsPC  0
    value 0x00005C3C

ExOpCode  [line 464]
NODE [line 464]
    type typeOpCode
    instruction   jsr
    mode          absolute
    opCode        20
    PC            0x000013D1
    CHILD NODE [line 464]
        type typeCon
        IsPC  0
        value 0x00005C3C


ExConstant  [line 465]
NODE [line 465]
    type typeCon
    IsPC  0
    value 0x00005C3C

ExOpCode  [line 465]
NODE [line 465]
    type typeOpCode
    instruction   jsr
    mode          absolute
    opCode        20
    PC            0x000013D4
    CHILD NODE [line 465]
        type typeCon
        IsPC  0
        value 0x00005C3C


ExOprEqu  [line 469]
NODE [line 469]
    type typeOpr
    opr '='
    CHILD NODE [line 469]
        type typeId
        name __rts
        i    (nil)

    CHILD NODE [line 469]
        type typeCon
        IsPC  1     PC = 000013D7
        value 0x000013D7


ExOpCode  [line 470]
NODE [line 470]
    type typeOpCode
    instruction   rts
    mode          implied
    opCode        60
    PC            0x000013D7


ExOprEqu  [line 474]
NODE [line 474]
    type typeOpr
    opr '='
    CHILD NODE [line 474]
        type typeId
        name __jmp
        i    (nil)

    CHILD NODE [line 474]
        type typeCon
        IsPC  1     PC = 000013D8
        value 0x000013D8


ExConstant  [line 475]
NODE [line 475]
    type typeCon
    IsPC  0
    value 0x00009324

ExOpCode  [line 475]
NODE [line 475]
    type typeOpCode
    instruction   jmp
    mode          absolute
    opCode        4C
    PC            0x000013D8
    CHILD NODE [line 475]
        type typeCon
        IsPC  0
        value 0x00009324


ExConstant  [line 476]
NODE [line 476]
    type typeCon
    IsPC  0
    value 0x00009324

ExOpCode  [line 476]
NODE [line 476]
    type typeOpCode
    instruction   jmp
    mode          absolute
    opCode        4C
    PC            0x000013DB
    CHILD NODE [line 476]
        type typeCon
        IsPC  0
        value 0x00009324


ExConstant  [line 477]
NODE [line 477]
    type typeCon
    IsPC  0
    value 0x00005ADC

ExOpCode  [line 477]
NODE [line 477]
    type typeOpCode
    instruction   jmp
    mode          absolute i
    opCode        6C
    PC            0x000013DE
    CHILD NODE [line 477]
        type typeCon
        IsPC  0
        value 0x00005ADC


ExConstant  [line 478]
NODE [line 478]
    type typeCon
    IsPC  0
    value 0x00005ADC

ExOpCode  [line 478]
NODE [line 478]
    type typeOpCode
    instruction   jmp
    mode          absolute i
    opCode        6C
    PC            0x000013E1
    CHILD NODE [line 478]
        type typeCon
        IsPC  0
        value 0x00005ADC


ExOprEqu  [line 482]
NODE [line 482]
    type typeOpr
    opr '='
    CHILD NODE [line 482]
        type typeId
        name __bit
        i    (nil)

    CHILD NODE [line 482]
        type typeCon
        IsPC  1     PC = 000013E4
        value 0x000013E4


ExConstant  [line 483]
NODE [line 483]
    type typeCon
    IsPC  0
    value 0x00000027

ExOpCode  [line 483]
NODE [line 483]
    type typeOpCode
    instruction   bit
    mode          zero page
    opCode        24
    PC            0x000013E4
    CHILD NODE [line 483]
        type typeCon
        IsPC  0
        value 0x00000027


ExConstant  [line 484]
NODE [line 484]
    type typeCon
    IsPC  0
    value 0x00000027

ExOpCode  [line 484]
NODE [line 484]
    type typeOpCode
    instruction   bit
    mode          zero page
    opCode        24
    PC            0x000013E6
    CHILD NODE [line 484]
        type typeCon
        IsPC  0
        value 0x00000027


ExConstant  [line 485]
NODE [line 485]
    type typeCon
    IsPC  0
    value 0x0000A1F5

ExOpCode  [line 485]
NODE [line 485]
    type typeOpCode
    instruction   bit
    mode          absolute
    opCode        2C
    PC            0x000013E8
    CHILD NODE [line 485]
        type typeCon
        IsPC  0
        value 0x0000A1F5


ExConstant  [line 486]
NODE [line 486]
    type typeCon
    IsPC  0
    value 0x0000A1F5

ExOpCode  [line 486]
NODE [line 486]
    type typeOpCode
    instruction   bit
    mode          absolute
    opCode        2C
    PC            0x000013EB
    CHILD NODE [line 486]
        type typeCon
        IsPC  0
        value 0x0000A1F5


ExOprEqu  [line 490]
NODE [line 490]
    type typeOpr
    opr '='
    CHILD NODE [line 490]
        type typeId
        name __clc
        i    (nil)

    CHILD NODE [line 490]
        type typeCon
        IsPC  1     PC = 000013EE
        value 0x000013EE


ExOpCode  [line 491]
NODE [line 491]
    type typeOpCode
    instruction   clc
    mode          implied
    opCode        18
    PC            0x000013EE


ExOprEqu  [line 495]
NODE [line 495]
    type typeOpr
    opr '='
    CHILD NODE [line 495]
        type typeId
        name __sec
        i    (nil)

    CHILD NODE [line 495]
        type typeCon
        IsPC  1     PC = 000013EF
        value 0x000013EF


ExOpCode  [line 496]
NODE [line 496]
    type typeOpCode
    instruction   sec
    mode          implied
    opCode        38
    PC            0x000013EF


ExOprEqu  [line 500]
NODE [line 500]
    type typeOpr
    opr '='
    CHILD NODE [line 500]
        type typeId
        name __cld
        i    (nil)

    CHILD NODE [line 500]
        type typeCon
        IsPC  1     PC = 000013F0
        value 0x000013F0


ExOpCode  [line 501]
NODE [line 501]
    type typeOpCode
    instruction   cld
    mode          implied
    opCode        D8
    PC            0x000013F0


ExOprEqu  [line 505]
NODE [line 505]
    type typeOpr
    opr '='
    CHILD NODE [line 505]
        type typeId
        name __sed
        i    (nil)

    CHILD NODE [line 505]
        type typeCon
        IsPC  1     PC = 000013F1
        value 0x000013F1


ExOpCode  [line 506]
NODE [line 506]
    type typeOpCode
    instruction   sed
    mode          implied
    opCode        F8
    PC            0x000013F1


ExOprEqu  [line 510]
NODE [line 510]
    type typeOpr
    opr '='
    CHILD NODE [line 510]
        type typeId
        name __cli
        i    (nil)

    CHILD NODE [line 510]
        type typeCon
        IsPC  1     PC = 000013F2
        value 0x000013F2


ExOpCode  [line 511]
NODE [line 511]
    type typeOpCode
    instruction   cli
    mode          implied
    opCode        58
    PC            0x000013F2


ExOprEqu  [line 515]
NODE [line 515]
    type typeOpr
    opr '='
    CHILD NODE [line 515]
        type typeId
        name __sei
        i    (nil)

    CHILD NODE [line 515]
        type typeCon
        IsPC  1     PC = 000013F3
        value 0x000013F3


ExOpCode  [line 516]
NODE [line 516]
    type typeOpCode
    instruction   sei
    mode          implied
    opCode        78
    PC            0x000013F3


ExOprEqu  [line 520]
NODE [line 520]
    type typeOpr
    opr '='
    CHILD NODE [line 520]
        type typeId
        name __clv
        i    (nil)

    CHILD NODE [line 520]
        type typeCon
        IsPC  1     PC = 000013F4
        value 0x000013F4


ExOpCode  [line 521]
NODE [line 521]
    type typeOpCode
    instruction   clv
    mode          implied
    opCode        B8
    PC            0x000013F4


ExOprEqu  [line 525]
NODE [line 525]
    type typeOpr
    opr '='
    CHILD NODE [line 525]
        type typeId
        name __nop
        i    (nil)

    CHILD NODE [line 525]
        type typeCon
        IsPC  1     PC = 000013F5
        value 0x000013F5


ExOpCode  [line 526]
NODE [line 526]
    type typeOpCode
    instruction   nop
    mode          implied
    opCode        EA
    PC            0x000013F5


ExOprEqu  [line 532]
NODE [line 532]
    type typeOpr
    opr '='
    CHILD NODE [line 532]
        type typeId
        name __slo
        i    (nil)

    CHILD NODE [line 532]
        type typeCon
        IsPC  1     PC = 000013F6
        value 0x000013F6


ExConstant  [line 533]
NODE [line 533]
    type typeCon
    IsPC  0
    value 0x000000AC

ExOpCode  [line 533]
NODE [line 533]
    type typeOpCode
    instruction   slo
    mode          zero page
    opCode        07
    PC            0x000013F6
    CHILD NODE [line 533]
        type typeCon
        IsPC  0
        value 0x000000AC


ExConstant  [line 534]
NODE [line 534]
    type typeCon
    IsPC  0
    value 0x000000AC

ExOpCode  [line 534]
NODE [line 534]
    type typeOpCode
    instruction   slo
    mode          zero page
    opCode        07
    PC            0x000013F8
    CHILD NODE [line 534]
        type typeCon
        IsPC  0
        value 0x000000AC


ExConstant  [line 535]
NODE [line 535]
    type typeCon
    IsPC  0
    value 0x000000EC

ExOpCode  [line 535]
NODE [line 535]
    type typeOpCode
    instruction   slo
    mode          zero page x
    opCode        17
    PC            0x000013FA
    CHILD NODE [line 535]
        type typeCon
        IsPC  0
        value 0x000000EC


ExConstant  [line 536]
NODE [line 536]
    type typeCon
    IsPC  0
    value 0x000000EC

ExOpCode  [line 536]
NODE [line 536]
    type typeOpCode
    instruction   slo
    mode          zero page x
    opCode        17
    PC            0x000013FC
    CHILD NODE [line 536]
        type typeCon
        IsPC  0
        value 0x000000EC


ExConstant  [line 537]
NODE [line 537]
    type typeCon
    IsPC  0
    value 0x000000D8

ExOpCode  [line 537]
NODE [line 537]
    type typeOpCode
    instruction   slo
    mode          zero page indirect x
    opCode        03
    PC            0x000013FE
    CHILD NODE [line 537]
        type typeCon
        IsPC  0
        value 0x000000D8


ExConstant  [line 538]
NODE [line 538]
    type typeCon
    IsPC  0
    value 0x000000D8

ExOpCode  [line 538]
NODE [line 538]
    type typeOpCode
    instruction   slo
    mode          zero page indirect x
    opCode        03
    PC            0x00001400
    CHILD NODE [line 538]
        type typeCon
        IsPC  0
        value 0x000000D8


ExConstant  [line 539]
NODE [line 539]
    type typeCon
    IsPC  0
    value 0x0000002B

ExOpCode  [line 539]
NODE [line 539]
    type typeOpCode
    instruction   slo
    mode          zero page indirect y
    opCode        13
    PC            0x00001402
    CHILD NODE [line 539]
        type typeCon
        IsPC  0
        value 0x0000002B


ExConstant  [line 540]
NODE [line 540]
    type typeCon
    IsPC  0
    value 0x0000002B

ExOpCode  [line 540]
NODE [line 540]
    type typeOpCode
    instruction   slo
    mode          zero page indirect y
    opCode        13
    PC            0x00001404
    CHILD NODE [line 540]
        type typeCon
        IsPC  0
        value 0x0000002B


ExConstant  [line 541]
NODE [line 541]
    type typeCon
    IsPC  0
    value 0x00001029

ExOpCode  [line 541]
NODE [line 541]
    type typeOpCode
    instruction   slo
    mode          absolute
    opCode        0F
    PC            0x00001406
    CHILD NODE [line 541]
        type typeCon
        IsPC  0
        value 0x00001029


ExConstant  [line 542]
NODE [line 542]
    type typeCon
    IsPC  0
    value 0x00001029

ExOpCode  [line 542]
NODE [line 542]
    type typeOpCode
    instruction   slo
    mode          absolute
    opCode        0F
    PC            0x00001409
    CHILD NODE [line 542]
        type typeCon
        IsPC  0
        value 0x00001029


ExConstant  [line 543]
NODE [line 543]
    type typeCon
    IsPC  0
    value 0x00001959

ExOpCode  [line 543]
NODE [line 543]
    type typeOpCode
    instruction   slo
    mode          absolute x
    opCode        1F
    PC            0x0000140C
    CHILD NODE [line 543]
        type typeCon
        IsPC  0
        value 0x00001959


ExConstant  [line 544]
NODE [line 544]
    type typeCon
    IsPC  0
    value 0x00001959

ExOpCode  [line 544]
NODE [line 544]
    type typeOpCode
    instruction   slo
    mode          absolute x
    opCode        1F
    PC            0x0000140F
    CHILD NODE [line 544]
        type typeCon
        IsPC  0
        value 0x00001959


ExConstant  [line 545]
NODE [line 545]
    type typeCon
    IsPC  0
    value 0x00000C9F

ExOpCode  [line 545]
NODE [line 545]
    type typeOpCode
    instruction   slo
    mode          absolute y
    opCode        1B
    PC            0x00001412
    CHILD NODE [line 545]
        type typeCon
        IsPC  0
        value 0x00000C9F


ExConstant  [line 546]
NODE [line 546]
    type typeCon
    IsPC  0
    value 0x00000C9F

ExOpCode  [line 546]
NODE [line 546]
    type typeOpCode
    instruction   slo
    mode          absolute y
    opCode        1B
    PC            0x00001415
    CHILD NODE [line 546]
        type typeCon
        IsPC  0
        value 0x00000C9F


ExOprEqu  [line 550]
NODE [line 550]
    type typeOpr
    opr '='
    CHILD NODE [line 550]
        type typeId
        name __rla
        i    (nil)

    CHILD NODE [line 550]
        type typeCon
        IsPC  1     PC = 00001418
        value 0x00001418


ExConstant  [line 551]
NODE [line 551]
    type typeCon
    IsPC  0
    value 0x000000C2

ExOpCode  [line 551]
NODE [line 551]
    type typeOpCode
    instruction   rla
    mode          zero page
    opCode        27
    PC            0x00001418
    CHILD NODE [line 551]
        type typeCon
        IsPC  0
        value 0x000000C2


ExConstant  [line 552]
NODE [line 552]
    type typeCon
    IsPC  0
    value 0x000000C2

ExOpCode  [line 552]
NODE [line 552]
    type typeOpCode
    instruction   rla
    mode          zero page
    opCode        27
    PC            0x0000141A
    CHILD NODE [line 552]
        type typeCon
        IsPC  0
        value 0x000000C2


ExConstant  [line 553]
NODE [line 553]
    type typeCon
    IsPC  0
    value 0x000000A8

ExOpCode  [line 553]
NODE [line 553]
    type typeOpCode
    instruction   rla
    mode          zero page x
    opCode        37
    PC            0x0000141C
    CHILD NODE [line 553]
        type typeCon
        IsPC  0
        value 0x000000A8


ExConstant  [line 554]
NODE [line 554]
    type typeCon
    IsPC  0
    value 0x000000A8

ExOpCode  [line 554]
NODE [line 554]
    type typeOpCode
    instruction   rla
    mode          zero page x
    opCode        37
    PC            0x0000141E
    CHILD NODE [line 554]
        type typeCon
        IsPC  0
        value 0x000000A8


ExConstant  [line 555]
NODE [line 555]
    type typeCon
    IsPC  0
    value 0x000000ED

ExOpCode  [line 555]
NODE [line 555]
    type typeOpCode
    instruction   rla
    mode          zero page indirect x
    opCode        23
    PC            0x00001420
    CHILD NODE [line 555]
        type typeCon
        IsPC  0
        value 0x000000ED


ExConstant  [line 556]
NODE [line 556]
    type typeCon
    IsPC  0
    value 0x000000ED

ExOpCode  [line 556]
NODE [line 556]
    type typeOpCode
    instruction   rla
    mode          zero page indirect x
    opCode        23
    PC            0x00001422
    CHILD NODE [line 556]
        type typeCon
        IsPC  0
        value 0x000000ED


ExConstant  [line 557]
NODE [line 557]
    type typeCon
    IsPC  0
    value 0x0000000E

ExOpCode  [line 557]
NODE [line 557]
    type typeOpCode
    instruction   rla
    mode          zero page indirect y
    opCode        33
    PC            0x00001424
    CHILD NODE [line 557]
        type typeCon
        IsPC  0
        value 0x0000000E


ExConstant  [line 558]
NODE [line 558]
    type typeCon
    IsPC  0
    value 0x0000000E

ExOpCode  [line 558]
NODE [line 558]
    type typeOpCode
    instruction   rla
    mode          zero page indirect y
    opCode        33
    PC            0x00001426
    CHILD NODE [line 558]
        type typeCon
        IsPC  0
        value 0x0000000E


ExConstant  [line 559]
NODE [line 559]
    type typeCon
    IsPC  0
    value 0x0000D4B7

ExOpCode  [line 559]
NODE [line 559]
    type typeOpCode
    instruction   rla
    mode          absolute
    opCode        2F
    PC            0x00001428
    CHILD NODE [line 559]
        type typeCon
        IsPC  0
        value 0x0000D4B7


ExConstant  [line 560]
NODE [line 560]
    type typeCon
    IsPC  0
    value 0x0000D4B7

ExOpCode  [line 560]
NODE [line 560]
    type typeOpCode
    instruction   rla
    mode          absolute
    opCode        2F
    PC            0x0000142B
    CHILD NODE [line 560]
        type typeCon
        IsPC  0
        value 0x0000D4B7


ExConstant  [line 561]
NODE [line 561]
    type typeCon
    IsPC  0
    value 0x00004787

ExOpCode  [line 561]
NODE [line 561]
    type typeOpCode
    instruction   rla
    mode          absolute x
    opCode        3F
    PC            0x0000142E
    CHILD NODE [line 561]
        type typeCon
        IsPC  0
        value 0x00004787


ExConstant  [line 562]
NODE [line 562]
    type typeCon
    IsPC  0
    value 0x00004787

ExOpCode  [line 562]
NODE [line 562]
    type typeOpCode
    instruction   rla
    mode          absolute x
    opCode        3F
    PC            0x00001431
    CHILD NODE [line 562]
        type typeCon
        IsPC  0
        value 0x00004787


ExConstant  [line 563]
NODE [line 563]
    type typeCon
    IsPC  0
    value 0x0000876C

ExOpCode  [line 563]
NODE [line 563]
    type typeOpCode
    instruction   rla
    mode          absolute y
    opCode        3B
    PC            0x00001434
    CHILD NODE [line 563]
        type typeCon
        IsPC  0
        value 0x0000876C


ExConstant  [line 564]
NODE [line 564]
    type typeCon
    IsPC  0
    value 0x0000876C

ExOpCode  [line 564]
NODE [line 564]
    type typeOpCode
    instruction   rla
    mode          absolute y
    opCode        3B
    PC            0x00001437
    CHILD NODE [line 564]
        type typeCon
        IsPC  0
        value 0x0000876C


ExOprEqu  [line 568]
NODE [line 568]
    type typeOpr
    opr '='
    CHILD NODE [line 568]
        type typeId
        name __sre
        i    (nil)

    CHILD NODE [line 568]
        type typeCon
        IsPC  1     PC = 0000143A
        value 0x0000143A


ExConstant  [line 569]
NODE [line 569]
    type typeCon
    IsPC  0
    value 0x000000D2

ExOpCode  [line 569]
NODE [line 569]
    type typeOpCode
    instruction   sre
    mode          zero page
    opCode        47
    PC            0x0000143A
    CHILD NODE [line 569]
        type typeCon
        IsPC  0
        value 0x000000D2


ExConstant  [line 570]
NODE [line 570]
    type typeCon
    IsPC  0
    value 0x000000D2

ExOpCode  [line 570]
NODE [line 570]
    type typeOpCode
    instruction   sre
    mode          zero page
    opCode        47
    PC            0x0000143C
    CHILD NODE [line 570]
        type typeCon
        IsPC  0
        value 0x000000D2


ExConstant  [line 571]
NODE [line 571]
    type typeCon
    IsPC  0
    value 0x00000073

ExOpCode  [line 571]
NODE [line 571]
    type typeOpCode
    instruction   sre
    mode          zero page x
    opCode        57
    PC            0x0000143E
    CHILD NODE [line 571]
        type typeCon
        IsPC  0
        value 0x00000073


ExConstant  [line 572]
NODE [line 572]
    type typeCon
    IsPC  0
    value 0x00000073

ExOpCode  [line 572]
NODE [line 572]
    type typeOpCode
    instruction   sre
    mode          zero page x
    opCode        57
    PC            0x00001440
    CHILD NODE [line 572]
        type typeCon
        IsPC  0
        value 0x00000073


ExConstant  [line 573]
NODE [line 573]
    type typeCon
    IsPC  0
    value 0x00000090

ExOpCode  [line 573]
NODE [line 573]
    type typeOpCode
    instruction   sre
    mode          zero page indirect x
    opCode        43
    PC            0x00001442
    CHILD NODE [line 573]
        type typeCon
        IsPC  0
        value 0x00000090


ExConstant  [line 574]
NODE [line 574]
    type typeCon
    IsPC  0
    value 0x00000090

ExOpCode  [line 574]
NODE [line 574]
    type typeOpCode
    instruction   sre
    mode          zero page indirect x
    opCode        43
    PC            0x00001444
    CHILD NODE [line 574]
        type typeCon
        IsPC  0
        value 0x00000090


ExConstant  [line 575]
NODE [line 575]
    type typeCon
    IsPC  0
    value 0x000000EF

ExOpCode  [line 575]
NODE [line 575]
    type typeOpCode
    instruction   sre
    mode          zero page indirect y
    opCode        53
    PC            0x00001446
    CHILD NODE [line 575]
        type typeCon
        IsPC  0
        value 0x000000EF


ExConstant  [line 576]
NODE [line 576]
    type typeCon
    IsPC  0
    value 0x000000EF

ExOpCode  [line 576]
NODE [line 576]
    type typeOpCode
    instruction   sre
    mode          zero page indirect y
    opCode        53
    PC            0x00001448
    CHILD NODE [line 576]
        type typeCon
        IsPC  0
        value 0x000000EF


ExConstant  [line 577]
NODE [line 577]
    type typeCon
    IsPC  0
    value 0x00003414

ExOpCode  [line 577]
NODE [line 577]
    type typeOpCode
    instruction   sre
    mode          absolute
    opCode        4F
    PC            0x0000144A
    CHILD NODE [line 577]
        type typeCon
        IsPC  0
        value 0x00003414


ExConstant  [line 578]
NODE [line 578]
    type typeCon
    IsPC  0
    value 0x00003414

ExOpCode  [line 578]
NODE [line 578]
    type typeOpCode
    instruction   sre
    mode          absolute
    opCode        4F
    PC            0x0000144D
    CHILD NODE [line 578]
        type typeCon
        IsPC  0
        value 0x00003414


ExConstant  [line 579]
NODE [line 579]
    type typeCon
    IsPC  0
    value 0x00006D34

ExOpCode  [line 579]
NODE [line 579]
    type typeOpCode
    instruction   sre
    mode          absolute x
    opCode        5F
    PC            0x00001450
    CHILD NODE [line 579]
        type typeCon
        IsPC  0
        value 0x00006D34


ExConstant  [line 580]
NODE [line 580]
    type typeCon
    IsPC  0
    value 0x00006D34

ExOpCode  [line 580]
NODE [line 580]
    type typeOpCode
    instruction   sre
    mode          absolute x
    opCode        5F
    PC            0x00001453
    CHILD NODE [line 580]
        type typeCon
        IsPC  0
        value 0x00006D34


ExConstant  [line 581]
NODE [line 581]
    type typeCon
    IsPC  0
    value 0x0000751D

ExOpCode  [line 581]
NODE [line 581]
    type typeOpCode
    instruction   sre
    mode          absolute y
    opCode        5B
    PC            0x00001456
    CHILD NODE [line 581]
        type typeCon
        IsPC  0
        value 0x0000751D


ExConstant  [line 582]
NODE [line 582]
    type typeCon
    IsPC  0
    value 0x0000751D

ExOpCode  [line 582]
NODE [line 582]
    type typeOpCode
    instruction   sre
    mode          absolute y
    opCode        5B
    PC            0x00001459
    CHILD NODE [line 582]
        type typeCon
        IsPC  0
        value 0x0000751D


ExOprEqu  [line 586]
NODE [line 586]
    type typeOpr
    opr '='
    CHILD NODE [line 586]
        type typeId
        name __rra
        i    (nil)

    CHILD NODE [line 586]
        type typeCon
        IsPC  1     PC = 0000145C
        value 0x0000145C


ExConstant  [line 587]
NODE [line 587]
    type typeCon
    IsPC  0
    value 0x000000D1

ExOpCode  [line 587]
NODE [line 587]
    type typeOpCode
    instruction   rra
    mode          zero page
    opCode        67
    PC            0x0000145C
    CHILD NODE [line 587]
        type typeCon
        IsPC  0
        value 0x000000D1


ExConstant  [line 588]
NODE [line 588]
    type typeCon
    IsPC  0
    value 0x000000D1

ExOpCode  [line 588]
NODE [line 588]
    type typeOpCode
    instruction   rra
    mode          zero page
    opCode        67
    PC            0x0000145E
    CHILD NODE [line 588]
        type typeCon
        IsPC  0
        value 0x000000D1


ExConstant  [line 589]
NODE [line 589]
    type typeCon
    IsPC  0
    value 0x00000041

ExOpCode  [line 589]
NODE [line 589]
    type typeOpCode
    instruction   rra
    mode          zero page x
    opCode        77
    PC            0x00001460
    CHILD NODE [line 589]
        type typeCon
        IsPC  0
        value 0x00000041


ExConstant  [line 590]
NODE [line 590]
    type typeCon
    IsPC  0
    value 0x00000041

ExOpCode  [line 590]
NODE [line 590]
    type typeOpCode
    instruction   rra
    mode          zero page x
    opCode        77
    PC            0x00001462
    CHILD NODE [line 590]
        type typeCon
        IsPC  0
        value 0x00000041


ExConstant  [line 591]
NODE [line 591]
    type typeCon
    IsPC  0
    value 0x00000006

ExOpCode  [line 591]
NODE [line 591]
    type typeOpCode
    instruction   rra
    mode          zero page indirect x
    opCode        63
    PC            0x00001464
    CHILD NODE [line 591]
        type typeCon
        IsPC  0
        value 0x00000006


ExConstant  [line 592]
NODE [line 592]
    type typeCon
    IsPC  0
    value 0x00000006

ExOpCode  [line 592]
NODE [line 592]
    type typeOpCode
    instruction   rra
    mode          zero page indirect x
    opCode        63
    PC            0x00001466
    CHILD NODE [line 592]
        type typeCon
        IsPC  0
        value 0x00000006


ExConstant  [line 593]
NODE [line 593]
    type typeCon
    IsPC  0
    value 0x00000097

ExOpCode  [line 593]
NODE [line 593]
    type typeOpCode
    instruction   rra
    mode          zero page indirect y
    opCode        73
    PC            0x00001468
    CHILD NODE [line 593]
        type typeCon
        IsPC  0
        value 0x00000097


ExConstant  [line 594]
NODE [line 594]
    type typeCon
    IsPC  0
    value 0x00000097

ExOpCode  [line 594]
NODE [line 594]
    type typeOpCode
    instruction   rra
    mode          zero page indirect y
    opCode        73
    PC            0x0000146A
    CHILD NODE [line 594]
        type typeCon
        IsPC  0
        value 0x00000097


ExConstant  [line 595]
NODE [line 595]
    type typeCon
    IsPC  0
    value 0x0000F34C

ExOpCode  [line 595]
NODE [line 595]
    type typeOpCode
    instruction   rra
    mode          absolute
    opCode        6F
    PC            0x0000146C
    CHILD NODE [line 595]
        type typeCon
        IsPC  0
        value 0x0000F34C


ExConstant  [line 596]
NODE [line 596]
    type typeCon
    IsPC  0
    value 0x0000F34C

ExOpCode  [line 596]
NODE [line 596]
    type typeOpCode
    instruction   rra
    mode          absolute
    opCode        6F
    PC            0x0000146F
    CHILD NODE [line 596]
        type typeCon
        IsPC  0
        value 0x0000F34C


ExConstant  [line 597]
NODE [line 597]
    type typeCon
    IsPC  0
    value 0x0000FD01

ExOpCode  [line 597]
NODE [line 597]
    type typeOpCode
    instruction   rra
    mode          absolute x
    opCode        7F
    PC            0x00001472
    CHILD NODE [line 597]
        type typeCon
        IsPC  0
        value 0x0000FD01


ExConstant  [line 598]
NODE [line 598]
    type typeCon
    IsPC  0
    value 0x0000FD01

ExOpCode  [line 598]
NODE [line 598]
    type typeOpCode
    instruction   rra
    mode          absolute x
    opCode        7F
    PC            0x00001475
    CHILD NODE [line 598]
        type typeCon
        IsPC  0
        value 0x0000FD01


ExConstant  [line 599]
NODE [line 599]
    type typeCon
    IsPC  0
    value 0x00000625

ExOpCode  [line 599]
NODE [line 599]
    type typeOpCode
    instruction   rra
    mode          absolute y
    opCode        7B
    PC            0x00001478
    CHILD NODE [line 599]
        type typeCon
        IsPC  0
        value 0x00000625


ExConstant  [line 600]
NODE [line 600]
    type typeCon
    IsPC  0
    value 0x00000625

ExOpCode  [line 600]
NODE [line 600]
    type typeOpCode
    instruction   rra
    mode          absolute y
    opCode        7B
    PC            0x0000147B
    CHILD NODE [line 600]
        type typeCon
        IsPC  0
        value 0x00000625


ExOprEqu  [line 604]
NODE [line 604]
    type typeOpr
    opr '='
    CHILD NODE [line 604]
        type typeId
        name __sax
        i    (nil)

    CHILD NODE [line 604]
        type typeCon
        IsPC  1     PC = 0000147E
        value 0x0000147E


ExConstant  [line 605]
NODE [line 605]
    type typeCon
    IsPC  0
    value 0x000000FC

ExOpCode  [line 605]
NODE [line 605]
    type typeOpCode
    instruction   sax
    mode          zero page
    opCode        87
    PC            0x0000147E
    CHILD NODE [line 605]
        type typeCon
        IsPC  0
        value 0x000000FC


ExConstant  [line 606]
NODE [line 606]
    type typeCon
    IsPC  0
    value 0x000000FC

ExOpCode  [line 606]
NODE [line 606]
    type typeOpCode
    instruction   sax
    mode          zero page
    opCode        87
    PC            0x00001480
    CHILD NODE [line 606]
        type typeCon
        IsPC  0
        value 0x000000FC


ExConstant  [line 607]
NODE [line 607]
    type typeCon
    IsPC  0
    value 0x000000C5

ExOpCode  [line 607]
NODE [line 607]
    type typeOpCode
    instruction   sax
    mode          zero page y
    opCode        97
    PC            0x00001482
    CHILD NODE [line 607]
        type typeCon
        IsPC  0
        value 0x000000C5


ExConstant  [line 608]
NODE [line 608]
    type typeCon
    IsPC  0
    value 0x000000C5

ExOpCode  [line 608]
NODE [line 608]
    type typeOpCode
    instruction   sax
    mode          zero page y
    opCode        97
    PC            0x00001484
    CHILD NODE [line 608]
        type typeCon
        IsPC  0
        value 0x000000C5


ExConstant  [line 609]
NODE [line 609]
    type typeCon
    IsPC  0
    value 0x000000C8

ExOpCode  [line 609]
NODE [line 609]
    type typeOpCode
    instruction   sax
    mode          zero page indirect x
    opCode        83
    PC            0x00001486
    CHILD NODE [line 609]
        type typeCon
        IsPC  0
        value 0x000000C8


ExConstant  [line 610]
NODE [line 610]
    type typeCon
    IsPC  0
    value 0x000000C8

ExOpCode  [line 610]
NODE [line 610]
    type typeOpCode
    instruction   sax
    mode          zero page indirect x
    opCode        83
    PC            0x00001488
    CHILD NODE [line 610]
        type typeCon
        IsPC  0
        value 0x000000C8


ExConstant  [line 611]
NODE [line 611]
    type typeCon
    IsPC  0
    value 0x00000CA4

ExOpCode  [line 611]
NODE [line 611]
    type typeOpCode
    instruction   sax
    mode          absolute
    opCode        8F
    PC            0x0000148A
    CHILD NODE [line 611]
        type typeCon
        IsPC  0
        value 0x00000CA4


ExConstant  [line 612]
NODE [line 612]
    type typeCon
    IsPC  0
    value 0x00000CA4

ExOpCode  [line 612]
NODE [line 612]
    type typeOpCode
    instruction   sax
    mode          absolute
    opCode        8F
    PC            0x0000148D
    CHILD NODE [line 612]
        type typeCon
        IsPC  0
        value 0x00000CA4


ExOprEqu  [line 616]
NODE [line 616]
    type typeOpr
    opr '='
    CHILD NODE [line 616]
        type typeId
        name __lax
        i    (nil)

    CHILD NODE [line 616]
        type typeCon
        IsPC  1     PC = 00001490
        value 0x00001490


ExConstant  [line 617]
NODE [line 617]
    type typeCon
    IsPC  0
    value 0x00000041

ExOpCode  [line 617]
NODE [line 617]
    type typeOpCode
    instruction   lax
    mode          zero page
    opCode        A7
    PC            0x00001490
    CHILD NODE [line 617]
        type typeCon
        IsPC  0
        value 0x00000041


ExConstant  [line 618]
NODE [line 618]
    type typeCon
    IsPC  0
    value 0x00000041

ExOpCode  [line 618]
NODE [line 618]
    type typeOpCode
    instruction   lax
    mode          zero page
    opCode        A7
    PC            0x00001492
    CHILD NODE [line 618]
        type typeCon
        IsPC  0
        value 0x00000041


ExConstant  [line 619]
NODE [line 619]
    type typeCon
    IsPC  0
    value 0x00000094

ExOpCode  [line 619]
NODE [line 619]
    type typeOpCode
    instruction   lax
    mode          zero page y
    opCode        B7
    PC            0x00001494
    CHILD NODE [line 619]
        type typeCon
        IsPC  0
        value 0x00000094


ExConstant  [line 620]
NODE [line 620]
    type typeCon
    IsPC  0
    value 0x00000094

ExOpCode  [line 620]
NODE [line 620]
    type typeOpCode
    instruction   lax
    mode          zero page y
    opCode        B7
    PC            0x00001496
    CHILD NODE [line 620]
        type typeCon
        IsPC  0
        value 0x00000094


ExConstant  [line 621]
NODE [line 621]
    type typeCon
    IsPC  0
    value 0x000000A5

ExOpCode  [line 621]
NODE [line 621]
    type typeOpCode
    instruction   lax
    mode          zero page indirect x
    opCode        A3
    PC            0x00001498
    CHILD NODE [line 621]
        type typeCon
        IsPC  0
        value 0x000000A5


ExConstant  [line 622]
NODE [line 622]
    type typeCon
    IsPC  0
    value 0x000000A5

ExOpCode  [line 622]
NODE [line 622]
    type typeOpCode
    instruction   lax
    mode          zero page indirect x
    opCode        A3
    PC            0x0000149A
    CHILD NODE [line 622]
        type typeCon
        IsPC  0
        value 0x000000A5


ExConstant  [line 623]
NODE [line 623]
    type typeCon
    IsPC  0
    value 0x00000096

ExOpCode  [line 623]
NODE [line 623]
    type typeOpCode
    instruction   lax
    mode          zero page indirect y
    opCode        B3
    PC            0x0000149C
    CHILD NODE [line 623]
        type typeCon
        IsPC  0
        value 0x00000096


ExConstant  [line 624]
NODE [line 624]
    type typeCon
    IsPC  0
    value 0x00000096

ExOpCode  [line 624]
NODE [line 624]
    type typeOpCode
    instruction   lax
    mode          zero page indirect y
    opCode        B3
    PC            0x0000149E
    CHILD NODE [line 624]
        type typeCon
        IsPC  0
        value 0x00000096


ExConstant  [line 625]
NODE [line 625]
    type typeCon
    IsPC  0
    value 0x0000DA65

ExOpCode  [line 625]
NODE [line 625]
    type typeOpCode
    instruction   lax
    mode          absolute
    opCode        AF
    PC            0x000014A0
    CHILD NODE [line 625]
        type typeCon
        IsPC  0
        value 0x0000DA65


ExConstant  [line 626]
NODE [line 626]
    type typeCon
    IsPC  0
    value 0x0000DA65

ExOpCode  [line 626]
NODE [line 626]
    type typeOpCode
    instruction   lax
    mode          absolute
    opCode        AF
    PC            0x000014A3
    CHILD NODE [line 626]
        type typeCon
        IsPC  0
        value 0x0000DA65


ExConstant  [line 627]
NODE [line 627]
    type typeCon
    IsPC  0
    value 0x0000EE4D

ExOpCode  [line 627]
NODE [line 627]
    type typeOpCode
    instruction   lax
    mode          absolute y
    opCode        BF
    PC            0x000014A6
    CHILD NODE [line 627]
        type typeCon
        IsPC  0
        value 0x0000EE4D


ExConstant  [line 628]
NODE [line 628]
    type typeCon
    IsPC  0
    value 0x0000EE4D

ExOpCode  [line 628]
NODE [line 628]
    type typeOpCode
    instruction   lax
    mode          absolute y
    opCode        BF
    PC            0x000014A9
    CHILD NODE [line 628]
        type typeCon
        IsPC  0
        value 0x0000EE4D


ExOprEqu  [line 632]
NODE [line 632]
    type typeOpr
    opr '='
    CHILD NODE [line 632]
        type typeId
        name __dcp
        i    (nil)

    CHILD NODE [line 632]
        type typeCon
        IsPC  1     PC = 000014AC
        value 0x000014AC


ExConstant  [line 633]
NODE [line 633]
    type typeCon
    IsPC  0
    value 0x000000AF

ExOpCode  [line 633]
NODE [line 633]
    type typeOpCode
    instruction   dcp
    mode          zero page
    opCode        C7
    PC            0x000014AC
    CHILD NODE [line 633]
        type typeCon
        IsPC  0
        value 0x000000AF


ExConstant  [line 634]
NODE [line 634]
    type typeCon
    IsPC  0
    value 0x000000AF

ExOpCode  [line 634]
NODE [line 634]
    type typeOpCode
    instruction   dcp
    mode          zero page
    opCode        C7
    PC            0x000014AE
    CHILD NODE [line 634]
        type typeCon
        IsPC  0
        value 0x000000AF


ExConstant  [line 635]
NODE [line 635]
    type typeCon
    IsPC  0
    value 0x0000009E

ExOpCode  [line 635]
NODE [line 635]
    type typeOpCode
    instruction   dcp
    mode          zero page x
    opCode        D7
    PC            0x000014B0
    CHILD NODE [line 635]
        type typeCon
        IsPC  0
        value 0x0000009E


ExConstant  [line 636]
NODE [line 636]
    type typeCon
    IsPC  0
    value 0x0000009E

ExOpCode  [line 636]
NODE [line 636]
    type typeOpCode
    instruction   dcp
    mode          zero page x
    opCode        D7
    PC            0x000014B2
    CHILD NODE [line 636]
        type typeCon
        IsPC  0
        value 0x0000009E


ExConstant  [line 637]
NODE [line 637]
    type typeCon
    IsPC  0
    value 0x000000AF

ExOpCode  [line 637]
NODE [line 637]
    type typeOpCode
    instruction   dcp
    mode          zero page indirect x
    opCode        C3
    PC            0x000014B4
    CHILD NODE [line 637]
        type typeCon
        IsPC  0
        value 0x000000AF


ExConstant  [line 638]
NODE [line 638]
    type typeCon
    IsPC  0
    value 0x000000AF

ExOpCode  [line 638]
NODE [line 638]
    type typeOpCode
    instruction   dcp
    mode          zero page indirect x
    opCode        C3
    PC            0x000014B6
    CHILD NODE [line 638]
        type typeCon
        IsPC  0
        value 0x000000AF


ExConstant  [line 639]
NODE [line 639]
    type typeCon
    IsPC  0
    value 0x00000045

ExOpCode  [line 639]
NODE [line 639]
    type typeOpCode
    instruction   dcp
    mode          zero page indirect y
    opCode        D3
    PC            0x000014B8
    CHILD NODE [line 639]
        type typeCon
        IsPC  0
        value 0x00000045


ExConstant  [line 640]
NODE [line 640]
    type typeCon
    IsPC  0
    value 0x00000045

ExOpCode  [line 640]
NODE [line 640]
    type typeOpCode
    instruction   dcp
    mode          zero page indirect y
    opCode        D3
    PC            0x000014BA
    CHILD NODE [line 640]
        type typeCon
        IsPC  0
        value 0x00000045


ExConstant  [line 641]
NODE [line 641]
    type typeCon
    IsPC  0
    value 0x0000CBD3

ExOpCode  [line 641]
NODE [line 641]
    type typeOpCode
    instruction   dcp
    mode          absolute
    opCode        CF
    PC            0x000014BC
    CHILD NODE [line 641]
        type typeCon
        IsPC  0
        value 0x0000CBD3


ExConstant  [line 642]
NODE [line 642]
    type typeCon
    IsPC  0
    value 0x0000CBD3

ExOpCode  [line 642]
NODE [line 642]
    type typeOpCode
    instruction   dcp
    mode          absolute
    opCode        CF
    PC            0x000014BF
    CHILD NODE [line 642]
        type typeCon
        IsPC  0
        value 0x0000CBD3


ExConstant  [line 643]
NODE [line 643]
    type typeCon
    IsPC  0
    value 0x0000D99D

ExOpCode  [line 643]
NODE [line 643]
    type typeOpCode
    instruction   dcp
    mode          absolute x
    opCode        DF
    PC            0x000014C2
    CHILD NODE [line 643]
        type typeCon
        IsPC  0
        value 0x0000D99D


ExConstant  [line 644]
NODE [line 644]
    type typeCon
    IsPC  0
    value 0x0000D99D

ExOpCode  [line 644]
NODE [line 644]
    type typeOpCode
    instruction   dcp
    mode          absolute x
    opCode        DF
    PC            0x000014C5
    CHILD NODE [line 644]
        type typeCon
        IsPC  0
        value 0x0000D99D


ExConstant  [line 645]
NODE [line 645]
    type typeCon
    IsPC  0
    value 0x0000FB43

ExOpCode  [line 645]
NODE [line 645]
    type typeOpCode
    instruction   dcp
    mode          absolute y
    opCode        DB
    PC            0x000014C8
    CHILD NODE [line 645]
        type typeCon
        IsPC  0
        value 0x0000FB43


ExConstant  [line 646]
NODE [line 646]
    type typeCon
    IsPC  0
    value 0x0000FB43

ExOpCode  [line 646]
NODE [line 646]
    type typeOpCode
    instruction   dcp
    mode          absolute y
    opCode        DB
    PC            0x000014CB
    CHILD NODE [line 646]
        type typeCon
        IsPC  0
        value 0x0000FB43


ExOprEqu  [line 650]
NODE [line 650]
    type typeOpr
    opr '='
    CHILD NODE [line 650]
        type typeId
        name __isc
        i    (nil)

    CHILD NODE [line 650]
        type typeCon
        IsPC  1     PC = 000014CE
        value 0x000014CE


ExConstant  [line 651]
NODE [line 651]
    type typeCon
    IsPC  0
    value 0x000000FC

ExOpCode  [line 651]
NODE [line 651]
    type typeOpCode
    instruction   isc
    mode          zero page
    opCode        E7
    PC            0x000014CE
    CHILD NODE [line 651]
        type typeCon
        IsPC  0
        value 0x000000FC


ExConstant  [line 652]
NODE [line 652]
    type typeCon
    IsPC  0
    value 0x000000FC

ExOpCode  [line 652]
NODE [line 652]
    type typeOpCode
    instruction   isc
    mode          zero page
    opCode        E7
    PC            0x000014D0
    CHILD NODE [line 652]
        type typeCon
        IsPC  0
        value 0x000000FC


ExConstant  [line 653]
NODE [line 653]
    type typeCon
    IsPC  0
    value 0x00000074

ExOpCode  [line 653]
NODE [line 653]
    type typeOpCode
    instruction   isc
    mode          zero page x
    opCode        F7
    PC            0x000014D2
    CHILD NODE [line 653]
        type typeCon
        IsPC  0
        value 0x00000074


ExConstant  [line 654]
NODE [line 654]
    type typeCon
    IsPC  0
    value 0x00000074

ExOpCode  [line 654]
NODE [line 654]
    type typeOpCode
    instruction   isc
    mode          zero page x
    opCode        F7
    PC            0x000014D4
    CHILD NODE [line 654]
        type typeCon
        IsPC  0
        value 0x00000074


ExConstant  [line 655]
NODE [line 655]
    type typeCon
    IsPC  0
    value 0x00000053

ExOpCode  [line 655]
NODE [line 655]
    type typeOpCode
    instruction   isc
    mode          zero page indirect x
    opCode        E3
    PC            0x000014D6
    CHILD NODE [line 655]
        type typeCon
        IsPC  0
        value 0x00000053


ExConstant  [line 656]
NODE [line 656]
    type typeCon
    IsPC  0
    value 0x00000053

ExOpCode  [line 656]
NODE [line 656]
    type typeOpCode
    instruction   isc
    mode          zero page indirect x
    opCode        E3
    PC            0x000014D8
    CHILD NODE [line 656]
        type typeCon
        IsPC  0
        value 0x00000053


ExConstant  [line 657]
NODE [line 657]
    type typeCon
    IsPC  0
    value 0x0000002E

ExOpCode  [line 657]
NODE [line 657]
    type typeOpCode
    instruction   isc
    mode          zero page indirect y
    opCode        F3
    PC            0x000014DA
    CHILD NODE [line 657]
        type typeCon
        IsPC  0
        value 0x0000002E


ExConstant  [line 658]
NODE [line 658]
    type typeCon
    IsPC  0
    value 0x0000002E

ExOpCode  [line 658]
NODE [line 658]
    type typeOpCode
    instruction   isc
    mode          zero page indirect y
    opCode        F3
    PC            0x000014DC
    CHILD NODE [line 658]
        type typeCon
        IsPC  0
        value 0x0000002E


ExConstant  [line 659]
NODE [line 659]
    type typeCon
    IsPC  0
    value 0x0000F269

ExOpCode  [line 659]
NODE [line 659]
    type typeOpCode
    instruction   isc
    mode          absolute
    opCode        EF
    PC            0x000014DE
    CHILD NODE [line 659]
        type typeCon
        IsPC  0
        value 0x0000F269


ExConstant  [line 660]
NODE [line 660]
    type typeCon
    IsPC  0
    value 0x0000F269

ExOpCode  [line 660]
NODE [line 660]
    type typeOpCode
    instruction   isc
    mode          absolute
    opCode        EF
    PC            0x000014E1
    CHILD NODE [line 660]
        type typeCon
        IsPC  0
        value 0x0000F269


ExConstant  [line 661]
NODE [line 661]
    type typeCon
    IsPC  0
    value 0x000021D0

ExOpCode  [line 661]
NODE [line 661]
    type typeOpCode
    instruction   isc
    mode          absolute x
    opCode        FF
    PC            0x000014E4
    CHILD NODE [line 661]
        type typeCon
        IsPC  0
        value 0x000021D0


ExConstant  [line 662]
NODE [line 662]
    type typeCon
    IsPC  0
    value 0x000021D0

ExOpCode  [line 662]
NODE [line 662]
    type typeOpCode
    instruction   isc
    mode          absolute x
    opCode        FF
    PC            0x000014E7
    CHILD NODE [line 662]
        type typeCon
        IsPC  0
        value 0x000021D0


ExConstant  [line 663]
NODE [line 663]
    type typeCon
    IsPC  0
    value 0x00009AD9

ExOpCode  [line 663]
NODE [line 663]
    type typeOpCode
    instruction   isc
    mode          absolute y
    opCode        FB
    PC            0x000014EA
    CHILD NODE [line 663]
        type typeCon
        IsPC  0
        value 0x00009AD9


ExConstant  [line 664]
NODE [line 664]
    type typeCon
    IsPC  0
    value 0x00009AD9

ExOpCode  [line 664]
NODE [line 664]
    type typeOpCode
    instruction   isc
    mode          absolute y
    opCode        FB
    PC            0x000014ED
    CHILD NODE [line 664]
        type typeCon
        IsPC  0
        value 0x00009AD9


ExOprEqu  [line 668]
NODE [line 668]
    type typeOpr
    opr '='
    CHILD NODE [line 668]
        type typeId
        name __anc
        i    (nil)

    CHILD NODE [line 668]
        type typeCon
        IsPC  1     PC = 000014F0
        value 0x000014F0


ExConstant  [line 669]
NODE [line 669]
    type typeCon
    IsPC  0
    value 0x00000063

ExOpCode  [line 669]
NODE [line 669]
    type typeOpCode
    instruction   anc
    mode          immediate
    opCode        0B
    PC            0x000014F0
    CHILD NODE [line 669]
        type typeCon
        IsPC  0
        value 0x00000063


ExConstant  [line 670]
NODE [line 670]
    type typeCon
    IsPC  0
    value 0x00000063

ExOpCode  [line 670]
NODE [line 670]
    type typeOpCode
    instruction   anc
    mode          immediate
    opCode        0B
    PC            0x000014F2
    CHILD NODE [line 670]
        type typeCon
        IsPC  0
        value 0x00000063


ExOprEqu  [line 674]
NODE [line 674]
    type typeOpr
    opr '='
    CHILD NODE [line 674]
        type typeId
        name __anc2
        i    (nil)

    CHILD NODE [line 674]
        type typeCon
        IsPC  1     PC = 000014F4
        value 0x000014F4


ExConstant  [line 675]
NODE [line 675]
    type typeCon
    IsPC  0
    value 0x0000002E

ExOpCode  [line 675]
NODE [line 675]
    type typeOpCode
    instruction   anc2
    mode          immediate
    opCode        2B
    PC            0x000014F4
    CHILD NODE [line 675]
        type typeCon
        IsPC  0
        value 0x0000002E


ExConstant  [line 676]
NODE [line 676]
    type typeCon
    IsPC  0
    value 0x0000002E

ExOpCode  [line 676]
NODE [line 676]
    type typeOpCode
    instruction   anc2
    mode          immediate
    opCode        2B
    PC            0x000014F6
    CHILD NODE [line 676]
        type typeCon
        IsPC  0
        value 0x0000002E


ExOprEqu  [line 680]
NODE [line 680]
    type typeOpr
    opr '='
    CHILD NODE [line 680]
        type typeId
        name __alr
        i    (nil)

    CHILD NODE [line 680]
        type typeCon
        IsPC  1     PC = 000014F8
        value 0x000014F8


ExConstant  [line 681]
NODE [line 681]
    type typeCon
    IsPC  0
    value 0x0000006B

ExOpCode  [line 681]
NODE [line 681]
    type typeOpCode
    instruction   alr
    mode          immediate
    opCode        4B
    PC            0x000014F8
    CHILD NODE [line 681]
        type typeCon
        IsPC  0
        value 0x0000006B


ExConstant  [line 682]
NODE [line 682]
    type typeCon
    IsPC  0
    value 0x0000006B

ExOpCode  [line 682]
NODE [line 682]
    type typeOpCode
    instruction   alr
    mode          immediate
    opCode        4B
    PC            0x000014FA
    CHILD NODE [line 682]
        type typeCon
        IsPC  0
        value 0x0000006B


ExOprEqu  [line 686]
NODE [line 686]
    type typeOpr
    opr '='
    CHILD NODE [line 686]
        type typeId
        name __arr
        i    (nil)

    CHILD NODE [line 686]
        type typeCon
        IsPC  1     PC = 000014FC
        value 0x000014FC


ExConstant  [line 687]
NODE [line 687]
    type typeCon
    IsPC  0
    value 0x00000045

ExOpCode  [line 687]
NODE [line 687]
    type typeOpCode
    instruction   arr
    mode          immediate
    opCode        6B
    PC            0x000014FC
    CHILD NODE [line 687]
        type typeCon
        IsPC  0
        value 0x00000045


ExConstant  [line 688]
NODE [line 688]
    type typeCon
    IsPC  0
    value 0x00000045

ExOpCode  [line 688]
NODE [line 688]
    type typeOpCode
    instruction   arr
    mode          immediate
    opCode        6B
    PC            0x000014FE
    CHILD NODE [line 688]
        type typeCon
        IsPC  0
        value 0x00000045


ExOprEqu  [line 692]
NODE [line 692]
    type typeOpr
    opr '='
    CHILD NODE [line 692]
        type typeId
        name __xaa
        i    (nil)

    CHILD NODE [line 692]
        type typeCon
        IsPC  1     PC = 00001500
        value 0x00001500


ExConstant  [line 693]
NODE [line 693]
    type typeCon
    IsPC  0
    value 0x0000007B

ExOpCode  [line 693]
NODE [line 693]
    type typeOpCode
    instruction   xaa
    mode          immediate
    opCode        8B
    PC            0x00001500
    CHILD NODE [line 693]
        type typeCon
        IsPC  0
        value 0x0000007B


ExConstant  [line 694]
NODE [line 694]
    type typeCon
    IsPC  0
    value 0x0000007B

ExOpCode  [line 694]
NODE [line 694]
    type typeOpCode
    instruction   xaa
    mode          immediate
    opCode        8B
    PC            0x00001502
    CHILD NODE [line 694]
        type typeCon
        IsPC  0
        value 0x0000007B


ExOprEqu  [line 698]
NODE [line 698]
    type typeOpr
    opr '='
    CHILD NODE [line 698]
        type typeId
        name __lax2
        i    (nil)

    CHILD NODE [line 698]
        type typeCon
        IsPC  1     PC = 00001504
        value 0x00001504


ExConstant  [line 699]
NODE [line 699]
    type typeCon
    IsPC  0
    value 0x000000C4

ExOpCode  [line 699]
NODE [line 699]
    type typeOpCode
    instruction   lax2
    mode          immediate
    opCode        AB
    PC            0x00001504
    CHILD NODE [line 699]
        type typeCon
        IsPC  0
        value 0x000000C4


ExConstant  [line 700]
NODE [line 700]
    type typeCon
    IsPC  0
    value 0x000000C4

ExOpCode  [line 700]
NODE [line 700]
    type typeOpCode
    instruction   lax2
    mode          immediate
    opCode        AB
    PC            0x00001506
    CHILD NODE [line 700]
        type typeCon
        IsPC  0
        value 0x000000C4


ExOprEqu  [line 704]
NODE [line 704]
    type typeOpr
    opr '='
    CHILD NODE [line 704]
        type typeId
        name __axs
        i    (nil)

    CHILD NODE [line 704]
        type typeCon
        IsPC  1     PC = 00001508
        value 0x00001508


ExConstant  [line 705]
NODE [line 705]
    type typeCon
    IsPC  0
    value 0x00000022

ExOpCode  [line 705]
NODE [line 705]
    type typeOpCode
    instruction   axs
    mode          immediate
    opCode        CB
    PC            0x00001508
    CHILD NODE [line 705]
        type typeCon
        IsPC  0
        value 0x00000022


ExConstant  [line 706]
NODE [line 706]
    type typeCon
    IsPC  0
    value 0x00000022

ExOpCode  [line 706]
NODE [line 706]
    type typeOpCode
    instruction   axs
    mode          immediate
    opCode        CB
    PC            0x0000150A
    CHILD NODE [line 706]
        type typeCon
        IsPC  0
        value 0x00000022


ExOprEqu  [line 710]
NODE [line 710]
    type typeOpr
    opr '='
    CHILD NODE [line 710]
        type typeId
        name __sbc2
        i    (nil)

    CHILD NODE [line 710]
        type typeCon
        IsPC  1     PC = 0000150C
        value 0x0000150C


ExConstant  [line 711]
NODE [line 711]
    type typeCon
    IsPC  0
    value 0x000000F2

ExOpCode  [line 711]
NODE [line 711]
    type typeOpCode
    instruction   sbc2
    mode          immediate
    opCode        EB
    PC            0x0000150C
    CHILD NODE [line 711]
        type typeCon
        IsPC  0
        value 0x000000F2


ExConstant  [line 712]
NODE [line 712]
    type typeCon
    IsPC  0
    value 0x000000F2

ExOpCode  [line 712]
NODE [line 712]
    type typeOpCode
    instruction   sbc2
    mode          immediate
    opCode        EB
    PC            0x0000150E
    CHILD NODE [line 712]
        type typeCon
        IsPC  0
        value 0x000000F2


ExOprEqu  [line 716]
NODE [line 716]
    type typeOpr
    opr '='
    CHILD NODE [line 716]
        type typeId
        name __ahx
        i    (nil)

    CHILD NODE [line 716]
        type typeCon
        IsPC  1     PC = 00001510
        value 0x00001510


ExConstant  [line 717]
NODE [line 717]
    type typeCon
    IsPC  0
    value 0x00000084

ExOpCode  [line 717]
NODE [line 717]
    type typeOpCode
    instruction   ahx
    mode          zero page indirect y
    opCode        93
    PC            0x00001510
    CHILD NODE [line 717]
        type typeCon
        IsPC  0
        value 0x00000084


ExConstant  [line 718]
NODE [line 718]
    type typeCon
    IsPC  0
    value 0x00000084

ExOpCode  [line 718]
NODE [line 718]
    type typeOpCode
    instruction   ahx
    mode          zero page indirect y
    opCode        93
    PC            0x00001512
    CHILD NODE [line 718]
        type typeCon
        IsPC  0
        value 0x00000084


ExConstant  [line 719]
NODE [line 719]
    type typeCon
    IsPC  0
    value 0x0000087F

ExOpCode  [line 719]
NODE [line 719]
    type typeOpCode
    instruction   ahx
    mode          absolute y
    opCode        9F
    PC            0x00001514
    CHILD NODE [line 719]
        type typeCon
        IsPC  0
        value 0x0000087F


ExConstant  [line 720]
NODE [line 720]
    type typeCon
    IsPC  0
    value 0x0000087F

ExOpCode  [line 720]
NODE [line 720]
    type typeOpCode
    instruction   ahx
    mode          absolute y
    opCode        9F
    PC            0x00001517
    CHILD NODE [line 720]
        type typeCon
        IsPC  0
        value 0x0000087F


ExOprEqu  [line 724]
NODE [line 724]
    type typeOpr
    opr '='
    CHILD NODE [line 724]
        type typeId
        name __shy
        i    (nil)

    CHILD NODE [line 724]
        type typeCon
        IsPC  1     PC = 0000151A
        value 0x0000151A


ExConstant  [line 725]
NODE [line 725]
    type typeCon
    IsPC  0
    value 0x00004619

ExOpCode  [line 725]
NODE [line 725]
    type typeOpCode
    instruction   shy
    mode          absolute x
    opCode        9C
    PC            0x0000151A
    CHILD NODE [line 725]
        type typeCon
        IsPC  0
        value 0x00004619


ExConstant  [line 726]
NODE [line 726]
    type typeCon
    IsPC  0
    value 0x00004619

ExOpCode  [line 726]
NODE [line 726]
    type typeOpCode
    instruction   shy
    mode          absolute x
    opCode        9C
    PC            0x0000151D
    CHILD NODE [line 726]
        type typeCon
        IsPC  0
        value 0x00004619


ExOprEqu  [line 730]
NODE [line 730]
    type typeOpr
    opr '='
    CHILD NODE [line 730]
        type typeId
        name __shx
        i    (nil)

    CHILD NODE [line 730]
        type typeCon
        IsPC  1     PC = 00001520
        value 0x00001520


ExConstant  [line 731]
NODE [line 731]
    type typeCon
    IsPC  0
    value 0x00005378

ExOpCode  [line 731]
NODE [line 731]
    type typeOpCode
    instruction   shx
    mode          absolute y
    opCode        9E
    PC            0x00001520
    CHILD NODE [line 731]
        type typeCon
        IsPC  0
        value 0x00005378


ExConstant  [line 732]
NODE [line 732]
    type typeCon
    IsPC  0
    value 0x00005378

ExOpCode  [line 732]
NODE [line 732]
    type typeOpCode
    instruction   shx
    mode          absolute y
    opCode        9E
    PC            0x00001523
    CHILD NODE [line 732]
        type typeCon
        IsPC  0
        value 0x00005378


ExOprEqu  [line 736]
NODE [line 736]
    type typeOpr
    opr '='
    CHILD NODE [line 736]
        type typeId
        name __tas
        i    (nil)

    CHILD NODE [line 736]
        type typeCon
        IsPC  1     PC = 00001526
        value 0x00001526


ExConstant  [line 737]
NODE [line 737]
    type typeCon
    IsPC  0
    value 0x0000D0F9

ExOpCode  [line 737]
NODE [line 737]
    type typeOpCode
    instruction   tas
    mode          absolute y
    opCode        9B
    PC            0x00001526
    CHILD NODE [line 737]
        type typeCon
        IsPC  0
        value 0x0000D0F9


ExConstant  [line 738]
NODE [line 738]
    type typeCon
    IsPC  0
    value 0x0000D0F9

ExOpCode  [line 738]
NODE [line 738]
    type typeOpCode
    instruction   tas
    mode          absolute y
    opCode        9B
    PC            0x00001529
    CHILD NODE [line 738]
        type typeCon
        IsPC  0
        value 0x0000D0F9


ExOprEqu  [line 742]
NODE [line 742]
    type typeOpr
    opr '='
    CHILD NODE [line 742]
        type typeId
        name __las
        i    (nil)

    CHILD NODE [line 742]
        type typeCon
        IsPC  1     PC = 0000152C
        value 0x0000152C


ExConstant  [line 743]
NODE [line 743]
    type typeCon
    IsPC  0
    value 0x000089B8

ExOpCode  [line 743]
NODE [line 743]
    type typeOpCode
    instruction   las
    mode          absolute y
    opCode        BB
    PC            0x0000152C
    CHILD NODE [line 743]
        type typeCon
        IsPC  0
        value 0x000089B8


ExConstant  [line 744]
NODE [line 744]
    type typeCon
    IsPC  0
    value 0x000089B8

ExOpCode  [line 744]
NODE [line 744]
    type typeOpCode
    instruction   las
    mode          absolute y
    opCode        BB
    PC            0x0000152F
    CHILD NODE [line 744]
        type typeCon
        IsPC  0
        value 0x000089B8


ExOprEqu  [line 749]
NODE [line 749]
    type typeOpr
    opr '='
    CHILD NODE [line 749]
        type typeId
        name __maxOpcode
        i    (nil)

    CHILD NODE [line 749]
        type typeCon
        IsPC  1     PC = 00001532
        value 0x00001532


ExData  [line 750]
NODE [line 750]
    type typeData
    size 1
    CHILD NODE [line 750]
        type typeOpr
        opr EXPRLIST
        CHILD NODE [line 750]
            type typeOpr
            opr EXPRLIST
            CHILD NODE [line 750]
                type typeStr
                allocated  "end
                len        0x00000003
                value end


        CHILD NODE [line 750]
            type typeCon
            IsPC  0
            value 0x00000000



ExOprVar  [line 754]
NODE [line 754]
    type typeOpr


ExSymbol  [line 759]
NODE [line 759]
    type typeId
    name aaa
    i    (nil)


ExSymbol  [line 770]
NODE [line 770]
    type typeId
    name bbb
    i    (nil)


ExOprFor  [line 775]
NODE [line 775]
    type typeOpr
    opr FOR
    CHILD NODE [line 775]
        type typeOpr
        opr '='
        CHILD NODE [line 775]
            type typeId
            name count
            i    (nil)

        CHILD NODE [line 775]
            type typeCon
            IsPC  0
            value 0x00000001

    CHILD NODE [line 775]
        type typeCon
        IsPC  0
        value 0x00000003
    CHILD NODE [line 775]
        type typeOpr
        opr STATEMENT
        CHILD NODE [line 775]
            type typeOpr
            opr STATEMENT
            CHILD NODE [line 775]
                type typeOpr
                opr STATEMENT
                CHILD NODE [line 775]
                    type typeOpr
                    opr STATEMENT
                    CHILD NODE [line 775]
                        type typeOpr
                        opr STATEMENT

                    CHILD NODE [line 775]
                        type typeOpr
                        opr '='
                        CHILD NODE [line 775]
                            type typeId
                            name aaa
                            i    (nil)

                        CHILD NODE [line 775]
                            type typeId
                            name count
                            i    (nil)



                CHILD NODE [line 775]
                    type typeOpr
                    opr STATEMENT


            CHILD NODE [line 775]
                type typeOpr
                opr WHILE
                CHILD NODE [line 775]
                    type typeOpr
                    opr '<'
                    CHILD NODE [line 775]
                        type typeId
                        name aaa
                        i    (nil)

                    CHILD NODE [line 775]
                        type typeCon
                        IsPC  0
                        value 0x00000006

                CHILD NODE [line 775]
                    type typeOpr
                    opr STATEMENT
                    CHILD NODE [line 775]
                        type typeOpr
                        opr STATEMENT
                        CHILD NODE [line 775]
                            type typeOpr
                            opr STATEMENT
                            CHILD NODE [line 775]
                                type typeOpr
                                opr STATEMENT
                                CHILD NODE [line 775]
                                    type typeOpr
                                    opr STATEMENT
                                    CHILD NODE [line 775]
                                        type typeOpr
                                        opr STATEMENT
                                        CHILD NODE [line 775]
                                            type typeOpr
                                            opr STATEMENT

                                        CHILD NODE [line 775]
                                            type typeOpr
                                            opr '='
                                            CHILD NODE [line 775]
                                                type typeId
                                                name aaa
                                                i    (nil)

                                            CHILD NODE [line 775]
                                                type typeOpr
                                                opr '+'
                                                CHILD NODE [line 775]
                                                    type typeId
                                                    name aaa
                                                    i    (nil)

                                                CHILD NODE [line 775]
                                                    type typeCon
                                                    IsPC  0
                                                    value 0x00000001



                                    CHILD NODE [line 775]
                                        type typeOpr
                                        opr STATEMENT


                                CHILD NODE [line 775]
                                    type typeOpCode
                                    instruction   ldx
                                    mode          immediate
                                    opCode        A2
                                    PC            0x00000000
                                    CHILD NODE [line 775]
                                        type typeId
                                        name aaa
                                        i    0x1842970
                                             fullname     aaa
                                             initialized  1
                                             value        0
                                             ismacroname  0
                                             ismacroparam 0
                                             isvar        1
                                             macroNode    (nil)
                                             section      NULL
                                             name         aaa



                            CHILD NODE [line 775]
                                type typeOpr
                                opr STATEMENT


                        CHILD NODE [line 775]
                            type typeOpr
                            opr IF
                            CHILD NODE [line 775]
                                type typeOpr
                                opr '>'
                                CHILD NODE [line 775]
                                    type typeId
                                    name aaa
                                    i    (nil)

                                CHILD NODE [line 775]
                                    type typeCon
                                    IsPC  0
                                    value 0x00000004

                            CHILD NODE [line 775]
                                type typeOpr
                                opr STATEMENT
                                CHILD NODE [line 775]
                                    type typeOpr
                                    opr STATEMENT
                                    CHILD NODE [line 775]
                                        type typeOpr
                                        opr STATEMENT
                                        CHILD NODE [line 775]
                                            type typeOpr
                                            opr STATEMENT
                                            CHILD NODE [line 775]
                                                type typeOpr
                                                opr STATEMENT
                                                CHILD NODE [line 775]
                                                    type typeOpr
                                                    opr STATEMENT

                                                CHILD NODE [line 775]
                                                    type typeOpr
                                                    opr STATEMENT


                                            CHILD NODE [line 775]
                                                type typeOpCode
                                                instruction   brk
                                                mode          implied
                                                opCode        00
                                                PC            0x00000000


                                        CHILD NODE [line 775]
                                            type typeOpr
                                            opr STATEMENT


                                    CHILD NODE [line 775]
                                        type typeOpCode
                                        instruction   brk
                                        mode          implied
                                        opCode        00
                                        PC            0x00000000


                                CHILD NODE [line 775]
                                    type typeOpr
                                    opr STATEMENT


                            CHILD NODE [line 775]
                                type typeOpr
                                opr STATEMENT
                                CHILD NODE [line 775]
                                    type typeOpr
                                    opr STATEMENT
                                    CHILD NODE [line 775]
                                        type typeOpr
                                        opr STATEMENT
                                        CHILD NODE [line 775]
                                            type typeOpr
                                            opr STATEMENT
                                            CHILD NODE [line 775]
                                                type typeOpr
                                                opr STATEMENT
                                                CHILD NODE [line 775]
                                                    type typeOpr
                                                    opr STATEMENT
                                                    CHILD NODE [line 775]
                                                        type typeOpr
                                                        opr STATEMENT
                                                        CHILD NODE [line 775]
                                                            type typeOpr
                                                            opr STATEMENT

                                                        CHILD NODE [line 775]
                                                            type typeOpr
                                                            opr STATEMENT


                                                    CHILD NODE [line 775]
                                                        type typeOpr
                                                        opr '='
                                                        CHILD NODE [line 775]
                                                            type typeId
                                                            name bbb
                                                            i    (nil)

                                                        CHILD NODE [line 775]
                                                            type typeCon
                                                            IsPC  0
                                                            value 0x00000000


                                                CHILD NODE [line 775]
                                                    type typeOpr
                                                    opr STATEMENT


                                            CHILD NODE [line 775]
                                                type typeOpr
                                                opr REPEAT
                                                CHILD NODE [line 775]
                                                    type typeOpr
                                                    opr STATEMENT
                                                    CHILD NODE [line 775]
                                                        type typeOpr
                                                        opr STATEMENT
                                                        CHILD NODE [line 775]
                                                            type typeOpr
                                                            opr STATEMENT
                                                            CHILD NODE [line 775]
                                                                type typeOpr
                                                                opr STATEMENT
                                                                CHILD NODE [line 775]
                                                                    type typeOpr
                                                                    opr STATEMENT

                                                                CHILD NODE [line 775]
                                                                    type typeOpCode
                                                                    instruction   nop
                                                                    mode          implied
                                                                    opCode        EA
                                                                    PC            0x00000000


                                                            CHILD NODE [line 775]
                                                                type typeOpr
                                                                opr STATEMENT


                                                        CHILD NODE [line 775]
                                                            type typeOpr
                                                            opr '='
                                                            CHILD NODE [line 775]
                                                                type typeId
                                                                name bbb
                                                                i    (nil)

                                                            CHILD NODE [line 775]
                                                                type typeOpr
                                                                opr '+'
                                                                CHILD NODE [line 775]
                                                                    type typeId
                                                                    name bbb
                                                                    i    (nil)

                                                                CHILD NODE [line 775]
                                                                    type typeCon
                                                                    IsPC  0
                                                                    value 0x00000002



                                                    CHILD NODE [line 775]
                                                        type typeOpr
                                                        opr STATEMENT


                                                CHILD NODE [line 775]
                                                    type typeOpr
                                                    opr '>'
                                                    CHILD NODE [line 775]
                                                        type typeId
                                                        name bbb
                                                        i    (nil)

                                                    CHILD NODE [line 775]
                                                        type typeCon
                                                        IsPC  0
                                                        value 0x00000006



                                        CHILD NODE [line 775]
                                            type typeOpr
                                            opr STATEMENT


                                    CHILD NODE [line 775]
                                        type typeOpr
                                        opr DO
                                        CHILD NODE [line 775]
                                            type typeOpr
                                            opr STATEMENT
                                            CHILD NODE [line 775]
                                                type typeOpr
                                                opr STATEMENT
                                                CHILD NODE [line 775]
                                                    type typeOpr
                                                    opr STATEMENT
                                                    CHILD NODE [line 775]
                                                        type typeOpr
                                                        opr STATEMENT
                                                        CHILD NODE [line 775]
                                                            type typeOpr
                                                            opr STATEMENT
                                                            CHILD NODE [line 775]
                                                                type typeOpr
                                                                opr STATEMENT

                                                            CHILD NODE [line 775]
                                                                type typeOpr
                                                                opr STATEMENT


                                                        CHILD NODE [line 775]
                                                            type typeOpCode
                                                            instruction   lda
                                                            mode          immediate
                                                            opCode        A9
                                                            PC            0x00000000
                                                            CHILD NODE [line 775]
                                                                type typeId
                                                                name bbb
                                                                i    0x1842a30
                                                                     fullname     bbb
                                                                     initialized  1
                                                                     value        0
                                                                     ismacroname  0
                                                                     ismacroparam 0
                                                                     isvar        1
                                                                     macroNode    (nil)
                                                                     section      NULL
                                                                     name         bbb



                                                    CHILD NODE [line 775]
                                                        type typeOpr
                                                        opr STATEMENT


                                                CHILD NODE [line 775]
                                                    type typeOpr
                                                    opr '='
                                                    CHILD NODE [line 775]
                                                        type typeId
                                                        name bbb
                                                        i    (nil)

                                                    CHILD NODE [line 775]
                                                        type typeOpr
                                                        opr '+'
                                                        CHILD NODE [line 775]
                                                            type typeId
                                                            name bbb
                                                            i    (nil)

                                                        CHILD NODE [line 775]
                                                            type typeCon
                                                            IsPC  0
                                                            value 0x00000005



                                            CHILD NODE [line 775]
                                                type typeOpr
                                                opr STATEMENT


                                        CHILD NODE [line 775]
                                            type typeOpr
                                            opr '<'
                                            CHILD NODE [line 775]
                                                type typeId
                                                name bbb
                                                i    (nil)

                                            CHILD NODE [line 775]
                                                type typeCon
                                                IsPC  0
                                                value 0x0000000F



                                CHILD NODE [line 775]
                                    type typeOpr
                                    opr STATEMENT




                    CHILD NODE [line 775]
                        type typeOpr
                        opr STATEMENT




        CHILD NODE [line 775]
            type typeOpr
            opr STATEMENT


    CHILD NODE [line 775]
        type typeId
        name count
        i    (nil)

    CHILD NODE [line 775]
        type typeCon
        IsPC  0
        value 0x00000002


ExOprMacroDefinition  [line 779]
NODE [line 779]
    type typeOpr
    opr MACRO
    CHILD NODE [line 779]
        type typeMacroId
        name macroNoParam
        i    (nil)

    CHILD NODE [line 779]
        type typeOpr
        opr STATEMENT
        CHILD NODE [line 779]
            type typeOpr
            opr STATEMENT
            CHILD NODE [line 779]
                type typeOpr
                opr STATEMENT
                CHILD NODE [line 779]
                    type typeOpr
                    opr STATEMENT

                CHILD NODE [line 779]
                    type typeOpr
                    opr STATEMENT


            CHILD NODE [line 779]
                type typeOpCode
                instruction   nop
                mode          implied
                opCode        EA
                PC            0x00000000


        CHILD NODE [line 779]
            type typeOpr
            opr STATEMENT




ExSymbol  [line 782]
NODE [line 782]
    type typeId
    name @0
    i    (nil)


ExSymbol  [line 783]
NODE [line 783]
    type typeId
    name @1
    i    (nil)


ExOprMacroDefinition  [line 787]
NODE [line 787]
    type typeOpr
    opr MACRO
    CHILD NODE [line 787]
        type typeMacroId
        name macroTest
        i    (nil)

    CHILD NODE [line 787]
        type typeOpr
        opr STATEMENT
        CHILD NODE [line 787]
            type typeOpr
            opr STATEMENT
            CHILD NODE [line 787]
                type typeOpr
                opr STATEMENT
                CHILD NODE [line 787]
                    type typeOpr
                    opr STATEMENT
                    CHILD NODE [line 787]
                        type typeOpr
                        opr STATEMENT
                        CHILD NODE [line 787]
                            type typeOpr
                            opr STATEMENT
                            CHILD NODE [line 787]
                                type typeOpr
                                opr STATEMENT
                                CHILD NODE [line 787]
                                    type typeOpr
                                    opr STATEMENT

                                CHILD NODE [line 787]
                                    type typeOpr
                                    opr STATEMENT


                            CHILD NODE [line 787]
                                type typeOpCode
                                instruction   lda
                                mode          absolute
                                opCode        AD
                                PC            0x00000000
                                CHILD NODE [line 787]
                                    type typeId
                                    name @0
                                    i    0x187f820
                                         fullname     @0
                                         initialized  1
                                         value        0
                                         ismacroname  0
                                         ismacroparam 1
                                         isvar        0
                                         macroNode    (nil)
                                         section      NULL
                                         name         @0



                        CHILD NODE [line 787]
                            type typeOpr
                            opr STATEMENT


                    CHILD NODE [line 787]
                        type typeOpCode
                        instruction   sta
                        mode          absolute
                        opCode        8D
                        PC            0x00000000
                        CHILD NODE [line 787]
                            type typeId
                            name @1
                            i    0x187fb10
                                 fullname     @1
                                 initialized  1
                                 value        49152
                                 ismacroname  0
                                 ismacroparam 1
                                 isvar        0
                                 macroNode    (nil)
                                 section      NULL
                                 name         @1



                CHILD NODE [line 787]
                    type typeOpr
                    opr STATEMENT


            CHILD NODE [line 787]
                type typeOpr
                opr IF
                CHILD NODE [line 787]
                    type typeOpr
                    opr LE
                    CHILD NODE [line 787]
                        type typeId
                        name @0
                        i    (nil)

                    CHILD NODE [line 787]
                        type typeId
                        name @2
                        i    (nil)


                CHILD NODE [line 787]
                    type typeOpr
                    opr STATEMENT
                    CHILD NODE [line 787]
                        type typeOpr
                        opr STATEMENT
                        CHILD NODE [line 787]
                            type typeOpr
                            opr STATEMENT
                            CHILD NODE [line 787]
                                type typeOpr
                                opr STATEMENT

                            CHILD NODE [line 787]
                                type typeOpr
                                opr STATEMENT


                        CHILD NODE [line 787]


                    CHILD NODE [line 787]
                        type typeOpr
                        opr STATEMENT




        CHILD NODE [line 787]
            type typeOpr
            opr STATEMENT




ExData  [line 789]
NODE [line 789]
    type typeData
    size 2
    CHILD NODE [line 789]
        type typeOpr
        opr EXPRLIST
        CHILD NODE [line 789]
            type typeStr
            allocated  "Hello World
            len        0x0000000B
            value Hello World




ExMacroExpansion  [line 791]
NODE [line 791]


ExOpCode  [line 792]
NODE [line 792]
    type typeOpCode
    instruction   rts
    mode          implied
    opCode        60
    PC            0x00001596


ExData  [line 794]
NODE [line 794]
    type typeData
    size 2
    CHILD NODE [line 794]
        type typeOpr
        opr EXPRLIST
        CHILD NODE [line 794]
            type typeCon
            IsPC  0
            value 0x0000FFF3



ExSymbol  [line 797]
NODE [line 797]
    type typeId
    name __ora
    i    (nil)


ExMacroExpansion  [line 800]
NODE [line 800]


ExOprSection  [line 802]
NODE [line 802]
    type typeOpr
    opr SECTION
    CHILD NODE [line 802]
        type typeId
        name end
        i    (nil)



ExOprEqu  [line 803]
NODE [line 803]
    type typeOpr
    opr '='
    CHILD NODE [line 803]
        type typeId
        name end
        i    (nil)

    CHILD NODE [line 803]
        type typeCon
        IsPC  1     PC = 0000159F
        value 0x0000159F


ExSymbol  [line 804]
NODE [line 804]
    type typeId
    name start
    i    (nil)


ExOpCode  [line 804]
NODE [line 804]
    type typeOpCode
    instruction   jmp
    mode          absolute
    opCode        4C
    PC            0x0000159F
    CHILD NODE [line 804]
        type typeId
        name start
        i    0x1847870
             fullname     start
             initialized  1
             value        4485
             ismacroname  0
             ismacroparam 0
             isvar        0
             macroNode    (nil)
             section      NULL
             name         start



ExOpCode  [line 805]
NODE [line 805]
    type typeOpCode
    instruction   rts
    mode          implied
    opCode        60
    PC            0x000015A2


ExOprSection  [line 806]
NODE [line 806]
    type typeOpr
    opr ENDSECTION


ExOprEqu  [line 809]
NODE [line 809]
    type typeOpr
    opr '='
    CHILD NODE [line 809]
        type typeId
        name end
        i    (nil)

    CHILD NODE [line 809]
        type typeCon
        IsPC  1     PC = 000015A3
        value 0x000015A3


                   loops: $100C                    here: $1097
                   start: $1185                 loadTAB: $1187
               LoadSLASH: $1189                   __ora: $1190
                   __and: $11B6                   __eor: $11DC
                   __adc: $1202                   __sbc: $1228
                   __cmp: $124E                   __cpx: $1274
                   __cpy: $1282                   __dec: $1290
                   __dex: $12A4                   __dey: $12A5
                   __inc: $12A6                   __inx: $12BA
                   __iny: $12BB                   __asl: $12BC
                   __rol: $12D2                   __lsr: $12E7
                   __ror: $12FC                   __lda: $1311
                   __sta: $1337                   __ldx: $1359
                   __stx: $1371                   __ldy: $137F
                   __sty: $1397                   __tax: $13A5
                   __txa: $13A6                   __tay: $13A7
                   __tya: $13A8                   __tsx: $13A9
                   __txs: $13AA                   __pla: $13AB
                   __pha: $13AC                   __plp: $13AD
                   __php: $13AE                   __bpl: $13AF
                   __bmi: $13B3                   __bvc: $13B7
                   __bvs: $13BB                   __bcc: $13BF
                   __bcs: $13C3                   __bne: $13C7
                   __beq: $13CB                   __brk: $13CF
                   __rti: $13D0                   __jsr: $13D1
                   __rts: $13D7                   __jmp: $13D8
                   __bit: $13E4                   __clc: $13EE
                   __sec: $13EF                   __cld: $13F0
                   __sed: $13F1                   __cli: $13F2
                   __sei: $13F3                   __clv: $13F4
                   __nop: $13F5                   __slo: $13F6
                   __rla: $1418                   __sre: $143A
                   __rra: $145C                   __sax: $147E
                   __lax: $1490                   __dcp: $14AC
                   __isc: $14CE                   __anc: $14F0
                  __anc2: $14F4                   __alr: $14F8
                   __arr: $14FC                   __xaa: $1500
                  __lax2: $1504                   __axs: $1508
                  __sbc2: $150C                   __ahx: $1510
                   __shy: $151A                   __shx: $1520
                   __tas: $1526                   __las: $152C
             __maxOpcode: $1532                 end.end: $159F
                     end: $15A3
PASS 4
Current File wintest.a
ExOprOrg  [line 3]
NODE [line 3]
    type typeOpr
    opr ORG
    CHILD NODE [line 3]
        type typeCon
        IsPC  0
        value 0x00001000


ExConstant  [line 5]
NODE [line 5]
    type typeCon
    IsPC  0
    value 0x00000009

ExOpCode  [line 5]
NODE [line 5]
    type typeOpCode
    instruction   lda
    mode          immediate
    opCode        A9
    PC            0x00001000
    CHILD NODE [line 5]
        type typeCon
        IsPC  0
        value 0x00000009


ExOprInclude  [line 9]
NODE [line 9]
    type typeOpr
    opr INC
    CHILD NODE [line 9]
        type typeStr
        allocated  "test.a
        len        0x00000006
        value test.a



ExConstant  [line 2]
NODE [line 2]
    type typeCon
    IsPC  0
    value 0x0000001A

ExOpCode  [line 2]
NODE [line 2]
    type typeOpCode
    instruction   ora
    mode          zero page x
    opCode        15
    PC            0x00001002
    CHILD NODE [line 2]
        type typeCon
        IsPC  0
        value 0x0000001A


ExConstant  [line 3]
NODE [line 3]
    type typeCon
    IsPC  0
    value 0x000000E5

ExOpCode  [line 3]
NODE [line 3]
    type typeOpCode
    instruction   ora
    mode          zero page indirect x
    opCode        01
    PC            0x00001004
    CHILD NODE [line 3]
        type typeCon
        IsPC  0
        value 0x000000E5


ExOpCode  [line 5]
NODE [line 5]
    type typeOpCode
    instruction   nop
    mode          implied
    opCode        EA
    PC            0x00001006


ExOpCode  [line 7]
NODE [line 7]
    type typeOpCode
    instruction   nop
    mode          implied
    opCode        EA
    PC            0x00001007


ExOpCode  [line 8]
NODE [line 8]
    type typeOpCode
    instruction   asl
    mode          implied
    opCode        0A
    PC            0x00001008


ExOprVar  [line 9]
NODE [line 9]
    type typeOpr


ExOprEqu  [line 12]
NODE [line 12]
    type typeOpr
    opr '='
    CHILD NODE [line 12]
        type typeId
        name aaa
        i    (nil)

    CHILD NODE [line 12]
        type typeCon
        IsPC  0
        value 0x00000001


ExOprEqu  [line 13]
NODE [line 13]
    type typeOpr
    opr '='
    CHILD NODE [line 13]
        type typeId
        name aaa
        i    (nil)

    CHILD NODE [line 13]
        type typeOpr
        opr '+'
        CHILD NODE [line 13]
            type typeId
            name aaa
            i    (nil)

        CHILD NODE [line 13]
            type typeCon
            IsPC  0
            value 0x00000001



ExSymbol  [line 14]
NODE [line 14]
    type typeId
    name aaa
    i    (nil)


ExOpCode  [line 14]
NODE [line 14]
    type typeOpCode
    instruction   lda
    mode          immediate
    opCode        A9
    PC            0x00001009
    CHILD NODE [line 14]
        type typeId
        name aaa
        i    0x1842970
             fullname     aaa
             initialized  1
             value        2
             ismacroname  0
             ismacroparam 0
             isvar        1
             macroNode    (nil)
             section      NULL
             name         aaa



ExOpCode  [line 15]
NODE [line 15]
    type typeOpCode
    instruction   brk
    mode          implied
    opCode        00
    PC            0x0000100B


ExOprEqu  [line 17]
NODE [line 17]
    type typeOpr
    opr '='
    CHILD NODE [line 17]
        type typeId
        name loops
        i    (nil)

    CHILD NODE [line 17]
        type typeCon
        IsPC  1     PC = 0000100C
        value 0x0000100C


ExSymbol  [line 24]
NODE [line 24]
    type typeId
    name aaa
    i    (nil)


ExOprWhile  [line 37]
NODE [line 37]
    type typeOpr
    opr WHILE
    CHILD NODE [line 37]
        type typeOpr
        opr '<'
        CHILD NODE [line 37]
            type typeId
            name aaa
            i    (nil)

        CHILD NODE [line 37]
            type typeCon
            IsPC  0
            value 0x0000000A

    CHILD NODE [line 37]
        type typeOpr
        opr STATEMENT
        CHILD NODE [line 37]
            type typeOpr
            opr STATEMENT
            CHILD NODE [line 37]
                type typeOpr
                opr STATEMENT
                CHILD NODE [line 37]
                    type typeOpr
                    opr STATEMENT
                    CHILD NODE [line 37]
                        type typeOpr
                        opr STATEMENT
                        CHILD NODE [line 37]
                            type typeOpr
                            opr STATEMENT
                            CHILD NODE [line 37]
                                type typeOpr
                                opr STATEMENT
                                CHILD NODE [line 37]
                                    type typeOpr
                                    opr STATEMENT
                                    CHILD NODE [line 37]
                                        type typeOpr
                                        opr STATEMENT
                                        CHILD NODE [line 37]
                                            type typeOpr
                                            opr STATEMENT
                                            CHILD NODE [line 37]
                                                type typeOpr
                                                opr STATEMENT

                                            CHILD NODE [line 37]
                                                type typeOpr
                                                opr STATEMENT


                                        CHILD NODE [line 37]
                                            type typeOpr
                                            opr STATEMENT


                                    CHILD NODE [line 37]
                                        type typeOpr
                                        opr '='
                                        CHILD NODE [line 37]
                                            type typeId
                                            name aaa
                                            i    (nil)

                                        CHILD NODE [line 37]
                                            type typeOpr
                                            opr '+'
                                            CHILD NODE [line 37]
                                                type typeId
                                                name aaa
                                                i    (nil)

                                            CHILD NODE [line 37]
                                                type typeCon
                                                IsPC  0
                                                value 0x00000001



                                CHILD NODE [line 37]
                                    type typeOpr
                                    opr STATEMENT


                            CHILD NODE [line 37]
                                type typeOpCode
                                instruction   ldx
                                mode          immediate
                                opCode        A2
                                PC            0x00000000
                                CHILD NODE [line 37]
                                    type typeId
                                    name aaa
                                    i    0x1842970
                                         fullname     aaa
                                         initialized  1
                                         value        2
                                         ismacroname  0
                                         ismacroparam 0
                                         isvar        1
                                         macroNode    (nil)
                                         section      NULL
                                         name         aaa



                        CHILD NODE [line 37]
                            type typeOpr
                            opr STATEMENT


                    CHILD NODE [line 37]
                        type typeOpr
                        opr STATEMENT


                CHILD NODE [line 37]
                    type typeOpr
                    opr STATEMENT


            CHILD NODE [line 37]
                type typeOpr
                opr IF
                CHILD NODE [line 37]
                    type typeOpr
                    opr '>'
                    CHILD NODE [line 37]
                        type typeId
                        name aaa
                        i    (nil)

                    CHILD NODE [line 37]
                        type typeCon
                        IsPC  0
                        value 0x00000006

                CHILD NODE [line 37]
                    type typeOpr
                    opr STATEMENT
                    CHILD NODE [line 37]
                        type typeOpr
                        opr STATEMENT
                        CHILD NODE [line 37]
                            type typeOpr
                            opr STATEMENT
                            CHILD NODE [line 37]
                                type typeOpr
                                opr STATEMENT
                                CHILD NODE [line 37]
                                    type typeOpr
                                    opr STATEMENT
                                    CHILD NODE [line 37]
                                        type typeOpr
                                        opr STATEMENT
                                        CHILD NODE [line 37]
                                            type typeOpr
                                            opr STATEMENT
                                            CHILD NODE [line 37]
                                                type typeOpr
                                                opr STATEMENT

                                            CHILD NODE [line 37]
                                                type typeOpr
                                                opr STATEMENT


                                        CHILD NODE [line 37]
                                            type typeOpCode
                                            instruction   brk
                                            mode          implied
                                            opCode        00
                                            PC            0x00000000


                                    CHILD NODE [line 37]
                                        type typeOpr
                                        opr STATEMENT


                                CHILD NODE [line 37]
                                    type typeOpCode
                                    instruction   brk
                                    mode          implied
                                    opCode        00
                                    PC            0x00000000


                            CHILD NODE [line 37]
                                type typeOpr
                                opr STATEMENT


                        CHILD NODE [line 37]
                            type typeOpCode
                            instruction   brk
                            mode          implied
                            opCode        00
                            PC            0x00000000


                    CHILD NODE [line 37]
                        type typeOpr
                        opr STATEMENT


                CHILD NODE [line 37]
                    type typeOpr
                    opr STATEMENT
                    CHILD NODE [line 37]
                        type typeOpr
                        opr STATEMENT
                        CHILD NODE [line 37]
                            type typeOpr
                            opr STATEMENT
                            CHILD NODE [line 37]
                                type typeOpr
                                opr STATEMENT
                                CHILD NODE [line 37]
                                    type typeOpr
                                    opr STATEMENT
                                    CHILD NODE [line 37]
                                        type typeOpr
                                        opr STATEMENT

                                    CHILD NODE [line 37]
                                        type typeOpr
                                        opr STATEMENT


                                CHILD NODE [line 37]
                                    type typeOpr
                                    opr '='
                                    CHILD NODE [line 37]
                                        type typeId
                                        name bbb
                                        i    (nil)

                                    CHILD NODE [line 37]
                                        type typeCon
                                        IsPC  0
                                        value 0x00000000


                            CHILD NODE [line 37]
                                type typeOpr
                                opr STATEMENT


                        CHILD NODE [line 37]
                            type typeOpr
                            opr REPEAT
                            CHILD NODE [line 37]
                                type typeOpr
                                opr STATEMENT
                                CHILD NODE [line 37]
                                    type typeOpr
                                    opr STATEMENT
                                    CHILD NODE [line 37]
                                        type typeOpr
                                        opr STATEMENT
                                        CHILD NODE [line 37]
                                            type typeOpr
                                            opr STATEMENT
                                            CHILD NODE [line 37]
                                                type typeOpr
                                                opr STATEMENT

                                            CHILD NODE [line 37]
                                                type typeOpCode
                                                instruction   nop
                                                mode          implied
                                                opCode        EA
                                                PC            0x00000000


                                        CHILD NODE [line 37]
                                            type typeOpr
                                            opr STATEMENT


                                    CHILD NODE [line 37]
                                        type typeOpr
                                        opr '='
                                        CHILD NODE [line 37]
                                            type typeId
                                            name bbb
                                            i    (nil)

                                        CHILD NODE [line 37]
                                            type typeOpr
                                            opr '+'
                                            CHILD NODE [line 37]
                                                type typeId
                                                name bbb
                                                i    (nil)

                                            CHILD NODE [line 37]
                                                type typeCon
                                                IsPC  0
                                                value 0x00000002



                                CHILD NODE [line 37]
                                    type typeOpr
                                    opr STATEMENT


                            CHILD NODE [line 37]
                                type typeOpr
                                opr '<'
                                CHILD NODE [line 37]
                                    type typeId
                                    name bbb
                                    i    (nil)

                                CHILD NODE [line 37]
                                    type typeCon
                                    IsPC  0
                                    value 0x00000006



                    CHILD NODE [line 37]
                        type typeOpr
                        opr STATEMENT




        CHILD NODE [line 37]
            type typeOpr
            opr STATEMENT




ExConstant  [line 39]
NODE [line 39]
    type typeCon
    IsPC  0
    value 0x00000001

ExOpCode  [line 39]
NODE [line 39]
    type typeOpCode
    instruction   ldx
    mode          immediate
    opCode        A2
    PC            0x0000102C
    CHILD NODE [line 39]
        type typeCon
        IsPC  0
        value 0x00000001


ExConstant  [line 40]
NODE [line 40]
    type typeCon
    IsPC  0
    value 0x00000035

ExOpCode  [line 40]
NODE [line 40]
    type typeOpCode
    instruction   ldy
    mode          immediate
    opCode        A0
    PC            0x0000102E
    CHILD NODE [line 40]
        type typeCon
        IsPC  0
        value 0x00000035


ExOpCode  [line 42]
NODE [line 42]
    type typeOpCode
    instruction   rts
    mode          implied
    opCode        60
    PC            0x00001030


ExOprInclude  [line 10]
NODE [line 10]
    type typeOpr
    opr INC
    CHILD NODE [line 10]
        type typeStr
        allocated  "branchtest.a
        len        0x0000000C
        value branchtest.a



ExOpCode  [line 0]
NODE [line 0]
    type typeOpCode
    instruction   nop
    mode          implied
    opCode        EA
    PC            0x00001031


ExSymbol  [line 2]
NODE [line 2]
    type typeId
    name +
    i    (nil)


ExOpCode  [line 2]
NODE [line 2]
    type typeOpCode
    instruction   beq
    mode          relative
    opCode        F0
    PC            0x00001032
    CHILD NODE [line 2]
        type typeId
        name +
        i    (nil)



ExOprEqu  [line 3]
NODE [line 3]
    type typeOpr
    opr '='
    CHILD NODE [line 3]
        type typeId
        name -
        i    (nil)

    CHILD NODE [line 3]
        type typeCon
        IsPC  1     PC = 00001034
        value 0x00001034


ExSymbol  [line 4]
NODE [line 4]
    type typeId
    name ++
    i    (nil)


ExOpCode  [line 4]
NODE [line 4]
    type typeOpCode
    instruction   lda
    mode          absolute y
    opCode        B9
    PC            0x00001034
    CHILD NODE [line 4]
        type typeId
        name ++
        i    (nil)



ExSymbol  [line 5]
NODE [line 5]
    type typeId
    name -
    i    (nil)


ExOpCode  [line 5]
NODE [line 5]
    type typeOpCode
    instruction   bne
    mode          relative
    opCode        D0
    PC            0x00001037
    CHILD NODE [line 5]
        type typeId
        name -
        i    (nil)



ExOpCode  [line 6]
NODE [line 6]
    type typeOpCode
    instruction   nop
    mode          implied
    opCode        EA
    PC            0x00001039


ExOprEqu  [line 7]
NODE [line 7]
    type typeOpr
    opr '='
    CHILD NODE [line 7]
        type typeId
        name -
        i    (nil)

    CHILD NODE [line 7]
        type typeCon
        IsPC  1     PC = 0000103A
        value 0x0000103A


ExSymbol  [line 8]
NODE [line 8]
    type typeId
    name -
    i    (nil)


ExOpCode  [line 8]
NODE [line 8]
    type typeOpCode
    instruction   bpl
    mode          relative
    opCode        10
    PC            0x0000103A
    CHILD NODE [line 8]
        type typeId
        name -
        i    (nil)



ExSymbol  [line 9]
NODE [line 9]
    type typeId
    name --
    i    (nil)


ExOpCode  [line 9]
NODE [line 9]
    type typeOpCode
    instruction   jmp
    mode          absolute i
    opCode        6C
    PC            0x0000103C
    CHILD NODE [line 9]
        type typeId
        name --
        i    (nil)



ExOpCode  [line 10]
NODE [line 10]
    type typeOpCode
    instruction   rts
    mode          implied
    opCode        60
    PC            0x0000103F


ExOprEqu  [line 12]
NODE [line 12]
    type typeOpr
    opr '='
    CHILD NODE [line 12]
        type typeId
        name +
        i    (nil)

    CHILD NODE [line 12]
        type typeCon
        IsPC  1     PC = 00001040
        value 0x00001040


ExOpCode  [line 13]
NODE [line 13]
    type typeOpCode
    instruction   rts
    mode          implied
    opCode        60
    PC            0x00001040


ExOprEqu  [line 14]
NODE [line 14]
    type typeOpr
    opr '='
    CHILD NODE [line 14]
        type typeId
        name +
        i    (nil)

    CHILD NODE [line 14]
        type typeCon
        IsPC  1     PC = 00001041
        value 0x00001041


ExOpCode  [line 15]
NODE [line 15]
    type typeOpCode
    instruction   nop
    mode          implied
    opCode        EA
    PC            0x00001041


ExOpCode  [line 16]
NODE [line 16]
    type typeOpCode
    instruction   nop
    mode          implied
    opCode        EA
    PC            0x00001042


ExOpCode  [line 17]
NODE [line 17]
    type typeOpCode
    instruction   rts
    mode          implied
    opCode        60
    PC            0x00001043


ExSymbol  [line 19]
NODE [line 19]
    type typeId
    name --
    i    (nil)


ExOpCode  [line 19]
NODE [line 19]
    type typeOpCode
    instruction   beq
    mode          relative
    opCode        F0
    PC            0x00001044
    CHILD NODE [line 19]
        type typeId
        name --
        i    (nil)



ExOprLoad  [line 11]
NODE [line 11]
    type typeOpr
    opr LOAD
    CHILD NODE [line 11]
        type typeStr
        allocated  "textfile.txt
        len        0x0000000C
        value textfile.txt



ExOprInclude  [line 12]
NODE [line 12]
    type typeOpr
    opr INC
    CHILD NODE [line 12]
        type typeStr
        allocated  "scripttest.a
        len        0x0000000C
        value scripttest.a



ExOprVar  [line 1]
NODE [line 1]
    type typeOpr


ExOprPlus  [line 4]
NODE [line 4]
    type typeOpr
    opr '+'
    CHILD NODE [line 4]
        type typeId
        name here
        i    (nil)

    CHILD NODE [line 4]
        type typeId
        name i
        i    (nil)



ExOprFor  [line 5]
NODE [line 5]
    type typeOpr
    opr FOR
    CHILD NODE [line 5]
        type typeOpr
        opr '='
        CHILD NODE [line 5]
            type typeId
            name i
            i    (nil)

        CHILD NODE [line 5]
            type typeCon
            IsPC  0
            value 0x0000000A

    CHILD NODE [line 5]
        type typeCon
        IsPC  0
        value 0x00000014
    CHILD NODE [line 5]
        type typeOpr
        opr STATEMENT
        CHILD NODE [line 5]
            type typeOpr
            opr STATEMENT
            CHILD NODE [line 5]
                type typeOpr
                opr STATEMENT

            CHILD NODE [line 5]
                type typeOpCode
                instruction   lda
                mode          absolute
                opCode        AD
                PC            0x00000000
                CHILD NODE [line 5]
                    type typeOpr
                    opr '+'
                    CHILD NODE [line 5]
                        type typeId
                        name here
                        i    0x1846880
                             fullname     here
                             initialized  1
                             value        4247
                             ismacroname  0
                             ismacroparam 0
                             isvar        0
                             macroNode    (nil)
                             section      NULL
                             name         here

                    CHILD NODE [line 5]
                        type typeId
                        name i
                        i    0x1846110
                             fullname     i
                             initialized  1
                             value        0
                             ismacroname  0
                             ismacroparam 0
                             isvar        1
                             macroNode    (nil)
                             section      NULL
                             name         i




        CHILD NODE [line 5]
            type typeOpr
            opr STATEMENT


    CHILD NODE [line 5]
        type typeId
        name i
        i    (nil)

    CHILD NODE [line 5]
        type typeCon
        IsPC  0
        value 0x00000002


ExOprPlus  [line 8]
NODE [line 8]
    type typeOpr
    opr '+'
    CHILD NODE [line 8]
        type typeId
        name i
        i    (nil)

    CHILD NODE [line 8]
        type typeCon
        IsPC  0
        value 0x00000001


ExOprRepeat  [line 10]
NODE [line 10]
    type typeOpr
    opr REPEAT
    CHILD NODE [line 10]
        type typeOpr
        opr STATEMENT
        CHILD NODE [line 10]
            type typeOpr
            opr STATEMENT
            CHILD NODE [line 10]
                type typeOpr
                opr STATEMENT
                CHILD NODE [line 10]
                    type typeOpr
                    opr STATEMENT
                    CHILD NODE [line 10]
                        type typeOpr
                        opr STATEMENT

                    CHILD NODE [line 10]
                        type typeOpCode
                        instruction   jsr
                        mode          absolute
                        opCode        20
                        PC            0x00000000
                        CHILD NODE [line 10]
                            type typeOpr
                            opr '+'
                            CHILD NODE [line 10]
                                type typeId
                                name i
                                i    0x1846110
                                     fullname     i
                                     initialized  1
                                     value        22
                                     ismacroname  0
                                     ismacroparam 0
                                     isvar        1
                                     macroNode    (nil)
                                     section      NULL
                                     name         i

                            CHILD NODE [line 10]
                                type typeCon
                                IsPC  0
                                value 0x00000001



                CHILD NODE [line 10]
                    type typeOpr
                    opr STATEMENT


            CHILD NODE [line 10]
                type typeOpr
                opr '='
                CHILD NODE [line 10]
                    type typeId
                    name i
                    i    (nil)

                CHILD NODE [line 10]
                    type typeOpr
                    opr '-'
                    CHILD NODE [line 10]
                        type typeId
                        name i
                        i    (nil)

                    CHILD NODE [line 10]
                        type typeCon
                        IsPC  0
                        value 0x00000002



        CHILD NODE [line 10]
            type typeOpr
            opr STATEMENT


    CHILD NODE [line 10]
        type typeOpr
        opr LE
        CHILD NODE [line 10]
            type typeId
            name i
            i    (nil)

        CHILD NODE [line 10]
            type typeCon
            IsPC  0
            value 0x0000000A



ExOprPlus  [line 13]
NODE [line 13]
    type typeOpr
    opr '+'
    CHILD NODE [line 13]
        type typeId
        name here
        i    (nil)

    CHILD NODE [line 13]
        type typeId
        name i
        i    (nil)



ExOprDo  [line 16]
NODE [line 16]
    type typeOpr
    opr DO
    CHILD NODE [line 16]
        type typeOpr
        opr STATEMENT
        CHILD NODE [line 16]
            type typeOpr
            opr STATEMENT
            CHILD NODE [line 16]
                type typeOpr
                opr STATEMENT
                CHILD NODE [line 16]
                    type typeOpr
                    opr STATEMENT
                    CHILD NODE [line 16]
                        type typeOpr
                        opr STATEMENT
                        CHILD NODE [line 16]
                            type typeOpr
                            opr STATEMENT
                            CHILD NODE [line 16]
                                type typeOpr
                                opr STATEMENT
                                CHILD NODE [line 16]
                                    type typeOpr
                                    opr STATEMENT

                                CHILD NODE [line 16]
                                    type typeOpr
                                    opr STATEMENT


                            CHILD NODE [line 16]
                                type typeOpCode
                                instruction   ldx
                                mode          absolute
                                opCode        AE
                                PC            0x00000000
                                CHILD NODE [line 16]
                                    type typeOpr
                                    opr '+'
                                    CHILD NODE [line 16]
                                        type typeId
                                        name here
                                        i    0x1846880
                                             fullname     here
                                             initialized  1
                                             value        4247
                                             ismacroname  0
                                             ismacroparam 0
                                             isvar        0
                                             macroNode    (nil)
                                             section      NULL
                                             name         here

                                    CHILD NODE [line 16]
                                        type typeId
                                        name i
                                        i    0x1846110
                                             fullname     i
                                             initialized  1
                                             value        10
                                             ismacroname  0
                                             ismacroparam 0
                                             isvar        1
                                             macroNode    (nil)
                                             section      NULL
                                             name         i




                        CHILD NODE [line 16]
                            type typeOpr
                            opr STATEMENT


                    CHILD NODE [line 16]
                        type typeOpCode
                        instruction   nop
                        mode          implied
                        opCode        EA
                        PC            0x00000000


                CHILD NODE [line 16]
                    type typeOpr
                    opr STATEMENT


            CHILD NODE [line 16]
                type typeOpr
                opr '='
                CHILD NODE [line 16]
                    type typeId
                    name i
                    i    (nil)

                CHILD NODE [line 16]
                    type typeOpr
                    opr '+'
                    CHILD NODE [line 16]
                        type typeId
                        name i
                        i    (nil)

                    CHILD NODE [line 16]
                        type typeCon
                        IsPC  0
                        value 0x00000002



        CHILD NODE [line 16]
            type typeOpr
            opr STATEMENT


    CHILD NODE [line 16]
        type typeOpr
        opr '<'
        CHILD NODE [line 16]
            type typeId
            name i
            i    (nil)

        CHILD NODE [line 16]
            type typeCon
            IsPC  0
            value 0x0000000A



ExOprEqu  [line 18]
NODE [line 18]
    type typeOpr
    opr '='
    CHILD NODE [line 18]
        type typeId
        name here
        i    (nil)

    CHILD NODE [line 18]
        type typeCon
        IsPC  1     PC = 00001097
        value 0x00001097


ExOpCode  [line 19]
NODE [line 19]
    type typeOpCode
    instruction   nop
    mode          implied
    opCode        EA
    PC            0x00001097


ExSymbol  [line 25]
NODE [line 25]
    type typeId
    name ii
    i    (nil)


ExSymbol  [line 30]
NODE [line 30]
    type typeId
    name jj
    i    (nil)


ExOprFor  [line 35]
NODE [line 35]
    type typeOpr
    opr FOR
    CHILD NODE [line 35]
        type typeOpr
        opr '='
        CHILD NODE [line 35]
            type typeId
            name i
            i    (nil)

        CHILD NODE [line 35]
            type typeCon
            IsPC  0
            value 0x00000001

    CHILD NODE [line 35]
        type typeCon
        IsPC  0
        value 0x0000000A
    CHILD NODE [line 35]
        type typeOpr
        opr STATEMENT
        CHILD NODE [line 35]
            type typeOpr
            opr STATEMENT
            CHILD NODE [line 35]
                type typeOpr
                opr STATEMENT
                CHILD NODE [line 35]
                    type typeOpr
                    opr STATEMENT
                    CHILD NODE [line 35]
                        type typeOpr
                        opr STATEMENT

                    CHILD NODE [line 35]
                        type typeOpr
                        opr '='
                        CHILD NODE [line 35]
                            type typeId
                            name ii
                            i    (nil)

                        CHILD NODE [line 35]
                            type typeCon
                            IsPC  0
                            value 0x00000000


                CHILD NODE [line 35]
                    type typeOpr
                    opr STATEMENT


            CHILD NODE [line 35]
                type typeOpr
                opr REPEAT
                CHILD NODE [line 35]
                    type typeOpr
                    opr STATEMENT
                    CHILD NODE [line 35]
                        type typeOpr
                        opr STATEMENT
                        CHILD NODE [line 35]
                            type typeOpr
                            opr STATEMENT
                            CHILD NODE [line 35]
                                type typeOpr
                                opr STATEMENT
                                CHILD NODE [line 35]
                                    type typeOpr
                                    opr STATEMENT
                                    CHILD NODE [line 35]
                                        type typeOpr
                                        opr STATEMENT
                                        CHILD NODE [line 35]
                                            type typeOpr
                                            opr STATEMENT
                                            CHILD NODE [line 35]
                                                type typeOpr
                                                opr STATEMENT
                                                CHILD NODE [line 35]
                                                    type typeOpr
                                                    opr STATEMENT
                                                    CHILD NODE [line 35]
                                                        type typeOpr
                                                        opr STATEMENT
                                                        CHILD NODE [line 35]
                                                            type typeOpr
                                                            opr STATEMENT

                                                        CHILD NODE [line 35]
                                                            type typeOpCode
                                                            instruction   jsr
                                                            mode          absolute
                                                            opCode        20
                                                            PC            0x00000000
                                                            CHILD NODE [line 35]
                                                                type typeId
                                                                name ii
                                                                i    0x18461d0
                                                                     fullname     ii
                                                                     initialized  1
                                                                     value        0
                                                                     ismacroname  0
                                                                     ismacroparam 0
                                                                     isvar        1
                                                                     macroNode    (nil)
                                                                     section      NULL
                                                                     name         ii



                                                    CHILD NODE [line 35]
                                                        type typeOpr
                                                        opr STATEMENT


                                                CHILD NODE [line 35]
                                                    type typeOpr
                                                    opr '='
                                                    CHILD NODE [line 35]
                                                        type typeId
                                                        name ii
                                                        i    (nil)

                                                    CHILD NODE [line 35]
                                                        type typeOpr
                                                        opr '-'
                                                        CHILD NODE [line 35]
                                                            type typeId
                                                            name ii
                                                            i    (nil)

                                                        CHILD NODE [line 35]
                                                            type typeCon
                                                            IsPC  0
                                                            value 0x00000002



                                            CHILD NODE [line 35]
                                                type typeOpr
                                                opr STATEMENT


                                        CHILD NODE [line 35]
                                            type typeOpr
                                            opr STATEMENT


                                    CHILD NODE [line 35]
                                        type typeOpr
                                        opr STATEMENT


                                CHILD NODE [line 35]
                                    type typeOpr
                                    opr '='
                                    CHILD NODE [line 35]
                                        type typeId
                                        name jj
                                        i    (nil)

                                    CHILD NODE [line 35]
                                        type typeCon
                                        IsPC  0
                                        value 0x00000000


                            CHILD NODE [line 35]
                                type typeOpr
                                opr STATEMENT


                        CHILD NODE [line 35]
                            type typeOpr
                            opr DO
                            CHILD NODE [line 35]
                                type typeOpr
                                opr STATEMENT
                                CHILD NODE [line 35]
                                    type typeOpr
                                    opr STATEMENT
                                    CHILD NODE [line 35]
                                        type typeOpr
                                        opr STATEMENT
                                        CHILD NODE [line 35]
                                            type typeOpr
                                            opr STATEMENT
                                            CHILD NODE [line 35]
                                                type typeOpr
                                                opr STATEMENT
                                                CHILD NODE [line 35]
                                                    type typeOpr
                                                    opr STATEMENT
                                                    CHILD NODE [line 35]
                                                        type typeOpr
                                                        opr STATEMENT
                                                        CHILD NODE [line 35]
                                                            type typeOpr
                                                            opr STATEMENT

                                                        CHILD NODE [line 35]
                                                            type typeOpr
                                                            opr STATEMENT


                                                    CHILD NODE [line 35]
                                                        type typeOpCode
                                                        instruction   jsr
                                                        mode          absolute
                                                        opCode        20
                                                        PC            0x00000000
                                                        CHILD NODE [line 35]
                                                            type typeId
                                                            name jj
                                                            i    0x1846290
                                                                 fullname     jj
                                                                 initialized  1
                                                                 value        0
                                                                 ismacroname  0
                                                                 ismacroparam 0
                                                                 isvar        1
                                                                 macroNode    (nil)
                                                                 section      NULL
                                                                 name         jj



                                                CHILD NODE [line 35]
                                                    type typeOpr
                                                    opr STATEMENT


                                            CHILD NODE [line 35]
                                                type typeOpCode
                                                instruction   nop
                                                mode          implied
                                                opCode        EA
                                                PC            0x00000000


                                        CHILD NODE [line 35]
                                            type typeOpr
                                            opr STATEMENT


                                    CHILD NODE [line 35]
                                        type typeOpr
                                        opr '='
                                        CHILD NODE [line 35]
                                            type typeId
                                            name jj
                                            i    (nil)

                                        CHILD NODE [line 35]
                                            type typeOpr
                                            opr '+'
                                            CHILD NODE [line 35]
                                                type typeId
                                                name jj
                                                i    (nil)

                                            CHILD NODE [line 35]
                                                type typeCon
                                                IsPC  0
                                                value 0x00000002



                                CHILD NODE [line 35]
                                    type typeOpr
                                    opr STATEMENT


                            CHILD NODE [line 35]
                                type typeOpr
                                opr '<'
                                CHILD NODE [line 35]
                                    type typeId
                                    name jj
                                    i    (nil)

                                CHILD NODE [line 35]
                                    type typeCon
                                    IsPC  0
                                    value 0x0000000A



                    CHILD NODE [line 35]
                        type typeOpr
                        opr STATEMENT


                CHILD NODE [line 35]
                    type typeOpr
                    opr LE
                    CHILD NODE [line 35]
                        type typeId
                        name ii
                        i    (nil)

                    CHILD NODE [line 35]
                        type typeCon
                        IsPC  0
                        value 0x0000000A



        CHILD NODE [line 35]
            type typeOpr
            opr STATEMENT


    CHILD NODE [line 35]
        type typeId
        name i
        i    (nil)



ExOprIf  [line 45]
NODE [line 45]
    type typeOpr
    opr IF
    CHILD NODE [line 45]
        type typeOpr
        opr '>'
        CHILD NODE [line 45]
            type typeId
            name i
            i    (nil)

        CHILD NODE [line 45]
            type typeCon
            IsPC  0
            value 0x00000000

    CHILD NODE [line 45]
        type typeOpr
        opr STATEMENT
        CHILD NODE [line 45]
            type typeOpr
            opr STATEMENT
            CHILD NODE [line 45]
                type typeOpr
                opr STATEMENT
                CHILD NODE [line 45]
                    type typeOpr
                    opr STATEMENT
                    CHILD NODE [line 45]
                        type typeOpr
                        opr STATEMENT
                        CHILD NODE [line 45]
                            type typeOpr
                            opr STATEMENT

                        CHILD NODE [line 45]
                            type typeOpr
                            opr STATEMENT


                    CHILD NODE [line 45]
                        type typeOpCode
                        instruction   nop
                        mode          implied
                        opCode        EA
                        PC            0x00000000


                CHILD NODE [line 45]
                    type typeOpr
                    opr STATEMENT


            CHILD NODE [line 45]
                type typeOpr
                opr WHILE
                CHILD NODE [line 45]
                    type typeOpr
                    opr '>'
                    CHILD NODE [line 45]
                        type typeId
                        name i
                        i    (nil)

                    CHILD NODE [line 45]
                        type typeCon
                        IsPC  0
                        value 0x00000001

                CHILD NODE [line 45]
                    type typeOpr
                    opr STATEMENT
                    CHILD NODE [line 45]
                        type typeOpr
                        opr STATEMENT
                        CHILD NODE [line 45]
                            type typeOpr
                            opr STATEMENT
                            CHILD NODE [line 45]
                                type typeOpr
                                opr STATEMENT
                                CHILD NODE [line 45]
                                    type typeOpr
                                    opr STATEMENT

                                CHILD NODE [line 45]
                                    type typeOpr
                                    opr DS
                                    CHILD NODE [line 45]
                                        type typeCon
                                        IsPC  0
                                        value 0x00000001


                            CHILD NODE [line 45]
                                type typeOpr
                                opr STATEMENT


                        CHILD NODE [line 45]
                            type typeOpr
                            opr '='
                            CHILD NODE [line 45]
                                type typeId
                                name i
                                i    (nil)

                            CHILD NODE [line 45]
                                type typeOpr
                                opr '-'
                                CHILD NODE [line 45]
                                    type typeId
                                    name i
                                    i    (nil)

                                CHILD NODE [line 45]
                                    type typeCon
                                    IsPC  0
                                    value 0x00000003



                    CHILD NODE [line 45]
                        type typeOpr
                        opr STATEMENT




        CHILD NODE [line 45]
            type typeOpr
            opr STATEMENT


    CHILD NODE [line 45]
        type typeOpr
        opr STATEMENT
        CHILD NODE [line 45]
            type typeOpr
            opr STATEMENT
            CHILD NODE [line 45]
                type typeOpr
                opr STATEMENT
                CHILD NODE [line 45]
                    type typeOpr
                    opr STATEMENT

                CHILD NODE [line 45]
                    type typeOpr
                    opr STATEMENT


            CHILD NODE [line 45]
                type typeOpCode
                instruction   brk
                mode          implied
                opCode        00
                PC            0x00000000


        CHILD NODE [line 45]
            type typeOpr
            opr STATEMENT




ExData  [line 46]
NODE [line 46]
    type typeData
    size 1
    CHILD NODE [line 46]
        type typeOpr
        opr EXPRLIST
        CHILD NODE [line 46]
            type typeCon
            IsPC  0
            value 0x00000064



ExOpCode  [line 48]
NODE [line 48]
    type typeOpCode
    instruction   brk
    mode          implied
    opCode        00
    PC            0x00001184


ExOprEqu  [line 19]
NODE [line 19]
    type typeOpr
    opr '='
    CHILD NODE [line 19]
        type typeId
        name start
        i    (nil)

    CHILD NODE [line 19]
        type typeCon
        IsPC  1     PC = 00001185
        value 0x00001185


ExOpCode  [line 20]
NODE [line 20]
    type typeOpCode
    instruction   phx
    mode          implied
    opCode        DA
    PC            0x00001185


ExOpCode  [line 21]
NODE [line 21]
    type typeOpCode
    instruction   phy
    mode          implied
    opCode        5A
    PC            0x00001186


ExOprEqu  [line 24]
NODE [line 24]
    type typeOpr
    opr '='
    CHILD NODE [line 24]
        type typeId
        name loadTAB
        i    (nil)

    CHILD NODE [line 24]
        type typeCon
        IsPC  1     PC = 00001187
        value 0x00001187


ExConstant  [line 25]
NODE [line 25]
    type typeCon
    IsPC  0
    value 0x00000009

ExOpCode  [line 25]
NODE [line 25]
    type typeOpCode
    instruction   lda
    mode          immediate
    opCode        A9
    PC            0x00001187
    CHILD NODE [line 25]
        type typeCon
        IsPC  0
        value 0x00000009


ExOprEqu  [line 26]
NODE [line 26]
    type typeOpr
    opr '='
    CHILD NODE [line 26]
        type typeId
        name LoadSLASH
        i    (nil)

    CHILD NODE [line 26]
        type typeCon
        IsPC  1     PC = 00001189
        value 0x00001189


ExConstant  [line 27]
NODE [line 27]
    type typeCon
    IsPC  0
    value 0x0000005C

ExOpCode  [line 27]
NODE [line 27]
    type typeOpCode
    instruction   lda
    mode          immediate
    opCode        A9
    PC            0x00001189
    CHILD NODE [line 27]
        type typeCon
        IsPC  0
        value 0x0000005C


ExSymbol  [line 30]
NODE [line 30]
    type typeId
    name end
    i    (nil)


ExOprEqu  [line 33]
NODE [line 33]
    type typeOpr
    opr '='
    CHILD NODE [line 33]
        type typeId
        name __ora
        i    (nil)

    CHILD NODE [line 33]
        type typeCon
        IsPC  1     PC = 00001190
        value 0x00001190


ExConstant  [line 34]
NODE [line 34]
    type typeCon
    IsPC  0
    value 0x00000016

ExOpCode  [line 34]
NODE [line 34]
    type typeOpCode
    instruction   ora
    mode          immediate
    opCode        09
    PC            0x00001190
    CHILD NODE [line 34]
        type typeCon
        IsPC  0
        value 0x00000016


ExConstant  [line 35]
NODE [line 35]
    type typeCon
    IsPC  0
    value 0x00000016

ExOpCode  [line 35]
NODE [line 35]
    type typeOpCode
    instruction   ora
    mode          immediate
    opCode        09
    PC            0x00001192
    CHILD NODE [line 35]
        type typeCon
        IsPC  0
        value 0x00000016


ExConstant  [line 36]
NODE [line 36]
    type typeCon
    IsPC  0
    value 0x000000B2

ExOpCode  [line 36]
NODE [line 36]
    type typeOpCode
    instruction   ora
    mode          zero page
    opCode        05
    PC            0x00001194
    CHILD NODE [line 36]
        type typeCon
        IsPC  0
        value 0x000000B2


ExConstant  [line 37]
NODE [line 37]
    type typeCon
    IsPC  0
    value 0x000000B2

ExOpCode  [line 37]
NODE [line 37]
    type typeOpCode
    instruction   ora
    mode          zero page
    opCode        05
    PC            0x00001196
    CHILD NODE [line 37]
        type typeCon
        IsPC  0
        value 0x000000B2


ExConstant  [line 38]
NODE [line 38]
    type typeCon
    IsPC  0
    value 0x0000001A

ExOpCode  [line 38]
NODE [line 38]
    type typeOpCode
    instruction   ora
    mode          zero page x
    opCode        15
    PC            0x00001198
    CHILD NODE [line 38]
        type typeCon
        IsPC  0
        value 0x0000001A


ExConstant  [line 39]
NODE [line 39]
    type typeCon
    IsPC  0
    value 0x0000001A

ExOpCode  [line 39]
NODE [line 39]
    type typeOpCode
    instruction   ora
    mode          zero page x
    opCode        15
    PC            0x0000119A
    CHILD NODE [line 39]
        type typeCon
        IsPC  0
        value 0x0000001A


ExConstant  [line 40]
NODE [line 40]
    type typeCon
    IsPC  0
    value 0x000000E5

ExOpCode  [line 40]
NODE [line 40]
    type typeOpCode
    instruction   ora
    mode          zero page indirect x
    opCode        01
    PC            0x0000119C
    CHILD NODE [line 40]
        type typeCon
        IsPC  0
        value 0x000000E5


ExConstant  [line 41]
NODE [line 41]
    type typeCon
    IsPC  0
    value 0x000000E5

ExOpCode  [line 41]
NODE [line 41]
    type typeOpCode
    instruction   ora
    mode          zero page indirect x
    opCode        01
    PC            0x0000119E
    CHILD NODE [line 41]
        type typeCon
        IsPC  0
        value 0x000000E5


ExConstant  [line 42]
NODE [line 42]
    type typeCon
    IsPC  0
    value 0x00000039

ExOpCode  [line 42]
NODE [line 42]
    type typeOpCode
    instruction   ora
    mode          zero page indirect y
    opCode        11
    PC            0x000011A0
    CHILD NODE [line 42]
        type typeCon
        IsPC  0
        value 0x00000039


ExConstant  [line 43]
NODE [line 43]
    type typeCon
    IsPC  0
    value 0x00000039

ExOpCode  [line 43]
NODE [line 43]
    type typeOpCode
    instruction   ora
    mode          zero page indirect y
    opCode        11
    PC            0x000011A2
    CHILD NODE [line 43]
        type typeCon
        IsPC  0
        value 0x00000039


ExConstant  [line 44]
NODE [line 44]
    type typeCon
    IsPC  0
    value 0x00007623

ExOpCode  [line 44]
NODE [line 44]
    type typeOpCode
    instruction   ora
    mode          absolute
    opCode        0D
    PC            0x000011A4
    CHILD NODE [line 44]
        type typeCon
        IsPC  0
        value 0x00007623


ExConstant  [line 45]
NODE [line 45]
    type typeCon
    IsPC  0
    value 0x00007623

ExOpCode  [line 45]
NODE [line 45]
    type typeOpCode
    instruction   ora
    mode          absolute
    opCode        0D
    PC            0x000011A7
    CHILD NODE [line 45]
        type typeCon
        IsPC  0
        value 0x00007623


ExConstant  [line 46]
NODE [line 46]
    type typeCon
    IsPC  0
    value 0x000065B2

ExOpCode  [line 46]
NODE [line 46]
    type typeOpCode
    instruction   ora
    mode          absolute x
    opCode        1D
    PC            0x000011AA
    CHILD NODE [line 46]
        type typeCon
        IsPC  0
        value 0x000065B2


ExConstant  [line 47]
NODE [line 47]
    type typeCon
    IsPC  0
    value 0x000065B2

ExOpCode  [line 47]
NODE [line 47]
    type typeOpCode
    instruction   ora
    mode          absolute x
    opCode        1D
    PC            0x000011AD
    CHILD NODE [line 47]
        type typeCon
        IsPC  0
        value 0x000065B2


ExConstant  [line 48]
NODE [line 48]
    type typeCon
    IsPC  0
    value 0x0000BE2C

ExOpCode  [line 48]
NODE [line 48]
    type typeOpCode
    instruction   ora
    mode          absolute y
    opCode        19
    PC            0x000011B0
    CHILD NODE [line 48]
        type typeCon
        IsPC  0
        value 0x0000BE2C


ExConstant  [line 49]
NODE [line 49]
    type typeCon
    IsPC  0
    value 0x0000BE2C

ExOpCode  [line 49]
NODE [line 49]
    type typeOpCode
    instruction   ora
    mode          absolute y
    opCode        19
    PC            0x000011B3
    CHILD NODE [line 49]
        type typeCon
        IsPC  0
        value 0x0000BE2C


ExOprEqu  [line 53]
NODE [line 53]
    type typeOpr
    opr '='
    CHILD NODE [line 53]
        type typeId
        name __and
        i    (nil)

    CHILD NODE [line 53]
        type typeCon
        IsPC  1     PC = 000011B6
        value 0x000011B6


ExConstant  [line 54]
NODE [line 54]
    type typeCon
    IsPC  0
    value 0x00000088

ExOpCode  [line 54]
NODE [line 54]
    type typeOpCode
    instruction   and
    mode          immediate
    opCode        29
    PC            0x000011B6
    CHILD NODE [line 54]
        type typeCon
        IsPC  0
        value 0x00000088


ExConstant  [line 55]
NODE [line 55]
    type typeCon
    IsPC  0
    value 0x00000088

ExOpCode  [line 55]
NODE [line 55]
    type typeOpCode
    instruction   and
    mode          immediate
    opCode        29
    PC            0x000011B8
    CHILD NODE [line 55]
        type typeCon
        IsPC  0
        value 0x00000088


ExConstant  [line 56]
NODE [line 56]
    type typeCon
    IsPC  0
    value 0x000000B7

ExOpCode  [line 56]
NODE [line 56]
    type typeOpCode
    instruction   and
    mode          zero page
    opCode        25
    PC            0x000011BA
    CHILD NODE [line 56]
        type typeCon
        IsPC  0
        value 0x000000B7


ExConstant  [line 57]
NODE [line 57]
    type typeCon
    IsPC  0
    value 0x000000B7

ExOpCode  [line 57]
NODE [line 57]
    type typeOpCode
    instruction   and
    mode          zero page
    opCode        25
    PC            0x000011BC
    CHILD NODE [line 57]
        type typeCon
        IsPC  0
        value 0x000000B7


ExConstant  [line 58]
NODE [line 58]
    type typeCon
    IsPC  0
    value 0x00000097

ExOpCode  [line 58]
NODE [line 58]
    type typeOpCode
    instruction   and
    mode          zero page x
    opCode        35
    PC            0x000011BE
    CHILD NODE [line 58]
        type typeCon
        IsPC  0
        value 0x00000097


ExConstant  [line 59]
NODE [line 59]
    type typeCon
    IsPC  0
    value 0x00000097

ExOpCode  [line 59]
NODE [line 59]
    type typeOpCode
    instruction   and
    mode          zero page x
    opCode        35
    PC            0x000011C0
    CHILD NODE [line 59]
        type typeCon
        IsPC  0
        value 0x00000097


ExConstant  [line 60]
NODE [line 60]
    type typeCon
    IsPC  0
    value 0x00000014

ExOpCode  [line 60]
NODE [line 60]
    type typeOpCode
    instruction   and
    mode          zero page indirect x
    opCode        21
    PC            0x000011C2
    CHILD NODE [line 60]
        type typeCon
        IsPC  0
        value 0x00000014


ExConstant  [line 61]
NODE [line 61]
    type typeCon
    IsPC  0
    value 0x00000014

ExOpCode  [line 61]
NODE [line 61]
    type typeOpCode
    instruction   and
    mode          zero page indirect x
    opCode        21
    PC            0x000011C4
    CHILD NODE [line 61]
        type typeCon
        IsPC  0
        value 0x00000014


ExConstant  [line 62]
NODE [line 62]
    type typeCon
    IsPC  0
    value 0x000000DB

ExOpCode  [line 62]
NODE [line 62]
    type typeOpCode
    instruction   and
    mode          zero page indirect y
    opCode        31
    PC            0x000011C6
    CHILD NODE [line 62]
        type typeCon
        IsPC  0
        value 0x000000DB


ExConstant  [line 63]
NODE [line 63]
    type typeCon
    IsPC  0
    value 0x000000DB

ExOpCode  [line 63]
NODE [line 63]
    type typeOpCode
    instruction   and
    mode          zero page indirect y
    opCode        31
    PC            0x000011C8
    CHILD NODE [line 63]
        type typeCon
        IsPC  0
        value 0x000000DB


ExConstant  [line 64]
NODE [line 64]
    type typeCon
    IsPC  0
    value 0x000018CC

ExOpCode  [line 64]
NODE [line 64]
    type typeOpCode
    instruction   and
    mode          absolute
    opCode        2D
    PC            0x000011CA
    CHILD NODE [line 64]
        type typeCon
        IsPC  0
        value 0x000018CC


ExConstant  [line 65]
NODE [line 65]
    type typeCon
    IsPC  0
    value 0x000018CC

ExOpCode  [line 65]
NODE [line 65]
    type typeOpCode
    instruction   and
    mode          absolute
    opCode        2D
    PC            0x000011CD
    CHILD NODE [line 65]
        type typeCon
        IsPC  0
        value 0x000018CC


ExConstant  [line 66]
NODE [line 66]
    type typeCon
    IsPC  0
    value 0x0000D2FF

ExOpCode  [line 66]
NODE [line 66]
    type typeOpCode
    instruction   and
    mode          absolute x
    opCode        3D
    PC            0x000011D0
    CHILD NODE [line 66]
        type typeCon
        IsPC  0
        value 0x0000D2FF


ExConstant  [line 67]
NODE [line 67]
    type typeCon
    IsPC  0
    value 0x0000D2FF

ExOpCode  [line 67]
NODE [line 67]
    type typeOpCode
    instruction   and
    mode          absolute x
    opCode        3D
    PC            0x000011D3
    CHILD NODE [line 67]
        type typeCon
        IsPC  0
        value 0x0000D2FF


ExConstant  [line 68]
NODE [line 68]
    type typeCon
    IsPC  0
    value 0x0000F41B

ExOpCode  [line 68]
NODE [line 68]
    type typeOpCode
    instruction   and
    mode          absolute y
    opCode        39
    PC            0x000011D6
    CHILD NODE [line 68]
        type typeCon
        IsPC  0
        value 0x0000F41B


ExConstant  [line 69]
NODE [line 69]
    type typeCon
    IsPC  0
    value 0x0000F41B

ExOpCode  [line 69]
NODE [line 69]
    type typeOpCode
    instruction   and
    mode          absolute y
    opCode        39
    PC            0x000011D9
    CHILD NODE [line 69]
        type typeCon
        IsPC  0
        value 0x0000F41B


ExOprEqu  [line 73]
NODE [line 73]
    type typeOpr
    opr '='
    CHILD NODE [line 73]
        type typeId
        name __eor
        i    (nil)

    CHILD NODE [line 73]
        type typeCon
        IsPC  1     PC = 000011DC
        value 0x000011DC


ExConstant  [line 74]
NODE [line 74]
    type typeCon
    IsPC  0
    value 0x00000033

ExOpCode  [line 74]
NODE [line 74]
    type typeOpCode
    instruction   eor
    mode          immediate
    opCode        49
    PC            0x000011DC
    CHILD NODE [line 74]
        type typeCon
        IsPC  0
        value 0x00000033


ExConstant  [line 75]
NODE [line 75]
    type typeCon
    IsPC  0
    value 0x00000033

ExOpCode  [line 75]
NODE [line 75]
    type typeOpCode
    instruction   eor
    mode          immediate
    opCode        49
    PC            0x000011DE
    CHILD NODE [line 75]
        type typeCon
        IsPC  0
        value 0x00000033


ExConstant  [line 76]
NODE [line 76]
    type typeCon
    IsPC  0
    value 0x00000017

ExOpCode  [line 76]
NODE [line 76]
    type typeOpCode
    instruction   eor
    mode          zero page
    opCode        45
    PC            0x000011E0
    CHILD NODE [line 76]
        type typeCon
        IsPC  0
        value 0x00000017


ExConstant  [line 77]
NODE [line 77]
    type typeCon
    IsPC  0
    value 0x00000017

ExOpCode  [line 77]
NODE [line 77]
    type typeOpCode
    instruction   eor
    mode          zero page
    opCode        45
    PC            0x000011E2
    CHILD NODE [line 77]
        type typeCon
        IsPC  0
        value 0x00000017


ExConstant  [line 78]
NODE [line 78]
    type typeCon
    IsPC  0
    value 0x000000F5

ExOpCode  [line 78]
NODE [line 78]
    type typeOpCode
    instruction   eor
    mode          zero page x
    opCode        55
    PC            0x000011E4
    CHILD NODE [line 78]
        type typeCon
        IsPC  0
        value 0x000000F5


ExConstant  [line 79]
NODE [line 79]
    type typeCon
    IsPC  0
    value 0x000000F5

ExOpCode  [line 79]
NODE [line 79]
    type typeOpCode
    instruction   eor
    mode          zero page x
    opCode        55
    PC            0x000011E6
    CHILD NODE [line 79]
        type typeCon
        IsPC  0
        value 0x000000F5


ExConstant  [line 80]
NODE [line 80]
    type typeCon
    IsPC  0
    value 0x000000D2

ExOpCode  [line 80]
NODE [line 80]
    type typeOpCode
    instruction   eor
    mode          zero page indirect x
    opCode        41
    PC            0x000011E8
    CHILD NODE [line 80]
        type typeCon
        IsPC  0
        value 0x000000D2


ExConstant  [line 81]
NODE [line 81]
    type typeCon
    IsPC  0
    value 0x000000D2

ExOpCode  [line 81]
NODE [line 81]
    type typeOpCode
    instruction   eor
    mode          zero page indirect x
    opCode        41
    PC            0x000011EA
    CHILD NODE [line 81]
        type typeCon
        IsPC  0
        value 0x000000D2


ExConstant  [line 82]
NODE [line 82]
    type typeCon
    IsPC  0
    value 0x00000072

ExOpCode  [line 82]
NODE [line 82]
    type typeOpCode
    instruction   eor
    mode          zero page indirect y
    opCode        51
    PC            0x000011EC
    CHILD NODE [line 82]
        type typeCon
        IsPC  0
        value 0x00000072


ExConstant  [line 83]
NODE [line 83]
    type typeCon
    IsPC  0
    value 0x00000072

ExOpCode  [line 83]
NODE [line 83]
    type typeOpCode
    instruction   eor
    mode          zero page indirect y
    opCode        51
    PC            0x000011EE
    CHILD NODE [line 83]
        type typeCon
        IsPC  0
        value 0x00000072


ExConstant  [line 84]
NODE [line 84]
    type typeCon
    IsPC  0
    value 0x00008505

ExOpCode  [line 84]
NODE [line 84]
    type typeOpCode
    instruction   eor
    mode          absolute
    opCode        4D
    PC            0x000011F0
    CHILD NODE [line 84]
        type typeCon
        IsPC  0
        value 0x00008505


ExConstant  [line 85]
NODE [line 85]
    type typeCon
    IsPC  0
    value 0x00008505

ExOpCode  [line 85]
NODE [line 85]
    type typeOpCode
    instruction   eor
    mode          absolute
    opCode        4D
    PC            0x000011F3
    CHILD NODE [line 85]
        type typeCon
        IsPC  0
        value 0x00008505


ExConstant  [line 86]
NODE [line 86]
    type typeCon
    IsPC  0
    value 0x00006E59

ExOpCode  [line 86]
NODE [line 86]
    type typeOpCode
    instruction   eor
    mode          absolute x
    opCode        5D
    PC            0x000011F6
    CHILD NODE [line 86]
        type typeCon
        IsPC  0
        value 0x00006E59


ExConstant  [line 87]
NODE [line 87]
    type typeCon
    IsPC  0
    value 0x00006E59

ExOpCode  [line 87]
NODE [line 87]
    type typeOpCode
    instruction   eor
    mode          absolute x
    opCode        5D
    PC            0x000011F9
    CHILD NODE [line 87]
        type typeCon
        IsPC  0
        value 0x00006E59


ExConstant  [line 88]
NODE [line 88]
    type typeCon
    IsPC  0
    value 0x0000FB77

ExOpCode  [line 88]
NODE [line 88]
    type typeOpCode
    instruction   eor
    mode          absolute y
    opCode        59
    PC            0x000011FC
    CHILD NODE [line 88]
        type typeCon
        IsPC  0
        value 0x0000FB77


ExConstant  [line 89]
NODE [line 89]
    type typeCon
    IsPC  0
    value 0x0000FB77

ExOpCode  [line 89]
NODE [line 89]
    type typeOpCode
    instruction   eor
    mode          absolute y
    opCode        59
    PC            0x000011FF
    CHILD NODE [line 89]
        type typeCon
        IsPC  0
        value 0x0000FB77


ExOprEqu  [line 93]
NODE [line 93]
    type typeOpr
    opr '='
    CHILD NODE [line 93]
        type typeId
        name __adc
        i    (nil)

    CHILD NODE [line 93]
        type typeCon
        IsPC  1     PC = 00001202
        value 0x00001202


ExConstant  [line 94]
NODE [line 94]
    type typeCon
    IsPC  0
    value 0x00000063

ExOpCode  [line 94]
NODE [line 94]
    type typeOpCode
    instruction   adc
    mode          immediate
    opCode        69
    PC            0x00001202
    CHILD NODE [line 94]
        type typeCon
        IsPC  0
        value 0x00000063


ExConstant  [line 95]
NODE [line 95]
    type typeCon
    IsPC  0
    value 0x00000063

ExOpCode  [line 95]
NODE [line 95]
    type typeOpCode
    instruction   adc
    mode          immediate
    opCode        69
    PC            0x00001204
    CHILD NODE [line 95]
        type typeCon
        IsPC  0
        value 0x00000063


ExConstant  [line 96]
NODE [line 96]
    type typeCon
    IsPC  0
    value 0x0000006F

ExOpCode  [line 96]
NODE [line 96]
    type typeOpCode
    instruction   adc
    mode          zero page
    opCode        65
    PC            0x00001206
    CHILD NODE [line 96]
        type typeCon
        IsPC  0
        value 0x0000006F


ExConstant  [line 97]
NODE [line 97]
    type typeCon
    IsPC  0
    value 0x0000006F

ExOpCode  [line 97]
NODE [line 97]
    type typeOpCode
    instruction   adc
    mode          zero page
    opCode        65
    PC            0x00001208
    CHILD NODE [line 97]
        type typeCon
        IsPC  0
        value 0x0000006F


ExConstant  [line 98]
NODE [line 98]
    type typeCon
    IsPC  0
    value 0x0000009D

ExOpCode  [line 98]
NODE [line 98]
    type typeOpCode
    instruction   adc
    mode          zero page x
    opCode        75
    PC            0x0000120A
    CHILD NODE [line 98]
        type typeCon
        IsPC  0
        value 0x0000009D


ExConstant  [line 99]
NODE [line 99]
    type typeCon
    IsPC  0
    value 0x0000009D

ExOpCode  [line 99]
NODE [line 99]
    type typeOpCode
    instruction   adc
    mode          zero page x
    opCode        75
    PC            0x0000120C
    CHILD NODE [line 99]
        type typeCon
        IsPC  0
        value 0x0000009D


ExConstant  [line 100]
NODE [line 100]
    type typeCon
    IsPC  0
    value 0x0000004A

ExOpCode  [line 100]
NODE [line 100]
    type typeOpCode
    instruction   adc
    mode          zero page indirect x
    opCode        61
    PC            0x0000120E
    CHILD NODE [line 100]
        type typeCon
        IsPC  0
        value 0x0000004A


ExConstant  [line 101]
NODE [line 101]
    type typeCon
    IsPC  0
    value 0x0000004A

ExOpCode  [line 101]
NODE [line 101]
    type typeOpCode
    instruction   adc
    mode          zero page indirect x
    opCode        61
    PC            0x00001210
    CHILD NODE [line 101]
        type typeCon
        IsPC  0
        value 0x0000004A


ExConstant  [line 102]
NODE [line 102]
    type typeCon
    IsPC  0
    value 0x000000E4

ExOpCode  [line 102]
NODE [line 102]
    type typeOpCode
    instruction   adc
    mode          zero page indirect y
    opCode        71
    PC            0x00001212
    CHILD NODE [line 102]
        type typeCon
        IsPC  0
        value 0x000000E4


ExConstant  [line 103]
NODE [line 103]
    type typeCon
    IsPC  0
    value 0x000000E4

ExOpCode  [line 103]
NODE [line 103]
    type typeOpCode
    instruction   adc
    mode          zero page indirect y
    opCode        71
    PC            0x00001214
    CHILD NODE [line 103]
        type typeCon
        IsPC  0
        value 0x000000E4


ExConstant  [line 104]
NODE [line 104]
    type typeCon
    IsPC  0
    value 0x00003162

ExOpCode  [line 104]
NODE [line 104]
    type typeOpCode
    instruction   adc
    mode          absolute
    opCode        6D
    PC            0x00001216
    CHILD NODE [line 104]
        type typeCon
        IsPC  0
        value 0x00003162


ExConstant  [line 105]
NODE [line 105]
    type typeCon
    IsPC  0
    value 0x00003162

ExOpCode  [line 105]
NODE [line 105]
    type typeOpCode
    instruction   adc
    mode          absolute
    opCode        6D
    PC            0x00001219
    CHILD NODE [line 105]
        type typeCon
        IsPC  0
        value 0x00003162


ExConstant  [line 106]
NODE [line 106]
    type typeCon
    IsPC  0
    value 0x0000D8D8

ExOpCode  [line 106]
NODE [line 106]
    type typeOpCode
    instruction   adc
    mode          absolute x
    opCode        7D
    PC            0x0000121C
    CHILD NODE [line 106]
        type typeCon
        IsPC  0
        value 0x0000D8D8


ExConstant  [line 107]
NODE [line 107]
    type typeCon
    IsPC  0
    value 0x0000D8D8

ExOpCode  [line 107]
NODE [line 107]
    type typeOpCode
    instruction   adc
    mode          absolute x
    opCode        7D
    PC            0x0000121F
    CHILD NODE [line 107]
        type typeCon
        IsPC  0
        value 0x0000D8D8


ExConstant  [line 108]
NODE [line 108]
    type typeCon
    IsPC  0
    value 0x0000709F

ExOpCode  [line 108]
NODE [line 108]
    type typeOpCode
    instruction   adc
    mode          absolute y
    opCode        79
    PC            0x00001222
    CHILD NODE [line 108]
        type typeCon
        IsPC  0
        value 0x0000709F


ExConstant  [line 109]
NODE [line 109]
    type typeCon
    IsPC  0
    value 0x0000709F

ExOpCode  [line 109]
NODE [line 109]
    type typeOpCode
    instruction   adc
    mode          absolute y
    opCode        79
    PC            0x00001225
    CHILD NODE [line 109]
        type typeCon
        IsPC  0
        value 0x0000709F


ExOprEqu  [line 113]
NODE [line 113]
    type typeOpr
    opr '='
    CHILD NODE [line 113]
        type typeId
        name __sbc
        i    (nil)

    CHILD NODE [line 113]
        type typeCon
        IsPC  1     PC = 00001228
        value 0x00001228


ExConstant  [line 114]
NODE [line 114]
    type typeCon
    IsPC  0
    value 0x00000011

ExOpCode  [line 114]
NODE [line 114]
    type typeOpCode
    instruction   sbc
    mode          immediate
    opCode        E9
    PC            0x00001228
    CHILD NODE [line 114]
        type typeCon
        IsPC  0
        value 0x00000011


ExConstant  [line 115]
NODE [line 115]
    type typeCon
    IsPC  0
    value 0x00000011

ExOpCode  [line 115]
NODE [line 115]
    type typeOpCode
    instruction   sbc
    mode          immediate
    opCode        E9
    PC            0x0000122A
    CHILD NODE [line 115]
        type typeCon
        IsPC  0
        value 0x00000011


ExConstant  [line 116]
NODE [line 116]
    type typeCon
    IsPC  0
    value 0x0000000E

ExOpCode  [line 116]
NODE [line 116]
    type typeOpCode
    instruction   sbc
    mode          zero page
    opCode        E5
    PC            0x0000122C
    CHILD NODE [line 116]
        type typeCon
        IsPC  0
        value 0x0000000E


ExConstant  [line 117]
NODE [line 117]
    type typeCon
    IsPC  0
    value 0x0000000E

ExOpCode  [line 117]
NODE [line 117]
    type typeOpCode
    instruction   sbc
    mode          zero page
    opCode        E5
    PC            0x0000122E
    CHILD NODE [line 117]
        type typeCon
        IsPC  0
        value 0x0000000E


ExConstant  [line 118]
NODE [line 118]
    type typeCon
    IsPC  0
    value 0x000000C5

ExOpCode  [line 118]
NODE [line 118]
    type typeOpCode
    instruction   sbc
    mode          zero page x
    opCode        F5
    PC            0x00001230
    CHILD NODE [line 118]
        type typeCon
        IsPC  0
        value 0x000000C5


ExConstant  [line 119]
NODE [line 119]
    type typeCon
    IsPC  0
    value 0x000000C5

ExOpCode  [line 119]
NODE [line 119]
    type typeOpCode
    instruction   sbc
    mode          zero page x
    opCode        F5
    PC            0x00001232
    CHILD NODE [line 119]
        type typeCon
        IsPC  0
        value 0x000000C5


ExConstant  [line 120]
NODE [line 120]
    type typeCon
    IsPC  0
    value 0x00000000

ExOpCode  [line 120]
NODE [line 120]
    type typeOpCode
    instruction   sbc
    mode          zero page indirect x
    opCode        E1
    PC            0x00001234
    CHILD NODE [line 120]
        type typeCon
        IsPC  0
        value 0x00000000


ExConstant  [line 121]
NODE [line 121]
    type typeCon
    IsPC  0
    value 0x00000000

ExOpCode  [line 121]
NODE [line 121]
    type typeOpCode
    instruction   sbc
    mode          zero page indirect x
    opCode        E1
    PC            0x00001236
    CHILD NODE [line 121]
        type typeCon
        IsPC  0
        value 0x00000000


ExConstant  [line 122]
NODE [line 122]
    type typeCon
    IsPC  0
    value 0x0000008B

ExOpCode  [line 122]
NODE [line 122]
    type typeOpCode
    instruction   sbc
    mode          zero page indirect y
    opCode        F1
    PC            0x00001238
    CHILD NODE [line 122]
        type typeCon
        IsPC  0
        value 0x0000008B


ExConstant  [line 123]
NODE [line 123]
    type typeCon
    IsPC  0
    value 0x0000008B

ExOpCode  [line 123]
NODE [line 123]
    type typeOpCode
    instruction   sbc
    mode          zero page indirect y
    opCode        F1
    PC            0x0000123A
    CHILD NODE [line 123]
        type typeCon
        IsPC  0
        value 0x0000008B


ExConstant  [line 124]
NODE [line 124]
    type typeCon
    IsPC  0
    value 0x000079C6

ExOpCode  [line 124]
NODE [line 124]
    type typeOpCode
    instruction   sbc
    mode          absolute
    opCode        ED
    PC            0x0000123C
    CHILD NODE [line 124]
        type typeCon
        IsPC  0
        value 0x000079C6


ExConstant  [line 125]
NODE [line 125]
    type typeCon
    IsPC  0
    value 0x000079C6

ExOpCode  [line 125]
NODE [line 125]
    type typeOpCode
    instruction   sbc
    mode          absolute
    opCode        ED
    PC            0x0000123F
    CHILD NODE [line 125]
        type typeCon
        IsPC  0
        value 0x000079C6


ExConstant  [line 126]
NODE [line 126]
    type typeCon
    IsPC  0
    value 0x00004D03

ExOpCode  [line 126]
NODE [line 126]
    type typeOpCode
    instruction   sbc
    mode          absolute x
    opCode        FD
    PC            0x00001242
    CHILD NODE [line 126]
        type typeCon
        IsPC  0
        value 0x00004D03


ExConstant  [line 127]
NODE [line 127]
    type typeCon
    IsPC  0
    value 0x00004D03

ExOpCode  [line 127]
NODE [line 127]
    type typeOpCode
    instruction   sbc
    mode          absolute x
    opCode        FD
    PC            0x00001245
    CHILD NODE [line 127]
        type typeCon
        IsPC  0
        value 0x00004D03


ExConstant  [line 128]
NODE [line 128]
    type typeCon
    IsPC  0
    value 0x000081BC

ExOpCode  [line 128]
NODE [line 128]
    type typeOpCode
    instruction   sbc
    mode          absolute y
    opCode        F9
    PC            0x00001248
    CHILD NODE [line 128]
        type typeCon
        IsPC  0
        value 0x000081BC


ExConstant  [line 129]
NODE [line 129]
    type typeCon
    IsPC  0
    value 0x000081BC

ExOpCode  [line 129]
NODE [line 129]
    type typeOpCode
    instruction   sbc
    mode          absolute y
    opCode        F9
    PC            0x0000124B
    CHILD NODE [line 129]
        type typeCon
        IsPC  0
        value 0x000081BC


ExOprEqu  [line 133]
NODE [line 133]
    type typeOpr
    opr '='
    CHILD NODE [line 133]
        type typeId
        name __cmp
        i    (nil)

    CHILD NODE [line 133]
        type typeCon
        IsPC  1     PC = 0000124E
        value 0x0000124E


ExConstant  [line 134]
NODE [line 134]
    type typeCon
    IsPC  0
    value 0x000000A0

ExOpCode  [line 134]
NODE [line 134]
    type typeOpCode
    instruction   cmp
    mode          immediate
    opCode        C9
    PC            0x0000124E
    CHILD NODE [line 134]
        type typeCon
        IsPC  0
        value 0x000000A0


ExConstant  [line 135]
NODE [line 135]
    type typeCon
    IsPC  0
    value 0x000000A0

ExOpCode  [line 135]
NODE [line 135]
    type typeOpCode
    instruction   cmp
    mode          immediate
    opCode        C9
    PC            0x00001250
    CHILD NODE [line 135]
        type typeCon
        IsPC  0
        value 0x000000A0


ExConstant  [line 136]
NODE [line 136]
    type typeCon
    IsPC  0
    value 0x0000004D

ExOpCode  [line 136]
NODE [line 136]
    type typeOpCode
    instruction   cmp
    mode          zero page
    opCode        C5
    PC            0x00001252
    CHILD NODE [line 136]
        type typeCon
        IsPC  0
        value 0x0000004D


ExConstant  [line 137]
NODE [line 137]
    type typeCon
    IsPC  0
    value 0x0000004D

ExOpCode  [line 137]
NODE [line 137]
    type typeOpCode
    instruction   cmp
    mode          zero page
    opCode        C5
    PC            0x00001254
    CHILD NODE [line 137]
        type typeCon
        IsPC  0
        value 0x0000004D


ExConstant  [line 138]
NODE [line 138]
    type typeCon
    IsPC  0
    value 0x000000F7

ExOpCode  [line 138]
NODE [line 138]
    type typeOpCode
    instruction   cmp
    mode          zero page x
    opCode        D5
    PC            0x00001256
    CHILD NODE [line 138]
        type typeCon
        IsPC  0
        value 0x000000F7


ExConstant  [line 139]
NODE [line 139]
    type typeCon
    IsPC  0
    value 0x000000F7

ExOpCode  [line 139]
NODE [line 139]
    type typeOpCode
    instruction   cmp
    mode          zero page x
    opCode        D5
    PC            0x00001258
    CHILD NODE [line 139]
        type typeCon
        IsPC  0
        value 0x000000F7


ExConstant  [line 140]
NODE [line 140]
    type typeCon
    IsPC  0
    value 0x00000086

ExOpCode  [line 140]
NODE [line 140]
    type typeOpCode
    instruction   cmp
    mode          zero page indirect x
    opCode        C1
    PC            0x0000125A
    CHILD NODE [line 140]
        type typeCon
        IsPC  0
        value 0x00000086


ExConstant  [line 141]
NODE [line 141]
    type typeCon
    IsPC  0
    value 0x00000086

ExOpCode  [line 141]
NODE [line 141]
    type typeOpCode
    instruction   cmp
    mode          zero page indirect x
    opCode        C1
    PC            0x0000125C
    CHILD NODE [line 141]
        type typeCon
        IsPC  0
        value 0x00000086


ExConstant  [line 142]
NODE [line 142]
    type typeCon
    IsPC  0
    value 0x0000007C

ExOpCode  [line 142]
NODE [line 142]
    type typeOpCode
    instruction   cmp
    mode          zero page indirect y
    opCode        D1
    PC            0x0000125E
    CHILD NODE [line 142]
        type typeCon
        IsPC  0
        value 0x0000007C


ExConstant  [line 143]
NODE [line 143]
    type typeCon
    IsPC  0
    value 0x0000007C

ExOpCode  [line 143]
NODE [line 143]
    type typeOpCode
    instruction   cmp
    mode          zero page indirect y
    opCode        D1
    PC            0x00001260
    CHILD NODE [line 143]
        type typeCon
        IsPC  0
        value 0x0000007C


ExConstant  [line 144]
NODE [line 144]
    type typeCon
    IsPC  0
    value 0x0000E857

ExOpCode  [line 144]
NODE [line 144]
    type typeOpCode
    instruction   cmp
    mode          absolute
    opCode        CD
    PC            0x00001262
    CHILD NODE [line 144]
        type typeCon
        IsPC  0
        value 0x0000E857


ExConstant  [line 145]
NODE [line 145]
    type typeCon
    IsPC  0
    value 0x0000E857

ExOpCode  [line 145]
NODE [line 145]
    type typeOpCode
    instruction   cmp
    mode          absolute
    opCode        CD
    PC            0x00001265
    CHILD NODE [line 145]
        type typeCon
        IsPC  0
        value 0x0000E857


ExConstant  [line 146]
NODE [line 146]
    type typeCon
    IsPC  0
    value 0x00002011

ExOpCode  [line 146]
NODE [line 146]
    type typeOpCode
    instruction   cmp
    mode          absolute x
    opCode        DD
    PC            0x00001268
    CHILD NODE [line 146]
        type typeCon
        IsPC  0
        value 0x00002011


ExConstant  [line 147]
NODE [line 147]
    type typeCon
    IsPC  0
    value 0x00002011

ExOpCode  [line 147]
NODE [line 147]
    type typeOpCode
    instruction   cmp
    mode          absolute x
    opCode        DD
    PC            0x0000126B
    CHILD NODE [line 147]
        type typeCon
        IsPC  0
        value 0x00002011


ExConstant  [line 148]
NODE [line 148]
    type typeCon
    IsPC  0
    value 0x0000EF1A

ExOpCode  [line 148]
NODE [line 148]
    type typeOpCode
    instruction   cmp
    mode          absolute y
    opCode        D9
    PC            0x0000126E
    CHILD NODE [line 148]
        type typeCon
        IsPC  0
        value 0x0000EF1A


ExConstant  [line 149]
NODE [line 149]
    type typeCon
    IsPC  0
    value 0x0000EF1A

ExOpCode  [line 149]
NODE [line 149]
    type typeOpCode
    instruction   cmp
    mode          absolute y
    opCode        D9
    PC            0x00001271
    CHILD NODE [line 149]
        type typeCon
        IsPC  0
        value 0x0000EF1A


ExOprEqu  [line 153]
NODE [line 153]
    type typeOpr
    opr '='
    CHILD NODE [line 153]
        type typeId
        name __cpx
        i    (nil)

    CHILD NODE [line 153]
        type typeCon
        IsPC  1     PC = 00001274
        value 0x00001274


ExConstant  [line 154]
NODE [line 154]
    type typeCon
    IsPC  0
    value 0x0000008C

ExOpCode  [line 154]
NODE [line 154]
    type typeOpCode
    instruction   cpx
    mode          immediate
    opCode        E0
    PC            0x00001274
    CHILD NODE [line 154]
        type typeCon
        IsPC  0
        value 0x0000008C


ExConstant  [line 155]
NODE [line 155]
    type typeCon
    IsPC  0
    value 0x0000008C

ExOpCode  [line 155]
NODE [line 155]
    type typeOpCode
    instruction   cpx
    mode          immediate
    opCode        E0
    PC            0x00001276
    CHILD NODE [line 155]
        type typeCon
        IsPC  0
        value 0x0000008C


ExConstant  [line 156]
NODE [line 156]
    type typeCon
    IsPC  0
    value 0x000000A1

ExOpCode  [line 156]
NODE [line 156]
    type typeOpCode
    instruction   cpx
    mode          zero page
    opCode        E4
    PC            0x00001278
    CHILD NODE [line 156]
        type typeCon
        IsPC  0
        value 0x000000A1


ExConstant  [line 157]
NODE [line 157]
    type typeCon
    IsPC  0
    value 0x000000A1

ExOpCode  [line 157]
NODE [line 157]
    type typeOpCode
    instruction   cpx
    mode          zero page
    opCode        E4
    PC            0x0000127A
    CHILD NODE [line 157]
        type typeCon
        IsPC  0
        value 0x000000A1


ExConstant  [line 158]
NODE [line 158]
    type typeCon
    IsPC  0
    value 0x0000EAA2

ExOpCode  [line 158]
NODE [line 158]
    type typeOpCode
    instruction   cpx
    mode          absolute
    opCode        EC
    PC            0x0000127C
    CHILD NODE [line 158]
        type typeCon
        IsPC  0
        value 0x0000EAA2


ExConstant  [line 159]
NODE [line 159]
    type typeCon
    IsPC  0
    value 0x0000EAA2

ExOpCode  [line 159]
NODE [line 159]
    type typeOpCode
    instruction   cpx
    mode          absolute
    opCode        EC
    PC            0x0000127F
    CHILD NODE [line 159]
        type typeCon
        IsPC  0
        value 0x0000EAA2


ExOprEqu  [line 163]
NODE [line 163]
    type typeOpr
    opr '='
    CHILD NODE [line 163]
        type typeId
        name __cpy
        i    (nil)

    CHILD NODE [line 163]
        type typeCon
        IsPC  1     PC = 00001282
        value 0x00001282


ExConstant  [line 164]
NODE [line 164]
    type typeCon
    IsPC  0
    value 0x000000C9

ExOpCode  [line 164]
NODE [line 164]
    type typeOpCode
    instruction   cpy
    mode          immediate
    opCode        C0
    PC            0x00001282
    CHILD NODE [line 164]
        type typeCon
        IsPC  0
        value 0x000000C9


ExConstant  [line 165]
NODE [line 165]
    type typeCon
    IsPC  0
    value 0x000000C9

ExOpCode  [line 165]
NODE [line 165]
    type typeOpCode
    instruction   cpy
    mode          immediate
    opCode        C0
    PC            0x00001284
    CHILD NODE [line 165]
        type typeCon
        IsPC  0
        value 0x000000C9


ExConstant  [line 166]
NODE [line 166]
    type typeCon
    IsPC  0
    value 0x0000005A

ExOpCode  [line 166]
NODE [line 166]
    type typeOpCode
    instruction   cpy
    mode          zero page
    opCode        C4
    PC            0x00001286
    CHILD NODE [line 166]
        type typeCon
        IsPC  0
        value 0x0000005A


ExConstant  [line 167]
NODE [line 167]
    type typeCon
    IsPC  0
    value 0x0000005A

ExOpCode  [line 167]
NODE [line 167]
    type typeOpCode
    instruction   cpy
    mode          zero page
    opCode        C4
    PC            0x00001288
    CHILD NODE [line 167]
        type typeCon
        IsPC  0
        value 0x0000005A


ExConstant  [line 168]
NODE [line 168]
    type typeCon
    IsPC  0
    value 0x0000E9D6

ExOpCode  [line 168]
NODE [line 168]
    type typeOpCode
    instruction   cpy
    mode          absolute
    opCode        CC
    PC            0x0000128A
    CHILD NODE [line 168]
        type typeCon
        IsPC  0
        value 0x0000E9D6


ExConstant  [line 169]
NODE [line 169]
    type typeCon
    IsPC  0
    value 0x0000E9D6

ExOpCode  [line 169]
NODE [line 169]
    type typeOpCode
    instruction   cpy
    mode          absolute
    opCode        CC
    PC            0x0000128D
    CHILD NODE [line 169]
        type typeCon
        IsPC  0
        value 0x0000E9D6


ExOprEqu  [line 173]
NODE [line 173]
    type typeOpr
    opr '='
    CHILD NODE [line 173]
        type typeId
        name __dec
        i    (nil)

    CHILD NODE [line 173]
        type typeCon
        IsPC  1     PC = 00001290
        value 0x00001290


ExConstant  [line 174]
NODE [line 174]
    type typeCon
    IsPC  0
    value 0x00000064

ExOpCode  [line 174]
NODE [line 174]
    type typeOpCode
    instruction   dec
    mode          zero page
    opCode        C6
    PC            0x00001290
    CHILD NODE [line 174]
        type typeCon
        IsPC  0
        value 0x00000064


ExConstant  [line 175]
NODE [line 175]
    type typeCon
    IsPC  0
    value 0x00000064

ExOpCode  [line 175]
NODE [line 175]
    type typeOpCode
    instruction   dec
    mode          zero page
    opCode        C6
    PC            0x00001292
    CHILD NODE [line 175]
        type typeCon
        IsPC  0
        value 0x00000064


ExConstant  [line 176]
NODE [line 176]
    type typeCon
    IsPC  0
    value 0x00000004

ExOpCode  [line 176]
NODE [line 176]
    type typeOpCode
    instruction   dec
    mode          zero page x
    opCode        D6
    PC            0x00001294
    CHILD NODE [line 176]
        type typeCon
        IsPC  0
        value 0x00000004


ExConstant  [line 177]
NODE [line 177]
    type typeCon
    IsPC  0
    value 0x00000004

ExOpCode  [line 177]
NODE [line 177]
    type typeOpCode
    instruction   dec
    mode          zero page x
    opCode        D6
    PC            0x00001296
    CHILD NODE [line 177]
        type typeCon
        IsPC  0
        value 0x00000004


ExConstant  [line 178]
NODE [line 178]
    type typeCon
    IsPC  0
    value 0x0000844F

ExOpCode  [line 178]
NODE [line 178]
    type typeOpCode
    instruction   dec
    mode          absolute
    opCode        CE
    PC            0x00001298
    CHILD NODE [line 178]
        type typeCon
        IsPC  0
        value 0x0000844F


ExConstant  [line 179]
NODE [line 179]
    type typeCon
    IsPC  0
    value 0x0000844F

ExOpCode  [line 179]
NODE [line 179]
    type typeOpCode
    instruction   dec
    mode          absolute
    opCode        CE
    PC            0x0000129B
    CHILD NODE [line 179]
        type typeCon
        IsPC  0
        value 0x0000844F


ExConstant  [line 180]
NODE [line 180]
    type typeCon
    IsPC  0
    value 0x00009DA1

ExOpCode  [line 180]
NODE [line 180]
    type typeOpCode
    instruction   dec
    mode          absolute x
    opCode        DE
    PC            0x0000129E
    CHILD NODE [line 180]
        type typeCon
        IsPC  0
        value 0x00009DA1


ExConstant  [line 181]
NODE [line 181]
    type typeCon
    IsPC  0
    value 0x00009DA1

ExOpCode  [line 181]
NODE [line 181]
    type typeOpCode
    instruction   dec
    mode          absolute x
    opCode        DE
    PC            0x000012A1
    CHILD NODE [line 181]
        type typeCon
        IsPC  0
        value 0x00009DA1


ExOprEqu  [line 185]
NODE [line 185]
    type typeOpr
    opr '='
    CHILD NODE [line 185]
        type typeId
        name __dex
        i    (nil)

    CHILD NODE [line 185]
        type typeCon
        IsPC  1     PC = 000012A4
        value 0x000012A4


ExOpCode  [line 186]
NODE [line 186]
    type typeOpCode
    instruction   dex
    mode          implied
    opCode        CA
    PC            0x000012A4


ExOprEqu  [line 190]
NODE [line 190]
    type typeOpr
    opr '='
    CHILD NODE [line 190]
        type typeId
        name __dey
        i    (nil)

    CHILD NODE [line 190]
        type typeCon
        IsPC  1     PC = 000012A5
        value 0x000012A5


ExOpCode  [line 191]
NODE [line 191]
    type typeOpCode
    instruction   dey
    mode          implied
    opCode        88
    PC            0x000012A5


ExOprEqu  [line 195]
NODE [line 195]
    type typeOpr
    opr '='
    CHILD NODE [line 195]
        type typeId
        name __inc
        i    (nil)

    CHILD NODE [line 195]
        type typeCon
        IsPC  1     PC = 000012A6
        value 0x000012A6


ExConstant  [line 196]
NODE [line 196]
    type typeCon
    IsPC  0
    value 0x00000039

ExOpCode  [line 196]
NODE [line 196]
    type typeOpCode
    instruction   inc
    mode          zero page
    opCode        E6
    PC            0x000012A6
    CHILD NODE [line 196]
        type typeCon
        IsPC  0
        value 0x00000039


ExConstant  [line 197]
NODE [line 197]
    type typeCon
    IsPC  0
    value 0x00000039

ExOpCode  [line 197]
NODE [line 197]
    type typeOpCode
    instruction   inc
    mode          zero page
    opCode        E6
    PC            0x000012A8
    CHILD NODE [line 197]
        type typeCon
        IsPC  0
        value 0x00000039


ExConstant  [line 198]
NODE [line 198]
    type typeCon
    IsPC  0
    value 0x000000B4

ExOpCode  [line 198]
NODE [line 198]
    type typeOpCode
    instruction   inc
    mode          zero page x
    opCode        F6
    PC            0x000012AA
    CHILD NODE [line 198]
        type typeCon
        IsPC  0
        value 0x000000B4


ExConstant  [line 199]
NODE [line 199]
    type typeCon
    IsPC  0
    value 0x000000B4

ExOpCode  [line 199]
NODE [line 199]
    type typeOpCode
    instruction   inc
    mode          zero page x
    opCode        F6
    PC            0x000012AC
    CHILD NODE [line 199]
        type typeCon
        IsPC  0
        value 0x000000B4


ExConstant  [line 200]
NODE [line 200]
    type typeCon
    IsPC  0
    value 0x00004DEC

ExOpCode  [line 200]
NODE [line 200]
    type typeOpCode
    instruction   inc
    mode          absolute
    opCode        EE
    PC            0x000012AE
    CHILD NODE [line 200]
        type typeCon
        IsPC  0
        value 0x00004DEC


ExConstant  [line 201]
NODE [line 201]
    type typeCon
    IsPC  0
    value 0x00004DEC

ExOpCode  [line 201]
NODE [line 201]
    type typeOpCode
    instruction   inc
    mode          absolute
    opCode        EE
    PC            0x000012B1
    CHILD NODE [line 201]
        type typeCon
        IsPC  0
        value 0x00004DEC


ExConstant  [line 202]
NODE [line 202]
    type typeCon
    IsPC  0
    value 0x0000B310

ExOpCode  [line 202]
NODE [line 202]
    type typeOpCode
    instruction   inc
    mode          absolute x
    opCode        FE
    PC            0x000012B4
    CHILD NODE [line 202]
        type typeCon
        IsPC  0
        value 0x0000B310


ExConstant  [line 203]
NODE [line 203]
    type typeCon
    IsPC  0
    value 0x0000B310

ExOpCode  [line 203]
NODE [line 203]
    type typeOpCode
    instruction   inc
    mode          absolute x
    opCode        FE
    PC            0x000012B7
    CHILD NODE [line 203]
        type typeCon
        IsPC  0
        value 0x0000B310


ExOprEqu  [line 207]
NODE [line 207]
    type typeOpr
    opr '='
    CHILD NODE [line 207]
        type typeId
        name __inx
        i    (nil)

    CHILD NODE [line 207]
        type typeCon
        IsPC  1     PC = 000012BA
        value 0x000012BA


ExOpCode  [line 208]
NODE [line 208]
    type typeOpCode
    instruction   inx
    mode          implied
    opCode        E8
    PC            0x000012BA


ExOprEqu  [line 212]
NODE [line 212]
    type typeOpr
    opr '='
    CHILD NODE [line 212]
        type typeId
        name __iny
        i    (nil)

    CHILD NODE [line 212]
        type typeCon
        IsPC  1     PC = 000012BB
        value 0x000012BB


ExOpCode  [line 213]
NODE [line 213]
    type typeOpCode
    instruction   iny
    mode          implied
    opCode        C8
    PC            0x000012BB


ExOprEqu  [line 217]
NODE [line 217]
    type typeOpr
    opr '='
    CHILD NODE [line 217]
        type typeId
        name __asl
        i    (nil)

    CHILD NODE [line 217]
        type typeCon
        IsPC  1     PC = 000012BC
        value 0x000012BC


ExOpCode  [line 218]
NODE [line 218]
    type typeOpCode
    instruction   asl
    mode          implied
    opCode        0A
    PC            0x000012BC


ExConstant  [line 219]
NODE [line 219]
    type typeCon
    IsPC  0
    value 0x00000031

ExOpCode  [line 219]
NODE [line 219]
    type typeOpCode
    instruction   asl
    mode          zero page
    opCode        06
    PC            0x000012BD
    CHILD NODE [line 219]
        type typeCon
        IsPC  0
        value 0x00000031


ExConstant  [line 220]
NODE [line 220]
    type typeCon
    IsPC  0
    value 0x00000031

ExOpCode  [line 220]
NODE [line 220]
    type typeOpCode
    instruction   asl
    mode          zero page
    opCode        06
    PC            0x000012BF
    CHILD NODE [line 220]
        type typeCon
        IsPC  0
        value 0x00000031


ExConstant  [line 221]
NODE [line 221]
    type typeCon
    IsPC  0
    value 0x000000DF

ExOpCode  [line 221]
NODE [line 221]
    type typeOpCode
    instruction   asl
    mode          zero page x
    opCode        16
    PC            0x000012C1
    CHILD NODE [line 221]
        type typeCon
        IsPC  0
        value 0x000000DF


ExConstant  [line 222]
NODE [line 222]
    type typeCon
    IsPC  0
    value 0x000000DF

ExOpCode  [line 222]
NODE [line 222]
    type typeOpCode
    instruction   asl
    mode          zero page x
    opCode        16
    PC            0x000012C3
    CHILD NODE [line 222]
        type typeCon
        IsPC  0
        value 0x000000DF


ExConstant  [line 223]
NODE [line 223]
    type typeCon
    IsPC  0
    value 0x00008864

ExOpCode  [line 223]
NODE [line 223]
    type typeOpCode
    instruction   asl
    mode          absolute
    opCode        0E
    PC            0x000012C5
    CHILD NODE [line 223]
        type typeCon
        IsPC  0
        value 0x00008864


ExConstant  [line 224]
NODE [line 224]
    type typeCon
    IsPC  0
    value 0x00008864

ExOpCode  [line 224]
NODE [line 224]
    type typeOpCode
    instruction   asl
    mode          absolute
    opCode        0E
    PC            0x000012C8
    CHILD NODE [line 224]
        type typeCon
        IsPC  0
        value 0x00008864


ExConstant  [line 225]
NODE [line 225]
    type typeCon
    IsPC  0
    value 0x000006BF

ExOpCode  [line 225]
NODE [line 225]
    type typeOpCode
    instruction   asl
    mode          absolute x
    opCode        1E
    PC            0x000012CB
    CHILD NODE [line 225]
        type typeCon
        IsPC  0
        value 0x000006BF


ExConstant  [line 226]
NODE [line 226]
    type typeCon
    IsPC  0
    value 0x000006BF

ExOpCode  [line 226]
NODE [line 226]
    type typeOpCode
    instruction   asl
    mode          absolute x
    opCode        1E
    PC            0x000012CE
    CHILD NODE [line 226]
        type typeCon
        IsPC  0
        value 0x000006BF


ExOpCode  [line 227]
NODE [line 227]
    type typeOpCode
    instruction   asl
    mode          implied
    opCode        0A
    PC            0x000012D1


ExOprEqu  [line 231]
NODE [line 231]
    type typeOpr
    opr '='
    CHILD NODE [line 231]
        type typeId
        name __rol
        i    (nil)

    CHILD NODE [line 231]
        type typeCon
        IsPC  1     PC = 000012D2
        value 0x000012D2


ExOpCode  [line 232]
NODE [line 232]
    type typeOpCode
    instruction   rol
    mode          implied
    opCode        2A
    PC            0x000012D2


ExConstant  [line 233]
NODE [line 233]
    type typeCon
    IsPC  0
    value 0x00000059

ExOpCode  [line 233]
NODE [line 233]
    type typeOpCode
    instruction   rol
    mode          zero page
    opCode        26
    PC            0x000012D3
    CHILD NODE [line 233]
        type typeCon
        IsPC  0
        value 0x00000059


ExConstant  [line 234]
NODE [line 234]
    type typeCon
    IsPC  0
    value 0x00000059

ExOpCode  [line 234]
NODE [line 234]
    type typeOpCode
    instruction   rol
    mode          zero page
    opCode        26
    PC            0x000012D5
    CHILD NODE [line 234]
        type typeCon
        IsPC  0
        value 0x00000059


ExConstant  [line 235]
NODE [line 235]
    type typeCon
    IsPC  0
    value 0x00000091

ExOpCode  [line 235]
NODE [line 235]
    type typeOpCode
    instruction   rol
    mode          zero page x
    opCode        36
    PC            0x000012D7
    CHILD NODE [line 235]
        type typeCon
        IsPC  0
        value 0x00000091


ExConstant  [line 236]
NODE [line 236]
    type typeCon
    IsPC  0
    value 0x00000091

ExOpCode  [line 236]
NODE [line 236]
    type typeOpCode
    instruction   rol
    mode          zero page x
    opCode        36
    PC            0x000012D9
    CHILD NODE [line 236]
        type typeCon
        IsPC  0
        value 0x00000091


ExConstant  [line 237]
NODE [line 237]
    type typeCon
    IsPC  0
    value 0x00004ADA

ExOpCode  [line 237]
NODE [line 237]
    type typeOpCode
    instruction   rol
    mode          absolute
    opCode        2E
    PC            0x000012DB
    CHILD NODE [line 237]
        type typeCon
        IsPC  0
        value 0x00004ADA


ExConstant  [line 238]
NODE [line 238]
    type typeCon
    IsPC  0
    value 0x00004ADA

ExOpCode  [line 238]
NODE [line 238]
    type typeOpCode
    instruction   rol
    mode          absolute
    opCode        2E
    PC            0x000012DE
    CHILD NODE [line 238]
        type typeCon
        IsPC  0
        value 0x00004ADA


ExConstant  [line 239]
NODE [line 239]
    type typeCon
    IsPC  0
    value 0x000047F2

ExOpCode  [line 239]
NODE [line 239]
    type typeOpCode
    instruction   rol
    mode          absolute x
    opCode        3E
    PC            0x000012E1
    CHILD NODE [line 239]
        type typeCon
        IsPC  0
        value 0x000047F2


ExConstant  [line 240]
NODE [line 240]
    type typeCon
    IsPC  0
    value 0x000047F2

ExOpCode  [line 240]
NODE [line 240]
    type typeOpCode
    instruction   rol
    mode          absolute x
    opCode        3E
    PC            0x000012E4
    CHILD NODE [line 240]
        type typeCon
        IsPC  0
        value 0x000047F2


ExOprEqu  [line 244]
NODE [line 244]
    type typeOpr
    opr '='
    CHILD NODE [line 244]
        type typeId
        name __lsr
        i    (nil)

    CHILD NODE [line 244]
        type typeCon
        IsPC  1     PC = 000012E7
        value 0x000012E7


ExOpCode  [line 245]
NODE [line 245]
    type typeOpCode
    instruction   lsr
    mode          implied
    opCode        4A
    PC            0x000012E7


ExConstant  [line 246]
NODE [line 246]
    type typeCon
    IsPC  0
    value 0x00000035

ExOpCode  [line 246]
NODE [line 246]
    type typeOpCode
    instruction   lsr
    mode          zero page
    opCode        46
    PC            0x000012E8
    CHILD NODE [line 246]
        type typeCon
        IsPC  0
        value 0x00000035


ExConstant  [line 247]
NODE [line 247]
    type typeCon
    IsPC  0
    value 0x00000035

ExOpCode  [line 247]
NODE [line 247]
    type typeOpCode
    instruction   lsr
    mode          zero page
    opCode        46
    PC            0x000012EA
    CHILD NODE [line 247]
        type typeCon
        IsPC  0
        value 0x00000035


ExConstant  [line 248]
NODE [line 248]
    type typeCon
    IsPC  0
    value 0x0000002B

ExOpCode  [line 248]
NODE [line 248]
    type typeOpCode
    instruction   lsr
    mode          zero page x
    opCode        56
    PC            0x000012EC
    CHILD NODE [line 248]
        type typeCon
        IsPC  0
        value 0x0000002B


ExConstant  [line 249]
NODE [line 249]
    type typeCon
    IsPC  0
    value 0x0000002B

ExOpCode  [line 249]
NODE [line 249]
    type typeOpCode
    instruction   lsr
    mode          zero page x
    opCode        56
    PC            0x000012EE
    CHILD NODE [line 249]
        type typeCon
        IsPC  0
        value 0x0000002B


ExConstant  [line 250]
NODE [line 250]
    type typeCon
    IsPC  0
    value 0x0000E83A

ExOpCode  [line 250]
NODE [line 250]
    type typeOpCode
    instruction   lsr
    mode          absolute
    opCode        4E
    PC            0x000012F0
    CHILD NODE [line 250]
        type typeCon
        IsPC  0
        value 0x0000E83A


ExConstant  [line 251]
NODE [line 251]
    type typeCon
    IsPC  0
    value 0x0000E83A

ExOpCode  [line 251]
NODE [line 251]
    type typeOpCode
    instruction   lsr
    mode          absolute
    opCode        4E
    PC            0x000012F3
    CHILD NODE [line 251]
        type typeCon
        IsPC  0
        value 0x0000E83A


ExConstant  [line 252]
NODE [line 252]
    type typeCon
    IsPC  0
    value 0x0000F07E

ExOpCode  [line 252]
NODE [line 252]
    type typeOpCode
    instruction   lsr
    mode          absolute x
    opCode        5E
    PC            0x000012F6
    CHILD NODE [line 252]
        type typeCon
        IsPC  0
        value 0x0000F07E


ExConstant  [line 253]
NODE [line 253]
    type typeCon
    IsPC  0
    value 0x0000F07E

ExOpCode  [line 253]
NODE [line 253]
    type typeOpCode
    instruction   lsr
    mode          absolute x
    opCode        5E
    PC            0x000012F9
    CHILD NODE [line 253]
        type typeCon
        IsPC  0
        value 0x0000F07E


ExOprEqu  [line 257]
NODE [line 257]
    type typeOpr
    opr '='
    CHILD NODE [line 257]
        type typeId
        name __ror
        i    (nil)

    CHILD NODE [line 257]
        type typeCon
        IsPC  1     PC = 000012FC
        value 0x000012FC


ExOpCode  [line 258]
NODE [line 258]
    type typeOpCode
    instruction   ror
    mode          implied
    opCode        6A
    PC            0x000012FC


ExConstant  [line 259]
NODE [line 259]
    type typeCon
    IsPC  0
    value 0x000000B9

ExOpCode  [line 259]
NODE [line 259]
    type typeOpCode
    instruction   ror
    mode          zero page
    opCode        66
    PC            0x000012FD
    CHILD NODE [line 259]
        type typeCon
        IsPC  0
        value 0x000000B9


ExConstant  [line 260]
NODE [line 260]
    type typeCon
    IsPC  0
    value 0x000000B9

ExOpCode  [line 260]
NODE [line 260]
    type typeOpCode
    instruction   ror
    mode          zero page
    opCode        66
    PC            0x000012FF
    CHILD NODE [line 260]
        type typeCon
        IsPC  0
        value 0x000000B9


ExConstant  [line 261]
NODE [line 261]
    type typeCon
    IsPC  0
    value 0x000000D1

ExOpCode  [line 261]
NODE [line 261]
    type typeOpCode
    instruction   ror
    mode          zero page x
    opCode        76
    PC            0x00001301
    CHILD NODE [line 261]
        type typeCon
        IsPC  0
        value 0x000000D1


ExConstant  [line 262]
NODE [line 262]
    type typeCon
    IsPC  0
    value 0x000000D1

ExOpCode  [line 262]
NODE [line 262]
    type typeOpCode
    instruction   ror
    mode          zero page x
    opCode        76
    PC            0x00001303
    CHILD NODE [line 262]
        type typeCon
        IsPC  0
        value 0x000000D1


ExConstant  [line 263]
NODE [line 263]
    type typeCon
    IsPC  0
    value 0x0000252C

ExOpCode  [line 263]
NODE [line 263]
    type typeOpCode
    instruction   ror
    mode          absolute
    opCode        6E
    PC            0x00001305
    CHILD NODE [line 263]
        type typeCon
        IsPC  0
        value 0x0000252C


ExConstant  [line 264]
NODE [line 264]
    type typeCon
    IsPC  0
    value 0x0000252C

ExOpCode  [line 264]
NODE [line 264]
    type typeOpCode
    instruction   ror
    mode          absolute
    opCode        6E
    PC            0x00001308
    CHILD NODE [line 264]
        type typeCon
        IsPC  0
        value 0x0000252C


ExConstant  [line 265]
NODE [line 265]
    type typeCon
    IsPC  0
    value 0x000091A0

ExOpCode  [line 265]
NODE [line 265]
    type typeOpCode
    instruction   ror
    mode          absolute x
    opCode        7E
    PC            0x0000130B
    CHILD NODE [line 265]
        type typeCon
        IsPC  0
        value 0x000091A0


ExConstant  [line 266]
NODE [line 266]
    type typeCon
    IsPC  0
    value 0x000091A0

ExOpCode  [line 266]
NODE [line 266]
    type typeOpCode
    instruction   ror
    mode          absolute x
    opCode        7E
    PC            0x0000130E
    CHILD NODE [line 266]
        type typeCon
        IsPC  0
        value 0x000091A0


ExOprEqu  [line 270]
NODE [line 270]
    type typeOpr
    opr '='
    CHILD NODE [line 270]
        type typeId
        name __lda
        i    (nil)

    CHILD NODE [line 270]
        type typeCon
        IsPC  1     PC = 00001311
        value 0x00001311


ExConstant  [line 271]
NODE [line 271]
    type typeCon
    IsPC  0
    value 0x00000050

ExOpCode  [line 271]
NODE [line 271]
    type typeOpCode
    instruction   lda
    mode          immediate
    opCode        A9
    PC            0x00001311
    CHILD NODE [line 271]
        type typeCon
        IsPC  0
        value 0x00000050


ExConstant  [line 272]
NODE [line 272]
    type typeCon
    IsPC  0
    value 0x00000050

ExOpCode  [line 272]
NODE [line 272]
    type typeOpCode
    instruction   lda
    mode          immediate
    opCode        A9
    PC            0x00001313
    CHILD NODE [line 272]
        type typeCon
        IsPC  0
        value 0x00000050


ExConstant  [line 273]
NODE [line 273]
    type typeCon
    IsPC  0
    value 0x00000031

ExOpCode  [line 273]
NODE [line 273]
    type typeOpCode
    instruction   lda
    mode          zero page
    opCode        A5
    PC            0x00001315
    CHILD NODE [line 273]
        type typeCon
        IsPC  0
        value 0x00000031


ExConstant  [line 274]
NODE [line 274]
    type typeCon
    IsPC  0
    value 0x00000031

ExOpCode  [line 274]
NODE [line 274]
    type typeOpCode
    instruction   lda
    mode          zero page
    opCode        A5
    PC            0x00001317
    CHILD NODE [line 274]
        type typeCon
        IsPC  0
        value 0x00000031


ExConstant  [line 275]
NODE [line 275]
    type typeCon
    IsPC  0
    value 0x00000054

ExOpCode  [line 275]
NODE [line 275]
    type typeOpCode
    instruction   lda
    mode          zero page x
    opCode        B5
    PC            0x00001319
    CHILD NODE [line 275]
        type typeCon
        IsPC  0
        value 0x00000054


ExConstant  [line 276]
NODE [line 276]
    type typeCon
    IsPC  0
    value 0x00000054

ExOpCode  [line 276]
NODE [line 276]
    type typeOpCode
    instruction   lda
    mode          zero page x
    opCode        B5
    PC            0x0000131B
    CHILD NODE [line 276]
        type typeCon
        IsPC  0
        value 0x00000054


ExConstant  [line 277]
NODE [line 277]
    type typeCon
    IsPC  0
    value 0x0000001A

ExOpCode  [line 277]
NODE [line 277]
    type typeOpCode
    instruction   lda
    mode          zero page indirect x
    opCode        A1
    PC            0x0000131D
    CHILD NODE [line 277]
        type typeCon
        IsPC  0
        value 0x0000001A


ExConstant  [line 278]
NODE [line 278]
    type typeCon
    IsPC  0
    value 0x0000001A

ExOpCode  [line 278]
NODE [line 278]
    type typeOpCode
    instruction   lda
    mode          zero page indirect x
    opCode        A1
    PC            0x0000131F
    CHILD NODE [line 278]
        type typeCon
        IsPC  0
        value 0x0000001A


ExConstant  [line 279]
NODE [line 279]
    type typeCon
    IsPC  0
    value 0x000000EC

ExOpCode  [line 279]
NODE [line 279]
    type typeOpCode
    instruction   lda
    mode          zero page indirect y
    opCode        B1
    PC            0x00001321
    CHILD NODE [line 279]
        type typeCon
        IsPC  0
        value 0x000000EC


ExConstant  [line 280]
NODE [line 280]
    type typeCon
    IsPC  0
    value 0x000000EC

ExOpCode  [line 280]
NODE [line 280]
    type typeOpCode
    instruction   lda
    mode          zero page indirect y
    opCode        B1
    PC            0x00001323
    CHILD NODE [line 280]
        type typeCon
        IsPC  0
        value 0x000000EC


ExConstant  [line 281]
NODE [line 281]
    type typeCon
    IsPC  0
    value 0x00003141

ExOpCode  [line 281]
NODE [line 281]
    type typeOpCode
    instruction   lda
    mode          absolute
    opCode        AD
    PC            0x00001325
    CHILD NODE [line 281]
        type typeCon
        IsPC  0
        value 0x00003141


ExConstant  [line 282]
NODE [line 282]
    type typeCon
    IsPC  0
    value 0x00003141

ExOpCode  [line 282]
NODE [line 282]
    type typeOpCode
    instruction   lda
    mode          absolute
    opCode        AD
    PC            0x00001328
    CHILD NODE [line 282]
        type typeCon
        IsPC  0
        value 0x00003141


ExConstant  [line 283]
NODE [line 283]
    type typeCon
    IsPC  0
    value 0x00002003

ExOpCode  [line 283]
NODE [line 283]
    type typeOpCode
    instruction   lda
    mode          absolute x
    opCode        BD
    PC            0x0000132B
    CHILD NODE [line 283]
        type typeCon
        IsPC  0
        value 0x00002003


ExConstant  [line 284]
NODE [line 284]
    type typeCon
    IsPC  0
    value 0x00002003

ExOpCode  [line 284]
NODE [line 284]
    type typeOpCode
    instruction   lda
    mode          absolute x
    opCode        BD
    PC            0x0000132E
    CHILD NODE [line 284]
        type typeCon
        IsPC  0
        value 0x00002003


ExConstant  [line 285]
NODE [line 285]
    type typeCon
    IsPC  0
    value 0x00008497

ExOpCode  [line 285]
NODE [line 285]
    type typeOpCode
    instruction   lda
    mode          absolute y
    opCode        B9
    PC            0x00001331
    CHILD NODE [line 285]
        type typeCon
        IsPC  0
        value 0x00008497


ExConstant  [line 286]
NODE [line 286]
    type typeCon
    IsPC  0
    value 0x00008497

ExOpCode  [line 286]
NODE [line 286]
    type typeOpCode
    instruction   lda
    mode          absolute y
    opCode        B9
    PC            0x00001334
    CHILD NODE [line 286]
        type typeCon
        IsPC  0
        value 0x00008497


ExOprEqu  [line 290]
NODE [line 290]
    type typeOpr
    opr '='
    CHILD NODE [line 290]
        type typeId
        name __sta
        i    (nil)

    CHILD NODE [line 290]
        type typeCon
        IsPC  1     PC = 00001337
        value 0x00001337


ExConstant  [line 291]
NODE [line 291]
    type typeCon
    IsPC  0
    value 0x000000F7

ExOpCode  [line 291]
NODE [line 291]
    type typeOpCode
    instruction   sta
    mode          zero page
    opCode        85
    PC            0x00001337
    CHILD NODE [line 291]
        type typeCon
        IsPC  0
        value 0x000000F7


ExConstant  [line 292]
NODE [line 292]
    type typeCon
    IsPC  0
    value 0x000000F7

ExOpCode  [line 292]
NODE [line 292]
    type typeOpCode
    instruction   sta
    mode          zero page
    opCode        85
    PC            0x00001339
    CHILD NODE [line 292]
        type typeCon
        IsPC  0
        value 0x000000F7


ExConstant  [line 293]
NODE [line 293]
    type typeCon
    IsPC  0
    value 0x00000097

ExOpCode  [line 293]
NODE [line 293]
    type typeOpCode
    instruction   sta
    mode          zero page x
    opCode        95
    PC            0x0000133B
    CHILD NODE [line 293]
        type typeCon
        IsPC  0
        value 0x00000097


ExConstant  [line 294]
NODE [line 294]
    type typeCon
    IsPC  0
    value 0x00000097

ExOpCode  [line 294]
NODE [line 294]
    type typeOpCode
    instruction   sta
    mode          zero page x
    opCode        95
    PC            0x0000133D
    CHILD NODE [line 294]
        type typeCon
        IsPC  0
        value 0x00000097


ExConstant  [line 295]
NODE [line 295]
    type typeCon
    IsPC  0
    value 0x000000A0

ExOpCode  [line 295]
NODE [line 295]
    type typeOpCode
    instruction   sta
    mode          zero page indirect x
    opCode        81
    PC            0x0000133F
    CHILD NODE [line 295]
        type typeCon
        IsPC  0
        value 0x000000A0


ExConstant  [line 296]
NODE [line 296]
    type typeCon
    IsPC  0
    value 0x000000A0

ExOpCode  [line 296]
NODE [line 296]
    type typeOpCode
    instruction   sta
    mode          zero page indirect x
    opCode        81
    PC            0x00001341
    CHILD NODE [line 296]
        type typeCon
        IsPC  0
        value 0x000000A0


ExConstant  [line 297]
NODE [line 297]
    type typeCon
    IsPC  0
    value 0x0000001A

ExOpCode  [line 297]
NODE [line 297]
    type typeOpCode
    instruction   sta
    mode          zero page indirect y
    opCode        91
    PC            0x00001343
    CHILD NODE [line 297]
        type typeCon
        IsPC  0
        value 0x0000001A


ExConstant  [line 298]
NODE [line 298]
    type typeCon
    IsPC  0
    value 0x0000001A

ExOpCode  [line 298]
NODE [line 298]
    type typeOpCode
    instruction   sta
    mode          zero page indirect y
    opCode        91
    PC            0x00001345
    CHILD NODE [line 298]
        type typeCon
        IsPC  0
        value 0x0000001A


ExConstant  [line 299]
NODE [line 299]
    type typeCon
    IsPC  0
    value 0x0000B28B

ExOpCode  [line 299]
NODE [line 299]
    type typeOpCode
    instruction   sta
    mode          absolute
    opCode        8D
    PC            0x00001347
    CHILD NODE [line 299]
        type typeCon
        IsPC  0
        value 0x0000B28B


ExConstant  [line 300]
NODE [line 300]
    type typeCon
    IsPC  0
    value 0x0000B28B

ExOpCode  [line 300]
NODE [line 300]
    type typeOpCode
    instruction   sta
    mode          absolute
    opCode        8D
    PC            0x0000134A
    CHILD NODE [line 300]
        type typeCon
        IsPC  0
        value 0x0000B28B


ExConstant  [line 301]
NODE [line 301]
    type typeCon
    IsPC  0
    value 0x00000F8F

ExOpCode  [line 301]
NODE [line 301]
    type typeOpCode
    instruction   sta
    mode          absolute x
    opCode        9D
    PC            0x0000134D
    CHILD NODE [line 301]
        type typeCon
        IsPC  0
        value 0x00000F8F


ExConstant  [line 302]
NODE [line 302]
    type typeCon
    IsPC  0
    value 0x00000F8F

ExOpCode  [line 302]
NODE [line 302]
    type typeOpCode
    instruction   sta
    mode          absolute x
    opCode        9D
    PC            0x00001350
    CHILD NODE [line 302]
        type typeCon
        IsPC  0
        value 0x00000F8F


ExConstant  [line 303]
NODE [line 303]
    type typeCon
    IsPC  0
    value 0x00006536

ExOpCode  [line 303]
NODE [line 303]
    type typeOpCode
    instruction   sta
    mode          absolute y
    opCode        99
    PC            0x00001353
    CHILD NODE [line 303]
        type typeCon
        IsPC  0
        value 0x00006536


ExConstant  [line 304]
NODE [line 304]
    type typeCon
    IsPC  0
    value 0x00006536

ExOpCode  [line 304]
NODE [line 304]
    type typeOpCode
    instruction   sta
    mode          absolute y
    opCode        99
    PC            0x00001356
    CHILD NODE [line 304]
        type typeCon
        IsPC  0
        value 0x00006536


ExOprEqu  [line 308]
NODE [line 308]
    type typeOpr
    opr '='
    CHILD NODE [line 308]
        type typeId
        name __ldx
        i    (nil)

    CHILD NODE [line 308]
        type typeCon
        IsPC  1     PC = 00001359
        value 0x00001359


ExConstant  [line 309]
NODE [line 309]
    type typeCon
    IsPC  0
    value 0x0000008C

ExOpCode  [line 309]
NODE [line 309]
    type typeOpCode
    instruction   ldx
    mode          immediate
    opCode        A2
    PC            0x00001359
    CHILD NODE [line 309]
        type typeCon
        IsPC  0
        value 0x0000008C


ExConstant  [line 310]
NODE [line 310]
    type typeCon
    IsPC  0
    value 0x0000008C

ExOpCode  [line 310]
NODE [line 310]
    type typeOpCode
    instruction   ldx
    mode          immediate
    opCode        A2
    PC            0x0000135B
    CHILD NODE [line 310]
        type typeCon
        IsPC  0
        value 0x0000008C


ExConstant  [line 311]
NODE [line 311]
    type typeCon
    IsPC  0
    value 0x00000092

ExOpCode  [line 311]
NODE [line 311]
    type typeOpCode
    instruction   ldx
    mode          zero page
    opCode        A6
    PC            0x0000135D
    CHILD NODE [line 311]
        type typeCon
        IsPC  0
        value 0x00000092


ExConstant  [line 312]
NODE [line 312]
    type typeCon
    IsPC  0
    value 0x00000092

ExOpCode  [line 312]
NODE [line 312]
    type typeOpCode
    instruction   ldx
    mode          zero page
    opCode        A6
    PC            0x0000135F
    CHILD NODE [line 312]
        type typeCon
        IsPC  0
        value 0x00000092


ExConstant  [line 313]
NODE [line 313]
    type typeCon
    IsPC  0
    value 0x00000007

ExOpCode  [line 313]
NODE [line 313]
    type typeOpCode
    instruction   ldx
    mode          zero page y
    opCode        B6
    PC            0x00001361
    CHILD NODE [line 313]
        type typeCon
        IsPC  0
        value 0x00000007


ExConstant  [line 314]
NODE [line 314]
    type typeCon
    IsPC  0
    value 0x00000007

ExOpCode  [line 314]
NODE [line 314]
    type typeOpCode
    instruction   ldx
    mode          zero page y
    opCode        B6
    PC            0x00001363
    CHILD NODE [line 314]
        type typeCon
        IsPC  0
        value 0x00000007


ExConstant  [line 315]
NODE [line 315]
    type typeCon
    IsPC  0
    value 0x00005503

ExOpCode  [line 315]
NODE [line 315]
    type typeOpCode
    instruction   ldx
    mode          absolute
    opCode        AE
    PC            0x00001365
    CHILD NODE [line 315]
        type typeCon
        IsPC  0
        value 0x00005503


ExConstant  [line 316]
NODE [line 316]
    type typeCon
    IsPC  0
    value 0x00005503

ExOpCode  [line 316]
NODE [line 316]
    type typeOpCode
    instruction   ldx
    mode          absolute
    opCode        AE
    PC            0x00001368
    CHILD NODE [line 316]
        type typeCon
        IsPC  0
        value 0x00005503


ExConstant  [line 317]
NODE [line 317]
    type typeCon
    IsPC  0
    value 0x00000F09

ExOpCode  [line 317]
NODE [line 317]
    type typeOpCode
    instruction   ldx
    mode          absolute y
    opCode        BE
    PC            0x0000136B
    CHILD NODE [line 317]
        type typeCon
        IsPC  0
        value 0x00000F09


ExConstant  [line 318]
NODE [line 318]
    type typeCon
    IsPC  0
    value 0x00000F09

ExOpCode  [line 318]
NODE [line 318]
    type typeOpCode
    instruction   ldx
    mode          absolute y
    opCode        BE
    PC            0x0000136E
    CHILD NODE [line 318]
        type typeCon
        IsPC  0
        value 0x00000F09


ExOprEqu  [line 322]
NODE [line 322]
    type typeOpr
    opr '='
    CHILD NODE [line 322]
        type typeId
        name __stx
        i    (nil)

    CHILD NODE [line 322]
        type typeCon
        IsPC  1     PC = 00001371
        value 0x00001371


ExConstant  [line 323]
NODE [line 323]
    type typeCon
    IsPC  0
    value 0x000000D0

ExOpCode  [line 323]
NODE [line 323]
    type typeOpCode
    instruction   stx
    mode          zero page
    opCode        86
    PC            0x00001371
    CHILD NODE [line 323]
        type typeCon
        IsPC  0
        value 0x000000D0


ExConstant  [line 324]
NODE [line 324]
    type typeCon
    IsPC  0
    value 0x000000D0

ExOpCode  [line 324]
NODE [line 324]
    type typeOpCode
    instruction   stx
    mode          zero page
    opCode        86
    PC            0x00001373
    CHILD NODE [line 324]
        type typeCon
        IsPC  0
        value 0x000000D0


ExConstant  [line 325]
NODE [line 325]
    type typeCon
    IsPC  0
    value 0x00000008

ExOpCode  [line 325]
NODE [line 325]
    type typeOpCode
    instruction   stx
    mode          zero page y
    opCode        96
    PC            0x00001375
    CHILD NODE [line 325]
        type typeCon
        IsPC  0
        value 0x00000008


ExConstant  [line 326]
NODE [line 326]
    type typeCon
    IsPC  0
    value 0x00000008

ExOpCode  [line 326]
NODE [line 326]
    type typeOpCode
    instruction   stx
    mode          zero page y
    opCode        96
    PC            0x00001377
    CHILD NODE [line 326]
        type typeCon
        IsPC  0
        value 0x00000008


ExConstant  [line 327]
NODE [line 327]
    type typeCon
    IsPC  0
    value 0x0000287B

ExOpCode  [line 327]
NODE [line 327]
    type typeOpCode
    instruction   stx
    mode          absolute
    opCode        8E
    PC            0x00001379
    CHILD NODE [line 327]
        type typeCon
        IsPC  0
        value 0x0000287B


ExConstant  [line 328]
NODE [line 328]
    type typeCon
    IsPC  0
    value 0x0000287B

ExOpCode  [line 328]
NODE [line 328]
    type typeOpCode
    instruction   stx
    mode          absolute
    opCode        8E
    PC            0x0000137C
    CHILD NODE [line 328]
        type typeCon
        IsPC  0
        value 0x0000287B


ExOprEqu  [line 332]
NODE [line 332]
    type typeOpr
    opr '='
    CHILD NODE [line 332]
        type typeId
        name __ldy
        i    (nil)

    CHILD NODE [line 332]
        type typeCon
        IsPC  1     PC = 0000137F
        value 0x0000137F


ExConstant  [line 333]
NODE [line 333]
    type typeCon
    IsPC  0
    value 0x00000046

ExOpCode  [line 333]
NODE [line 333]
    type typeOpCode
    instruction   ldy
    mode          immediate
    opCode        A0
    PC            0x0000137F
    CHILD NODE [line 333]
        type typeCon
        IsPC  0
        value 0x00000046


ExConstant  [line 334]
NODE [line 334]
    type typeCon
    IsPC  0
    value 0x00000046

ExOpCode  [line 334]
NODE [line 334]
    type typeOpCode
    instruction   ldy
    mode          immediate
    opCode        A0
    PC            0x00001381
    CHILD NODE [line 334]
        type typeCon
        IsPC  0
        value 0x00000046


ExConstant  [line 335]
NODE [line 335]
    type typeCon
    IsPC  0
    value 0x000000B6

ExOpCode  [line 335]
NODE [line 335]
    type typeOpCode
    instruction   ldy
    mode          zero page
    opCode        A4
    PC            0x00001383
    CHILD NODE [line 335]
        type typeCon
        IsPC  0
        value 0x000000B6


ExConstant  [line 336]
NODE [line 336]
    type typeCon
    IsPC  0
    value 0x000000B6

ExOpCode  [line 336]
NODE [line 336]
    type typeOpCode
    instruction   ldy
    mode          zero page
    opCode        A4
    PC            0x00001385
    CHILD NODE [line 336]
        type typeCon
        IsPC  0
        value 0x000000B6


ExConstant  [line 337]
NODE [line 337]
    type typeCon
    IsPC  0
    value 0x00000091

ExOpCode  [line 337]
NODE [line 337]
    type typeOpCode
    instruction   ldy
    mode          zero page x
    opCode        B4
    PC            0x00001387
    CHILD NODE [line 337]
        type typeCon
        IsPC  0
        value 0x00000091


ExConstant  [line 338]
NODE [line 338]
    type typeCon
    IsPC  0
    value 0x00000091

ExOpCode  [line 338]
NODE [line 338]
    type typeOpCode
    instruction   ldy
    mode          zero page x
    opCode        B4
    PC            0x00001389
    CHILD NODE [line 338]
        type typeCon
        IsPC  0
        value 0x00000091


ExConstant  [line 339]
NODE [line 339]
    type typeCon
    IsPC  0
    value 0x0000733C

ExOpCode  [line 339]
NODE [line 339]
    type typeOpCode
    instruction   ldy
    mode          absolute
    opCode        AC
    PC            0x0000138B
    CHILD NODE [line 339]
        type typeCon
        IsPC  0
        value 0x0000733C


ExConstant  [line 340]
NODE [line 340]
    type typeCon
    IsPC  0
    value 0x0000733C

ExOpCode  [line 340]
NODE [line 340]
    type typeOpCode
    instruction   ldy
    mode          absolute
    opCode        AC
    PC            0x0000138E
    CHILD NODE [line 340]
        type typeCon
        IsPC  0
        value 0x0000733C


ExConstant  [line 341]
NODE [line 341]
    type typeCon
    IsPC  0
    value 0x0000B75E

ExOpCode  [line 341]
NODE [line 341]
    type typeOpCode
    instruction   ldy
    mode          absolute x
    opCode        BC
    PC            0x00001391
    CHILD NODE [line 341]
        type typeCon
        IsPC  0
        value 0x0000B75E


ExConstant  [line 342]
NODE [line 342]
    type typeCon
    IsPC  0
    value 0x0000B75E

ExOpCode  [line 342]
NODE [line 342]
    type typeOpCode
    instruction   ldy
    mode          absolute x
    opCode        BC
    PC            0x00001394
    CHILD NODE [line 342]
        type typeCon
        IsPC  0
        value 0x0000B75E


ExOprEqu  [line 346]
NODE [line 346]
    type typeOpr
    opr '='
    CHILD NODE [line 346]
        type typeId
        name __sty
        i    (nil)

    CHILD NODE [line 346]
        type typeCon
        IsPC  1     PC = 00001397
        value 0x00001397


ExConstant  [line 347]
NODE [line 347]
    type typeCon
    IsPC  0
    value 0x00000046

ExOpCode  [line 347]
NODE [line 347]
    type typeOpCode
    instruction   sty
    mode          zero page
    opCode        84
    PC            0x00001397
    CHILD NODE [line 347]
        type typeCon
        IsPC  0
        value 0x00000046


ExConstant  [line 348]
NODE [line 348]
    type typeCon
    IsPC  0
    value 0x00000046

ExOpCode  [line 348]
NODE [line 348]
    type typeOpCode
    instruction   sty
    mode          zero page
    opCode        84
    PC            0x00001399
    CHILD NODE [line 348]
        type typeCon
        IsPC  0
        value 0x00000046


ExConstant  [line 349]
NODE [line 349]
    type typeCon
    IsPC  0
    value 0x0000003E

ExOpCode  [line 349]
NODE [line 349]
    type typeOpCode
    instruction   sty
    mode          zero page x
    opCode        94
    PC            0x0000139B
    CHILD NODE [line 349]
        type typeCon
        IsPC  0
        value 0x0000003E


ExConstant  [line 350]
NODE [line 350]
    type typeCon
    IsPC  0
    value 0x0000003E

ExOpCode  [line 350]
NODE [line 350]
    type typeOpCode
    instruction   sty
    mode          zero page x
    opCode        94
    PC            0x0000139D
    CHILD NODE [line 350]
        type typeCon
        IsPC  0
        value 0x0000003E


ExConstant  [line 351]
NODE [line 351]
    type typeCon
    IsPC  0
    value 0x00008BE4

ExOpCode  [line 351]
NODE [line 351]
    type typeOpCode
    instruction   sty
    mode          absolute
    opCode        8C
    PC            0x0000139F
    CHILD NODE [line 351]
        type typeCon
        IsPC  0
        value 0x00008BE4


ExConstant  [line 352]
NODE [line 352]
    type typeCon
    IsPC  0
    value 0x00008BE4

ExOpCode  [line 352]
NODE [line 352]
    type typeOpCode
    instruction   sty
    mode          absolute
    opCode        8C
    PC            0x000013A2
    CHILD NODE [line 352]
        type typeCon
        IsPC  0
        value 0x00008BE4


ExOprEqu  [line 356]
NODE [line 356]
    type typeOpr
    opr '='
    CHILD NODE [line 356]
        type typeId
        name __tax
        i    (nil)

    CHILD NODE [line 356]
        type typeCon
        IsPC  1     PC = 000013A5
        value 0x000013A5


ExOpCode  [line 357]
NODE [line 357]
    type typeOpCode
    instruction   tax
    mode          implied
    opCode        AA
    PC            0x000013A5


ExOprEqu  [line 361]
NODE [line 361]
    type typeOpr
    opr '='
    CHILD NODE [line 361]
        type typeId
        name __txa
        i    (nil)

    CHILD NODE [line 361]
        type typeCon
        IsPC  1     PC = 000013A6
        value 0x000013A6


ExOpCode  [line 362]
NODE [line 362]
    type typeOpCode
    instruction   txa
    mode          implied
    opCode        8A
    PC            0x000013A6


ExOprEqu  [line 366]
NODE [line 366]
    type typeOpr
    opr '='
    CHILD NODE [line 366]
        type typeId
        name __tay
        i    (nil)

    CHILD NODE [line 366]
        type typeCon
        IsPC  1     PC = 000013A7
        value 0x000013A7


ExOpCode  [line 367]
NODE [line 367]
    type typeOpCode
    instruction   tay
    mode          implied
    opCode        A8
    PC            0x000013A7


ExOprEqu  [line 371]
NODE [line 371]
    type typeOpr
    opr '='
    CHILD NODE [line 371]
        type typeId
        name __tya
        i    (nil)

    CHILD NODE [line 371]
        type typeCon
        IsPC  1     PC = 000013A8
        value 0x000013A8


ExOpCode  [line 372]
NODE [line 372]
    type typeOpCode
    instruction   tya
    mode          implied
    opCode        98
    PC            0x000013A8


ExOprEqu  [line 376]
NODE [line 376]
    type typeOpr
    opr '='
    CHILD NODE [line 376]
        type typeId
        name __tsx
        i    (nil)

    CHILD NODE [line 376]
        type typeCon
        IsPC  1     PC = 000013A9
        value 0x000013A9


ExOpCode  [line 377]
NODE [line 377]
    type typeOpCode
    instruction   tsx
    mode          implied
    opCode        BA
    PC            0x000013A9


ExOprEqu  [line 381]
NODE [line 381]
    type typeOpr
    opr '='
    CHILD NODE [line 381]
        type typeId
        name __txs
        i    (nil)

    CHILD NODE [line 381]
        type typeCon
        IsPC  1     PC = 000013AA
        value 0x000013AA


ExOpCode  [line 382]
NODE [line 382]
    type typeOpCode
    instruction   txs
    mode          implied
    opCode        9A
    PC            0x000013AA


ExOprEqu  [line 386]
NODE [line 386]
    type typeOpr
    opr '='
    CHILD NODE [line 386]
        type typeId
        name __pla
        i    (nil)

    CHILD NODE [line 386]
        type typeCon
        IsPC  1     PC = 000013AB
        value 0x000013AB


ExOpCode  [line 387]
NODE [line 387]
    type typeOpCode
    instruction   pla
    mode          implied
    opCode        68
    PC            0x000013AB


ExOprEqu  [line 391]
NODE [line 391]
    type typeOpr
    opr '='
    CHILD NODE [line 391]
        type typeId
        name __pha
        i    (nil)

    CHILD NODE [line 391]
        type typeCon
        IsPC  1     PC = 000013AC
        value 0x000013AC


ExOpCode  [line 392]
NODE [line 392]
    type typeOpCode
    instruction   pha
    mode          implied
    opCode        48
    PC            0x000013AC


ExOprEqu  [line 396]
NODE [line 396]
    type typeOpr
    opr '='
    CHILD NODE [line 396]
        type typeId
        name __plp
        i    (nil)

    CHILD NODE [line 396]
        type typeCon
        IsPC  1     PC = 000013AD
        value 0x000013AD


ExOpCode  [line 397]
NODE [line 397]
    type typeOpCode
    instruction   plp
    mode          implied
    opCode        28
    PC            0x000013AD


ExOprEqu  [line 401]
NODE [line 401]
    type typeOpr
    opr '='
    CHILD NODE [line 401]
        type typeId
        name __php
        i    (nil)

    CHILD NODE [line 401]
        type typeCon
        IsPC  1     PC = 000013AE
        value 0x000013AE


ExOpCode  [line 402]
NODE [line 402]
    type typeOpCode
    instruction   php
    mode          implied
    opCode        08
    PC            0x000013AE


ExOprEqu  [line 406]
NODE [line 406]
    type typeOpr
    opr '='
    CHILD NODE [line 406]
        type typeId
        name __bpl
        i    (nil)

    CHILD NODE [line 406]
        type typeCon
        IsPC  1     PC = 000013AF
        value 0x000013AF


ExSymbol  [line 407]
NODE [line 407]
    type typeId
    name __bmi
    i    (nil)


ExOpCode  [line 407]
NODE [line 407]
    type typeOpCode
    instruction   bpl
    mode          relative
    opCode        10
    PC            0x000013AF
    CHILD NODE [line 407]
        type typeId
        name __bmi
        i    0x1865fb0
             fullname     __bmi
             initialized  1
             value        5043
             ismacroname  0
             ismacroparam 0
             isvar        0
             macroNode    (nil)
             section      NULL
             name         __bmi



ExSymbol  [line 408]
NODE [line 408]
    type typeId
    name __php
    i    (nil)


ExOpCode  [line 408]
NODE [line 408]
    type typeOpCode
    instruction   bpl
    mode          relative
    opCode        10
    PC            0x000013B1
    CHILD NODE [line 408]
        type typeId
        name __php
        i    0x1865910
             fullname     __php
             initialized  1
             value        5038
             ismacroname  0
             ismacroparam 0
             isvar        0
             macroNode    (nil)
             section      NULL
             name         __php



ExOprEqu  [line 412]
NODE [line 412]
    type typeOpr
    opr '='
    CHILD NODE [line 412]
        type typeId
        name __bmi
        i    (nil)

    CHILD NODE [line 412]
        type typeCon
        IsPC  1     PC = 000013B3
        value 0x000013B3


ExSymbol  [line 413]
NODE [line 413]
    type typeId
    name __bpl
    i    (nil)


ExOpCode  [line 413]
NODE [line 413]
    type typeOpCode
    instruction   bmi
    mode          relative
    opCode        30
    PC            0x000013B3
    CHILD NODE [line 413]
        type typeId
        name __bpl
        i    0x1865da0
             fullname     __bpl
             initialized  1
             value        5039
             ismacroname  0
             ismacroparam 0
             isvar        0
             macroNode    (nil)
             section      NULL
             name         __bpl



ExSymbol  [line 414]
NODE [line 414]
    type typeId
    name __php
    i    (nil)


ExOpCode  [line 414]
NODE [line 414]
    type typeOpCode
    instruction   bmi
    mode          relative
    opCode        30
    PC            0x000013B5
    CHILD NODE [line 414]
        type typeId
        name __php
        i    0x1865910
             fullname     __php
             initialized  1
             value        5038
             ismacroname  0
             ismacroparam 0
             isvar        0
             macroNode    (nil)
             section      NULL
             name         __php



ExOprEqu  [line 417]
NODE [line 417]
    type typeOpr
    opr '='
    CHILD NODE [line 417]
        type typeId
        name __bvc
        i    (nil)

    CHILD NODE [line 417]
        type typeCon
        IsPC  1     PC = 000013B7
        value 0x000013B7


ExSymbol  [line 418]
NODE [line 418]
    type typeId
    name __bmi
    i    (nil)


ExOpCode  [line 418]
NODE [line 418]
    type typeOpCode
    instruction   bvc
    mode          relative
    opCode        50
    PC            0x000013B7
    CHILD NODE [line 418]
        type typeId
        name __bmi
        i    0x1865fb0
             fullname     __bmi
             initialized  1
             value        5043
             ismacroname  0
             ismacroparam 0
             isvar        0
             macroNode    (nil)
             section      NULL
             name         __bmi



ExSymbol  [line 419]
NODE [line 419]
    type typeId
    name __php
    i    (nil)


ExOpCode  [line 419]
NODE [line 419]
    type typeOpCode
    instruction   bvc
    mode          relative
    opCode        50
    PC            0x000013B9
    CHILD NODE [line 419]
        type typeId
        name __php
        i    0x1865910
             fullname     __php
             initialized  1
             value        5038
             ismacroname  0
             ismacroparam 0
             isvar        0
             macroNode    (nil)
             section      NULL
             name         __php



ExOprEqu  [line 423]
NODE [line 423]
    type typeOpr
    opr '='
    CHILD NODE [line 423]
        type typeId
        name __bvs
        i    (nil)

    CHILD NODE [line 423]
        type typeCon
        IsPC  1     PC = 000013BB
        value 0x000013BB


ExSymbol  [line 424]
NODE [line 424]
    type typeId
    name __bcc
    i    (nil)


ExOpCode  [line 424]
NODE [line 424]
    type typeOpCode
    instruction   bvs
    mode          relative
    opCode        70
    PC            0x000013BB
    CHILD NODE [line 424]
        type typeId
        name __bcc
        i    0x18672c0
             fullname     __bcc
             initialized  1
             value        5055
             ismacroname  0
             ismacroparam 0
             isvar        0
             macroNode    (nil)
             section      NULL
             name         __bcc



ExSymbol  [line 425]
NODE [line 425]
    type typeId
    name __php
    i    (nil)


ExOpCode  [line 425]
NODE [line 425]
    type typeOpCode
    instruction   bvs
    mode          relative
    opCode        70
    PC            0x000013BD
    CHILD NODE [line 425]
        type typeId
        name __php
        i    0x1865910
             fullname     __php
             initialized  1
             value        5038
             ismacroname  0
             ismacroparam 0
             isvar        0
             macroNode    (nil)
             section      NULL
             name         __php



ExOprEqu  [line 429]
NODE [line 429]
    type typeOpr
    opr '='
    CHILD NODE [line 429]
        type typeId
        name __bcc
        i    (nil)

    CHILD NODE [line 429]
        type typeCon
        IsPC  1     PC = 000013BF
        value 0x000013BF


ExSymbol  [line 430]
NODE [line 430]
    type typeId
    name __php
    i    (nil)


ExOpCode  [line 430]
NODE [line 430]
    type typeOpCode
    instruction   bcc
    mode          relative
    opCode        90
    PC            0x000013BF
    CHILD NODE [line 430]
        type typeId
        name __php
        i    0x1865910
             fullname     __php
             initialized  1
             value        5038
             ismacroname  0
             ismacroparam 0
             isvar        0
             macroNode    (nil)
             section      NULL
             name         __php



ExSymbol  [line 431]
NODE [line 431]
    type typeId
    name __bne
    i    (nil)


ExOpCode  [line 431]
NODE [line 431]
    type typeOpCode
    instruction   bcc
    mode          relative
    opCode        90
    PC            0x000013C1
    CHILD NODE [line 431]
        type typeId
        name __bne
        i    0x1867aa0
             fullname     __bne
             initialized  1
             value        5063
             ismacroname  0
             ismacroparam 0
             isvar        0
             macroNode    (nil)
             section      NULL
             name         __bne



ExOprEqu  [line 435]
NODE [line 435]
    type typeOpr
    opr '='
    CHILD NODE [line 435]
        type typeId
        name __bcs
        i    (nil)

    CHILD NODE [line 435]
        type typeCon
        IsPC  1     PC = 000013C3
        value 0x000013C3


ExSymbol  [line 436]
NODE [line 436]
    type typeId
    name __nop
    i    (nil)


ExOpCode  [line 436]
NODE [line 436]
    type typeOpCode
    instruction   bcs
    mode          relative
    opCode        B0
    PC            0x000013C3
    CHILD NODE [line 436]
        type typeId
        name __nop
        i    0x18680a0
             fullname     __nop
             initialized  1
             value        5109
             ismacroname  0
             ismacroparam 0
             isvar        0
             macroNode    (nil)
             section      NULL
             name         __nop



ExSymbol  [line 437]
NODE [line 437]
    type typeId
    name __nop
    i    (nil)


ExOpCode  [line 437]
NODE [line 437]
    type typeOpCode
    instruction   bcs
    mode          relative
    opCode        B0
    PC            0x000013C5
    CHILD NODE [line 437]
        type typeId
        name __nop
        i    0x18680a0
             fullname     __nop
             initialized  1
             value        5109
             ismacroname  0
             ismacroparam 0
             isvar        0
             macroNode    (nil)
             section      NULL
             name         __nop



ExOprEqu  [line 441]
NODE [line 441]
    type typeOpr
    opr '='
    CHILD NODE [line 441]
        type typeId
        name __bne
        i    (nil)

    CHILD NODE [line 441]
        type typeCon
        IsPC  1     PC = 000013C7
        value 0x000013C7


ExSymbol  [line 442]
NODE [line 442]
    type typeId
    name __brk
    i    (nil)


ExOpCode  [line 442]
NODE [line 442]
    type typeOpCode
    instruction   bne
    mode          relative
    opCode        D0
    PC            0x000013C7
    CHILD NODE [line 442]
        type typeId
        name __brk
        i    0x1868730
             fullname     __brk
             initialized  1
             value        5071
             ismacroname  0
             ismacroparam 0
             isvar        0
             macroNode    (nil)
             section      NULL
             name         __brk



ExSymbol  [line 443]
NODE [line 443]
    type typeId
    name __rti
    i    (nil)


ExOpCode  [line 443]
NODE [line 443]
    type typeOpCode
    instruction   bne
    mode          relative
    opCode        D0
    PC            0x000013C9
    CHILD NODE [line 443]
        type typeId
        name __rti
        i    0x1868940
             fullname     __rti
             initialized  1
             value        5072
             ismacroname  0
             ismacroparam 0
             isvar        0
             macroNode    (nil)
             section      NULL
             name         __rti



ExOprEqu  [line 447]
NODE [line 447]
    type typeOpr
    opr '='
    CHILD NODE [line 447]
        type typeId
        name __beq
        i    (nil)

    CHILD NODE [line 447]
        type typeCon
        IsPC  1     PC = 000013CB
        value 0x000013CB


ExSymbol  [line 448]
NODE [line 448]
    type typeId
    name __bne
    i    (nil)


ExOpCode  [line 448]
NODE [line 448]
    type typeOpCode
    instruction   beq
    mode          relative
    opCode        F0
    PC            0x000013CB
    CHILD NODE [line 448]
        type typeId
        name __bne
        i    0x1867aa0
             fullname     __bne
             initialized  1
             value        5063
             ismacroname  0
             ismacroparam 0
             isvar        0
             macroNode    (nil)
             section      NULL
             name         __bne



ExSymbol  [line 449]
NODE [line 449]
    type typeId
    name __jsr
    i    (nil)


ExOpCode  [line 449]
NODE [line 449]
    type typeOpCode
    instruction   beq
    mode          relative
    opCode        F0
    PC            0x000013CD
    CHILD NODE [line 449]
        type typeId
        name __jsr
        i    0x1869090
             fullname     __jsr
             initialized  1
             value        5073
             ismacroname  0
             ismacroparam 0
             isvar        0
             macroNode    (nil)
             section      NULL
             name         __jsr



ExOprEqu  [line 453]
NODE [line 453]
    type typeOpr
    opr '='
    CHILD NODE [line 453]
        type typeId
        name __brk
        i    (nil)

    CHILD NODE [line 453]
        type typeCon
        IsPC  1     PC = 000013CF
        value 0x000013CF


ExOpCode  [line 454]
NODE [line 454]
    type typeOpCode
    instruction   brk
    mode          implied
    opCode        00
    PC            0x000013CF


ExOprEqu  [line 458]
NODE [line 458]
    type typeOpr
    opr '='
    CHILD NODE [line 458]
        type typeId
        name __rti
        i    (nil)

    CHILD NODE [line 458]
        type typeCon
        IsPC  1     PC = 000013D0
        value 0x000013D0


ExOpCode  [line 459]
NODE [line 459]
    type typeOpCode
    instruction   rti
    mode          implied
    opCode        40
    PC            0x000013D0


ExOprEqu  [line 463]
NODE [line 463]
    type typeOpr
    opr '='
    CHILD NODE [line 463]
        type typeId
        name __jsr
        i    (nil)

    CHILD NODE [line 463]
        type typeCon
        IsPC  1     PC = 000013D1
        value 0x000013D1


ExConstant  [line 464]
NODE [line 464]
    type typeCon
    IsPC  0
    value 0x00005C3C

ExOpCode  [line 464]
NODE [line 464]
    type typeOpCode
    instruction   jsr
    mode          absolute
    opCode        20
    PC            0x000013D1
    CHILD NODE [line 464]
        type typeCon
        IsPC  0
        value 0x00005C3C


ExConstant  [line 465]
NODE [line 465]
    type typeCon
    IsPC  0
    value 0x00005C3C

ExOpCode  [line 465]
NODE [line 465]
    type typeOpCode
    instruction   jsr
    mode          absolute
    opCode        20
    PC            0x000013D4
    CHILD NODE [line 465]
        type typeCon
        IsPC  0
        value 0x00005C3C


ExOprEqu  [line 469]
NODE [line 469]
    type typeOpr
    opr '='
    CHILD NODE [line 469]
        type typeId
        name __rts
        i    (nil)

    CHILD NODE [line 469]
        type typeCon
        IsPC  1     PC = 000013D7
        value 0x000013D7


ExOpCode  [line 470]
NODE [line 470]
    type typeOpCode
    instruction   rts
    mode          implied
    opCode        60
    PC            0x000013D7


ExOprEqu  [line 474]
NODE [line 474]
    type typeOpr
    opr '='
    CHILD NODE [line 474]
        type typeId
        name __jmp
        i    (nil)

    CHILD NODE [line 474]
        type typeCon
        IsPC  1     PC = 000013D8
        value 0x000013D8


ExConstant  [line 475]
NODE [line 475]
    type typeCon
    IsPC  0
    value 0x00009324

ExOpCode  [line 475]
NODE [line 475]
    type typeOpCode
    instruction   jmp
    mode          absolute
    opCode        4C
    PC            0x000013D8
    CHILD NODE [line 475]
        type typeCon
        IsPC  0
        value 0x00009324


ExConstant  [line 476]
NODE [line 476]
    type typeCon
    IsPC  0
    value 0x00009324

ExOpCode  [line 476]
NODE [line 476]
    type typeOpCode
    instruction   jmp
    mode          absolute
    opCode        4C
    PC            0x000013DB
    CHILD NODE [line 476]
        type typeCon
        IsPC  0
        value 0x00009324


ExConstant  [line 477]
NODE [line 477]
    type typeCon
    IsPC  0
    value 0x00005ADC

ExOpCode  [line 477]
NODE [line 477]
    type typeOpCode
    instruction   jmp
    mode          absolute i
    opCode        6C
    PC            0x000013DE
    CHILD NODE [line 477]
        type typeCon
        IsPC  0
        value 0x00005ADC


ExConstant  [line 478]
NODE [line 478]
    type typeCon
    IsPC  0
    value 0x00005ADC

ExOpCode  [line 478]
NODE [line 478]
    type typeOpCode
    instruction   jmp
    mode          absolute i
    opCode        6C
    PC            0x000013E1
    CHILD NODE [line 478]
        type typeCon
        IsPC  0
        value 0x00005ADC


ExOprEqu  [line 482]
NODE [line 482]
    type typeOpr
    opr '='
    CHILD NODE [line 482]
        type typeId
        name __bit
        i    (nil)

    CHILD NODE [line 482]
        type typeCon
        IsPC  1     PC = 000013E4
        value 0x000013E4


ExConstant  [line 483]
NODE [line 483]
    type typeCon
    IsPC  0
    value 0x00000027

ExOpCode  [line 483]
NODE [line 483]
    type typeOpCode
    instruction   bit
    mode          zero page
    opCode        24
    PC            0x000013E4
    CHILD NODE [line 483]
        type typeCon
        IsPC  0
        value 0x00000027


ExConstant  [line 484]
NODE [line 484]
    type typeCon
    IsPC  0
    value 0x00000027

ExOpCode  [line 484]
NODE [line 484]
    type typeOpCode
    instruction   bit
    mode          zero page
    opCode        24
    PC            0x000013E6
    CHILD NODE [line 484]
        type typeCon
        IsPC  0
        value 0x00000027


ExConstant  [line 485]
NODE [line 485]
    type typeCon
    IsPC  0
    value 0x0000A1F5

ExOpCode  [line 485]
NODE [line 485]
    type typeOpCode
    instruction   bit
    mode          absolute
    opCode        2C
    PC            0x000013E8
    CHILD NODE [line 485]
        type typeCon
        IsPC  0
        value 0x0000A1F5


ExConstant  [line 486]
NODE [line 486]
    type typeCon
    IsPC  0
    value 0x0000A1F5

ExOpCode  [line 486]
NODE [line 486]
    type typeOpCode
    instruction   bit
    mode          absolute
    opCode        2C
    PC            0x000013EB
    CHILD NODE [line 486]
        type typeCon
        IsPC  0
        value 0x0000A1F5


ExOprEqu  [line 490]
NODE [line 490]
    type typeOpr
    opr '='
    CHILD NODE [line 490]
        type typeId
        name __clc
        i    (nil)

    CHILD NODE [line 490]
        type typeCon
        IsPC  1     PC = 000013EE
        value 0x000013EE


ExOpCode  [line 491]
NODE [line 491]
    type typeOpCode
    instruction   clc
    mode          implied
    opCode        18
    PC            0x000013EE


ExOprEqu  [line 495]
NODE [line 495]
    type typeOpr
    opr '='
    CHILD NODE [line 495]
        type typeId
        name __sec
        i    (nil)

    CHILD NODE [line 495]
        type typeCon
        IsPC  1     PC = 000013EF
        value 0x000013EF


ExOpCode  [line 496]
NODE [line 496]
    type typeOpCode
    instruction   sec
    mode          implied
    opCode        38
    PC            0x000013EF


ExOprEqu  [line 500]
NODE [line 500]
    type typeOpr
    opr '='
    CHILD NODE [line 500]
        type typeId
        name __cld
        i    (nil)

    CHILD NODE [line 500]
        type typeCon
        IsPC  1     PC = 000013F0
        value 0x000013F0


ExOpCode  [line 501]
NODE [line 501]
    type typeOpCode
    instruction   cld
    mode          implied
    opCode        D8
    PC            0x000013F0


ExOprEqu  [line 505]
NODE [line 505]
    type typeOpr
    opr '='
    CHILD NODE [line 505]
        type typeId
        name __sed
        i    (nil)

    CHILD NODE [line 505]
        type typeCon
        IsPC  1     PC = 000013F1
        value 0x000013F1


ExOpCode  [line 506]
NODE [line 506]
    type typeOpCode
    instruction   sed
    mode          implied
    opCode        F8
    PC            0x000013F1


ExOprEqu  [line 510]
NODE [line 510]
    type typeOpr
    opr '='
    CHILD NODE [line 510]
        type typeId
        name __cli
        i    (nil)

    CHILD NODE [line 510]
        type typeCon
        IsPC  1     PC = 000013F2
        value 0x000013F2


ExOpCode  [line 511]
NODE [line 511]
    type typeOpCode
    instruction   cli
    mode          implied
    opCode        58
    PC            0x000013F2


ExOprEqu  [line 515]
NODE [line 515]
    type typeOpr
    opr '='
    CHILD NODE [line 515]
        type typeId
        name __sei
        i    (nil)

    CHILD NODE [line 515]
        type typeCon
        IsPC  1     PC = 000013F3
        value 0x000013F3


ExOpCode  [line 516]
NODE [line 516]
    type typeOpCode
    instruction   sei
    mode          implied
    opCode        78
    PC            0x000013F3


ExOprEqu  [line 520]
NODE [line 520]
    type typeOpr
    opr '='
    CHILD NODE [line 520]
        type typeId
        name __clv
        i    (nil)

    CHILD NODE [line 520]
        type typeCon
        IsPC  1     PC = 000013F4
        value 0x000013F4


ExOpCode  [line 521]
NODE [line 521]
    type typeOpCode
    instruction   clv
    mode          implied
    opCode        B8
    PC            0x000013F4


ExOprEqu  [line 525]
NODE [line 525]
    type typeOpr
    opr '='
    CHILD NODE [line 525]
        type typeId
        name __nop
        i    (nil)

    CHILD NODE [line 525]
        type typeCon
        IsPC  1     PC = 000013F5
        value 0x000013F5


ExOpCode  [line 526]
NODE [line 526]
    type typeOpCode
    instruction   nop
    mode          implied
    opCode        EA
    PC            0x000013F5


ExOprEqu  [line 532]
NODE [line 532]
    type typeOpr
    opr '='
    CHILD NODE [line 532]
        type typeId
        name __slo
        i    (nil)

    CHILD NODE [line 532]
        type typeCon
        IsPC  1     PC = 000013F6
        value 0x000013F6


ExConstant  [line 533]
NODE [line 533]
    type typeCon
    IsPC  0
    value 0x000000AC

ExOpCode  [line 533]
NODE [line 533]
    type typeOpCode
    instruction   slo
    mode          zero page
    opCode        07
    PC            0x000013F6
    CHILD NODE [line 533]
        type typeCon
        IsPC  0
        value 0x000000AC


ExConstant  [line 534]
NODE [line 534]
    type typeCon
    IsPC  0
    value 0x000000AC

ExOpCode  [line 534]
NODE [line 534]
    type typeOpCode
    instruction   slo
    mode          zero page
    opCode        07
    PC            0x000013F8
    CHILD NODE [line 534]
        type typeCon
        IsPC  0
        value 0x000000AC


ExConstant  [line 535]
NODE [line 535]
    type typeCon
    IsPC  0
    value 0x000000EC

ExOpCode  [line 535]
NODE [line 535]
    type typeOpCode
    instruction   slo
    mode          zero page x
    opCode        17
    PC            0x000013FA
    CHILD NODE [line 535]
        type typeCon
        IsPC  0
        value 0x000000EC


ExConstant  [line 536]
NODE [line 536]
    type typeCon
    IsPC  0
    value 0x000000EC

ExOpCode  [line 536]
NODE [line 536]
    type typeOpCode
    instruction   slo
    mode          zero page x
    opCode        17
    PC            0x000013FC
    CHILD NODE [line 536]
        type typeCon
        IsPC  0
        value 0x000000EC


ExConstant  [line 537]
NODE [line 537]
    type typeCon
    IsPC  0
    value 0x000000D8

ExOpCode  [line 537]
NODE [line 537]
    type typeOpCode
    instruction   slo
    mode          zero page indirect x
    opCode        03
    PC            0x000013FE
    CHILD NODE [line 537]
        type typeCon
        IsPC  0
        value 0x000000D8


ExConstant  [line 538]
NODE [line 538]
    type typeCon
    IsPC  0
    value 0x000000D8

ExOpCode  [line 538]
NODE [line 538]
    type typeOpCode
    instruction   slo
    mode          zero page indirect x
    opCode        03
    PC            0x00001400
    CHILD NODE [line 538]
        type typeCon
        IsPC  0
        value 0x000000D8


ExConstant  [line 539]
NODE [line 539]
    type typeCon
    IsPC  0
    value 0x0000002B

ExOpCode  [line 539]
NODE [line 539]
    type typeOpCode
    instruction   slo
    mode          zero page indirect y
    opCode        13
    PC            0x00001402
    CHILD NODE [line 539]
        type typeCon
        IsPC  0
        value 0x0000002B


ExConstant  [line 540]
NODE [line 540]
    type typeCon
    IsPC  0
    value 0x0000002B

ExOpCode  [line 540]
NODE [line 540]
    type typeOpCode
    instruction   slo
    mode          zero page indirect y
    opCode        13
    PC            0x00001404
    CHILD NODE [line 540]
        type typeCon
        IsPC  0
        value 0x0000002B


ExConstant  [line 541]
NODE [line 541]
    type typeCon
    IsPC  0
    value 0x00001029

ExOpCode  [line 541]
NODE [line 541]
    type typeOpCode
    instruction   slo
    mode          absolute
    opCode        0F
    PC            0x00001406
    CHILD NODE [line 541]
        type typeCon
        IsPC  0
        value 0x00001029


ExConstant  [line 542]
NODE [line 542]
    type typeCon
    IsPC  0
    value 0x00001029

ExOpCode  [line 542]
NODE [line 542]
    type typeOpCode
    instruction   slo
    mode          absolute
    opCode        0F
    PC            0x00001409
    CHILD NODE [line 542]
        type typeCon
        IsPC  0
        value 0x00001029


ExConstant  [line 543]
NODE [line 543]
    type typeCon
    IsPC  0
    value 0x00001959

ExOpCode  [line 543]
NODE [line 543]
    type typeOpCode
    instruction   slo
    mode          absolute x
    opCode        1F
    PC            0x0000140C
    CHILD NODE [line 543]
        type typeCon
        IsPC  0
        value 0x00001959


ExConstant  [line 544]
NODE [line 544]
    type typeCon
    IsPC  0
    value 0x00001959

ExOpCode  [line 544]
NODE [line 544]
    type typeOpCode
    instruction   slo
    mode          absolute x
    opCode        1F
    PC            0x0000140F
    CHILD NODE [line 544]
        type typeCon
        IsPC  0
        value 0x00001959


ExConstant  [line 545]
NODE [line 545]
    type typeCon
    IsPC  0
    value 0x00000C9F

ExOpCode  [line 545]
NODE [line 545]
    type typeOpCode
    instruction   slo
    mode          absolute y
    opCode        1B
    PC            0x00001412
    CHILD NODE [line 545]
        type typeCon
        IsPC  0
        value 0x00000C9F


ExConstant  [line 546]
NODE [line 546]
    type typeCon
    IsPC  0
    value 0x00000C9F

ExOpCode  [line 546]
NODE [line 546]
    type typeOpCode
    instruction   slo
    mode          absolute y
    opCode        1B
    PC            0x00001415
    CHILD NODE [line 546]
        type typeCon
        IsPC  0
        value 0x00000C9F


ExOprEqu  [line 550]
NODE [line 550]
    type typeOpr
    opr '='
    CHILD NODE [line 550]
        type typeId
        name __rla
        i    (nil)

    CHILD NODE [line 550]
        type typeCon
        IsPC  1     PC = 00001418
        value 0x00001418


ExConstant  [line 551]
NODE [line 551]
    type typeCon
    IsPC  0
    value 0x000000C2

ExOpCode  [line 551]
NODE [line 551]
    type typeOpCode
    instruction   rla
    mode          zero page
    opCode        27
    PC            0x00001418
    CHILD NODE [line 551]
        type typeCon
        IsPC  0
        value 0x000000C2


ExConstant  [line 552]
NODE [line 552]
    type typeCon
    IsPC  0
    value 0x000000C2

ExOpCode  [line 552]
NODE [line 552]
    type typeOpCode
    instruction   rla
    mode          zero page
    opCode        27
    PC            0x0000141A
    CHILD NODE [line 552]
        type typeCon
        IsPC  0
        value 0x000000C2


ExConstant  [line 553]
NODE [line 553]
    type typeCon
    IsPC  0
    value 0x000000A8

ExOpCode  [line 553]
NODE [line 553]
    type typeOpCode
    instruction   rla
    mode          zero page x
    opCode        37
    PC            0x0000141C
    CHILD NODE [line 553]
        type typeCon
        IsPC  0
        value 0x000000A8


ExConstant  [line 554]
NODE [line 554]
    type typeCon
    IsPC  0
    value 0x000000A8

ExOpCode  [line 554]
NODE [line 554]
    type typeOpCode
    instruction   rla
    mode          zero page x
    opCode        37
    PC            0x0000141E
    CHILD NODE [line 554]
        type typeCon
        IsPC  0
        value 0x000000A8


ExConstant  [line 555]
NODE [line 555]
    type typeCon
    IsPC  0
    value 0x000000ED

ExOpCode  [line 555]
NODE [line 555]
    type typeOpCode
    instruction   rla
    mode          zero page indirect x
    opCode        23
    PC            0x00001420
    CHILD NODE [line 555]
        type typeCon
        IsPC  0
        value 0x000000ED


ExConstant  [line 556]
NODE [line 556]
    type typeCon
    IsPC  0
    value 0x000000ED

ExOpCode  [line 556]
NODE [line 556]
    type typeOpCode
    instruction   rla
    mode          zero page indirect x
    opCode        23
    PC            0x00001422
    CHILD NODE [line 556]
        type typeCon
        IsPC  0
        value 0x000000ED


ExConstant  [line 557]
NODE [line 557]
    type typeCon
    IsPC  0
    value 0x0000000E

ExOpCode  [line 557]
NODE [line 557]
    type typeOpCode
    instruction   rla
    mode          zero page indirect y
    opCode        33
    PC            0x00001424
    CHILD NODE [line 557]
        type typeCon
        IsPC  0
        value 0x0000000E


ExConstant  [line 558]
NODE [line 558]
    type typeCon
    IsPC  0
    value 0x0000000E

ExOpCode  [line 558]
NODE [line 558]
    type typeOpCode
    instruction   rla
    mode          zero page indirect y
    opCode        33
    PC            0x00001426
    CHILD NODE [line 558]
        type typeCon
        IsPC  0
        value 0x0000000E


ExConstant  [line 559]
NODE [line 559]
    type typeCon
    IsPC  0
    value 0x0000D4B7

ExOpCode  [line 559]
NODE [line 559]
    type typeOpCode
    instruction   rla
    mode          absolute
    opCode        2F
    PC            0x00001428
    CHILD NODE [line 559]
        type typeCon
        IsPC  0
        value 0x0000D4B7


ExConstant  [line 560]
NODE [line 560]
    type typeCon
    IsPC  0
    value 0x0000D4B7

ExOpCode  [line 560]
NODE [line 560]
    type typeOpCode
    instruction   rla
    mode          absolute
    opCode        2F
    PC            0x0000142B
    CHILD NODE [line 560]
        type typeCon
        IsPC  0
        value 0x0000D4B7


ExConstant  [line 561]
NODE [line 561]
    type typeCon
    IsPC  0
    value 0x00004787

ExOpCode  [line 561]
NODE [line 561]
    type typeOpCode
    instruction   rla
    mode          absolute x
    opCode        3F
    PC            0x0000142E
    CHILD NODE [line 561]
        type typeCon
        IsPC  0
        value 0x00004787


ExConstant  [line 562]
NODE [line 562]
    type typeCon
    IsPC  0
    value 0x00004787

ExOpCode  [line 562]
NODE [line 562]
    type typeOpCode
    instruction   rla
    mode          absolute x
    opCode        3F
    PC            0x00001431
    CHILD NODE [line 562]
        type typeCon
        IsPC  0
        value 0x00004787


ExConstant  [line 563]
NODE [line 563]
    type typeCon
    IsPC  0
    value 0x0000876C

ExOpCode  [line 563]
NODE [line 563]
    type typeOpCode
    instruction   rla
    mode          absolute y
    opCode        3B
    PC            0x00001434
    CHILD NODE [line 563]
        type typeCon
        IsPC  0
        value 0x0000876C


ExConstant  [line 564]
NODE [line 564]
    type typeCon
    IsPC  0
    value 0x0000876C

ExOpCode  [line 564]
NODE [line 564]
    type typeOpCode
    instruction   rla
    mode          absolute y
    opCode        3B
    PC            0x00001437
    CHILD NODE [line 564]
        type typeCon
        IsPC  0
        value 0x0000876C


ExOprEqu  [line 568]
NODE [line 568]
    type typeOpr
    opr '='
    CHILD NODE [line 568]
        type typeId
        name __sre
        i    (nil)

    CHILD NODE [line 568]
        type typeCon
        IsPC  1     PC = 0000143A
        value 0x0000143A


ExConstant  [line 569]
NODE [line 569]
    type typeCon
    IsPC  0
    value 0x000000D2

ExOpCode  [line 569]
NODE [line 569]
    type typeOpCode
    instruction   sre
    mode          zero page
    opCode        47
    PC            0x0000143A
    CHILD NODE [line 569]
        type typeCon
        IsPC  0
        value 0x000000D2


ExConstant  [line 570]
NODE [line 570]
    type typeCon
    IsPC  0
    value 0x000000D2

ExOpCode  [line 570]
NODE [line 570]
    type typeOpCode
    instruction   sre
    mode          zero page
    opCode        47
    PC            0x0000143C
    CHILD NODE [line 570]
        type typeCon
        IsPC  0
        value 0x000000D2


ExConstant  [line 571]
NODE [line 571]
    type typeCon
    IsPC  0
    value 0x00000073

ExOpCode  [line 571]
NODE [line 571]
    type typeOpCode
    instruction   sre
    mode          zero page x
    opCode        57
    PC            0x0000143E
    CHILD NODE [line 571]
        type typeCon
        IsPC  0
        value 0x00000073


ExConstant  [line 572]
NODE [line 572]
    type typeCon
    IsPC  0
    value 0x00000073

ExOpCode  [line 572]
NODE [line 572]
    type typeOpCode
    instruction   sre
    mode          zero page x
    opCode        57
    PC            0x00001440
    CHILD NODE [line 572]
        type typeCon
        IsPC  0
        value 0x00000073


ExConstant  [line 573]
NODE [line 573]
    type typeCon
    IsPC  0
    value 0x00000090

ExOpCode  [line 573]
NODE [line 573]
    type typeOpCode
    instruction   sre
    mode          zero page indirect x
    opCode        43
    PC            0x00001442
    CHILD NODE [line 573]
        type typeCon
        IsPC  0
        value 0x00000090


ExConstant  [line 574]
NODE [line 574]
    type typeCon
    IsPC  0
    value 0x00000090

ExOpCode  [line 574]
NODE [line 574]
    type typeOpCode
    instruction   sre
    mode          zero page indirect x
    opCode        43
    PC            0x00001444
    CHILD NODE [line 574]
        type typeCon
        IsPC  0
        value 0x00000090


ExConstant  [line 575]
NODE [line 575]
    type typeCon
    IsPC  0
    value 0x000000EF

ExOpCode  [line 575]
NODE [line 575]
    type typeOpCode
    instruction   sre
    mode          zero page indirect y
    opCode        53
    PC            0x00001446
    CHILD NODE [line 575]
        type typeCon
        IsPC  0
        value 0x000000EF


ExConstant  [line 576]
NODE [line 576]
    type typeCon
    IsPC  0
    value 0x000000EF

ExOpCode  [line 576]
NODE [line 576]
    type typeOpCode
    instruction   sre
    mode          zero page indirect y
    opCode        53
    PC            0x00001448
    CHILD NODE [line 576]
        type typeCon
        IsPC  0
        value 0x000000EF


ExConstant  [line 577]
NODE [line 577]
    type typeCon
    IsPC  0
    value 0x00003414

ExOpCode  [line 577]
NODE [line 577]
    type typeOpCode
    instruction   sre
    mode          absolute
    opCode        4F
    PC            0x0000144A
    CHILD NODE [line 577]
        type typeCon
        IsPC  0
        value 0x00003414


ExConstant  [line 578]
NODE [line 578]
    type typeCon
    IsPC  0
    value 0x00003414

ExOpCode  [line 578]
NODE [line 578]
    type typeOpCode
    instruction   sre
    mode          absolute
    opCode        4F
    PC            0x0000144D
    CHILD NODE [line 578]
        type typeCon
        IsPC  0
        value 0x00003414


ExConstant  [line 579]
NODE [line 579]
    type typeCon
    IsPC  0
    value 0x00006D34

ExOpCode  [line 579]
NODE [line 579]
    type typeOpCode
    instruction   sre
    mode          absolute x
    opCode        5F
    PC            0x00001450
    CHILD NODE [line 579]
        type typeCon
        IsPC  0
        value 0x00006D34


ExConstant  [line 580]
NODE [line 580]
    type typeCon
    IsPC  0
    value 0x00006D34

ExOpCode  [line 580]
NODE [line 580]
    type typeOpCode
    instruction   sre
    mode          absolute x
    opCode        5F
    PC            0x00001453
    CHILD NODE [line 580]
        type typeCon
        IsPC  0
        value 0x00006D34


ExConstant  [line 581]
NODE [line 581]
    type typeCon
    IsPC  0
    value 0x0000751D

ExOpCode  [line 581]
NODE [line 581]
    type typeOpCode
    instruction   sre
    mode          absolute y
    opCode        5B
    PC            0x00001456
    CHILD NODE [line 581]
        type typeCon
        IsPC  0
        value 0x0000751D


ExConstant  [line 582]
NODE [line 582]
    type typeCon
    IsPC  0
    value 0x0000751D

ExOpCode  [line 582]
NODE [line 582]
    type typeOpCode
    instruction   sre
    mode          absolute y
    opCode        5B
    PC            0x00001459
    CHILD NODE [line 582]
        type typeCon
        IsPC  0
        value 0x0000751D


ExOprEqu  [line 586]
NODE [line 586]
    type typeOpr
    opr '='
    CHILD NODE [line 586]
        type typeId
        name __rra
        i    (nil)

    CHILD NODE [line 586]
        type typeCon
        IsPC  1     PC = 0000145C
        value 0x0000145C


ExConstant  [line 587]
NODE [line 587]
    type typeCon
    IsPC  0
    value 0x000000D1

ExOpCode  [line 587]
NODE [line 587]
    type typeOpCode
    instruction   rra
    mode          zero page
    opCode        67
    PC            0x0000145C
    CHILD NODE [line 587]
        type typeCon
        IsPC  0
        value 0x000000D1


ExConstant  [line 588]
NODE [line 588]
    type typeCon
    IsPC  0
    value 0x000000D1

ExOpCode  [line 588]
NODE [line 588]
    type typeOpCode
    instruction   rra
    mode          zero page
    opCode        67
    PC            0x0000145E
    CHILD NODE [line 588]
        type typeCon
        IsPC  0
        value 0x000000D1


ExConstant  [line 589]
NODE [line 589]
    type typeCon
    IsPC  0
    value 0x00000041

ExOpCode  [line 589]
NODE [line 589]
    type typeOpCode
    instruction   rra
    mode          zero page x
    opCode        77
    PC            0x00001460
    CHILD NODE [line 589]
        type typeCon
        IsPC  0
        value 0x00000041


ExConstant  [line 590]
NODE [line 590]
    type typeCon
    IsPC  0
    value 0x00000041

ExOpCode  [line 590]
NODE [line 590]
    type typeOpCode
    instruction   rra
    mode          zero page x
    opCode        77
    PC            0x00001462
    CHILD NODE [line 590]
        type typeCon
        IsPC  0
        value 0x00000041


ExConstant  [line 591]
NODE [line 591]
    type typeCon
    IsPC  0
    value 0x00000006

ExOpCode  [line 591]
NODE [line 591]
    type typeOpCode
    instruction   rra
    mode          zero page indirect x
    opCode        63
    PC            0x00001464
    CHILD NODE [line 591]
        type typeCon
        IsPC  0
        value 0x00000006


ExConstant  [line 592]
NODE [line 592]
    type typeCon
    IsPC  0
    value 0x00000006

ExOpCode  [line 592]
NODE [line 592]
    type typeOpCode
    instruction   rra
    mode          zero page indirect x
    opCode        63
    PC            0x00001466
    CHILD NODE [line 592]
        type typeCon
        IsPC  0
        value 0x00000006


ExConstant  [line 593]
NODE [line 593]
    type typeCon
    IsPC  0
    value 0x00000097

ExOpCode  [line 593]
NODE [line 593]
    type typeOpCode
    instruction   rra
    mode          zero page indirect y
    opCode        73
    PC            0x00001468
    CHILD NODE [line 593]
        type typeCon
        IsPC  0
        value 0x00000097


ExConstant  [line 594]
NODE [line 594]
    type typeCon
    IsPC  0
    value 0x00000097

ExOpCode  [line 594]
NODE [line 594]
    type typeOpCode
    instruction   rra
    mode          zero page indirect y
    opCode        73
    PC            0x0000146A
    CHILD NODE [line 594]
        type typeCon
        IsPC  0
        value 0x00000097


ExConstant  [line 595]
NODE [line 595]
    type typeCon
    IsPC  0
    value 0x0000F34C

ExOpCode  [line 595]
NODE [line 595]
    type typeOpCode
    instruction   rra
    mode          absolute
    opCode        6F
    PC            0x0000146C
    CHILD NODE [line 595]
        type typeCon
        IsPC  0
        value 0x0000F34C


ExConstant  [line 596]
NODE [line 596]
    type typeCon
    IsPC  0
    value 0x0000F34C

ExOpCode  [line 596]
NODE [line 596]
    type typeOpCode
    instruction   rra
    mode          absolute
    opCode        6F
    PC            0x0000146F
    CHILD NODE [line 596]
        type typeCon
        IsPC  0
        value 0x0000F34C


ExConstant  [line 597]
NODE [line 597]
    type typeCon
    IsPC  0
    value 0x0000FD01

ExOpCode  [line 597]
NODE [line 597]
    type typeOpCode
    instruction   rra
    mode          absolute x
    opCode        7F
    PC            0x00001472
    CHILD NODE [line 597]
        type typeCon
        IsPC  0
        value 0x0000FD01


ExConstant  [line 598]
NODE [line 598]
    type typeCon
    IsPC  0
    value 0x0000FD01

ExOpCode  [line 598]
NODE [line 598]
    type typeOpCode
    instruction   rra
    mode          absolute x
    opCode        7F
    PC            0x00001475
    CHILD NODE [line 598]
        type typeCon
        IsPC  0
        value 0x0000FD01


ExConstant  [line 599]
NODE [line 599]
    type typeCon
    IsPC  0
    value 0x00000625

ExOpCode  [line 599]
NODE [line 599]
    type typeOpCode
    instruction   rra
    mode          absolute y
    opCode        7B
    PC            0x00001478
    CHILD NODE [line 599]
        type typeCon
        IsPC  0
        value 0x00000625


ExConstant  [line 600]
NODE [line 600]
    type typeCon
    IsPC  0
    value 0x00000625

ExOpCode  [line 600]
NODE [line 600]
    type typeOpCode
    instruction   rra
    mode          absolute y
    opCode        7B
    PC            0x0000147B
    CHILD NODE [line 600]
        type typeCon
        IsPC  0
        value 0x00000625


ExOprEqu  [line 604]
NODE [line 604]
    type typeOpr
    opr '='
    CHILD NODE [line 604]
        type typeId
        name __sax
        i    (nil)

    CHILD NODE [line 604]
        type typeCon
        IsPC  1     PC = 0000147E
        value 0x0000147E


ExConstant  [line 605]
NODE [line 605]
    type typeCon
    IsPC  0
    value 0x000000FC

ExOpCode  [line 605]
NODE [line 605]
    type typeOpCode
    instruction   sax
    mode          zero page
    opCode        87
    PC            0x0000147E
    CHILD NODE [line 605]
        type typeCon
        IsPC  0
        value 0x000000FC


ExConstant  [line 606]
NODE [line 606]
    type typeCon
    IsPC  0
    value 0x000000FC

ExOpCode  [line 606]
NODE [line 606]
    type typeOpCode
    instruction   sax
    mode          zero page
    opCode        87
    PC            0x00001480
    CHILD NODE [line 606]
        type typeCon
        IsPC  0
        value 0x000000FC


ExConstant  [line 607]
NODE [line 607]
    type typeCon
    IsPC  0
    value 0x000000C5

ExOpCode  [line 607]
NODE [line 607]
    type typeOpCode
    instruction   sax
    mode          zero page y
    opCode        97
    PC            0x00001482
    CHILD NODE [line 607]
        type typeCon
        IsPC  0
        value 0x000000C5


ExConstant  [line 608]
NODE [line 608]
    type typeCon
    IsPC  0
    value 0x000000C5

ExOpCode  [line 608]
NODE [line 608]
    type typeOpCode
    instruction   sax
    mode          zero page y
    opCode        97
    PC            0x00001484
    CHILD NODE [line 608]
        type typeCon
        IsPC  0
        value 0x000000C5


ExConstant  [line 609]
NODE [line 609]
    type typeCon
    IsPC  0
    value 0x000000C8

ExOpCode  [line 609]
NODE [line 609]
    type typeOpCode
    instruction   sax
    mode          zero page indirect x
    opCode        83
    PC            0x00001486
    CHILD NODE [line 609]
        type typeCon
        IsPC  0
        value 0x000000C8


ExConstant  [line 610]
NODE [line 610]
    type typeCon
    IsPC  0
    value 0x000000C8

ExOpCode  [line 610]
NODE [line 610]
    type typeOpCode
    instruction   sax
    mode          zero page indirect x
    opCode        83
    PC            0x00001488
    CHILD NODE [line 610]
        type typeCon
        IsPC  0
        value 0x000000C8


ExConstant  [line 611]
NODE [line 611]
    type typeCon
    IsPC  0
    value 0x00000CA4

ExOpCode  [line 611]
NODE [line 611]
    type typeOpCode
    instruction   sax
    mode          absolute
    opCode        8F
    PC            0x0000148A
    CHILD NODE [line 611]
        type typeCon
        IsPC  0
        value 0x00000CA4


ExConstant  [line 612]
NODE [line 612]
    type typeCon
    IsPC  0
    value 0x00000CA4

ExOpCode  [line 612]
NODE [line 612]
    type typeOpCode
    instruction   sax
    mode          absolute
    opCode        8F
    PC            0x0000148D
    CHILD NODE [line 612]
        type typeCon
        IsPC  0
        value 0x00000CA4


ExOprEqu  [line 616]
NODE [line 616]
    type typeOpr
    opr '='
    CHILD NODE [line 616]
        type typeId
        name __lax
        i    (nil)

    CHILD NODE [line 616]
        type typeCon
        IsPC  1     PC = 00001490
        value 0x00001490


ExConstant  [line 617]
NODE [line 617]
    type typeCon
    IsPC  0
    value 0x00000041

ExOpCode  [line 617]
NODE [line 617]
    type typeOpCode
    instruction   lax
    mode          zero page
    opCode        A7
    PC            0x00001490
    CHILD NODE [line 617]
        type typeCon
        IsPC  0
        value 0x00000041


ExConstant  [line 618]
NODE [line 618]
    type typeCon
    IsPC  0
    value 0x00000041

ExOpCode  [line 618]
NODE [line 618]
    type typeOpCode
    instruction   lax
    mode          zero page
    opCode        A7
    PC            0x00001492
    CHILD NODE [line 618]
        type typeCon
        IsPC  0
        value 0x00000041


ExConstant  [line 619]
NODE [line 619]
    type typeCon
    IsPC  0
    value 0x00000094

ExOpCode  [line 619]
NODE [line 619]
    type typeOpCode
    instruction   lax
    mode          zero page y
    opCode        B7
    PC            0x00001494
    CHILD NODE [line 619]
        type typeCon
        IsPC  0
        value 0x00000094


ExConstant  [line 620]
NODE [line 620]
    type typeCon
    IsPC  0
    value 0x00000094

ExOpCode  [line 620]
NODE [line 620]
    type typeOpCode
    instruction   lax
    mode          zero page y
    opCode        B7
    PC            0x00001496
    CHILD NODE [line 620]
        type typeCon
        IsPC  0
        value 0x00000094


ExConstant  [line 621]
NODE [line 621]
    type typeCon
    IsPC  0
    value 0x000000A5

ExOpCode  [line 621]
NODE [line 621]
    type typeOpCode
    instruction   lax
    mode          zero page indirect x
    opCode        A3
    PC            0x00001498
    CHILD NODE [line 621]
        type typeCon
        IsPC  0
        value 0x000000A5


ExConstant  [line 622]
NODE [line 622]
    type typeCon
    IsPC  0
    value 0x000000A5

ExOpCode  [line 622]
NODE [line 622]
    type typeOpCode
    instruction   lax
    mode          zero page indirect x
    opCode        A3
    PC            0x0000149A
    CHILD NODE [line 622]
        type typeCon
        IsPC  0
        value 0x000000A5


ExConstant  [line 623]
NODE [line 623]
    type typeCon
    IsPC  0
    value 0x00000096

ExOpCode  [line 623]
NODE [line 623]
    type typeOpCode
    instruction   lax
    mode          zero page indirect y
    opCode        B3
    PC            0x0000149C
    CHILD NODE [line 623]
        type typeCon
        IsPC  0
        value 0x00000096


ExConstant  [line 624]
NODE [line 624]
    type typeCon
    IsPC  0
    value 0x00000096

ExOpCode  [line 624]
NODE [line 624]
    type typeOpCode
    instruction   lax
    mode          zero page indirect y
    opCode        B3
    PC            0x0000149E
    CHILD NODE [line 624]
        type typeCon
        IsPC  0
        value 0x00000096


ExConstant  [line 625]
NODE [line 625]
    type typeCon
    IsPC  0
    value 0x0000DA65

ExOpCode  [line 625]
NODE [line 625]
    type typeOpCode
    instruction   lax
    mode          absolute
    opCode        AF
    PC            0x000014A0
    CHILD NODE [line 625]
        type typeCon
        IsPC  0
        value 0x0000DA65


ExConstant  [line 626]
NODE [line 626]
    type typeCon
    IsPC  0
    value 0x0000DA65

ExOpCode  [line 626]
NODE [line 626]
    type typeOpCode
    instruction   lax
    mode          absolute
    opCode        AF
    PC            0x000014A3
    CHILD NODE [line 626]
        type typeCon
        IsPC  0
        value 0x0000DA65


ExConstant  [line 627]
NODE [line 627]
    type typeCon
    IsPC  0
    value 0x0000EE4D

ExOpCode  [line 627]
NODE [line 627]
    type typeOpCode
    instruction   lax
    mode          absolute y
    opCode        BF
    PC            0x000014A6
    CHILD NODE [line 627]
        type typeCon
        IsPC  0
        value 0x0000EE4D


ExConstant  [line 628]
NODE [line 628]
    type typeCon
    IsPC  0
    value 0x0000EE4D

ExOpCode  [line 628]
NODE [line 628]
    type typeOpCode
    instruction   lax
    mode          absolute y
    opCode        BF
    PC            0x000014A9
    CHILD NODE [line 628]
        type typeCon
        IsPC  0
        value 0x0000EE4D


ExOprEqu  [line 632]
NODE [line 632]
    type typeOpr
    opr '='
    CHILD NODE [line 632]
        type typeId
        name __dcp
        i    (nil)

    CHILD NODE [line 632]
        type typeCon
        IsPC  1     PC = 000014AC
        value 0x000014AC


ExConstant  [line 633]
NODE [line 633]
    type typeCon
    IsPC  0
    value 0x000000AF

ExOpCode  [line 633]
NODE [line 633]
    type typeOpCode
    instruction   dcp
    mode          zero page
    opCode        C7
    PC            0x000014AC
    CHILD NODE [line 633]
        type typeCon
        IsPC  0
        value 0x000000AF


ExConstant  [line 634]
NODE [line 634]
    type typeCon
    IsPC  0
    value 0x000000AF

ExOpCode  [line 634]
NODE [line 634]
    type typeOpCode
    instruction   dcp
    mode          zero page
    opCode        C7
    PC            0x000014AE
    CHILD NODE [line 634]
        type typeCon
        IsPC  0
        value 0x000000AF


ExConstant  [line 635]
NODE [line 635]
    type typeCon
    IsPC  0
    value 0x0000009E

ExOpCode  [line 635]
NODE [line 635]
    type typeOpCode
    instruction   dcp
    mode          zero page x
    opCode        D7
    PC            0x000014B0
    CHILD NODE [line 635]
        type typeCon
        IsPC  0
        value 0x0000009E


ExConstant  [line 636]
NODE [line 636]
    type typeCon
    IsPC  0
    value 0x0000009E

ExOpCode  [line 636]
NODE [line 636]
    type typeOpCode
    instruction   dcp
    mode          zero page x
    opCode        D7
    PC            0x000014B2
    CHILD NODE [line 636]
        type typeCon
        IsPC  0
        value 0x0000009E


ExConstant  [line 637]
NODE [line 637]
    type typeCon
    IsPC  0
    value 0x000000AF

ExOpCode  [line 637]
NODE [line 637]
    type typeOpCode
    instruction   dcp
    mode          zero page indirect x
    opCode        C3
    PC            0x000014B4
    CHILD NODE [line 637]
        type typeCon
        IsPC  0
        value 0x000000AF


ExConstant  [line 638]
NODE [line 638]
    type typeCon
    IsPC  0
    value 0x000000AF

ExOpCode  [line 638]
NODE [line 638]
    type typeOpCode
    instruction   dcp
    mode          zero page indirect x
    opCode        C3
    PC            0x000014B6
    CHILD NODE [line 638]
        type typeCon
        IsPC  0
        value 0x000000AF


ExConstant  [line 639]
NODE [line 639]
    type typeCon
    IsPC  0
    value 0x00000045

ExOpCode  [line 639]
NODE [line 639]
    type typeOpCode
    instruction   dcp
    mode          zero page indirect y
    opCode        D3
    PC            0x000014B8
    CHILD NODE [line 639]
        type typeCon
        IsPC  0
        value 0x00000045


ExConstant  [line 640]
NODE [line 640]
    type typeCon
    IsPC  0
    value 0x00000045

ExOpCode  [line 640]
NODE [line 640]
    type typeOpCode
    instruction   dcp
    mode          zero page indirect y
    opCode        D3
    PC            0x000014BA
    CHILD NODE [line 640]
        type typeCon
        IsPC  0
        value 0x00000045


ExConstant  [line 641]
NODE [line 641]
    type typeCon
    IsPC  0
    value 0x0000CBD3

ExOpCode  [line 641]
NODE [line 641]
    type typeOpCode
    instruction   dcp
    mode          absolute
    opCode        CF
    PC            0x000014BC
    CHILD NODE [line 641]
        type typeCon
        IsPC  0
        value 0x0000CBD3


ExConstant  [line 642]
NODE [line 642]
    type typeCon
    IsPC  0
    value 0x0000CBD3

ExOpCode  [line 642]
NODE [line 642]
    type typeOpCode
    instruction   dcp
    mode          absolute
    opCode        CF
    PC            0x000014BF
    CHILD NODE [line 642]
        type typeCon
        IsPC  0
        value 0x0000CBD3


ExConstant  [line 643]
NODE [line 643]
    type typeCon
    IsPC  0
    value 0x0000D99D

ExOpCode  [line 643]
NODE [line 643]
    type typeOpCode
    instruction   dcp
    mode          absolute x
    opCode        DF
    PC            0x000014C2
    CHILD NODE [line 643]
        type typeCon
        IsPC  0
        value 0x0000D99D


ExConstant  [line 644]
NODE [line 644]
    type typeCon
    IsPC  0
    value 0x0000D99D

ExOpCode  [line 644]
NODE [line 644]
    type typeOpCode
    instruction   dcp
    mode          absolute x
    opCode        DF
    PC            0x000014C5
    CHILD NODE [line 644]
        type typeCon
        IsPC  0
        value 0x0000D99D


ExConstant  [line 645]
NODE [line 645]
    type typeCon
    IsPC  0
    value 0x0000FB43

ExOpCode  [line 645]
NODE [line 645]
    type typeOpCode
    instruction   dcp
    mode          absolute y
    opCode        DB
    PC            0x000014C8
    CHILD NODE [line 645]
        type typeCon
        IsPC  0
        value 0x0000FB43


ExConstant  [line 646]
NODE [line 646]
    type typeCon
    IsPC  0
    value 0x0000FB43

ExOpCode  [line 646]
NODE [line 646]
    type typeOpCode
    instruction   dcp
    mode          absolute y
    opCode        DB
    PC            0x000014CB
    CHILD NODE [line 646]
        type typeCon
        IsPC  0
        value 0x0000FB43


ExOprEqu  [line 650]
NODE [line 650]
    type typeOpr
    opr '='
    CHILD NODE [line 650]
        type typeId
        name __isc
        i    (nil)

    CHILD NODE [line 650]
        type typeCon
        IsPC  1     PC = 000014CE
        value 0x000014CE


ExConstant  [line 651]
NODE [line 651]
    type typeCon
    IsPC  0
    value 0x000000FC

ExOpCode  [line 651]
NODE [line 651]
    type typeOpCode
    instruction   isc
    mode          zero page
    opCode        E7
    PC            0x000014CE
    CHILD NODE [line 651]
        type typeCon
        IsPC  0
        value 0x000000FC


ExConstant  [line 652]
NODE [line 652]
    type typeCon
    IsPC  0
    value 0x000000FC

ExOpCode  [line 652]
NODE [line 652]
    type typeOpCode
    instruction   isc
    mode          zero page
    opCode        E7
    PC            0x000014D0
    CHILD NODE [line 652]
        type typeCon
        IsPC  0
        value 0x000000FC


ExConstant  [line 653]
NODE [line 653]
    type typeCon
    IsPC  0
    value 0x00000074

ExOpCode  [line 653]
NODE [line 653]
    type typeOpCode
    instruction   isc
    mode          zero page x
    opCode        F7
    PC            0x000014D2
    CHILD NODE [line 653]
        type typeCon
        IsPC  0
        value 0x00000074


ExConstant  [line 654]
NODE [line 654]
    type typeCon
    IsPC  0
    value 0x00000074

ExOpCode  [line 654]
NODE [line 654]
    type typeOpCode
    instruction   isc
    mode          zero page x
    opCode        F7
    PC            0x000014D4
    CHILD NODE [line 654]
        type typeCon
        IsPC  0
        value 0x00000074


ExConstant  [line 655]
NODE [line 655]
    type typeCon
    IsPC  0
    value 0x00000053

ExOpCode  [line 655]
NODE [line 655]
    type typeOpCode
    instruction   isc
    mode          zero page indirect x
    opCode        E3
    PC            0x000014D6
    CHILD NODE [line 655]
        type typeCon
        IsPC  0
        value 0x00000053


ExConstant  [line 656]
NODE [line 656]
    type typeCon
    IsPC  0
    value 0x00000053

ExOpCode  [line 656]
NODE [line 656]
    type typeOpCode
    instruction   isc
    mode          zero page indirect x
    opCode        E3
    PC            0x000014D8
    CHILD NODE [line 656]
        type typeCon
        IsPC  0
        value 0x00000053


ExConstant  [line 657]
NODE [line 657]
    type typeCon
    IsPC  0
    value 0x0000002E

ExOpCode  [line 657]
NODE [line 657]
    type typeOpCode
    instruction   isc
    mode          zero page indirect y
    opCode        F3
    PC            0x000014DA
    CHILD NODE [line 657]
        type typeCon
        IsPC  0
        value 0x0000002E


ExConstant  [line 658]
NODE [line 658]
    type typeCon
    IsPC  0
    value 0x0000002E

ExOpCode  [line 658]
NODE [line 658]
    type typeOpCode
    instruction   isc
    mode          zero page indirect y
    opCode        F3
    PC            0x000014DC
    CHILD NODE [line 658]
        type typeCon
        IsPC  0
        value 0x0000002E


ExConstant  [line 659]
NODE [line 659]
    type typeCon
    IsPC  0
    value 0x0000F269

ExOpCode  [line 659]
NODE [line 659]
    type typeOpCode
    instruction   isc
    mode          absolute
    opCode        EF
    PC            0x000014DE
    CHILD NODE [line 659]
        type typeCon
        IsPC  0
        value 0x0000F269


ExConstant  [line 660]
NODE [line 660]
    type typeCon
    IsPC  0
    value 0x0000F269

ExOpCode  [line 660]
NODE [line 660]
    type typeOpCode
    instruction   isc
    mode          absolute
    opCode        EF
    PC            0x000014E1
    CHILD NODE [line 660]
        type typeCon
        IsPC  0
        value 0x0000F269


ExConstant  [line 661]
NODE [line 661]
    type typeCon
    IsPC  0
    value 0x000021D0

ExOpCode  [line 661]
NODE [line 661]
    type typeOpCode
    instruction   isc
    mode          absolute x
    opCode        FF
    PC            0x000014E4
    CHILD NODE [line 661]
        type typeCon
        IsPC  0
        value 0x000021D0


ExConstant  [line 662]
NODE [line 662]
    type typeCon
    IsPC  0
    value 0x000021D0

ExOpCode  [line 662]
NODE [line 662]
    type typeOpCode
    instruction   isc
    mode          absolute x
    opCode        FF
    PC            0x000014E7
    CHILD NODE [line 662]
        type typeCon
        IsPC  0
        value 0x000021D0


ExConstant  [line 663]
NODE [line 663]
    type typeCon
    IsPC  0
    value 0x00009AD9

ExOpCode  [line 663]
NODE [line 663]
    type typeOpCode
    instruction   isc
    mode          absolute y
    opCode        FB
    PC            0x000014EA
    CHILD NODE [line 663]
        type typeCon
        IsPC  0
        value 0x00009AD9


ExConstant  [line 664]
NODE [line 664]
    type typeCon
    IsPC  0
    value 0x00009AD9

ExOpCode  [line 664]
NODE [line 664]
    type typeOpCode
    instruction   isc
    mode          absolute y
    opCode        FB
    PC            0x000014ED
    CHILD NODE [line 664]
        type typeCon
        IsPC  0
        value 0x00009AD9


ExOprEqu  [line 668]
NODE [line 668]
    type typeOpr
    opr '='
    CHILD NODE [line 668]
        type typeId
        name __anc
        i    (nil)

    CHILD NODE [line 668]
        type typeCon
        IsPC  1     PC = 000014F0
        value 0x000014F0


ExConstant  [line 669]
NODE [line 669]
    type typeCon
    IsPC  0
    value 0x00000063

ExOpCode  [line 669]
NODE [line 669]
    type typeOpCode
    instruction   anc
    mode          immediate
    opCode        0B
    PC            0x000014F0
    CHILD NODE [line 669]
        type typeCon
        IsPC  0
        value 0x00000063


ExConstant  [line 670]
NODE [line 670]
    type typeCon
    IsPC  0
    value 0x00000063

ExOpCode  [line 670]
NODE [line 670]
    type typeOpCode
    instruction   anc
    mode          immediate
    opCode        0B
    PC            0x000014F2
    CHILD NODE [line 670]
        type typeCon
        IsPC  0
        value 0x00000063


ExOprEqu  [line 674]
NODE [line 674]
    type typeOpr
    opr '='
    CHILD NODE [line 674]
        type typeId
        name __anc2
        i    (nil)

    CHILD NODE [line 674]
        type typeCon
        IsPC  1     PC = 000014F4
        value 0x000014F4


ExConstant  [line 675]
NODE [line 675]
    type typeCon
    IsPC  0
    value 0x0000002E

ExOpCode  [line 675]
NODE [line 675]
    type typeOpCode
    instruction   anc2
    mode          immediate
    opCode        2B
    PC            0x000014F4
    CHILD NODE [line 675]
        type typeCon
        IsPC  0
        value 0x0000002E


ExConstant  [line 676]
NODE [line 676]
    type typeCon
    IsPC  0
    value 0x0000002E

ExOpCode  [line 676]
NODE [line 676]
    type typeOpCode
    instruction   anc2
    mode          immediate
    opCode        2B
    PC            0x000014F6
    CHILD NODE [line 676]
        type typeCon
        IsPC  0
        value 0x0000002E


ExOprEqu  [line 680]
NODE [line 680]
    type typeOpr
    opr '='
    CHILD NODE [line 680]
        type typeId
        name __alr
        i    (nil)

    CHILD NODE [line 680]
        type typeCon
        IsPC  1     PC = 000014F8
        value 0x000014F8


ExConstant  [line 681]
NODE [line 681]
    type typeCon
    IsPC  0
    value 0x0000006B

ExOpCode  [line 681]
NODE [line 681]
    type typeOpCode
    instruction   alr
    mode          immediate
    opCode        4B
    PC            0x000014F8
    CHILD NODE [line 681]
        type typeCon
        IsPC  0
        value 0x0000006B


ExConstant  [line 682]
NODE [line 682]
    type typeCon
    IsPC  0
    value 0x0000006B

ExOpCode  [line 682]
NODE [line 682]
    type typeOpCode
    instruction   alr
    mode          immediate
    opCode        4B
    PC            0x000014FA
    CHILD NODE [line 682]
        type typeCon
        IsPC  0
        value 0x0000006B


ExOprEqu  [line 686]
NODE [line 686]
    type typeOpr
    opr '='
    CHILD NODE [line 686]
        type typeId
        name __arr
        i    (nil)

    CHILD NODE [line 686]
        type typeCon
        IsPC  1     PC = 000014FC
        value 0x000014FC


ExConstant  [line 687]
NODE [line 687]
    type typeCon
    IsPC  0
    value 0x00000045

ExOpCode  [line 687]
NODE [line 687]
    type typeOpCode
    instruction   arr
    mode          immediate
    opCode        6B
    PC            0x000014FC
    CHILD NODE [line 687]
        type typeCon
        IsPC  0
        value 0x00000045


ExConstant  [line 688]
NODE [line 688]
    type typeCon
    IsPC  0
    value 0x00000045

ExOpCode  [line 688]
NODE [line 688]
    type typeOpCode
    instruction   arr
    mode          immediate
    opCode        6B
    PC            0x000014FE
    CHILD NODE [line 688]
        type typeCon
        IsPC  0
        value 0x00000045


ExOprEqu  [line 692]
NODE [line 692]
    type typeOpr
    opr '='
    CHILD NODE [line 692]
        type typeId
        name __xaa
        i    (nil)

    CHILD NODE [line 692]
        type typeCon
        IsPC  1     PC = 00001500
        value 0x00001500


ExConstant  [line 693]
NODE [line 693]
    type typeCon
    IsPC  0
    value 0x0000007B

ExOpCode  [line 693]
NODE [line 693]
    type typeOpCode
    instruction   xaa
    mode          immediate
    opCode        8B
    PC            0x00001500
    CHILD NODE [line 693]
        type typeCon
        IsPC  0
        value 0x0000007B


ExConstant  [line 694]
NODE [line 694]
    type typeCon
    IsPC  0
    value 0x0000007B

ExOpCode  [line 694]
NODE [line 694]
    type typeOpCode
    instruction   xaa
    mode          immediate
    opCode        8B
    PC            0x00001502
    CHILD NODE [line 694]
        type typeCon
        IsPC  0
        value 0x0000007B


ExOprEqu  [line 698]
NODE [line 698]
    type typeOpr
    opr '='
    CHILD NODE [line 698]
        type typeId
        name __lax2
        i    (nil)

    CHILD NODE [line 698]
        type typeCon
        IsPC  1     PC = 00001504
        value 0x00001504


ExConstant  [line 699]
NODE [line 699]
    type typeCon
    IsPC  0
    value 0x000000C4

ExOpCode  [line 699]
NODE [line 699]
    type typeOpCode
    instruction   lax2
    mode          immediate
    opCode        AB
    PC            0x00001504
    CHILD NODE [line 699]
        type typeCon
        IsPC  0
        value 0x000000C4


ExConstant  [line 700]
NODE [line 700]
    type typeCon
    IsPC  0
    value 0x000000C4

ExOpCode  [line 700]
NODE [line 700]
    type typeOpCode
    instruction   lax2
    mode          immediate
    opCode        AB
    PC            0x00001506
    CHILD NODE [line 700]
        type typeCon
        IsPC  0
        value 0x000000C4


ExOprEqu  [line 704]
NODE [line 704]
    type typeOpr
    opr '='
    CHILD NODE [line 704]
        type typeId
        name __axs
        i    (nil)

    CHILD NODE [line 704]
        type typeCon
        IsPC  1     PC = 00001508
        value 0x00001508


ExConstant  [line 705]
NODE [line 705]
    type typeCon
    IsPC  0
    value 0x00000022

ExOpCode  [line 705]
NODE [line 705]
    type typeOpCode
    instruction   axs
    mode          immediate
    opCode        CB
    PC            0x00001508
    CHILD NODE [line 705]
        type typeCon
        IsPC  0
        value 0x00000022


ExConstant  [line 706]
NODE [line 706]
    type typeCon
    IsPC  0
    value 0x00000022

ExOpCode  [line 706]
NODE [line 706]
    type typeOpCode
    instruction   axs
    mode          immediate
    opCode        CB
    PC            0x0000150A
    CHILD NODE [line 706]
        type typeCon
        IsPC  0
        value 0x00000022


ExOprEqu  [line 710]
NODE [line 710]
    type typeOpr
    opr '='
    CHILD NODE [line 710]
        type typeId
        name __sbc2
        i    (nil)

    CHILD NODE [line 710]
        type typeCon
        IsPC  1     PC = 0000150C
        value 0x0000150C


ExConstant  [line 711]
NODE [line 711]
    type typeCon
    IsPC  0
    value 0x000000F2

ExOpCode  [line 711]
NODE [line 711]
    type typeOpCode
    instruction   sbc2
    mode          immediate
    opCode        EB
    PC            0x0000150C
    CHILD NODE [line 711]
        type typeCon
        IsPC  0
        value 0x000000F2


ExConstant  [line 712]
NODE [line 712]
    type typeCon
    IsPC  0
    value 0x000000F2

ExOpCode  [line 712]
NODE [line 712]
    type typeOpCode
    instruction   sbc2
    mode          immediate
    opCode        EB
    PC            0x0000150E
    CHILD NODE [line 712]
        type typeCon
        IsPC  0
        value 0x000000F2


ExOprEqu  [line 716]
NODE [line 716]
    type typeOpr
    opr '='
    CHILD NODE [line 716]
        type typeId
        name __ahx
        i    (nil)

    CHILD NODE [line 716]
        type typeCon
        IsPC  1     PC = 00001510
        value 0x00001510


ExConstant  [line 717]
NODE [line 717]
    type typeCon
    IsPC  0
    value 0x00000084

ExOpCode  [line 717]
NODE [line 717]
    type typeOpCode
    instruction   ahx
    mode          zero page indirect y
    opCode        93
    PC            0x00001510
    CHILD NODE [line 717]
        type typeCon
        IsPC  0
        value 0x00000084


ExConstant  [line 718]
NODE [line 718]
    type typeCon
    IsPC  0
    value 0x00000084

ExOpCode  [line 718]
NODE [line 718]
    type typeOpCode
    instruction   ahx
    mode          zero page indirect y
    opCode        93
    PC            0x00001512
    CHILD NODE [line 718]
        type typeCon
        IsPC  0
        value 0x00000084


ExConstant  [line 719]
NODE [line 719]
    type typeCon
    IsPC  0
    value 0x0000087F

ExOpCode  [line 719]
NODE [line 719]
    type typeOpCode
    instruction   ahx
    mode          absolute y
    opCode        9F
    PC            0x00001514
    CHILD NODE [line 719]
        type typeCon
        IsPC  0
        value 0x0000087F


ExConstant  [line 720]
NODE [line 720]
    type typeCon
    IsPC  0
    value 0x0000087F

ExOpCode  [line 720]
NODE [line 720]
    type typeOpCode
    instruction   ahx
    mode          absolute y
    opCode        9F
    PC            0x00001517
    CHILD NODE [line 720]
        type typeCon
        IsPC  0
        value 0x0000087F


ExOprEqu  [line 724]
NODE [line 724]
    type typeOpr
    opr '='
    CHILD NODE [line 724]
        type typeId
        name __shy
        i    (nil)

    CHILD NODE [line 724]
        type typeCon
        IsPC  1     PC = 0000151A
        value 0x0000151A


ExConstant  [line 725]
NODE [line 725]
    type typeCon
    IsPC  0
    value 0x00004619

ExOpCode  [line 725]
NODE [line 725]
    type typeOpCode
    instruction   shy
    mode          absolute x
    opCode        9C
    PC            0x0000151A
    CHILD NODE [line 725]
        type typeCon
        IsPC  0
        value 0x00004619


ExConstant  [line 726]
NODE [line 726]
    type typeCon
    IsPC  0
    value 0x00004619

ExOpCode  [line 726]
NODE [line 726]
    type typeOpCode
    instruction   shy
    mode          absolute x
    opCode        9C
    PC            0x0000151D
    CHILD NODE [line 726]
        type typeCon
        IsPC  0
        value 0x00004619


ExOprEqu  [line 730]
NODE [line 730]
    type typeOpr
    opr '='
    CHILD NODE [line 730]
        type typeId
        name __shx
        i    (nil)

    CHILD NODE [line 730]
        type typeCon
        IsPC  1     PC = 00001520
        value 0x00001520


ExConstant  [line 731]
NODE [line 731]
    type typeCon
    IsPC  0
    value 0x00005378

ExOpCode  [line 731]
NODE [line 731]
    type typeOpCode
    instruction   shx
    mode          absolute y
    opCode        9E
    PC            0x00001520
    CHILD NODE [line 731]
        type typeCon
        IsPC  0
        value 0x00005378


ExConstant  [line 732]
NODE [line 732]
    type typeCon
    IsPC  0
    value 0x00005378

ExOpCode  [line 732]
NODE [line 732]
    type typeOpCode
    instruction   shx
    mode          absolute y
    opCode        9E
    PC            0x00001523
    CHILD NODE [line 732]
        type typeCon
        IsPC  0
        value 0x00005378


ExOprEqu  [line 736]
NODE [line 736]
    type typeOpr
    opr '='
    CHILD NODE [line 736]
        type typeId
        name __tas
        i    (nil)

    CHILD NODE [line 736]
        type typeCon
        IsPC  1     PC = 00001526
        value 0x00001526


ExConstant  [line 737]
NODE [line 737]
    type typeCon
    IsPC  0
    value 0x0000D0F9

ExOpCode  [line 737]
NODE [line 737]
    type typeOpCode
    instruction   tas
    mode          absolute y
    opCode        9B
    PC            0x00001526
    CHILD NODE [line 737]
        type typeCon
        IsPC  0
        value 0x0000D0F9


ExConstant  [line 738]
NODE [line 738]
    type typeCon
    IsPC  0
    value 0x0000D0F9

ExOpCode  [line 738]
NODE [line 738]
    type typeOpCode
    instruction   tas
    mode          absolute y
    opCode        9B
    PC            0x00001529
    CHILD NODE [line 738]
        type typeCon
        IsPC  0
        value 0x0000D0F9


ExOprEqu  [line 742]
NODE [line 742]
    type typeOpr
    opr '='
    CHILD NODE [line 742]
        type typeId
        name __las
        i    (nil)

    CHILD NODE [line 742]
        type typeCon
        IsPC  1     PC = 0000152C
        value 0x0000152C


ExConstant  [line 743]
NODE [line 743]
    type typeCon
    IsPC  0
    value 0x000089B8

ExOpCode  [line 743]
NODE [line 743]
    type typeOpCode
    instruction   las
    mode          absolute y
    opCode        BB
    PC            0x0000152C
    CHILD NODE [line 743]
        type typeCon
        IsPC  0
        value 0x000089B8


ExConstant  [line 744]
NODE [line 744]
    type typeCon
    IsPC  0
    value 0x000089B8

ExOpCode  [line 744]
NODE [line 744]
    type typeOpCode
    instruction   las
    mode          absolute y
    opCode        BB
    PC            0x0000152F
    CHILD NODE [line 744]
        type typeCon
        IsPC  0
        value 0x000089B8


ExOprEqu  [line 749]
NODE [line 749]
    type typeOpr
    opr '='
    CHILD NODE [line 749]
        type typeId
        name __maxOpcode
        i    (nil)

    CHILD NODE [line 749]
        type typeCon
        IsPC  1     PC = 00001532
        value 0x00001532


ExData  [line 750]
NODE [line 750]
    type typeData
    size 1
    CHILD NODE [line 750]
        type typeOpr
        opr EXPRLIST
        CHILD NODE [line 750]
            type typeOpr
            opr EXPRLIST
            CHILD NODE [line 750]
                type typeStr
                allocated  "end
                len        0x00000003
                value end


        CHILD NODE [line 750]
            type typeCon
            IsPC  0
            value 0x00000000



ExOprVar  [line 754]
NODE [line 754]
    type typeOpr


ExSymbol  [line 759]
NODE [line 759]
    type typeId
    name aaa
    i    (nil)


ExSymbol  [line 770]
NODE [line 770]
    type typeId
    name bbb
    i    (nil)


ExOprFor  [line 775]
NODE [line 775]
    type typeOpr
    opr FOR
    CHILD NODE [line 775]
        type typeOpr
        opr '='
        CHILD NODE [line 775]
            type typeId
            name count
            i    (nil)

        CHILD NODE [line 775]
            type typeCon
            IsPC  0
            value 0x00000001

    CHILD NODE [line 775]
        type typeCon
        IsPC  0
        value 0x00000003
    CHILD NODE [line 775]
        type typeOpr
        opr STATEMENT
        CHILD NODE [line 775]
            type typeOpr
            opr STATEMENT
            CHILD NODE [line 775]
                type typeOpr
                opr STATEMENT
                CHILD NODE [line 775]
                    type typeOpr
                    opr STATEMENT
                    CHILD NODE [line 775]
                        type typeOpr
                        opr STATEMENT

                    CHILD NODE [line 775]
                        type typeOpr
                        opr '='
                        CHILD NODE [line 775]
                            type typeId
                            name aaa
                            i    (nil)

                        CHILD NODE [line 775]
                            type typeId
                            name count
                            i    (nil)



                CHILD NODE [line 775]
                    type typeOpr
                    opr STATEMENT


            CHILD NODE [line 775]
                type typeOpr
                opr WHILE
                CHILD NODE [line 775]
                    type typeOpr
                    opr '<'
                    CHILD NODE [line 775]
                        type typeId
                        name aaa
                        i    (nil)

                    CHILD NODE [line 775]
                        type typeCon
                        IsPC  0
                        value 0x00000006

                CHILD NODE [line 775]
                    type typeOpr
                    opr STATEMENT
                    CHILD NODE [line 775]
                        type typeOpr
                        opr STATEMENT
                        CHILD NODE [line 775]
                            type typeOpr
                            opr STATEMENT
                            CHILD NODE [line 775]
                                type typeOpr
                                opr STATEMENT
                                CHILD NODE [line 775]
                                    type typeOpr
                                    opr STATEMENT
                                    CHILD NODE [line 775]
                                        type typeOpr
                                        opr STATEMENT
                                        CHILD NODE [line 775]
                                            type typeOpr
                                            opr STATEMENT

                                        CHILD NODE [line 775]
                                            type typeOpr
                                            opr '='
                                            CHILD NODE [line 775]
                                                type typeId
                                                name aaa
                                                i    (nil)

                                            CHILD NODE [line 775]
                                                type typeOpr
                                                opr '+'
                                                CHILD NODE [line 775]
                                                    type typeId
                                                    name aaa
                                                    i    (nil)

                                                CHILD NODE [line 775]
                                                    type typeCon
                                                    IsPC  0
                                                    value 0x00000001



                                    CHILD NODE [line 775]
                                        type typeOpr
                                        opr STATEMENT


                                CHILD NODE [line 775]
                                    type typeOpCode
                                    instruction   ldx
                                    mode          immediate
                                    opCode        A2
                                    PC            0x00000000
                                    CHILD NODE [line 775]
                                        type typeId
                                        name aaa
                                        i    0x1842970
                                             fullname     aaa
                                             initialized  1
                                             value        0
                                             ismacroname  0
                                             ismacroparam 0
                                             isvar        1
                                             macroNode    (nil)
                                             section      NULL
                                             name         aaa



                            CHILD NODE [line 775]
                                type typeOpr
                                opr STATEMENT


                        CHILD NODE [line 775]
                            type typeOpr
                            opr IF
                            CHILD NODE [line 775]
                                type typeOpr
                                opr '>'
                                CHILD NODE [line 775]
                                    type typeId
                                    name aaa
                                    i    (nil)

                                CHILD NODE [line 775]
                                    type typeCon
                                    IsPC  0
                                    value 0x00000004

                            CHILD NODE [line 775]
                                type typeOpr
                                opr STATEMENT
                                CHILD NODE [line 775]
                                    type typeOpr
                                    opr STATEMENT
                                    CHILD NODE [line 775]
                                        type typeOpr
                                        opr STATEMENT
                                        CHILD NODE [line 775]
                                            type typeOpr
                                            opr STATEMENT
                                            CHILD NODE [line 775]
                                                type typeOpr
                                                opr STATEMENT
                                                CHILD NODE [line 775]
                                                    type typeOpr
                                                    opr STATEMENT

                                                CHILD NODE [line 775]
                                                    type typeOpr
                                                    opr STATEMENT


                                            CHILD NODE [line 775]
                                                type typeOpCode
                                                instruction   brk
                                                mode          implied
                                                opCode        00
                                                PC            0x00000000


                                        CHILD NODE [line 775]
                                            type typeOpr
                                            opr STATEMENT


                                    CHILD NODE [line 775]
                                        type typeOpCode
                                        instruction   brk
                                        mode          implied
                                        opCode        00
                                        PC            0x00000000


                                CHILD NODE [line 775]
                                    type typeOpr
                                    opr STATEMENT


                            CHILD NODE [line 775]
                                type typeOpr
                                opr STATEMENT
                                CHILD NODE [line 775]
                                    type typeOpr
                                    opr STATEMENT
                                    CHILD NODE [line 775]
                                        type typeOpr
                                        opr STATEMENT
                                        CHILD NODE [line 775]
                                            type typeOpr
                                            opr STATEMENT
                                            CHILD NODE [line 775]
                                                type typeOpr
                                                opr STATEMENT
                                                CHILD NODE [line 775]
                                                    type typeOpr
                                                    opr STATEMENT
                                                    CHILD NODE [line 775]
                                                        type typeOpr
                                                        opr STATEMENT
                                                        CHILD NODE [line 775]
                                                            type typeOpr
                                                            opr STATEMENT

                                                        CHILD NODE [line 775]
                                                            type typeOpr
                                                            opr STATEMENT


                                                    CHILD NODE [line 775]
                                                        type typeOpr
                                                        opr '='
                                                        CHILD NODE [line 775]
                                                            type typeId
                                                            name bbb
                                                            i    (nil)

                                                        CHILD NODE [line 775]
                                                            type typeCon
                                                            IsPC  0
                                                            value 0x00000000


                                                CHILD NODE [line 775]
                                                    type typeOpr
                                                    opr STATEMENT


                                            CHILD NODE [line 775]
                                                type typeOpr
                                                opr REPEAT
                                                CHILD NODE [line 775]
                                                    type typeOpr
                                                    opr STATEMENT
                                                    CHILD NODE [line 775]
                                                        type typeOpr
                                                        opr STATEMENT
                                                        CHILD NODE [line 775]
                                                            type typeOpr
                                                            opr STATEMENT
                                                            CHILD NODE [line 775]
                                                                type typeOpr
                                                                opr STATEMENT
                                                                CHILD NODE [line 775]
                                                                    type typeOpr
                                                                    opr STATEMENT

                                                                CHILD NODE [line 775]
                                                                    type typeOpCode
                                                                    instruction   nop
                                                                    mode          implied
                                                                    opCode        EA
                                                                    PC            0x00000000


                                                            CHILD NODE [line 775]
                                                                type typeOpr
                                                                opr STATEMENT


                                                        CHILD NODE [line 775]
                                                            type typeOpr
                                                            opr '='
                                                            CHILD NODE [line 775]
                                                                type typeId
                                                                name bbb
                                                                i    (nil)

                                                            CHILD NODE [line 775]
                                                                type typeOpr
                                                                opr '+'
                                                                CHILD NODE [line 775]
                                                                    type typeId
                                                                    name bbb
                                                                    i    (nil)

                                                                CHILD NODE [line 775]
                                                                    type typeCon
                                                                    IsPC  0
                                                                    value 0x00000002



                                                    CHILD NODE [line 775]
                                                        type typeOpr
                                                        opr STATEMENT


                                                CHILD NODE [line 775]
                                                    type typeOpr
                                                    opr '>'
                                                    CHILD NODE [line 775]
                                                        type typeId
                                                        name bbb
                                                        i    (nil)

                                                    CHILD NODE [line 775]
                                                        type typeCon
                                                        IsPC  0
                                                        value 0x00000006



                                        CHILD NODE [line 775]
                                            type typeOpr
                                            opr STATEMENT


                                    CHILD NODE [line 775]
                                        type typeOpr
                                        opr DO
                                        CHILD NODE [line 775]
                                            type typeOpr
                                            opr STATEMENT
                                            CHILD NODE [line 775]
                                                type typeOpr
                                                opr STATEMENT
                                                CHILD NODE [line 775]
                                                    type typeOpr
                                                    opr STATEMENT
                                                    CHILD NODE [line 775]
                                                        type typeOpr
                                                        opr STATEMENT
                                                        CHILD NODE [line 775]
                                                            type typeOpr
                                                            opr STATEMENT
                                                            CHILD NODE [line 775]
                                                                type typeOpr
                                                                opr STATEMENT

                                                            CHILD NODE [line 775]
                                                                type typeOpr
                                                                opr STATEMENT


                                                        CHILD NODE [line 775]
                                                            type typeOpCode
                                                            instruction   lda
                                                            mode          immediate
                                                            opCode        A9
                                                            PC            0x00000000
                                                            CHILD NODE [line 775]
                                                                type typeId
                                                                name bbb
                                                                i    0x1842a30
                                                                     fullname     bbb
                                                                     initialized  1
                                                                     value        0
                                                                     ismacroname  0
                                                                     ismacroparam 0
                                                                     isvar        1
                                                                     macroNode    (nil)
                                                                     section      NULL
                                                                     name         bbb



                                                    CHILD NODE [line 775]
                                                        type typeOpr
                                                        opr STATEMENT


                                                CHILD NODE [line 775]
                                                    type typeOpr
                                                    opr '='
                                                    CHILD NODE [line 775]
                                                        type typeId
                                                        name bbb
                                                        i    (nil)

                                                    CHILD NODE [line 775]
                                                        type typeOpr
                                                        opr '+'
                                                        CHILD NODE [line 775]
                                                            type typeId
                                                            name bbb
                                                            i    (nil)

                                                        CHILD NODE [line 775]
                                                            type typeCon
                                                            IsPC  0
                                                            value 0x00000005



                                            CHILD NODE [line 775]
                                                type typeOpr
                                                opr STATEMENT


                                        CHILD NODE [line 775]
                                            type typeOpr
                                            opr '<'
                                            CHILD NODE [line 775]
                                                type typeId
                                                name bbb
                                                i    (nil)

                                            CHILD NODE [line 775]
                                                type typeCon
                                                IsPC  0
                                                value 0x0000000F



                                CHILD NODE [line 775]
                                    type typeOpr
                                    opr STATEMENT




                    CHILD NODE [line 775]
                        type typeOpr
                        opr STATEMENT




        CHILD NODE [line 775]
            type typeOpr
            opr STATEMENT


    CHILD NODE [line 775]
        type typeId
        name count
        i    (nil)

    CHILD NODE [line 775]
        type typeCon
        IsPC  0
        value 0x00000002


ExOprMacroDefinition  [line 779]
NODE [line 779]
    type typeOpr
    opr MACRO
    CHILD NODE [line 779]
        type typeMacroId
        name macroNoParam
        i    (nil)

    CHILD NODE [line 779]
        type typeOpr
        opr STATEMENT
        CHILD NODE [line 779]
            type typeOpr
            opr STATEMENT
            CHILD NODE [line 779]
                type typeOpr
                opr STATEMENT
                CHILD NODE [line 779]
                    type typeOpr
                    opr STATEMENT

                CHILD NODE [line 779]
                    type typeOpr
                    opr STATEMENT


            CHILD NODE [line 779]
                type typeOpCode
                instruction   nop
                mode          implied
                opCode        EA
                PC            0x00000000


        CHILD NODE [line 779]
            type typeOpr
            opr STATEMENT




ExSymbol  [line 782]
NODE [line 782]
    type typeId
    name @0
    i    (nil)


ExSymbol  [line 783]
NODE [line 783]
    type typeId
    name @1
    i    (nil)


ExOprMacroDefinition  [line 787]
NODE [line 787]
    type typeOpr
    opr MACRO
    CHILD NODE [line 787]
        type typeMacroId
        name macroTest
        i    (nil)

    CHILD NODE [line 787]
        type typeOpr
        opr STATEMENT
        CHILD NODE [line 787]
            type typeOpr
            opr STATEMENT
            CHILD NODE [line 787]
                type typeOpr
                opr STATEMENT
                CHILD NODE [line 787]
                    type typeOpr
                    opr STATEMENT
                    CHILD NODE [line 787]
                        type typeOpr
                        opr STATEMENT
                        CHILD NODE [line 787]
                            type typeOpr
                            opr STATEMENT
                            CHILD NODE [line 787]
                                type typeOpr
                                opr STATEMENT
                                CHILD NODE [line 787]
                                    type typeOpr
                                    opr STATEMENT

                                CHILD NODE [line 787]
                                    type typeOpr
                                    opr STATEMENT


                            CHILD NODE [line 787]
                                type typeOpCode
                                instruction   lda
                                mode          absolute
                                opCode        AD
                                PC            0x00000000
                                CHILD NODE [line 787]
                                    type typeId
                                    name @0
                                    i    0x187f820
                                         fullname     @0
                                         initialized  1
                                         value        0
                                         ismacroname  0
                                         ismacroparam 1
                                         isvar        0
                                         macroNode    (nil)
                                         section      NULL
                                         name         @0



                        CHILD NODE [line 787]
                            type typeOpr
                            opr STATEMENT


                    CHILD NODE [line 787]
                        type typeOpCode
                        instruction   sta
                        mode          absolute
                        opCode        8D
                        PC            0x00000000
                        CHILD NODE [line 787]
                            type typeId
                            name @1
                            i    0x187fb10
                                 fullname     @1
                                 initialized  1
                                 value        49152
                                 ismacroname  0
                                 ismacroparam 1
                                 isvar        0
                                 macroNode    (nil)
                                 section      NULL
                                 name         @1



                CHILD NODE [line 787]
                    type typeOpr
                    opr STATEMENT


            CHILD NODE [line 787]
                type typeOpr
                opr IF
                CHILD NODE [line 787]
                    type typeOpr
                    opr LE
                    CHILD NODE [line 787]
                        type typeId
                        name @0
                        i    (nil)

                    CHILD NODE [line 787]
                        type typeId
                        name @2
                        i    (nil)


                CHILD NODE [line 787]
                    type typeOpr
                    opr STATEMENT
                    CHILD NODE [line 787]
                        type typeOpr
                        opr STATEMENT
                        CHILD NODE [line 787]
                            type typeOpr
                            opr STATEMENT
                            CHILD NODE [line 787]
                                type typeOpr
                                opr STATEMENT

                            CHILD NODE [line 787]
                                type typeOpr
                                opr STATEMENT


                        CHILD NODE [line 787]


                    CHILD NODE [line 787]
                        type typeOpr
                        opr STATEMENT




        CHILD NODE [line 787]
            type typeOpr
            opr STATEMENT




ExData  [line 789]
NODE [line 789]
    type typeData
    size 2
    CHILD NODE [line 789]
        type typeOpr
        opr EXPRLIST
        CHILD NODE [line 789]
            type typeStr
            allocated  "Hello World
            len        0x0000000B
            value Hello World




ExMacroExpansion  [line 791]
NODE [line 791]


ExOpCode  [line 792]
NODE [line 792]
    type typeOpCode
    instruction   rts
    mode          implied
    opCode        60
    PC            0x00001596


ExData  [line 794]
NODE [line 794]
    type typeData
    size 2
    CHILD NODE [line 794]
        type typeOpr
        opr EXPRLIST
        CHILD NODE [line 794]
            type typeCon
            IsPC  0
            value 0x0000FFF3



ExSymbol  [line 797]
NODE [line 797]
    type typeId
    name __ora
    i    (nil)


ExMacroExpansion  [line 800]
NODE [line 800]


ExOprSection  [line 802]
NODE [line 802]
    type typeOpr
    opr SECTION
    CHILD NODE [line 802]
        type typeId
        name end
        i    (nil)



ExOprEqu  [line 803]
NODE [line 803]
    type typeOpr
    opr '='
    CHILD NODE [line 803]
        type typeId
        name end
        i    (nil)

    CHILD NODE [line 803]
        type typeCon
        IsPC  1     PC = 0000159F
        value 0x0000159F


ExSymbol  [line 804]
NODE [line 804]
    type typeId
    name start
    i    (nil)


ExOpCode  [line 804]
NODE [line 804]
    type typeOpCode
    instruction   jmp
    mode          absolute
    opCode        4C
    PC            0x0000159F
    CHILD NODE [line 804]
        type typeId
        name start
        i    0x1847870
             fullname     start
             initialized  1
             value        4485
             ismacroname  0
             ismacroparam 0
             isvar        0
             macroNode    (nil)
             section      NULL
             name         start



ExOpCode  [line 805]
NODE [line 805]
    type typeOpCode
    instruction   rts
    mode          implied
    opCode        60
    PC            0x000015A2


ExOprSection  [line 806]
NODE [line 806]
    type typeOpr
    opr ENDSECTION


ExOprEqu  [line 809]
NODE [line 809]
    type typeOpr
    opr '='
    CHILD NODE [line 809]
        type typeId
        name end
        i    (nil)

    CHILD NODE [line 809]
        type typeCon
        IsPC  1     PC = 000015A3
        value 0x000015A3


                   loops: $100C                    here: $1097
                   start: $1185                 loadTAB: $1187
               LoadSLASH: $1189                   __ora: $1190
                   __and: $11B6                   __eor: $11DC
                   __adc: $1202                   __sbc: $1228
                   __cmp: $124E                   __cpx: $1274
                   __cpy: $1282                   __dec: $1290
                   __dex: $12A4                   __dey: $12A5
                   __inc: $12A6                   __inx: $12BA
                   __iny: $12BB                   __asl: $12BC
                   __rol: $12D2                   __lsr: $12E7
                   __ror: $12FC                   __lda: $1311
                   __sta: $1337                   __ldx: $1359
                   __stx: $1371                   __ldy: $137F
                   __sty: $1397                   __tax: $13A5
                   __txa: $13A6                   __tay: $13A7
                   __tya: $13A8                   __tsx: $13A9
                   __txs: $13AA                   __pla: $13AB
                   __pha: $13AC                   __plp: $13AD
                   __php: $13AE                   __bpl: $13AF
                   __bmi: $13B3                   __bvc: $13B7
                   __bvs: $13BB                   __bcc: $13BF
                   __bcs: $13C3                   __bne: $13C7
                   __beq: $13CB                   __brk: $13CF
                   __rti: $13D0                   __jsr: $13D1
                   __rts: $13D7                   __jmp: $13D8
                   __bit: $13E4                   __clc: $13EE
                   __sec: $13EF                   __cld: $13F0
                   __sed: $13F1                   __cli: $13F2
                   __sei: $13F3                   __clv: $13F4
                   __nop: $13F5                   __slo: $13F6
                   __rla: $1418                   __sre: $143A
                   __rra: $145C                   __sax: $147E
                   __lax: $1490                   __dcp: $14AC
                   __isc: $14CE                   __anc: $14F0
                  __anc2: $14F4                   __alr: $14F8
                   __arr: $14FC                   __xaa: $1500
                  __lax2: $1504                   __axs: $1508
                  __sbc2: $150C                   __ahx: $1510
                   __shy: $151A                   __shx: $1520
                   __tas: $1526                   __las: $152C
             __maxOpcode: $1532                 end.end: $159F
                     end: $15A3
Final Pass
Current File wintest.a
ExOprOrg  [line 3]
NODE [line 3]
    type typeOpr
    opr ORG
    CHILD NODE [line 3]
        type typeCon
        IsPC  0
        value 0x00001000


ExConstant  [line 5]
NODE [line 5]
    type typeCon
    IsPC  0
    value 0x00000009

ExOpCode  [line 5]
NODE [line 5]
    type typeOpCode
    instruction   lda
    mode          immediate
    opCode        A9
    PC            0x00001000
    CHILD NODE [line 5]
        type typeCon
        IsPC  0
        value 0x00000009


ExOprInclude  [line 9]
NODE [line 9]
    type typeOpr
    opr INC
    CHILD NODE [line 9]
        type typeStr
        allocated  "test.a
        len        0x00000006
        value test.a



ExConstant  [line 2]
NODE [line 2]
    type typeCon
    IsPC  0
    value 0x0000001A

ExOpCode  [line 2]
NODE [line 2]
    type typeOpCode
    instruction   ora
    mode          zero page x
    opCode        15
    PC            0x00001002
    CHILD NODE [line 2]
        type typeCon
        IsPC  0
        value 0x0000001A


ExConstant  [line 3]
NODE [line 3]
    type typeCon
    IsPC  0
    value 0x000000E5

ExOpCode  [line 3]
NODE [line 3]
    type typeOpCode
    instruction   ora
    mode          zero page indirect x
    opCode        01
    PC            0x00001004
    CHILD NODE [line 3]
        type typeCon
        IsPC  0
        value 0x000000E5


ExOpCode  [line 5]
NODE [line 5]
    type typeOpCode
    instruction   nop
    mode          implied
    opCode        EA
    PC            0x00001006


ExOpCode  [line 7]
NODE [line 7]
    type typeOpCode
    instruction   nop
    mode          implied
    opCode        EA
    PC            0x00001007


ExOpCode  [line 8]
NODE [line 8]
    type typeOpCode
    instruction   asl
    mode          implied
    opCode        0A
    PC            0x00001008


ExOprVar  [line 9]
NODE [line 9]
    type typeOpr


ExOprEqu  [line 12]
NODE [line 12]
    type typeOpr
    opr '='
    CHILD NODE [line 12]
        type typeId
        name aaa
        i    (nil)

    CHILD NODE [line 12]
        type typeCon
        IsPC  0
        value 0x00000001


ExOprEqu  [line 13]
NODE [line 13]
    type typeOpr
    opr '='
    CHILD NODE [line 13]
        type typeId
        name aaa
        i    (nil)

    CHILD NODE [line 13]
        type typeOpr
        opr '+'
        CHILD NODE [line 13]
            type typeId
            name aaa
            i    (nil)

        CHILD NODE [line 13]
            type typeCon
            IsPC  0
            value 0x00000001



ExSymbol  [line 14]
NODE [line 14]
    type typeId
    name aaa
    i    (nil)


ExOpCode  [line 14]
NODE [line 14]
    type typeOpCode
    instruction   lda
    mode          immediate
    opCode        A9
    PC            0x00001009
    CHILD NODE [line 14]
        type typeId
        name aaa
        i    0x1842970
             fullname     aaa
             initialized  1
             value        2
             ismacroname  0
             ismacroparam 0
             isvar        1
             macroNode    (nil)
             section      NULL
             name         aaa



ExOpCode  [line 15]
NODE [line 15]
    type typeOpCode
    instruction   brk
    mode          implied
    opCode        00
    PC            0x0000100B


ExOprEqu  [line 17]
NODE [line 17]
    type typeOpr
    opr '='
    CHILD NODE [line 17]
        type typeId
        name loops
        i    (nil)

    CHILD NODE [line 17]
        type typeCon
        IsPC  1     PC = 0000100C
        value 0x0000100C


ExSymbol  [line 24]
NODE [line 24]
    type typeId
    name aaa
    i    (nil)


ExOprWhile  [line 37]
NODE [line 37]
    type typeOpr
    opr WHILE
    CHILD NODE [line 37]
        type typeOpr
        opr '<'
        CHILD NODE [line 37]
            type typeId
            name aaa
            i    (nil)

        CHILD NODE [line 37]
            type typeCon
            IsPC  0
            value 0x0000000A

    CHILD NODE [line 37]
        type typeOpr
        opr STATEMENT
        CHILD NODE [line 37]
            type typeOpr
            opr STATEMENT
            CHILD NODE [line 37]
                type typeOpr
                opr STATEMENT
                CHILD NODE [line 37]
                    type typeOpr
                    opr STATEMENT
                    CHILD NODE [line 37]
                        type typeOpr
                        opr STATEMENT
                        CHILD NODE [line 37]
                            type typeOpr
                            opr STATEMENT
                            CHILD NODE [line 37]
                                type typeOpr
                                opr STATEMENT
                                CHILD NODE [line 37]
                                    type typeOpr
                                    opr STATEMENT
                                    CHILD NODE [line 37]
                                        type typeOpr
                                        opr STATEMENT
                                        CHILD NODE [line 37]
                                            type typeOpr
                                            opr STATEMENT
                                            CHILD NODE [line 37]
                                                type typeOpr
                                                opr STATEMENT

                                            CHILD NODE [line 37]
                                                type typeOpr
                                                opr STATEMENT


                                        CHILD NODE [line 37]
                                            type typeOpr
                                            opr STATEMENT


                                    CHILD NODE [line 37]
                                        type typeOpr
                                        opr '='
                                        CHILD NODE [line 37]
                                            type typeId
                                            name aaa
                                            i    (nil)

                                        CHILD NODE [line 37]
                                            type typeOpr
                                            opr '+'
                                            CHILD NODE [line 37]
                                                type typeId
                                                name aaa
                                                i    (nil)

                                            CHILD NODE [line 37]
                                                type typeCon
                                                IsPC  0
                                                value 0x00000001



                                CHILD NODE [line 37]
                                    type typeOpr
                                    opr STATEMENT


                            CHILD NODE [line 37]
                                type typeOpCode
                                instruction   ldx
                                mode          immediate
                                opCode        A2
                                PC            0x00000000
                                CHILD NODE [line 37]
                                    type typeId
                                    name aaa
                                    i    0x1842970
                                         fullname     aaa
                                         initialized  1
                                         value        2
                                         ismacroname  0
                                         ismacroparam 0
                                         isvar        1
                                         macroNode    (nil)
                                         section      NULL
                                         name         aaa



                        CHILD NODE [line 37]
                            type typeOpr
                            opr STATEMENT


                    CHILD NODE [line 37]
                        type typeOpr
                        opr STATEMENT


                CHILD NODE [line 37]
                    type typeOpr
                    opr STATEMENT


            CHILD NODE [line 37]
                type typeOpr
                opr IF
                CHILD NODE [line 37]
                    type typeOpr
                    opr '>'
                    CHILD NODE [line 37]
                        type typeId
                        name aaa
                        i    (nil)

                    CHILD NODE [line 37]
                        type typeCon
                        IsPC  0
                        value 0x00000006

                CHILD NODE [line 37]
                    type typeOpr
                    opr STATEMENT
                    CHILD NODE [line 37]
                        type typeOpr
                        opr STATEMENT
                        CHILD NODE [line 37]
                            type typeOpr
                            opr STATEMENT
                            CHILD NODE [line 37]
                                type typeOpr
                                opr STATEMENT
                                CHILD NODE [line 37]
                                    type typeOpr
                                    opr STATEMENT
                                    CHILD NODE [line 37]
                                        type typeOpr
                                        opr STATEMENT
                                        CHILD NODE [line 37]
                                            type typeOpr
                                            opr STATEMENT
                                            CHILD NODE [line 37]
                                                type typeOpr
                                                opr STATEMENT

                                            CHILD NODE [line 37]
                                                type typeOpr
                                                opr STATEMENT


                                        CHILD NODE [line 37]
                                            type typeOpCode
                                            instruction   brk
                                            mode          implied
                                            opCode        00
                                            PC            0x00000000


                                    CHILD NODE [line 37]
                                        type typeOpr
                                        opr STATEMENT


                                CHILD NODE [line 37]
                                    type typeOpCode
                                    instruction   brk
                                    mode          implied
                                    opCode        00
                                    PC            0x00000000


                            CHILD NODE [line 37]
                                type typeOpr
                                opr STATEMENT


                        CHILD NODE [line 37]
                            type typeOpCode
                            instruction   brk
                            mode          implied
                            opCode        00
                            PC            0x00000000


                    CHILD NODE [line 37]
                        type typeOpr
                        opr STATEMENT


                CHILD NODE [line 37]
                    type typeOpr
                    opr STATEMENT
                    CHILD NODE [line 37]
                        type typeOpr
                        opr STATEMENT
                        CHILD NODE [line 37]
                            type typeOpr
                            opr STATEMENT
                            CHILD NODE [line 37]
                                type typeOpr
                                opr STATEMENT
                                CHILD NODE [line 37]
                                    type typeOpr
                                    opr STATEMENT
                                    CHILD NODE [line 37]
                                        type typeOpr
                                        opr STATEMENT

                                    CHILD NODE [line 37]
                                        type typeOpr
                                        opr STATEMENT


                                CHILD NODE [line 37]
                                    type typeOpr
                                    opr '='
                                    CHILD NODE [line 37]
                                        type typeId
                                        name bbb
                                        i    (nil)

                                    CHILD NODE [line 37]
                                        type typeCon
                                        IsPC  0
                                        value 0x00000000


                            CHILD NODE [line 37]
                                type typeOpr
                                opr STATEMENT


                        CHILD NODE [line 37]
                            type typeOpr
                            opr REPEAT
                            CHILD NODE [line 37]
                                type typeOpr
                                opr STATEMENT
                                CHILD NODE [line 37]
                                    type typeOpr
                                    opr STATEMENT
                                    CHILD NODE [line 37]
                                        type typeOpr
                                        opr STATEMENT
                                        CHILD NODE [line 37]
                                            type typeOpr
                                            opr STATEMENT
                                            CHILD NODE [line 37]
                                                type typeOpr
                                                opr STATEMENT

                                            CHILD NODE [line 37]
                                                type typeOpCode
                                                instruction   nop
                                                mode          implied
                                                opCode        EA
                                                PC            0x00000000


                                        CHILD NODE [line 37]
                                            type typeOpr
                                            opr STATEMENT


                                    CHILD NODE [line 37]
                                        type typeOpr
                                        opr '='
                                        CHILD NODE [line 37]
                                            type typeId
                                            name bbb
                                            i    (nil)

                                        CHILD NODE [line 37]
                                            type typeOpr
                                            opr '+'
                                            CHILD NODE [line 37]
                                                type typeId
                                                name bbb
                                                i    (nil)

                                            CHILD NODE [line 37]
                                                type typeCon
                                                IsPC  0
                                                value 0x00000002



                                CHILD NODE [line 37]
                                    type typeOpr
                                    opr STATEMENT


                            CHILD NODE [line 37]
                                type typeOpr
                                opr '<'
                                CHILD NODE [line 37]
                                    type typeId
                                    name bbb
                                    i    (nil)

                                CHILD NODE [line 37]
                                    type typeCon
                                    IsPC  0
                                    value 0x00000006



                    CHILD NODE [line 37]
                        type typeOpr
                        opr STATEMENT




        CHILD NODE [line 37]
            type typeOpr
            opr STATEMENT




ExConstant  [line 39]
NODE [line 39]
    type typeCon
    IsPC  0
    value 0x00000001

ExOpCode  [line 39]
NODE [line 39]
    type typeOpCode
    instruction   ldx
    mode          immediate
    opCode        A2
    PC            0x0000102C
    CHILD NODE [line 39]
        type typeCon
        IsPC  0
        value 0x00000001


ExConstant  [line 40]
NODE [line 40]
    type typeCon
    IsPC  0
    value 0x00000035

ExOpCode  [line 40]
NODE [line 40]
    type typeOpCode
    instruction   ldy
    mode          immediate
    opCode        A0
    PC            0x0000102E
    CHILD NODE [line 40]
        type typeCon
        IsPC  0
        value 0x00000035


ExOpCode  [line 42]
NODE [line 42]
    type typeOpCode
    instruction   rts
    mode          implied
    opCode        60
    PC            0x00001030


ExOprInclude  [line 10]
NODE [line 10]
    type typeOpr
    opr INC
    CHILD NODE [line 10]
        type typeStr
        allocated  "branchtest.a
        len        0x0000000C
        value branchtest.a



ExOpCode  [line 0]
NODE [line 0]
    type typeOpCode
    instruction   nop
    mode          implied
    opCode        EA
    PC            0x00001031


ExSymbol  [line 2]
NODE [line 2]
    type typeId
    name +
    i    (nil)


ExOpCode  [line 2]
NODE [line 2]
    type typeOpCode
    instruction   beq
    mode          relative
    opCode        F0
    PC            0x00001032
    CHILD NODE [line 2]
        type typeId
        name +
        i    (nil)



ExOprEqu  [line 3]
NODE [line 3]
    type typeOpr
    opr '='
    CHILD NODE [line 3]
        type typeId
        name -
        i    (nil)

    CHILD NODE [line 3]
        type typeCon
        IsPC  1     PC = 00001034
        value 0x00001034


ExSymbol  [line 4]
NODE [line 4]
    type typeId
    name ++
    i    (nil)


ExOpCode  [line 4]
NODE [line 4]
    type typeOpCode
    instruction   lda
    mode          absolute y
    opCode        B9
    PC            0x00001034
    CHILD NODE [line 4]
        type typeId
        name ++
        i    (nil)



ExSymbol  [line 5]
NODE [line 5]
    type typeId
    name -
    i    (nil)


ExOpCode  [line 5]
NODE [line 5]
    type typeOpCode
    instruction   bne
    mode          relative
    opCode        D0
    PC            0x00001037
    CHILD NODE [line 5]
        type typeId
        name -
        i    (nil)



ExOpCode  [line 6]
NODE [line 6]
    type typeOpCode
    instruction   nop
    mode          implied
    opCode        EA
    PC            0x00001039


ExOprEqu  [line 7]
NODE [line 7]
    type typeOpr
    opr '='
    CHILD NODE [line 7]
        type typeId
        name -
        i    (nil)

    CHILD NODE [line 7]
        type typeCon
        IsPC  1     PC = 0000103A
        value 0x0000103A


ExSymbol  [line 8]
NODE [line 8]
    type typeId
    name -
    i    (nil)


ExOpCode  [line 8]
NODE [line 8]
    type typeOpCode
    instruction   bpl
    mode          relative
    opCode        10
    PC            0x0000103A
    CHILD NODE [line 8]
        type typeId
        name -
        i    (nil)



ExSymbol  [line 9]
NODE [line 9]
    type typeId
    name --
    i    (nil)


ExOpCode  [line 9]
NODE [line 9]
    type typeOpCode
    instruction   jmp
    mode          absolute i
    opCode        6C
    PC            0x0000103C
    CHILD NODE [line 9]
        type typeId
        name --
        i    (nil)



ExOpCode  [line 10]
NODE [line 10]
    type typeOpCode
    instruction   rts
    mode          implied
    opCode        60
    PC            0x0000103F


ExOprEqu  [line 12]
NODE [line 12]
    type typeOpr
    opr '='
    CHILD NODE [line 12]
        type typeId
        name +
        i    (nil)

    CHILD NODE [line 12]
        type typeCon
        IsPC  1     PC = 00001040
        value 0x00001040


ExOpCode  [line 13]
NODE [line 13]
    type typeOpCode
    instruction   rts
    mode          implied
    opCode        60
    PC            0x00001040


ExOprEqu  [line 14]
NODE [line 14]
    type typeOpr
    opr '='
    CHILD NODE [line 14]
        type typeId
        name +
        i    (nil)

    CHILD NODE [line 14]
        type typeCon
        IsPC  1     PC = 00001041
        value 0x00001041


ExOpCode  [line 15]
NODE [line 15]
    type typeOpCode
    instruction   nop
    mode          implied
    opCode        EA
    PC            0x00001041


ExOpCode  [line 16]
NODE [line 16]
    type typeOpCode
    instruction   nop
    mode          implied
    opCode        EA
    PC            0x00001042


ExOpCode  [line 17]
NODE [line 17]
    type typeOpCode
    instruction   rts
    mode          implied
    opCode        60
    PC            0x00001043


ExSymbol  [line 19]
NODE [line 19]
    type typeId
    name --
    i    (nil)


ExOpCode  [line 19]
NODE [line 19]
    type typeOpCode
    instruction   beq
    mode          relative
    opCode        F0
    PC            0x00001044
    CHILD NODE [line 19]
        type typeId
        name --
        i    (nil)



ExOprLoad  [line 11]
NODE [line 11]
    type typeOpr
    opr LOAD
    CHILD NODE [line 11]
        type typeStr
        allocated  "textfile.txt
        len        0x0000000C
        value textfile.txt



ExOprInclude  [line 12]
NODE [line 12]
    type typeOpr
    opr INC
    CHILD NODE [line 12]
        type typeStr
        allocated  "scripttest.a
        len        0x0000000C
        value scripttest.a



ExOprVar  [line 1]
NODE [line 1]
    type typeOpr


ExOprPlus  [line 4]
NODE [line 4]
    type typeOpr
    opr '+'
    CHILD NODE [line 4]
        type typeId
        name here
        i    (nil)

    CHILD NODE [line 4]
        type typeId
        name i
        i    (nil)



ExOprFor  [line 5]
NODE [line 5]
    type typeOpr
    opr FOR
    CHILD NODE [line 5]
        type typeOpr
        opr '='
        CHILD NODE [line 5]
            type typeId
            name i
            i    (nil)

        CHILD NODE [line 5]
            type typeCon
            IsPC  0
            value 0x0000000A

    CHILD NODE [line 5]
        type typeCon
        IsPC  0
        value 0x00000014
    CHILD NODE [line 5]
        type typeOpr
        opr STATEMENT
        CHILD NODE [line 5]
            type typeOpr
            opr STATEMENT
            CHILD NODE [line 5]
                type typeOpr
                opr STATEMENT

            CHILD NODE [line 5]
                type typeOpCode
                instruction   lda
                mode          absolute
                opCode        AD
                PC            0x00000000
                CHILD NODE [line 5]
                    type typeOpr
                    opr '+'
                    CHILD NODE [line 5]
                        type typeId
                        name here
                        i    0x1846880
                             fullname     here
                             initialized  1
                             value        4247
                             ismacroname  0
                             ismacroparam 0
                             isvar        0
                             macroNode    (nil)
                             section      NULL
                             name         here

                    CHILD NODE [line 5]
                        type typeId
                        name i
                        i    0x1846110
                             fullname     i
                             initialized  1
                             value        0
                             ismacroname  0
                             ismacroparam 0
                             isvar        1
                             macroNode    (nil)
                             section      NULL
                             name         i




        CHILD NODE [line 5]
            type typeOpr
            opr STATEMENT


    CHILD NODE [line 5]
        type typeId
        name i
        i    (nil)

    CHILD NODE [line 5]
        type typeCon
        IsPC  0
        value 0x00000002


ExOprPlus  [line 8]
NODE [line 8]
    type typeOpr
    opr '+'
    CHILD NODE [line 8]
        type typeId
        name i
        i    (nil)

    CHILD NODE [line 8]
        type typeCon
        IsPC  0
        value 0x00000001


ExOprRepeat  [line 10]
NODE [line 10]
    type typeOpr
    opr REPEAT
    CHILD NODE [line 10]
        type typeOpr
        opr STATEMENT
        CHILD NODE [line 10]
            type typeOpr
            opr STATEMENT
            CHILD NODE [line 10]
                type typeOpr
                opr STATEMENT
                CHILD NODE [line 10]
                    type typeOpr
                    opr STATEMENT
                    CHILD NODE [line 10]
                        type typeOpr
                        opr STATEMENT

                    CHILD NODE [line 10]
                        type typeOpCode
                        instruction   jsr
                        mode          absolute
                        opCode        20
                        PC            0x00000000
                        CHILD NODE [line 10]
                            type typeOpr
                            opr '+'
                            CHILD NODE [line 10]
                                type typeId
                                name i
                                i    0x1846110
                                     fullname     i
                                     initialized  1
                                     value        22
                                     ismacroname  0
                                     ismacroparam 0
                                     isvar        1
                                     macroNode    (nil)
                                     section      NULL
                                     name         i

                            CHILD NODE [line 10]
                                type typeCon
                                IsPC  0
                                value 0x00000001



                CHILD NODE [line 10]
                    type typeOpr
                    opr STATEMENT


            CHILD NODE [line 10]
                type typeOpr
                opr '='
                CHILD NODE [line 10]
                    type typeId
                    name i
                    i    (nil)

                CHILD NODE [line 10]
                    type typeOpr
                    opr '-'
                    CHILD NODE [line 10]
                        type typeId
                        name i
                        i    (nil)

                    CHILD NODE [line 10]
                        type typeCon
                        IsPC  0
                        value 0x00000002



        CHILD NODE [line 10]
            type typeOpr
            opr STATEMENT


    CHILD NODE [line 10]
        type typeOpr
        opr LE
        CHILD NODE [line 10]
            type typeId
            name i
            i    (nil)

        CHILD NODE [line 10]
            type typeCon
            IsPC  0
            value 0x0000000A



ExOprPlus  [line 13]
NODE [line 13]
    type typeOpr
    opr '+'
    CHILD NODE [line 13]
        type typeId
        name here
        i    (nil)

    CHILD NODE [line 13]
        type typeId
        name i
        i    (nil)



ExOprDo  [line 16]
NODE [line 16]
    type typeOpr
    opr DO
    CHILD NODE [line 16]
        type typeOpr
        opr STATEMENT
        CHILD NODE [line 16]
            type typeOpr
            opr STATEMENT
            CHILD NODE [line 16]
                type typeOpr
                opr STATEMENT
                CHILD NODE [line 16]
                    type typeOpr
                    opr STATEMENT
                    CHILD NODE [line 16]
                        type typeOpr
                        opr STATEMENT
                        CHILD NODE [line 16]
                            type typeOpr
                            opr STATEMENT
                            CHILD NODE [line 16]
                                type typeOpr
                                opr STATEMENT
                                CHILD NODE [line 16]
                                    type typeOpr
                                    opr STATEMENT

                                CHILD NODE [line 16]
                                    type typeOpr
                                    opr STATEMENT


                            CHILD NODE [line 16]
                                type typeOpCode
                                instruction   ldx
                                mode          absolute
                                opCode        AE
                                PC            0x00000000
                                CHILD NODE [line 16]
                                    type typeOpr
                                    opr '+'
                                    CHILD NODE [line 16]
                                        type typeId
                                        name here
                                        i    0x1846880
                                             fullname     here
                                             initialized  1
                                             value        4247
                                             ismacroname  0
                                             ismacroparam 0
                                             isvar        0
                                             macroNode    (nil)
                                             section      NULL
                                             name         here

                                    CHILD NODE [line 16]
                                        type typeId
                                        name i
                                        i    0x1846110
                                             fullname     i
                                             initialized  1
                                             value        10
                                             ismacroname  0
                                             ismacroparam 0
                                             isvar        1
                                             macroNode    (nil)
                                             section      NULL
                                             name         i




                        CHILD NODE [line 16]
                            type typeOpr
                            opr STATEMENT


                    CHILD NODE [line 16]
                        type typeOpCode
                        instruction   nop
                        mode          implied
                        opCode        EA
                        PC            0x00000000


                CHILD NODE [line 16]
                    type typeOpr
                    opr STATEMENT


            CHILD NODE [line 16]
                type typeOpr
                opr '='
                CHILD NODE [line 16]
                    type typeId
                    name i
                    i    (nil)

                CHILD NODE [line 16]
                    type typeOpr
                    opr '+'
                    CHILD NODE [line 16]
                        type typeId
                        name i
                        i    (nil)

                    CHILD NODE [line 16]
                        type typeCon
                        IsPC  0
                        value 0x00000002



        CHILD NODE [line 16]
            type typeOpr
            opr STATEMENT


    CHILD NODE [line 16]
        type typeOpr
        opr '<'
        CHILD NODE [line 16]
            type typeId
            name i
            i    (nil)

        CHILD NODE [line 16]
            type typeCon
            IsPC  0
            value 0x0000000A



ExOprEqu  [line 18]
NODE [line 18]
    type typeOpr
    opr '='
    CHILD NODE [line 18]
        type typeId
        name here
        i    (nil)

    CHILD NODE [line 18]
        type typeCon
        IsPC  1     PC = 00001097
        value 0x00001097


ExOpCode  [line 19]
NODE [line 19]
    type typeOpCode
    instruction   nop
    mode          implied
    opCode        EA
    PC            0x00001097


ExSymbol  [line 25]
NODE [line 25]
    type typeId
    name ii
    i    (nil)


ExSymbol  [line 30]
NODE [line 30]
    type typeId
    name jj
    i    (nil)


ExOprFor  [line 35]
NODE [line 35]
    type typeOpr
    opr FOR
    CHILD NODE [line 35]
        type typeOpr
        opr '='
        CHILD NODE [line 35]
            type typeId
            name i
            i    (nil)

        CHILD NODE [line 35]
            type typeCon
            IsPC  0
            value 0x00000001

    CHILD NODE [line 35]
        type typeCon
        IsPC  0
        value 0x0000000A
    CHILD NODE [line 35]
        type typeOpr
        opr STATEMENT
        CHILD NODE [line 35]
            type typeOpr
            opr STATEMENT
            CHILD NODE [line 35]
                type typeOpr
                opr STATEMENT
                CHILD NODE [line 35]
                    type typeOpr
                    opr STATEMENT
                    CHILD NODE [line 35]
                        type typeOpr
                        opr STATEMENT

                    CHILD NODE [line 35]
                        type typeOpr
                        opr '='
                        CHILD NODE [line 35]
                            type typeId
                            name ii
                            i    (nil)

                        CHILD NODE [line 35]
                            type typeCon
                            IsPC  0
                            value 0x00000000


                CHILD NODE [line 35]
                    type typeOpr
                    opr STATEMENT


            CHILD NODE [line 35]
                type typeOpr
                opr REPEAT
                CHILD NODE [line 35]
                    type typeOpr
                    opr STATEMENT
                    CHILD NODE [line 35]
                        type typeOpr
                        opr STATEMENT
                        CHILD NODE [line 35]
                            type typeOpr
                            opr STATEMENT
                            CHILD NODE [line 35]
                                type typeOpr
                                opr STATEMENT
                                CHILD NODE [line 35]
                                    type typeOpr
                                    opr STATEMENT
                                    CHILD NODE [line 35]
                                        type typeOpr
                                        opr STATEMENT
                                        CHILD NODE [line 35]
                                            type typeOpr
                                            opr STATEMENT
                                            CHILD NODE [line 35]
                                                type typeOpr
                                                opr STATEMENT
                                                CHILD NODE [line 35]
                                                    type typeOpr
                                                    opr STATEMENT
                                                    CHILD NODE [line 35]
                                                        type typeOpr
                                                        opr STATEMENT
                                                        CHILD NODE [line 35]
                                                            type typeOpr
                                                            opr STATEMENT

                                                        CHILD NODE [line 35]
                                                            type typeOpCode
                                                            instruction   jsr
                                                            mode          absolute
                                                            opCode        20
                                                            PC            0x00000000
                                                            CHILD NODE [line 35]
                                                                type typeId
                                                                name ii
                                                                i    0x18461d0
                                                                     fullname     ii
                                                                     initialized  1
                                                                     value        0
                                                                     ismacroname  0
                                                                     ismacroparam 0
                                                                     isvar        1
                                                                     macroNode    (nil)
                                                                     section      NULL
                                                                     name         ii



                                                    CHILD NODE [line 35]
                                                        type typeOpr
                                                        opr STATEMENT


                                                CHILD NODE [line 35]
                                                    type typeOpr
                                                    opr '='
                                                    CHILD NODE [line 35]
                                                        type typeId
                                                        name ii
                                                        i    (nil)

                                                    CHILD NODE [line 35]
                                                        type typeOpr
                                                        opr '-'
                                                        CHILD NODE [line 35]
                                                            type typeId
                                                            name ii
                                                            i    (nil)

                                                        CHILD NODE [line 35]
                                                            type typeCon
                                                            IsPC  0
                                                            value 0x00000002



                                            CHILD NODE [line 35]
                                                type typeOpr
                                                opr STATEMENT


                                        CHILD NODE [line 35]
                                            type typeOpr
                                            opr STATEMENT


                                    CHILD NODE [line 35]
                                        type typeOpr
                                        opr STATEMENT


                                CHILD NODE [line 35]
                                    type typeOpr
                                    opr '='
                                    CHILD NODE [line 35]
                                        type typeId
                                        name jj
                                        i    (nil)

                                    CHILD NODE [line 35]
                                        type typeCon
                                        IsPC  0
                                        value 0x00000000


                            CHILD NODE [line 35]
                                type typeOpr
                                opr STATEMENT


                        CHILD NODE [line 35]
                            type typeOpr
                            opr DO
                            CHILD NODE [line 35]
                                type typeOpr
                                opr STATEMENT
                                CHILD NODE [line 35]
                                    type typeOpr
                                    opr STATEMENT
                                    CHILD NODE [line 35]
                                        type typeOpr
                                        opr STATEMENT
                                        CHILD NODE [line 35]
                                            type typeOpr
                                            opr STATEMENT
                                            CHILD NODE [line 35]
                                                type typeOpr
                                                opr STATEMENT
                                                CHILD NODE [line 35]
                                                    type typeOpr
                                                    opr STATEMENT
                                                    CHILD NODE [line 35]
                                                        type typeOpr
                                                        opr STATEMENT
                                                        CHILD NODE [line 35]
                                                            type typeOpr
                                                            opr STATEMENT

                                                        CHILD NODE [line 35]
                                                            type typeOpr
                                                            opr STATEMENT


                                                    CHILD NODE [line 35]
                                                        type typeOpCode
                                                        instruction   jsr
                                                        mode          absolute
                                                        opCode        20
                                                        PC            0x00000000
                                                        CHILD NODE [line 35]
                                                            type typeId
                                                            name jj
                                                            i    0x1846290
                                                                 fullname     jj
                                                                 initialized  1
                                                                 value        0
                                                                 ismacroname  0
                                                                 ismacroparam 0
                                                                 isvar        1
                                                                 macroNode    (nil)
                                                                 section      NULL
                                                                 name         jj



                                                CHILD NODE [line 35]
                                                    type typeOpr
                                                    opr STATEMENT


                                            CHILD NODE [line 35]
                                                type typeOpCode
                                                instruction   nop
                                                mode          implied
                                                opCode        EA
                                                PC            0x00000000


                                        CHILD NODE [line 35]
                                            type typeOpr
                                            opr STATEMENT


                                    CHILD NODE [line 35]
                                        type typeOpr
                                        opr '='
                                        CHILD NODE [line 35]
                                            type typeId
                                            name jj
                                            i    (nil)

                                        CHILD NODE [line 35]
                                            type typeOpr
                                            opr '+'
                                            CHILD NODE [line 35]
                                                type typeId
                                                name jj
                                                i    (nil)

                                            CHILD NODE [line 35]
                                                type typeCon
                                                IsPC  0
                                                value 0x00000002



                                CHILD NODE [line 35]
                                    type typeOpr
                                    opr STATEMENT


                            CHILD NODE [line 35]
                                type typeOpr
                                opr '<'
                                CHILD NODE [line 35]
                                    type typeId
                                    name jj
                                    i    (nil)

                                CHILD NODE [line 35]
                                    type typeCon
                                    IsPC  0
                                    value 0x0000000A



                    CHILD NODE [line 35]
                        type typeOpr
                        opr STATEMENT


                CHILD NODE [line 35]
                    type typeOpr
                    opr LE
                    CHILD NODE [line 35]
                        type typeId
                        name ii
                        i    (nil)

                    CHILD NODE [line 35]
                        type typeCon
                        IsPC  0
                        value 0x0000000A



        CHILD NODE [line 35]
            type typeOpr
            opr STATEMENT


    CHILD NODE [line 35]
        type typeId
        name i
        i    (nil)



ExOprIf  [line 45]
NODE [line 45]
    type typeOpr
    opr IF
    CHILD NODE [line 45]
        type typeOpr
        opr '>'
        CHILD NODE [line 45]
            type typeId
            name i
            i    (nil)

        CHILD NODE [line 45]
            type typeCon
            IsPC  0
            value 0x00000000

    CHILD NODE [line 45]
        type typeOpr
        opr STATEMENT
        CHILD NODE [line 45]
            type typeOpr
            opr STATEMENT
            CHILD NODE [line 45]
                type typeOpr
                opr STATEMENT
                CHILD NODE [line 45]
                    type typeOpr
                    opr STATEMENT
                    CHILD NODE [line 45]
                        type typeOpr
                        opr STATEMENT
                        CHILD NODE [line 45]
                            type typeOpr
                            opr STATEMENT

                        CHILD NODE [line 45]
                            type typeOpr
                            opr STATEMENT


                    CHILD NODE [line 45]
                        type typeOpCode
                        instruction   nop
                        mode          implied
                        opCode        EA
                        PC            0x00000000


                CHILD NODE [line 45]
                    type typeOpr
                    opr STATEMENT


            CHILD NODE [line 45]
                type typeOpr
                opr WHILE
                CHILD NODE [line 45]
                    type typeOpr
                    opr '>'
                    CHILD NODE [line 45]
                        type typeId
                        name i
                        i    (nil)

                    CHILD NODE [line 45]
                        type typeCon
                        IsPC  0
                        value 0x00000001

                CHILD NODE [line 45]
                    type typeOpr
                    opr STATEMENT
                    CHILD NODE [line 45]
                        type typeOpr
                        opr STATEMENT
                        CHILD NODE [line 45]
                            type typeOpr
                            opr STATEMENT
                            CHILD NODE [line 45]
                                type typeOpr
                                opr STATEMENT
                                CHILD NODE [line 45]
                                    type typeOpr
                                    opr STATEMENT

                                CHILD NODE [line 45]
                                    type typeOpr
                                    opr DS
                                    CHILD NODE [line 45]
                                        type typeCon
                                        IsPC  0
                                        value 0x00000001


                            CHILD NODE [line 45]
                                type typeOpr
                                opr STATEMENT


                        CHILD NODE [line 45]
                            type typeOpr
                            opr '='
                            CHILD NODE [line 45]
                                type typeId
                                name i
                                i    (nil)

                            CHILD NODE [line 45]
                                type typeOpr
                                opr '-'
                                CHILD NODE [line 45]
                                    type typeId
                                    name i
                                    i    (nil)

                                CHILD NODE [line 45]
                                    type typeCon
                                    IsPC  0
                                    value 0x00000003



                    CHILD NODE [line 45]
                        type typeOpr
                        opr STATEMENT




        CHILD NODE [line 45]
            type typeOpr
            opr STATEMENT


    CHILD NODE [line 45]
        type typeOpr
        opr STATEMENT
        CHILD NODE [line 45]
            type typeOpr
            opr STATEMENT
            CHILD NODE [line 45]
                type typeOpr
                opr STATEMENT
                CHILD NODE [line 45]
                    type typeOpr
                    opr STATEMENT

                CHILD NODE [line 45]
                    type typeOpr
                    opr STATEMENT


            CHILD NODE [line 45]
                type typeOpCode
                instruction   brk
                mode          implied
                opCode        00
                PC            0x00000000


        CHILD NODE [line 45]
            type typeOpr
            opr STATEMENT




ExData  [line 46]
NODE [line 46]
    type typeData
    size 1
    CHILD NODE [line 46]
        type typeOpr
        opr EXPRLIST
        CHILD NODE [line 46]
            type typeCon
            IsPC  0
            value 0x00000064



ExOpCode  [line 48]
NODE [line 48]
    type typeOpCode
    instruction   brk
    mode          implied
    opCode        00
    PC            0x00001184


ExOprEqu  [line 19]
NODE [line 19]
    type typeOpr
    opr '='
    CHILD NODE [line 19]
        type typeId
        name start
        i    (nil)

    CHILD NODE [line 19]
        type typeCon
        IsPC  1     PC = 00001185
        value 0x00001185


ExOpCode  [line 20]
NODE [line 20]
    type typeOpCode
    instruction   phx
    mode          implied
    opCode        DA
    PC            0x00001185


ExOpCode  [line 21]
NODE [line 21]
    type typeOpCode
    instruction   phy
    mode          implied
    opCode        5A
    PC            0x00001186


ExOprEqu  [line 24]
NODE [line 24]
    type typeOpr
    opr '='
    CHILD NODE [line 24]
        type typeId
        name loadTAB
        i    (nil)

    CHILD NODE [line 24]
        type typeCon
        IsPC  1     PC = 00001187
        value 0x00001187


ExConstant  [line 25]
NODE [line 25]
    type typeCon
    IsPC  0
    value 0x00000009

ExOpCode  [line 25]
NODE [line 25]
    type typeOpCode
    instruction   lda
    mode          immediate
    opCode        A9
    PC            0x00001187
    CHILD NODE [line 25]
        type typeCon
        IsPC  0
        value 0x00000009


ExOprEqu  [line 26]
NODE [line 26]
    type typeOpr
    opr '='
    CHILD NODE [line 26]
        type typeId
        name LoadSLASH
        i    (nil)

    CHILD NODE [line 26]
        type typeCon
        IsPC  1     PC = 00001189
        value 0x00001189


ExConstant  [line 27]
NODE [line 27]
    type typeCon
    IsPC  0
    value 0x0000005C

ExOpCode  [line 27]
NODE [line 27]
    type typeOpCode
    instruction   lda
    mode          immediate
    opCode        A9
    PC            0x00001189
    CHILD NODE [line 27]
        type typeCon
        IsPC  0
        value 0x0000005C


ExSymbol  [line 30]
NODE [line 30]
    type typeId
    name end
    i    (nil)


ExOprEqu  [line 33]
NODE [line 33]
    type typeOpr
    opr '='
    CHILD NODE [line 33]
        type typeId
        name __ora
        i    (nil)

    CHILD NODE [line 33]
        type typeCon
        IsPC  1     PC = 00001190
        value 0x00001190


ExConstant  [line 34]
NODE [line 34]
    type typeCon
    IsPC  0
    value 0x00000016

ExOpCode  [line 34]
NODE [line 34]
    type typeOpCode
    instruction   ora
    mode          immediate
    opCode        09
    PC            0x00001190
    CHILD NODE [line 34]
        type typeCon
        IsPC  0
        value 0x00000016


ExConstant  [line 35]
NODE [line 35]
    type typeCon
    IsPC  0
    value 0x00000016

ExOpCode  [line 35]
NODE [line 35]
    type typeOpCode
    instruction   ora
    mode          immediate
    opCode        09
    PC            0x00001192
    CHILD NODE [line 35]
        type typeCon
        IsPC  0
        value 0x00000016


ExConstant  [line 36]
NODE [line 36]
    type typeCon
    IsPC  0
    value 0x000000B2

ExOpCode  [line 36]
NODE [line 36]
    type typeOpCode
    instruction   ora
    mode          zero page
    opCode        05
    PC            0x00001194
    CHILD NODE [line 36]
        type typeCon
        IsPC  0
        value 0x000000B2


ExConstant  [line 37]
NODE [line 37]
    type typeCon
    IsPC  0
    value 0x000000B2

ExOpCode  [line 37]
NODE [line 37]
    type typeOpCode
    instruction   ora
    mode          zero page
    opCode        05
    PC            0x00001196
    CHILD NODE [line 37]
        type typeCon
        IsPC  0
        value 0x000000B2


ExConstant  [line 38]
NODE [line 38]
    type typeCon
    IsPC  0
    value 0x0000001A

ExOpCode  [line 38]
NODE [line 38]
    type typeOpCode
    instruction   ora
    mode          zero page x
    opCode        15
    PC            0x00001198
    CHILD NODE [line 38]
        type typeCon
        IsPC  0
        value 0x0000001A


ExConstant  [line 39]
NODE [line 39]
    type typeCon
    IsPC  0
    value 0x0000001A

ExOpCode  [line 39]
NODE [line 39]
    type typeOpCode
    instruction   ora
    mode          zero page x
    opCode        15
    PC            0x0000119A
    CHILD NODE [line 39]
        type typeCon
        IsPC  0
        value 0x0000001A


ExConstant  [line 40]
NODE [line 40]
    type typeCon
    IsPC  0
    value 0x000000E5

ExOpCode  [line 40]
NODE [line 40]
    type typeOpCode
    instruction   ora
    mode          zero page indirect x
    opCode        01
    PC            0x0000119C
    CHILD NODE [line 40]
        type typeCon
        IsPC  0
        value 0x000000E5


ExConstant  [line 41]
NODE [line 41]
    type typeCon
    IsPC  0
    value 0x000000E5

ExOpCode  [line 41]
NODE [line 41]
    type typeOpCode
    instruction   ora
    mode          zero page indirect x
    opCode        01
    PC            0x0000119E
    CHILD NODE [line 41]
        type typeCon
        IsPC  0
        value 0x000000E5


ExConstant  [line 42]
NODE [line 42]
    type typeCon
    IsPC  0
    value 0x00000039

ExOpCode  [line 42]
NODE [line 42]
    type typeOpCode
    instruction   ora
    mode          zero page indirect y
    opCode        11
    PC            0x000011A0
    CHILD NODE [line 42]
        type typeCon
        IsPC  0
        value 0x00000039


ExConstant  [line 43]
NODE [line 43]
    type typeCon
    IsPC  0
    value 0x00000039

ExOpCode  [line 43]
NODE [line 43]
    type typeOpCode
    instruction   ora
    mode          zero page indirect y
    opCode        11
    PC            0x000011A2
    CHILD NODE [line 43]
        type typeCon
        IsPC  0
        value 0x00000039


ExConstant  [line 44]
NODE [line 44]
    type typeCon
    IsPC  0
    value 0x00007623

ExOpCode  [line 44]
NODE [line 44]
    type typeOpCode
    instruction   ora
    mode          absolute
    opCode        0D
    PC            0x000011A4
    CHILD NODE [line 44]
        type typeCon
        IsPC  0
        value 0x00007623


ExConstant  [line 45]
NODE [line 45]
    type typeCon
    IsPC  0
    value 0x00007623

ExOpCode  [line 45]
NODE [line 45]
    type typeOpCode
    instruction   ora
    mode          absolute
    opCode        0D
    PC            0x000011A7
    CHILD NODE [line 45]
        type typeCon
        IsPC  0
        value 0x00007623


ExConstant  [line 46]
NODE [line 46]
    type typeCon
    IsPC  0
    value 0x000065B2

ExOpCode  [line 46]
NODE [line 46]
    type typeOpCode
    instruction   ora
    mode          absolute x
    opCode        1D
    PC            0x000011AA
    CHILD NODE [line 46]
        type typeCon
        IsPC  0
        value 0x000065B2


ExConstant  [line 47]
NODE [line 47]
    type typeCon
    IsPC  0
    value 0x000065B2

ExOpCode  [line 47]
NODE [line 47]
    type typeOpCode
    instruction   ora
    mode          absolute x
    opCode        1D
    PC            0x000011AD
    CHILD NODE [line 47]
        type typeCon
        IsPC  0
        value 0x000065B2


ExConstant  [line 48]
NODE [line 48]
    type typeCon
    IsPC  0
    value 0x0000BE2C

ExOpCode  [line 48]
NODE [line 48]
    type typeOpCode
    instruction   ora
    mode          absolute y
    opCode        19
    PC            0x000011B0
    CHILD NODE [line 48]
        type typeCon
        IsPC  0
        value 0x0000BE2C


ExConstant  [line 49]
NODE [line 49]
    type typeCon
    IsPC  0
    value 0x0000BE2C

ExOpCode  [line 49]
NODE [line 49]
    type typeOpCode
    instruction   ora
    mode          absolute y
    opCode        19
    PC            0x000011B3
    CHILD NODE [line 49]
        type typeCon
        IsPC  0
        value 0x0000BE2C


ExOprEqu  [line 53]
NODE [line 53]
    type typeOpr
    opr '='
    CHILD NODE [line 53]
        type typeId
        name __and
        i    (nil)

    CHILD NODE [line 53]
        type typeCon
        IsPC  1     PC = 000011B6
        value 0x000011B6


ExConstant  [line 54]
NODE [line 54]
    type typeCon
    IsPC  0
    value 0x00000088

ExOpCode  [line 54]
NODE [line 54]
    type typeOpCode
    instruction   and
    mode          immediate
    opCode        29
    PC            0x000011B6
    CHILD NODE [line 54]
        type typeCon
        IsPC  0
        value 0x00000088


ExConstant  [line 55]
NODE [line 55]
    type typeCon
    IsPC  0
    value 0x00000088

ExOpCode  [line 55]
NODE [line 55]
    type typeOpCode
    instruction   and
    mode          immediate
    opCode        29
    PC            0x000011B8
    CHILD NODE [line 55]
        type typeCon
        IsPC  0
        value 0x00000088


ExConstant  [line 56]
NODE [line 56]
    type typeCon
    IsPC  0
    value 0x000000B7

ExOpCode  [line 56]
NODE [line 56]
    type typeOpCode
    instruction   and
    mode          zero page
    opCode        25
    PC            0x000011BA
    CHILD NODE [line 56]
        type typeCon
        IsPC  0
        value 0x000000B7


ExConstant  [line 57]
NODE [line 57]
    type typeCon
    IsPC  0
    value 0x000000B7

ExOpCode  [line 57]
NODE [line 57]
    type typeOpCode
    instruction   and
    mode          zero page
    opCode        25
    PC            0x000011BC
    CHILD NODE [line 57]
        type typeCon
        IsPC  0
        value 0x000000B7


ExConstant  [line 58]
NODE [line 58]
    type typeCon
    IsPC  0
    value 0x00000097

ExOpCode  [line 58]
NODE [line 58]
    type typeOpCode
    instruction   and
    mode          zero page x
    opCode        35
    PC            0x000011BE
    CHILD NODE [line 58]
        type typeCon
        IsPC  0
        value 0x00000097


ExConstant  [line 59]
NODE [line 59]
    type typeCon
    IsPC  0
    value 0x00000097

ExOpCode  [line 59]
NODE [line 59]
    type typeOpCode
    instruction   and
    mode          zero page x
    opCode        35
    PC            0x000011C0
    CHILD NODE [line 59]
        type typeCon
        IsPC  0
        value 0x00000097


ExConstant  [line 60]
NODE [line 60]
    type typeCon
    IsPC  0
    value 0x00000014

ExOpCode  [line 60]
NODE [line 60]
    type typeOpCode
    instruction   and
    mode          zero page indirect x
    opCode        21
    PC            0x000011C2
    CHILD NODE [line 60]
        type typeCon
        IsPC  0
        value 0x00000014


ExConstant  [line 61]
NODE [line 61]
    type typeCon
    IsPC  0
    value 0x00000014

ExOpCode  [line 61]
NODE [line 61]
    type typeOpCode
    instruction   and
    mode          zero page indirect x
    opCode        21
    PC            0x000011C4
    CHILD NODE [line 61]
        type typeCon
        IsPC  0
        value 0x00000014


ExConstant  [line 62]
NODE [line 62]
    type typeCon
    IsPC  0
    value 0x000000DB

ExOpCode  [line 62]
NODE [line 62]
    type typeOpCode
    instruction   and
    mode          zero page indirect y
    opCode        31
    PC            0x000011C6
    CHILD NODE [line 62]
        type typeCon
        IsPC  0
        value 0x000000DB


ExConstant  [line 63]
NODE [line 63]
    type typeCon
    IsPC  0
    value 0x000000DB

ExOpCode  [line 63]
NODE [line 63]
    type typeOpCode
    instruction   and
    mode          zero page indirect y
    opCode        31
    PC            0x000011C8
    CHILD NODE [line 63]
        type typeCon
        IsPC  0
        value 0x000000DB


ExConstant  [line 64]
NODE [line 64]
    type typeCon
    IsPC  0
    value 0x000018CC

ExOpCode  [line 64]
NODE [line 64]
    type typeOpCode
    instruction   and
    mode          absolute
    opCode        2D
    PC            0x000011CA
    CHILD NODE [line 64]
        type typeCon
        IsPC  0
        value 0x000018CC


ExConstant  [line 65]
NODE [line 65]
    type typeCon
    IsPC  0
    value 0x000018CC

ExOpCode  [line 65]
NODE [line 65]
    type typeOpCode
    instruction   and
    mode          absolute
    opCode        2D
    PC            0x000011CD
    CHILD NODE [line 65]
        type typeCon
        IsPC  0
        value 0x000018CC


ExConstant  [line 66]
NODE [line 66]
    type typeCon
    IsPC  0
    value 0x0000D2FF

ExOpCode  [line 66]
NODE [line 66]
    type typeOpCode
    instruction   and
    mode          absolute x
    opCode        3D
    PC            0x000011D0
    CHILD NODE [line 66]
        type typeCon
        IsPC  0
        value 0x0000D2FF


ExConstant  [line 67]
NODE [line 67]
    type typeCon
    IsPC  0
    value 0x0000D2FF

ExOpCode  [line 67]
NODE [line 67]
    type typeOpCode
    instruction   and
    mode          absolute x
    opCode        3D
    PC            0x000011D3
    CHILD NODE [line 67]
        type typeCon
        IsPC  0
        value 0x0000D2FF


ExConstant  [line 68]
NODE [line 68]
    type typeCon
    IsPC  0
    value 0x0000F41B

ExOpCode  [line 68]
NODE [line 68]
    type typeOpCode
    instruction   and
    mode          absolute y
    opCode        39
    PC            0x000011D6
    CHILD NODE [line 68]
        type typeCon
        IsPC  0
        value 0x0000F41B


ExConstant  [line 69]
NODE [line 69]
    type typeCon
    IsPC  0
    value 0x0000F41B

ExOpCode  [line 69]
NODE [line 69]
    type typeOpCode
    instruction   and
    mode          absolute y
    opCode        39
    PC            0x000011D9
    CHILD NODE [line 69]
        type typeCon
        IsPC  0
        value 0x0000F41B


ExOprEqu  [line 73]
NODE [line 73]
    type typeOpr
    opr '='
    CHILD NODE [line 73]
        type typeId
        name __eor
        i    (nil)

    CHILD NODE [line 73]
        type typeCon
        IsPC  1     PC = 000011DC
        value 0x000011DC


ExConstant  [line 74]
NODE [line 74]
    type typeCon
    IsPC  0
    value 0x00000033

ExOpCode  [line 74]
NODE [line 74]
    type typeOpCode
    instruction   eor
    mode          immediate
    opCode        49
    PC            0x000011DC
    CHILD NODE [line 74]
        type typeCon
        IsPC  0
        value 0x00000033


ExConstant  [line 75]
NODE [line 75]
    type typeCon
    IsPC  0
    value 0x00000033

ExOpCode  [line 75]
NODE [line 75]
    type typeOpCode
    instruction   eor
    mode          immediate
    opCode        49
    PC            0x000011DE
    CHILD NODE [line 75]
        type typeCon
        IsPC  0
        value 0x00000033


ExConstant  [line 76]
NODE [line 76]
    type typeCon
    IsPC  0
    value 0x00000017

ExOpCode  [line 76]
NODE [line 76]
    type typeOpCode
    instruction   eor
    mode          zero page
    opCode        45
    PC            0x000011E0
    CHILD NODE [line 76]
        type typeCon
        IsPC  0
        value 0x00000017


ExConstant  [line 77]
NODE [line 77]
    type typeCon
    IsPC  0
    value 0x00000017

ExOpCode  [line 77]
NODE [line 77]
    type typeOpCode
    instruction   eor
    mode          zero page
    opCode        45
    PC            0x000011E2
    CHILD NODE [line 77]
        type typeCon
        IsPC  0
        value 0x00000017


ExConstant  [line 78]
NODE [line 78]
    type typeCon
    IsPC  0
    value 0x000000F5

ExOpCode  [line 78]
NODE [line 78]
    type typeOpCode
    instruction   eor
    mode          zero page x
    opCode        55
    PC            0x000011E4
    CHILD NODE [line 78]
        type typeCon
        IsPC  0
        value 0x000000F5


ExConstant  [line 79]
NODE [line 79]
    type typeCon
    IsPC  0
    value 0x000000F5

ExOpCode  [line 79]
NODE [line 79]
    type typeOpCode
    instruction   eor
    mode          zero page x
    opCode        55
    PC            0x000011E6
    CHILD NODE [line 79]
        type typeCon
        IsPC  0
        value 0x000000F5


ExConstant  [line 80]
NODE [line 80]
    type typeCon
    IsPC  0
    value 0x000000D2

ExOpCode  [line 80]
NODE [line 80]
    type typeOpCode
    instruction   eor
    mode          zero page indirect x
    opCode        41
    PC            0x000011E8
    CHILD NODE [line 80]
        type typeCon
        IsPC  0
        value 0x000000D2


ExConstant  [line 81]
NODE [line 81]
    type typeCon
    IsPC  0
    value 0x000000D2

ExOpCode  [line 81]
NODE [line 81]
    type typeOpCode
    instruction   eor
    mode          zero page indirect x
    opCode        41
    PC            0x000011EA
    CHILD NODE [line 81]
        type typeCon
        IsPC  0
        value 0x000000D2


ExConstant  [line 82]
NODE [line 82]
    type typeCon
    IsPC  0
    value 0x00000072

ExOpCode  [line 82]
NODE [line 82]
    type typeOpCode
    instruction   eor
    mode          zero page indirect y
    opCode        51
    PC            0x000011EC
    CHILD NODE [line 82]
        type typeCon
        IsPC  0
        value 0x00000072


ExConstant  [line 83]
NODE [line 83]
    type typeCon
    IsPC  0
    value 0x00000072

ExOpCode  [line 83]
NODE [line 83]
    type typeOpCode
    instruction   eor
    mode          zero page indirect y
    opCode        51
    PC            0x000011EE
    CHILD NODE [line 83]
        type typeCon
        IsPC  0
        value 0x00000072


ExConstant  [line 84]
NODE [line 84]
    type typeCon
    IsPC  0
    value 0x00008505

ExOpCode  [line 84]
NODE [line 84]
    type typeOpCode
    instruction   eor
    mode          absolute
    opCode        4D
    PC            0x000011F0
    CHILD NODE [line 84]
        type typeCon
        IsPC  0
        value 0x00008505


ExConstant  [line 85]
NODE [line 85]
    type typeCon
    IsPC  0
    value 0x00008505

ExOpCode  [line 85]
NODE [line 85]
    type typeOpCode
    instruction   eor
    mode          absolute
    opCode        4D
    PC            0x000011F3
    CHILD NODE [line 85]
        type typeCon
        IsPC  0
        value 0x00008505


ExConstant  [line 86]
NODE [line 86]
    type typeCon
    IsPC  0
    value 0x00006E59

ExOpCode  [line 86]
NODE [line 86]
    type typeOpCode
    instruction   eor
    mode          absolute x
    opCode        5D
    PC            0x000011F6
    CHILD NODE [line 86]
        type typeCon
        IsPC  0
        value 0x00006E59


ExConstant  [line 87]
NODE [line 87]
    type typeCon
    IsPC  0
    value 0x00006E59

ExOpCode  [line 87]
NODE [line 87]
    type typeOpCode
    instruction   eor
    mode          absolute x
    opCode        5D
    PC            0x000011F9
    CHILD NODE [line 87]
        type typeCon
        IsPC  0
        value 0x00006E59


ExConstant  [line 88]
NODE [line 88]
    type typeCon
    IsPC  0
    value 0x0000FB77

ExOpCode  [line 88]
NODE [line 88]
    type typeOpCode
    instruction   eor
    mode          absolute y
    opCode        59
    PC            0x000011FC
    CHILD NODE [line 88]
        type typeCon
        IsPC  0
        value 0x0000FB77


ExConstant  [line 89]
NODE [line 89]
    type typeCon
    IsPC  0
    value 0x0000FB77

ExOpCode  [line 89]
NODE [line 89]
    type typeOpCode
    instruction   eor
    mode          absolute y
    opCode        59
    PC            0x000011FF
    CHILD NODE [line 89]
        type typeCon
        IsPC  0
        value 0x0000FB77


ExOprEqu  [line 93]
NODE [line 93]
    type typeOpr
    opr '='
    CHILD NODE [line 93]
        type typeId
        name __adc
        i    (nil)

    CHILD NODE [line 93]
        type typeCon
        IsPC  1     PC = 00001202
        value 0x00001202


ExConstant  [line 94]
NODE [line 94]
    type typeCon
    IsPC  0
    value 0x00000063

ExOpCode  [line 94]
NODE [line 94]
    type typeOpCode
    instruction   adc
    mode          immediate
    opCode        69
    PC            0x00001202
    CHILD NODE [line 94]
        type typeCon
        IsPC  0
        value 0x00000063


ExConstant  [line 95]
NODE [line 95]
    type typeCon
    IsPC  0
    value 0x00000063

ExOpCode  [line 95]
NODE [line 95]
    type typeOpCode
    instruction   adc
    mode          immediate
    opCode        69
    PC            0x00001204
    CHILD NODE [line 95]
        type typeCon
        IsPC  0
        value 0x00000063


ExConstant  [line 96]
NODE [line 96]
    type typeCon
    IsPC  0
    value 0x0000006F

ExOpCode  [line 96]
NODE [line 96]
    type typeOpCode
    instruction   adc
    mode          zero page
    opCode        65
    PC            0x00001206
    CHILD NODE [line 96]
        type typeCon
        IsPC  0
        value 0x0000006F


ExConstant  [line 97]
NODE [line 97]
    type typeCon
    IsPC  0
    value 0x0000006F

ExOpCode  [line 97]
NODE [line 97]
    type typeOpCode
    instruction   adc
    mode          zero page
    opCode        65
    PC            0x00001208
    CHILD NODE [line 97]
        type typeCon
        IsPC  0
        value 0x0000006F


ExConstant  [line 98]
NODE [line 98]
    type typeCon
    IsPC  0
    value 0x0000009D

ExOpCode  [line 98]
NODE [line 98]
    type typeOpCode
    instruction   adc
    mode          zero page x
    opCode        75
    PC            0x0000120A
    CHILD NODE [line 98]
        type typeCon
        IsPC  0
        value 0x0000009D


ExConstant  [line 99]
NODE [line 99]
    type typeCon
    IsPC  0
    value 0x0000009D

ExOpCode  [line 99]
NODE [line 99]
    type typeOpCode
    instruction   adc
    mode          zero page x
    opCode        75
    PC            0x0000120C
    CHILD NODE [line 99]
        type typeCon
        IsPC  0
        value 0x0000009D


ExConstant  [line 100]
NODE [line 100]
    type typeCon
    IsPC  0
    value 0x0000004A

ExOpCode  [line 100]
NODE [line 100]
    type typeOpCode
    instruction   adc
    mode          zero page indirect x
    opCode        61
    PC            0x0000120E
    CHILD NODE [line 100]
        type typeCon
        IsPC  0
        value 0x0000004A


ExConstant  [line 101]
NODE [line 101]
    type typeCon
    IsPC  0
    value 0x0000004A

ExOpCode  [line 101]
NODE [line 101]
    type typeOpCode
    instruction   adc
    mode          zero page indirect x
    opCode        61
    PC            0x00001210
    CHILD NODE [line 101]
        type typeCon
        IsPC  0
        value 0x0000004A


ExConstant  [line 102]
NODE [line 102]
    type typeCon
    IsPC  0
    value 0x000000E4

ExOpCode  [line 102]
NODE [line 102]
    type typeOpCode
    instruction   adc
    mode          zero page indirect y
    opCode        71
    PC            0x00001212
    CHILD NODE [line 102]
        type typeCon
        IsPC  0
        value 0x000000E4


ExConstant  [line 103]
NODE [line 103]
    type typeCon
    IsPC  0
    value 0x000000E4

ExOpCode  [line 103]
NODE [line 103]
    type typeOpCode
    instruction   adc
    mode          zero page indirect y
    opCode        71
    PC            0x00001214
    CHILD NODE [line 103]
        type typeCon
        IsPC  0
        value 0x000000E4


ExConstant  [line 104]
NODE [line 104]
    type typeCon
    IsPC  0
    value 0x00003162

ExOpCode  [line 104]
NODE [line 104]
    type typeOpCode
    instruction   adc
    mode          absolute
    opCode        6D
    PC            0x00001216
    CHILD NODE [line 104]
        type typeCon
        IsPC  0
        value 0x00003162


ExConstant  [line 105]
NODE [line 105]
    type typeCon
    IsPC  0
    value 0x00003162

ExOpCode  [line 105]
NODE [line 105]
    type typeOpCode
    instruction   adc
    mode          absolute
    opCode        6D
    PC            0x00001219
    CHILD NODE [line 105]
        type typeCon
        IsPC  0
        value 0x00003162


ExConstant  [line 106]
NODE [line 106]
    type typeCon
    IsPC  0
    value 0x0000D8D8

ExOpCode  [line 106]
NODE [line 106]
    type typeOpCode
    instruction   adc
    mode          absolute x
    opCode        7D
    PC            0x0000121C
    CHILD NODE [line 106]
        type typeCon
        IsPC  0
        value 0x0000D8D8


ExConstant  [line 107]
NODE [line 107]
    type typeCon
    IsPC  0
    value 0x0000D8D8

ExOpCode  [line 107]
NODE [line 107]
    type typeOpCode
    instruction   adc
    mode          absolute x
    opCode        7D
    PC            0x0000121F
    CHILD NODE [line 107]
        type typeCon
        IsPC  0
        value 0x0000D8D8


ExConstant  [line 108]
NODE [line 108]
    type typeCon
    IsPC  0
    value 0x0000709F

ExOpCode  [line 108]
NODE [line 108]
    type typeOpCode
    instruction   adc
    mode          absolute y
    opCode        79
    PC            0x00001222
    CHILD NODE [line 108]
        type typeCon
        IsPC  0
        value 0x0000709F


ExConstant  [line 109]
NODE [line 109]
    type typeCon
    IsPC  0
    value 0x0000709F

ExOpCode  [line 109]
NODE [line 109]
    type typeOpCode
    instruction   adc
    mode          absolute y
    opCode        79
    PC            0x00001225
    CHILD NODE [line 109]
        type typeCon
        IsPC  0
        value 0x0000709F


ExOprEqu  [line 113]
NODE [line 113]
    type typeOpr
    opr '='
    CHILD NODE [line 113]
        type typeId
        name __sbc
        i    (nil)

    CHILD NODE [line 113]
        type typeCon
        IsPC  1     PC = 00001228
        value 0x00001228


ExConstant  [line 114]
NODE [line 114]
    type typeCon
    IsPC  0
    value 0x00000011

ExOpCode  [line 114]
NODE [line 114]
    type typeOpCode
    instruction   sbc
    mode          immediate
    opCode        E9
    PC            0x00001228
    CHILD NODE [line 114]
        type typeCon
        IsPC  0
        value 0x00000011


ExConstant  [line 115]
NODE [line 115]
    type typeCon
    IsPC  0
    value 0x00000011

ExOpCode  [line 115]
NODE [line 115]
    type typeOpCode
    instruction   sbc
    mode          immediate
    opCode        E9
    PC            0x0000122A
    CHILD NODE [line 115]
        type typeCon
        IsPC  0
        value 0x00000011


ExConstant  [line 116]
NODE [line 116]
    type typeCon
    IsPC  0
    value 0x0000000E

ExOpCode  [line 116]
NODE [line 116]
    type typeOpCode
    instruction   sbc
    mode          zero page
    opCode        E5
    PC            0x0000122C
    CHILD NODE [line 116]
        type typeCon
        IsPC  0
        value 0x0000000E


ExConstant  [line 117]
NODE [line 117]
    type typeCon
    IsPC  0
    value 0x0000000E

ExOpCode  [line 117]
NODE [line 117]
    type typeOpCode
    instruction   sbc
    mode          zero page
    opCode        E5
    PC            0x0000122E
    CHILD NODE [line 117]
        type typeCon
        IsPC  0
        value 0x0000000E


ExConstant  [line 118]
NODE [line 118]
    type typeCon
    IsPC  0
    value 0x000000C5

ExOpCode  [line 118]
NODE [line 118]
    type typeOpCode
    instruction   sbc
    mode          zero page x
    opCode        F5
    PC            0x00001230
    CHILD NODE [line 118]
        type typeCon
        IsPC  0
        value 0x000000C5


ExConstant  [line 119]
NODE [line 119]
    type typeCon
    IsPC  0
    value 0x000000C5

ExOpCode  [line 119]
NODE [line 119]
    type typeOpCode
    instruction   sbc
    mode          zero page x
    opCode        F5
    PC            0x00001232
    CHILD NODE [line 119]
        type typeCon
        IsPC  0
        value 0x000000C5


ExConstant  [line 120]
NODE [line 120]
    type typeCon
    IsPC  0
    value 0x00000000

ExOpCode  [line 120]
NODE [line 120]
    type typeOpCode
    instruction   sbc
    mode          zero page indirect x
    opCode        E1
    PC            0x00001234
    CHILD NODE [line 120]
        type typeCon
        IsPC  0
        value 0x00000000


ExConstant  [line 121]
NODE [line 121]
    type typeCon
    IsPC  0
    value 0x00000000

ExOpCode  [line 121]
NODE [line 121]
    type typeOpCode
    instruction   sbc
    mode          zero page indirect x
    opCode        E1
    PC            0x00001236
    CHILD NODE [line 121]
        type typeCon
        IsPC  0
        value 0x00000000


ExConstant  [line 122]
NODE [line 122]
    type typeCon
    IsPC  0
    value 0x0000008B

ExOpCode  [line 122]
NODE [line 122]
    type typeOpCode
    instruction   sbc
    mode          zero page indirect y
    opCode        F1
    PC            0x00001238
    CHILD NODE [line 122]
        type typeCon
        IsPC  0
        value 0x0000008B


ExConstant  [line 123]
NODE [line 123]
    type typeCon
    IsPC  0
    value 0x0000008B

ExOpCode  [line 123]
NODE [line 123]
    type typeOpCode
    instruction   sbc
    mode          zero page indirect y
    opCode        F1
    PC            0x0000123A
    CHILD NODE [line 123]
        type typeCon
        IsPC  0
        value 0x0000008B


ExConstant  [line 124]
NODE [line 124]
    type typeCon
    IsPC  0
    value 0x000079C6

ExOpCode  [line 124]
NODE [line 124]
    type typeOpCode
    instruction   sbc
    mode          absolute
    opCode        ED
    PC            0x0000123C
    CHILD NODE [line 124]
        type typeCon
        IsPC  0
        value 0x000079C6


ExConstant  [line 125]
NODE [line 125]
    type typeCon
    IsPC  0
    value 0x000079C6

ExOpCode  [line 125]
NODE [line 125]
    type typeOpCode
    instruction   sbc
    mode          absolute
    opCode        ED
    PC            0x0000123F
    CHILD NODE [line 125]
        type typeCon
        IsPC  0
        value 0x000079C6


ExConstant  [line 126]
NODE [line 126]
    type typeCon
    IsPC  0
    value 0x00004D03

ExOpCode  [line 126]
NODE [line 126]
    type typeOpCode
    instruction   sbc
    mode          absolute x
    opCode        FD
    PC            0x00001242
    CHILD NODE [line 126]
        type typeCon
        IsPC  0
        value 0x00004D03


ExConstant  [line 127]
NODE [line 127]
    type typeCon
    IsPC  0
    value 0x00004D03

ExOpCode  [line 127]
NODE [line 127]
    type typeOpCode
    instruction   sbc
    mode          absolute x
    opCode        FD
    PC            0x00001245
    CHILD NODE [line 127]
        type typeCon
        IsPC  0
        value 0x00004D03


ExConstant  [line 128]
NODE [line 128]
    type typeCon
    IsPC  0
    value 0x000081BC

ExOpCode  [line 128]
NODE [line 128]
    type typeOpCode
    instruction   sbc
    mode          absolute y
    opCode        F9
    PC            0x00001248
    CHILD NODE [line 128]
        type typeCon
        IsPC  0
        value 0x000081BC


ExConstant  [line 129]
NODE [line 129]
    type typeCon
    IsPC  0
    value 0x000081BC

ExOpCode  [line 129]
NODE [line 129]
    type typeOpCode
    instruction   sbc
    mode          absolute y
    opCode        F9
    PC            0x0000124B
    CHILD NODE [line 129]
        type typeCon
        IsPC  0
        value 0x000081BC


ExOprEqu  [line 133]
NODE [line 133]
    type typeOpr
    opr '='
    CHILD NODE [line 133]
        type typeId
        name __cmp
        i    (nil)

    CHILD NODE [line 133]
        type typeCon
        IsPC  1     PC = 0000124E
        value 0x0000124E


ExConstant  [line 134]
NODE [line 134]
    type typeCon
    IsPC  0
    value 0x000000A0

ExOpCode  [line 134]
NODE [line 134]
    type typeOpCode
    instruction   cmp
    mode          immediate
    opCode        C9
    PC            0x0000124E
    CHILD NODE [line 134]
        type typeCon
        IsPC  0
        value 0x000000A0


ExConstant  [line 135]
NODE [line 135]
    type typeCon
    IsPC  0
    value 0x000000A0

ExOpCode  [line 135]
NODE [line 135]
    type typeOpCode
    instruction   cmp
    mode          immediate
    opCode        C9
    PC            0x00001250
    CHILD NODE [line 135]
        type typeCon
        IsPC  0
        value 0x000000A0


ExConstant  [line 136]
NODE [line 136]
    type typeCon
    IsPC  0
    value 0x0000004D

ExOpCode  [line 136]
NODE [line 136]
    type typeOpCode
    instruction   cmp
    mode          zero page
    opCode        C5
    PC            0x00001252
    CHILD NODE [line 136]
        type typeCon
        IsPC  0
        value 0x0000004D


ExConstant  [line 137]
NODE [line 137]
    type typeCon
    IsPC  0
    value 0x0000004D

ExOpCode  [line 137]
NODE [line 137]
    type typeOpCode
    instruction   cmp
    mode          zero page
    opCode        C5
    PC            0x00001254
    CHILD NODE [line 137]
        type typeCon
        IsPC  0
        value 0x0000004D


ExConstant  [line 138]
NODE [line 138]
    type typeCon
    IsPC  0
    value 0x000000F7

ExOpCode  [line 138]
NODE [line 138]
    type typeOpCode
    instruction   cmp
    mode          zero page x
    opCode        D5
    PC            0x00001256
    CHILD NODE [line 138]
        type typeCon
        IsPC  0
        value 0x000000F7


ExConstant  [line 139]
NODE [line 139]
    type typeCon
    IsPC  0
    value 0x000000F7

ExOpCode  [line 139]
NODE [line 139]
    type typeOpCode
    instruction   cmp
    mode          zero page x
    opCode        D5
    PC            0x00001258
    CHILD NODE [line 139]
        type typeCon
        IsPC  0
        value 0x000000F7


ExConstant  [line 140]
NODE [line 140]
    type typeCon
    IsPC  0
    value 0x00000086

ExOpCode  [line 140]
NODE [line 140]
    type typeOpCode
    instruction   cmp
    mode          zero page indirect x
    opCode        C1
    PC            0x0000125A
    CHILD NODE [line 140]
        type typeCon
        IsPC  0
        value 0x00000086


ExConstant  [line 141]
NODE [line 141]
    type typeCon
    IsPC  0
    value 0x00000086

ExOpCode  [line 141]
NODE [line 141]
    type typeOpCode
    instruction   cmp
    mode          zero page indirect x
    opCode        C1
    PC            0x0000125C
    CHILD NODE [line 141]
        type typeCon
        IsPC  0
        value 0x00000086


ExConstant  [line 142]
NODE [line 142]
    type typeCon
    IsPC  0
    value 0x0000007C

ExOpCode  [line 142]
NODE [line 142]
    type typeOpCode
    instruction   cmp
    mode          zero page indirect y
    opCode        D1
    PC            0x0000125E
    CHILD NODE [line 142]
        type typeCon
        IsPC  0
        value 0x0000007C


ExConstant  [line 143]
NODE [line 143]
    type typeCon
    IsPC  0
    value 0x0000007C

ExOpCode  [line 143]
NODE [line 143]
    type typeOpCode
    instruction   cmp
    mode          zero page indirect y
    opCode        D1
    PC            0x00001260
    CHILD NODE [line 143]
        type typeCon
        IsPC  0
        value 0x0000007C


ExConstant  [line 144]
NODE [line 144]
    type typeCon
    IsPC  0
    value 0x0000E857

ExOpCode  [line 144]
NODE [line 144]
    type typeOpCode
    instruction   cmp
    mode          absolute
    opCode        CD
    PC            0x00001262
    CHILD NODE [line 144]
        type typeCon
        IsPC  0
        value 0x0000E857


ExConstant  [line 145]
NODE [line 145]
    type typeCon
    IsPC  0
    value 0x0000E857

ExOpCode  [line 145]
NODE [line 145]
    type typeOpCode
    instruction   cmp
    mode          absolute
    opCode        CD
    PC            0x00001265
    CHILD NODE [line 145]
        type typeCon
        IsPC  0
        value 0x0000E857


ExConstant  [line 146]
NODE [line 146]
    type typeCon
    IsPC  0
    value 0x00002011

ExOpCode  [line 146]
NODE [line 146]
    type typeOpCode
    instruction   cmp
    mode          absolute x
    opCode        DD
    PC            0x00001268
    CHILD NODE [line 146]
        type typeCon
        IsPC  0
        value 0x00002011


ExConstant  [line 147]
NODE [line 147]
    type typeCon
    IsPC  0
    value 0x00002011

ExOpCode  [line 147]
NODE [line 147]
    type typeOpCode
    instruction   cmp
    mode          absolute x
    opCode        DD
    PC            0x0000126B
    CHILD NODE [line 147]
        type typeCon
        IsPC  0
        value 0x00002011


ExConstant  [line 148]
NODE [line 148]
    type typeCon
    IsPC  0
    value 0x0000EF1A

ExOpCode  [line 148]
NODE [line 148]
    type typeOpCode
    instruction   cmp
    mode          absolute y
    opCode        D9
    PC            0x0000126E
    CHILD NODE [line 148]
        type typeCon
        IsPC  0
        value 0x0000EF1A


ExConstant  [line 149]
NODE [line 149]
    type typeCon
    IsPC  0
    value 0x0000EF1A

ExOpCode  [line 149]
NODE [line 149]
    type typeOpCode
    instruction   cmp
    mode          absolute y
    opCode        D9
    PC            0x00001271
    CHILD NODE [line 149]
        type typeCon
        IsPC  0
        value 0x0000EF1A


ExOprEqu  [line 153]
NODE [line 153]
    type typeOpr
    opr '='
    CHILD NODE [line 153]
        type typeId
        name __cpx
        i    (nil)

    CHILD NODE [line 153]
        type typeCon
        IsPC  1     PC = 00001274
        value 0x00001274


ExConstant  [line 154]
NODE [line 154]
    type typeCon
    IsPC  0
    value 0x0000008C

ExOpCode  [line 154]
NODE [line 154]
    type typeOpCode
    instruction   cpx
    mode          immediate
    opCode        E0
    PC            0x00001274
    CHILD NODE [line 154]
        type typeCon
        IsPC  0
        value 0x0000008C


ExConstant  [line 155]
NODE [line 155]
    type typeCon
    IsPC  0
    value 0x0000008C

ExOpCode  [line 155]
NODE [line 155]
    type typeOpCode
    instruction   cpx
    mode          immediate
    opCode        E0
    PC            0x00001276
    CHILD NODE [line 155]
        type typeCon
        IsPC  0
        value 0x0000008C


ExConstant  [line 156]
NODE [line 156]
    type typeCon
    IsPC  0
    value 0x000000A1

ExOpCode  [line 156]
NODE [line 156]
    type typeOpCode
    instruction   cpx
    mode          zero page
    opCode        E4
    PC            0x00001278
    CHILD NODE [line 156]
        type typeCon
        IsPC  0
        value 0x000000A1


ExConstant  [line 157]
NODE [line 157]
    type typeCon
    IsPC  0
    value 0x000000A1

ExOpCode  [line 157]
NODE [line 157]
    type typeOpCode
    instruction   cpx
    mode          zero page
    opCode        E4
    PC            0x0000127A
    CHILD NODE [line 157]
        type typeCon
        IsPC  0
        value 0x000000A1


ExConstant  [line 158]
NODE [line 158]
    type typeCon
    IsPC  0
    value 0x0000EAA2

ExOpCode  [line 158]
NODE [line 158]
    type typeOpCode
    instruction   cpx
    mode          absolute
    opCode        EC
    PC            0x0000127C
    CHILD NODE [line 158]
        type typeCon
        IsPC  0
        value 0x0000EAA2


ExConstant  [line 159]
NODE [line 159]
    type typeCon
    IsPC  0
    value 0x0000EAA2

ExOpCode  [line 159]
NODE [line 159]
    type typeOpCode
    instruction   cpx
    mode          absolute
    opCode        EC
    PC            0x0000127F
    CHILD NODE [line 159]
        type typeCon
        IsPC  0
        value 0x0000EAA2


ExOprEqu  [line 163]
NODE [line 163]
    type typeOpr
    opr '='
    CHILD NODE [line 163]
        type typeId
        name __cpy
        i    (nil)

    CHILD NODE [line 163]
        type typeCon
        IsPC  1     PC = 00001282
        value 0x00001282


ExConstant  [line 164]
NODE [line 164]
    type typeCon
    IsPC  0
    value 0x000000C9

ExOpCode  [line 164]
NODE [line 164]
    type typeOpCode
    instruction   cpy
    mode          immediate
    opCode        C0
    PC            0x00001282
    CHILD NODE [line 164]
        type typeCon
        IsPC  0
        value 0x000000C9


ExConstant  [line 165]
NODE [line 165]
    type typeCon
    IsPC  0
    value 0x000000C9

ExOpCode  [line 165]
NODE [line 165]
    type typeOpCode
    instruction   cpy
    mode          immediate
    opCode        C0
    PC            0x00001284
    CHILD NODE [line 165]
        type typeCon
        IsPC  0
        value 0x000000C9


ExConstant  [line 166]
NODE [line 166]
    type typeCon
    IsPC  0
    value 0x0000005A

ExOpCode  [line 166]
NODE [line 166]
    type typeOpCode
    instruction   cpy
    mode          zero page
    opCode        C4
    PC            0x00001286
    CHILD NODE [line 166]
        type typeCon
        IsPC  0
        value 0x0000005A


ExConstant  [line 167]
NODE [line 167]
    type typeCon
    IsPC  0
    value 0x0000005A

ExOpCode  [line 167]
NODE [line 167]
    type typeOpCode
    instruction   cpy
    mode          zero page
    opCode        C4
    PC            0x00001288
    CHILD NODE [line 167]
        type typeCon
        IsPC  0
        value 0x0000005A


ExConstant  [line 168]
NODE [line 168]
    type typeCon
    IsPC  0
    value 0x0000E9D6

ExOpCode  [line 168]
NODE [line 168]
    type typeOpCode
    instruction   cpy
    mode          absolute
    opCode        CC
    PC            0x0000128A
    CHILD NODE [line 168]
        type typeCon
        IsPC  0
        value 0x0000E9D6


ExConstant  [line 169]
NODE [line 169]
    type typeCon
    IsPC  0
    value 0x0000E9D6

ExOpCode  [line 169]
NODE [line 169]
    type typeOpCode
    instruction   cpy
    mode          absolute
    opCode        CC
    PC            0x0000128D
    CHILD NODE [line 169]
        type typeCon
        IsPC  0
        value 0x0000E9D6


ExOprEqu  [line 173]
NODE [line 173]
    type typeOpr
    opr '='
    CHILD NODE [line 173]
        type typeId
        name __dec
        i    (nil)

    CHILD NODE [line 173]
        type typeCon
        IsPC  1     PC = 00001290
        value 0x00001290


ExConstant  [line 174]
NODE [line 174]
    type typeCon
    IsPC  0
    value 0x00000064

ExOpCode  [line 174]
NODE [line 174]
    type typeOpCode
    instruction   dec
    mode          zero page
    opCode        C6
    PC            0x00001290
    CHILD NODE [line 174]
        type typeCon
        IsPC  0
        value 0x00000064


ExConstant  [line 175]
NODE [line 175]
    type typeCon
    IsPC  0
    value 0x00000064

ExOpCode  [line 175]
NODE [line 175]
    type typeOpCode
    instruction   dec
    mode          zero page
    opCode        C6
    PC            0x00001292
    CHILD NODE [line 175]
        type typeCon
        IsPC  0
        value 0x00000064


ExConstant  [line 176]
NODE [line 176]
    type typeCon
    IsPC  0
    value 0x00000004

ExOpCode  [line 176]
NODE [line 176]
    type typeOpCode
    instruction   dec
    mode          zero page x
    opCode        D6
    PC            0x00001294
    CHILD NODE [line 176]
        type typeCon
        IsPC  0
        value 0x00000004


ExConstant  [line 177]
NODE [line 177]
    type typeCon
    IsPC  0
    value 0x00000004

ExOpCode  [line 177]
NODE [line 177]
    type typeOpCode
    instruction   dec
    mode          zero page x
    opCode        D6
    PC            0x00001296
    CHILD NODE [line 177]
        type typeCon
        IsPC  0
        value 0x00000004


ExConstant  [line 178]
NODE [line 178]
    type typeCon
    IsPC  0
    value 0x0000844F

ExOpCode  [line 178]
NODE [line 178]
    type typeOpCode
    instruction   dec
    mode          absolute
    opCode        CE
    PC            0x00001298
    CHILD NODE [line 178]
        type typeCon
        IsPC  0
        value 0x0000844F


ExConstant  [line 179]
NODE [line 179]
    type typeCon
    IsPC  0
    value 0x0000844F

ExOpCode  [line 179]
NODE [line 179]
    type typeOpCode
    instruction   dec
    mode          absolute
    opCode        CE
    PC            0x0000129B
    CHILD NODE [line 179]
        type typeCon
        IsPC  0
        value 0x0000844F


ExConstant  [line 180]
NODE [line 180]
    type typeCon
    IsPC  0
    value 0x00009DA1

ExOpCode  [line 180]
NODE [line 180]
    type typeOpCode
    instruction   dec
    mode          absolute x
    opCode        DE
    PC            0x0000129E
    CHILD NODE [line 180]
        type typeCon
        IsPC  0
        value 0x00009DA1


ExConstant  [line 181]
NODE [line 181]
    type typeCon
    IsPC  0
    value 0x00009DA1

ExOpCode  [line 181]
NODE [line 181]
    type typeOpCode
    instruction   dec
    mode          absolute x
    opCode        DE
    PC            0x000012A1
    CHILD NODE [line 181]
        type typeCon
        IsPC  0
        value 0x00009DA1


ExOprEqu  [line 185]
NODE [line 185]
    type typeOpr
    opr '='
    CHILD NODE [line 185]
        type typeId
        name __dex
        i    (nil)

    CHILD NODE [line 185]
        type typeCon
        IsPC  1     PC = 000012A4
        value 0x000012A4


ExOpCode  [line 186]
NODE [line 186]
    type typeOpCode
    instruction   dex
    mode          implied
    opCode        CA
    PC            0x000012A4


ExOprEqu  [line 190]
NODE [line 190]
    type typeOpr
    opr '='
    CHILD NODE [line 190]
        type typeId
        name __dey
        i    (nil)

    CHILD NODE [line 190]
        type typeCon
        IsPC  1     PC = 000012A5
        value 0x000012A5


ExOpCode  [line 191]
NODE [line 191]
    type typeOpCode
    instruction   dey
    mode          implied
    opCode        88
    PC            0x000012A5


ExOprEqu  [line 195]
NODE [line 195]
    type typeOpr
    opr '='
    CHILD NODE [line 195]
        type typeId
        name __inc
        i    (nil)

    CHILD NODE [line 195]
        type typeCon
        IsPC  1     PC = 000012A6
        value 0x000012A6


ExConstant  [line 196]
NODE [line 196]
    type typeCon
    IsPC  0
    value 0x00000039

ExOpCode  [line 196]
NODE [line 196]
    type typeOpCode
    instruction   inc
    mode          zero page
    opCode        E6
    PC            0x000012A6
    CHILD NODE [line 196]
        type typeCon
        IsPC  0
        value 0x00000039


ExConstant  [line 197]
NODE [line 197]
    type typeCon
    IsPC  0
    value 0x00000039

ExOpCode  [line 197]
NODE [line 197]
    type typeOpCode
    instruction   inc
    mode          zero page
    opCode        E6
    PC            0x000012A8
    CHILD NODE [line 197]
        type typeCon
        IsPC  0
        value 0x00000039


ExConstant  [line 198]
NODE [line 198]
    type typeCon
    IsPC  0
    value 0x000000B4

ExOpCode  [line 198]
NODE [line 198]
    type typeOpCode
    instruction   inc
    mode          zero page x
    opCode        F6
    PC            0x000012AA
    CHILD NODE [line 198]
        type typeCon
        IsPC  0
        value 0x000000B4


ExConstant  [line 199]
NODE [line 199]
    type typeCon
    IsPC  0
    value 0x000000B4

ExOpCode  [line 199]
NODE [line 199]
    type typeOpCode
    instruction   inc
    mode          zero page x
    opCode        F6
    PC            0x000012AC
    CHILD NODE [line 199]
        type typeCon
        IsPC  0
        value 0x000000B4


ExConstant  [line 200]
NODE [line 200]
    type typeCon
    IsPC  0
    value 0x00004DEC

ExOpCode  [line 200]
NODE [line 200]
    type typeOpCode
    instruction   inc
    mode          absolute
    opCode        EE
    PC            0x000012AE
    CHILD NODE [line 200]
        type typeCon
        IsPC  0
        value 0x00004DEC


ExConstant  [line 201]
NODE [line 201]
    type typeCon
    IsPC  0
    value 0x00004DEC

ExOpCode  [line 201]
NODE [line 201]
    type typeOpCode
    instruction   inc
    mode          absolute
    opCode        EE
    PC            0x000012B1
    CHILD NODE [line 201]
        type typeCon
        IsPC  0
        value 0x00004DEC


ExConstant  [line 202]
NODE [line 202]
    type typeCon
    IsPC  0
    value 0x0000B310

ExOpCode  [line 202]
NODE [line 202]
    type typeOpCode
    instruction   inc
    mode          absolute x
    opCode        FE
    PC            0x000012B4
    CHILD NODE [line 202]
        type typeCon
        IsPC  0
        value 0x0000B310


ExConstant  [line 203]
NODE [line 203]
    type typeCon
    IsPC  0
    value 0x0000B310

ExOpCode  [line 203]
NODE [line 203]
    type typeOpCode
    instruction   inc
    mode          absolute x
    opCode        FE
    PC            0x000012B7
    CHILD NODE [line 203]
        type typeCon
        IsPC  0
        value 0x0000B310


ExOprEqu  [line 207]
NODE [line 207]
    type typeOpr
    opr '='
    CHILD NODE [line 207]
        type typeId
        name __inx
        i    (nil)

    CHILD NODE [line 207]
        type typeCon
        IsPC  1     PC = 000012BA
        value 0x000012BA


ExOpCode  [line 208]
NODE [line 208]
    type typeOpCode
    instruction   inx
    mode          implied
    opCode        E8
    PC            0x000012BA


ExOprEqu  [line 212]
NODE [line 212]
    type typeOpr
    opr '='
    CHILD NODE [line 212]
        type typeId
        name __iny
        i    (nil)

    CHILD NODE [line 212]
        type typeCon
        IsPC  1     PC = 000012BB
        value 0x000012BB


ExOpCode  [line 213]
NODE [line 213]
    type typeOpCode
    instruction   iny
    mode          implied
    opCode        C8
    PC            0x000012BB


ExOprEqu  [line 217]
NODE [line 217]
    type typeOpr
    opr '='
    CHILD NODE [line 217]
        type typeId
        name __asl
        i    (nil)

    CHILD NODE [line 217]
        type typeCon
        IsPC  1     PC = 000012BC
        value 0x000012BC


ExOpCode  [line 218]
NODE [line 218]
    type typeOpCode
    instruction   asl
    mode          implied
    opCode        0A
    PC            0x000012BC


ExConstant  [line 219]
NODE [line 219]
    type typeCon
    IsPC  0
    value 0x00000031

ExOpCode  [line 219]
NODE [line 219]
    type typeOpCode
    instruction   asl
    mode          zero page
    opCode        06
    PC            0x000012BD
    CHILD NODE [line 219]
        type typeCon
        IsPC  0
        value 0x00000031


ExConstant  [line 220]
NODE [line 220]
    type typeCon
    IsPC  0
    value 0x00000031

ExOpCode  [line 220]
NODE [line 220]
    type typeOpCode
    instruction   asl
    mode          zero page
    opCode        06
    PC            0x000012BF
    CHILD NODE [line 220]
        type typeCon
        IsPC  0
        value 0x00000031


ExConstant  [line 221]
NODE [line 221]
    type typeCon
    IsPC  0
    value 0x000000DF

ExOpCode  [line 221]
NODE [line 221]
    type typeOpCode
    instruction   asl
    mode          zero page x
    opCode        16
    PC            0x000012C1
    CHILD NODE [line 221]
        type typeCon
        IsPC  0
        value 0x000000DF


ExConstant  [line 222]
NODE [line 222]
    type typeCon
    IsPC  0
    value 0x000000DF

ExOpCode  [line 222]
NODE [line 222]
    type typeOpCode
    instruction   asl
    mode          zero page x
    opCode        16
    PC            0x000012C3
    CHILD NODE [line 222]
        type typeCon
        IsPC  0
        value 0x000000DF


ExConstant  [line 223]
NODE [line 223]
    type typeCon
    IsPC  0
    value 0x00008864

ExOpCode  [line 223]
NODE [line 223]
    type typeOpCode
    instruction   asl
    mode          absolute
    opCode        0E
    PC            0x000012C5
    CHILD NODE [line 223]
        type typeCon
        IsPC  0
        value 0x00008864


ExConstant  [line 224]
NODE [line 224]
    type typeCon
    IsPC  0
    value 0x00008864

ExOpCode  [line 224]
NODE [line 224]
    type typeOpCode
    instruction   asl
    mode          absolute
    opCode        0E
    PC            0x000012C8
    CHILD NODE [line 224]
        type typeCon
        IsPC  0
        value 0x00008864


ExConstant  [line 225]
NODE [line 225]
    type typeCon
    IsPC  0
    value 0x000006BF

ExOpCode  [line 225]
NODE [line 225]
    type typeOpCode
    instruction   asl
    mode          absolute x
    opCode        1E
    PC            0x000012CB
    CHILD NODE [line 225]
        type typeCon
        IsPC  0
        value 0x000006BF


ExConstant  [line 226]
NODE [line 226]
    type typeCon
    IsPC  0
    value 0x000006BF

ExOpCode  [line 226]
NODE [line 226]
    type typeOpCode
    instruction   asl
    mode          absolute x
    opCode        1E
    PC            0x000012CE
    CHILD NODE [line 226]
        type typeCon
        IsPC  0
        value 0x000006BF


ExOpCode  [line 227]
NODE [line 227]
    type typeOpCode
    instruction   asl
    mode          implied
    opCode        0A
    PC            0x000012D1


ExOprEqu  [line 231]
NODE [line 231]
    type typeOpr
    opr '='
    CHILD NODE [line 231]
        type typeId
        name __rol
        i    (nil)

    CHILD NODE [line 231]
        type typeCon
        IsPC  1     PC = 000012D2
        value 0x000012D2


ExOpCode  [line 232]
NODE [line 232]
    type typeOpCode
    instruction   rol
    mode          implied
    opCode        2A
    PC            0x000012D2


ExConstant  [line 233]
NODE [line 233]
    type typeCon
    IsPC  0
    value 0x00000059

ExOpCode  [line 233]
NODE [line 233]
    type typeOpCode
    instruction   rol
    mode          zero page
    opCode        26
    PC            0x000012D3
    CHILD NODE [line 233]
        type typeCon
        IsPC  0
        value 0x00000059


ExConstant  [line 234]
NODE [line 234]
    type typeCon
    IsPC  0
    value 0x00000059

ExOpCode  [line 234]
NODE [line 234]
    type typeOpCode
    instruction   rol
    mode          zero page
    opCode        26
    PC            0x000012D5
    CHILD NODE [line 234]
        type typeCon
        IsPC  0
        value 0x00000059


ExConstant  [line 235]
NODE [line 235]
    type typeCon
    IsPC  0
    value 0x00000091

ExOpCode  [line 235]
NODE [line 235]
    type typeOpCode
    instruction   rol
    mode          zero page x
    opCode        36
    PC            0x000012D7
    CHILD NODE [line 235]
        type typeCon
        IsPC  0
        value 0x00000091


ExConstant  [line 236]
NODE [line 236]
    type typeCon
    IsPC  0
    value 0x00000091

ExOpCode  [line 236]
NODE [line 236]
    type typeOpCode
    instruction   rol
    mode          zero page x
    opCode        36
    PC            0x000012D9
    CHILD NODE [line 236]
        type typeCon
        IsPC  0
        value 0x00000091


ExConstant  [line 237]
NODE [line 237]
    type typeCon
    IsPC  0
    value 0x00004ADA

ExOpCode  [line 237]
NODE [line 237]
    type typeOpCode
    instruction   rol
    mode          absolute
    opCode        2E
    PC            0x000012DB
    CHILD NODE [line 237]
        type typeCon
        IsPC  0
        value 0x00004ADA


ExConstant  [line 238]
NODE [line 238]
    type typeCon
    IsPC  0
    value 0x00004ADA

ExOpCode  [line 238]
NODE [line 238]
    type typeOpCode
    instruction   rol
    mode          absolute
    opCode        2E
    PC            0x000012DE
    CHILD NODE [line 238]
        type typeCon
        IsPC  0
        value 0x00004ADA


ExConstant  [line 239]
NODE [line 239]
    type typeCon
    IsPC  0
    value 0x000047F2

ExOpCode  [line 239]
NODE [line 239]
    type typeOpCode
    instruction   rol
    mode          absolute x
    opCode        3E
    PC            0x000012E1
    CHILD NODE [line 239]
        type typeCon
        IsPC  0
        value 0x000047F2


ExConstant  [line 240]
NODE [line 240]
    type typeCon
    IsPC  0
    value 0x000047F2

ExOpCode  [line 240]
NODE [line 240]
    type typeOpCode
    instruction   rol
    mode          absolute x
    opCode        3E
    PC            0x000012E4
    CHILD NODE [line 240]
        type typeCon
        IsPC  0
        value 0x000047F2


ExOprEqu  [line 244]
NODE [line 244]
    type typeOpr
    opr '='
    CHILD NODE [line 244]
        type typeId
        name __lsr
        i    (nil)

    CHILD NODE [line 244]
        type typeCon
        IsPC  1     PC = 000012E7
        value 0x000012E7


ExOpCode  [line 245]
NODE [line 245]
    type typeOpCode
    instruction   lsr
    mode          implied
    opCode        4A
    PC            0x000012E7


ExConstant  [line 246]
NODE [line 246]
    type typeCon
    IsPC  0
    value 0x00000035

ExOpCode  [line 246]
NODE [line 246]
    type typeOpCode
    instruction   lsr
    mode          zero page
    opCode        46
    PC            0x000012E8
    CHILD NODE [line 246]
        type typeCon
        IsPC  0
        value 0x00000035


ExConstant  [line 247]
NODE [line 247]
    type typeCon
    IsPC  0
    value 0x00000035

ExOpCode  [line 247]
NODE [line 247]
    type typeOpCode
    instruction   lsr
    mode          zero page
    opCode        46
    PC            0x000012EA
    CHILD NODE [line 247]
        type typeCon
        IsPC  0
        value 0x00000035


ExConstant  [line 248]
NODE [line 248]
    type typeCon
    IsPC  0
    value 0x0000002B

ExOpCode  [line 248]
NODE [line 248]
    type typeOpCode
    instruction   lsr
    mode          zero page x
    opCode        56
    PC            0x000012EC
    CHILD NODE [line 248]
        type typeCon
        IsPC  0
        value 0x0000002B


ExConstant  [line 249]
NODE [line 249]
    type typeCon
    IsPC  0
    value 0x0000002B

ExOpCode  [line 249]
NODE [line 249]
    type typeOpCode
    instruction   lsr
    mode          zero page x
    opCode        56
    PC            0x000012EE
    CHILD NODE [line 249]
        type typeCon
        IsPC  0
        value 0x0000002B


ExConstant  [line 250]
NODE [line 250]
    type typeCon
    IsPC  0
    value 0x0000E83A

ExOpCode  [line 250]
NODE [line 250]
    type typeOpCode
    instruction   lsr
    mode          absolute
    opCode        4E
    PC            0x000012F0
    CHILD NODE [line 250]
        type typeCon
        IsPC  0
        value 0x0000E83A


ExConstant  [line 251]
NODE [line 251]
    type typeCon
    IsPC  0
    value 0x0000E83A

ExOpCode  [line 251]
NODE [line 251]
    type typeOpCode
    instruction   lsr
    mode          absolute
    opCode        4E
    PC            0x000012F3
    CHILD NODE [line 251]
        type typeCon
        IsPC  0
        value 0x0000E83A


ExConstant  [line 252]
NODE [line 252]
    type typeCon
    IsPC  0
    value 0x0000F07E

ExOpCode  [line 252]
NODE [line 252]
    type typeOpCode
    instruction   lsr
    mode          absolute x
    opCode        5E
    PC            0x000012F6
    CHILD NODE [line 252]
        type typeCon
        IsPC  0
        value 0x0000F07E


ExConstant  [line 253]
NODE [line 253]
    type typeCon
    IsPC  0
    value 0x0000F07E

ExOpCode  [line 253]
NODE [line 253]
    type typeOpCode
    instruction   lsr
    mode          absolute x
    opCode        5E
    PC            0x000012F9
    CHILD NODE [line 253]
        type typeCon
        IsPC  0
        value 0x0000F07E


ExOprEqu  [line 257]
NODE [line 257]
    type typeOpr
    opr '='
    CHILD NODE [line 257]
        type typeId
        name __ror
        i    (nil)

    CHILD NODE [line 257]
        type typeCon
        IsPC  1     PC = 000012FC
        value 0x000012FC


ExOpCode  [line 258]
NODE [line 258]
    type typeOpCode
    instruction   ror
    mode          implied
    opCode        6A
    PC            0x000012FC


ExConstant  [line 259]
NODE [line 259]
    type typeCon
    IsPC  0
    value 0x000000B9

ExOpCode  [line 259]
NODE [line 259]
    type typeOpCode
    instruction   ror
    mode          zero page
    opCode        66
    PC            0x000012FD
    CHILD NODE [line 259]
        type typeCon
        IsPC  0
        value 0x000000B9


ExConstant  [line 260]
NODE [line 260]
    type typeCon
    IsPC  0
    value 0x000000B9

ExOpCode  [line 260]
NODE [line 260]
    type typeOpCode
    instruction   ror
    mode          zero page
    opCode        66
    PC            0x000012FF
    CHILD NODE [line 260]
        type typeCon
        IsPC  0
        value 0x000000B9


ExConstant  [line 261]
NODE [line 261]
    type typeCon
    IsPC  0
    value 0x000000D1

ExOpCode  [line 261]
NODE [line 261]
    type typeOpCode
    instruction   ror
    mode          zero page x
    opCode        76
    PC            0x00001301
    CHILD NODE [line 261]
        type typeCon
        IsPC  0
        value 0x000000D1


ExConstant  [line 262]
NODE [line 262]
    type typeCon
    IsPC  0
    value 0x000000D1

ExOpCode  [line 262]
NODE [line 262]
    type typeOpCode
    instruction   ror
    mode          zero page x
    opCode        76
    PC            0x00001303
    CHILD NODE [line 262]
        type typeCon
        IsPC  0
        value 0x000000D1


ExConstant  [line 263]
NODE [line 263]
    type typeCon
    IsPC  0
    value 0x0000252C

ExOpCode  [line 263]
NODE [line 263]
    type typeOpCode
    instruction   ror
    mode          absolute
    opCode        6E
    PC            0x00001305
    CHILD NODE [line 263]
        type typeCon
        IsPC  0
        value 0x0000252C


ExConstant  [line 264]
NODE [line 264]
    type typeCon
    IsPC  0
    value 0x0000252C

ExOpCode  [line 264]
NODE [line 264]
    type typeOpCode
    instruction   ror
    mode          absolute
    opCode        6E
    PC            0x00001308
    CHILD NODE [line 264]
        type typeCon
        IsPC  0
        value 0x0000252C


ExConstant  [line 265]
NODE [line 265]
    type typeCon
    IsPC  0
    value 0x000091A0

ExOpCode  [line 265]
NODE [line 265]
    type typeOpCode
    instruction   ror
    mode          absolute x
    opCode        7E
    PC            0x0000130B
    CHILD NODE [line 265]
        type typeCon
        IsPC  0
        value 0x000091A0


ExConstant  [line 266]
NODE [line 266]
    type typeCon
    IsPC  0
    value 0x000091A0

ExOpCode  [line 266]
NODE [line 266]
    type typeOpCode
    instruction   ror
    mode          absolute x
    opCode        7E
    PC            0x0000130E
    CHILD NODE [line 266]
        type typeCon
        IsPC  0
        value 0x000091A0


ExOprEqu  [line 270]
NODE [line 270]
    type typeOpr
    opr '='
    CHILD NODE [line 270]
        type typeId
        name __lda
        i    (nil)

    CHILD NODE [line 270]
        type typeCon
        IsPC  1     PC = 00001311
        value 0x00001311


ExConstant  [line 271]
NODE [line 271]
    type typeCon
    IsPC  0
    value 0x00000050

ExOpCode  [line 271]
NODE [line 271]
    type typeOpCode
    instruction   lda
    mode          immediate
    opCode        A9
    PC            0x00001311
    CHILD NODE [line 271]
        type typeCon
        IsPC  0
        value 0x00000050


ExConstant  [line 272]
NODE [line 272]
    type typeCon
    IsPC  0
    value 0x00000050

ExOpCode  [line 272]
NODE [line 272]
    type typeOpCode
    instruction   lda
    mode          immediate
    opCode        A9
    PC            0x00001313
    CHILD NODE [line 272]
        type typeCon
        IsPC  0
        value 0x00000050


ExConstant  [line 273]
NODE [line 273]
    type typeCon
    IsPC  0
    value 0x00000031

ExOpCode  [line 273]
NODE [line 273]
    type typeOpCode
    instruction   lda
    mode          zero page
    opCode        A5
    PC            0x00001315
    CHILD NODE [line 273]
        type typeCon
        IsPC  0
        value 0x00000031


ExConstant  [line 274]
NODE [line 274]
    type typeCon
    IsPC  0
    value 0x00000031

ExOpCode  [line 274]
NODE [line 274]
    type typeOpCode
    instruction   lda
    mode          zero page
    opCode        A5
    PC            0x00001317
    CHILD NODE [line 274]
        type typeCon
        IsPC  0
        value 0x00000031


ExConstant  [line 275]
NODE [line 275]
    type typeCon
    IsPC  0
    value 0x00000054

ExOpCode  [line 275]
NODE [line 275]
    type typeOpCode
    instruction   lda
    mode          zero page x
    opCode        B5
    PC            0x00001319
    CHILD NODE [line 275]
        type typeCon
        IsPC  0
        value 0x00000054


ExConstant  [line 276]
NODE [line 276]
    type typeCon
    IsPC  0
    value 0x00000054

ExOpCode  [line 276]
NODE [line 276]
    type typeOpCode
    instruction   lda
    mode          zero page x
    opCode        B5
    PC            0x0000131B
    CHILD NODE [line 276]
        type typeCon
        IsPC  0
        value 0x00000054


ExConstant  [line 277]
NODE [line 277]
    type typeCon
    IsPC  0
    value 0x0000001A

ExOpCode  [line 277]
NODE [line 277]
    type typeOpCode
    instruction   lda
    mode          zero page indirect x
    opCode        A1
    PC            0x0000131D
    CHILD NODE [line 277]
        type typeCon
        IsPC  0
        value 0x0000001A


ExConstant  [line 278]
NODE [line 278]
    type typeCon
    IsPC  0
    value 0x0000001A

ExOpCode  [line 278]
NODE [line 278]
    type typeOpCode
    instruction   lda
    mode          zero page indirect x
    opCode        A1
    PC            0x0000131F
    CHILD NODE [line 278]
        type typeCon
        IsPC  0
        value 0x0000001A


ExConstant  [line 279]
NODE [line 279]
    type typeCon
    IsPC  0
    value 0x000000EC

ExOpCode  [line 279]
NODE [line 279]
    type typeOpCode
    instruction   lda
    mode          zero page indirect y
    opCode        B1
    PC            0x00001321
    CHILD NODE [line 279]
        type typeCon
        IsPC  0
        value 0x000000EC


ExConstant  [line 280]
NODE [line 280]
    type typeCon
    IsPC  0
    value 0x000000EC

ExOpCode  [line 280]
NODE [line 280]
    type typeOpCode
    instruction   lda
    mode          zero page indirect y
    opCode        B1
    PC            0x00001323
    CHILD NODE [line 280]
        type typeCon
        IsPC  0
        value 0x000000EC


ExConstant  [line 281]
NODE [line 281]
    type typeCon
    IsPC  0
    value 0x00003141

ExOpCode  [line 281]
NODE [line 281]
    type typeOpCode
    instruction   lda
    mode          absolute
    opCode        AD
    PC            0x00001325
    CHILD NODE [line 281]
        type typeCon
        IsPC  0
        value 0x00003141


ExConstant  [line 282]
NODE [line 282]
    type typeCon
    IsPC  0
    value 0x00003141

ExOpCode  [line 282]
NODE [line 282]
    type typeOpCode
    instruction   lda
    mode          absolute
    opCode        AD
    PC            0x00001328
    CHILD NODE [line 282]
        type typeCon
        IsPC  0
        value 0x00003141


ExConstant  [line 283]
NODE [line 283]
    type typeCon
    IsPC  0
    value 0x00002003

ExOpCode  [line 283]
NODE [line 283]
    type typeOpCode
    instruction   lda
    mode          absolute x
    opCode        BD
    PC            0x0000132B
    CHILD NODE [line 283]
        type typeCon
        IsPC  0
        value 0x00002003


ExConstant  [line 284]
NODE [line 284]
    type typeCon
    IsPC  0
    value 0x00002003

ExOpCode  [line 284]
NODE [line 284]
    type typeOpCode
    instruction   lda
    mode          absolute x
    opCode        BD
    PC            0x0000132E
    CHILD NODE [line 284]
        type typeCon
        IsPC  0
        value 0x00002003


ExConstant  [line 285]
NODE [line 285]
    type typeCon
    IsPC  0
    value 0x00008497

ExOpCode  [line 285]
NODE [line 285]
    type typeOpCode
    instruction   lda
    mode          absolute y
    opCode        B9
    PC            0x00001331
    CHILD NODE [line 285]
        type typeCon
        IsPC  0
        value 0x00008497


ExConstant  [line 286]
NODE [line 286]
    type typeCon
    IsPC  0
    value 0x00008497

ExOpCode  [line 286]
NODE [line 286]
    type typeOpCode
    instruction   lda
    mode          absolute y
    opCode        B9
    PC            0x00001334
    CHILD NODE [line 286]
        type typeCon
        IsPC  0
        value 0x00008497


ExOprEqu  [line 290]
NODE [line 290]
    type typeOpr
    opr '='
    CHILD NODE [line 290]
        type typeId
        name __sta
        i    (nil)

    CHILD NODE [line 290]
        type typeCon
        IsPC  1     PC = 00001337
        value 0x00001337


ExConstant  [line 291]
NODE [line 291]
    type typeCon
    IsPC  0
    value 0x000000F7

ExOpCode  [line 291]
NODE [line 291]
    type typeOpCode
    instruction   sta
    mode          zero page
    opCode        85
    PC            0x00001337
    CHILD NODE [line 291]
        type typeCon
        IsPC  0
        value 0x000000F7


ExConstant  [line 292]
NODE [line 292]
    type typeCon
    IsPC  0
    value 0x000000F7

ExOpCode  [line 292]
NODE [line 292]
    type typeOpCode
    instruction   sta
    mode          zero page
    opCode        85
    PC            0x00001339
    CHILD NODE [line 292]
        type typeCon
        IsPC  0
        value 0x000000F7


ExConstant  [line 293]
NODE [line 293]
    type typeCon
    IsPC  0
    value 0x00000097

ExOpCode  [line 293]
NODE [line 293]
    type typeOpCode
    instruction   sta
    mode          zero page x
    opCode        95
    PC            0x0000133B
    CHILD NODE [line 293]
        type typeCon
        IsPC  0
        value 0x00000097


ExConstant  [line 294]
NODE [line 294]
    type typeCon
    IsPC  0
    value 0x00000097

ExOpCode  [line 294]
NODE [line 294]
    type typeOpCode
    instruction   sta
    mode          zero page x
    opCode        95
    PC            0x0000133D
    CHILD NODE [line 294]
        type typeCon
        IsPC  0
        value 0x00000097


ExConstant  [line 295]
NODE [line 295]
    type typeCon
    IsPC  0
    value 0x000000A0

ExOpCode  [line 295]
NODE [line 295]
    type typeOpCode
    instruction   sta
    mode          zero page indirect x
    opCode        81
    PC            0x0000133F
    CHILD NODE [line 295]
        type typeCon
        IsPC  0
        value 0x000000A0


ExConstant  [line 296]
NODE [line 296]
    type typeCon
    IsPC  0
    value 0x000000A0

ExOpCode  [line 296]
NODE [line 296]
    type typeOpCode
    instruction   sta
    mode          zero page indirect x
    opCode        81
    PC            0x00001341
    CHILD NODE [line 296]
        type typeCon
        IsPC  0
        value 0x000000A0


ExConstant  [line 297]
NODE [line 297]
    type typeCon
    IsPC  0
    value 0x0000001A

ExOpCode  [line 297]
NODE [line 297]
    type typeOpCode
    instruction   sta
    mode          zero page indirect y
    opCode        91
    PC            0x00001343
    CHILD NODE [line 297]
        type typeCon
        IsPC  0
        value 0x0000001A


ExConstant  [line 298]
NODE [line 298]
    type typeCon
    IsPC  0
    value 0x0000001A

ExOpCode  [line 298]
NODE [line 298]
    type typeOpCode
    instruction   sta
    mode          zero page indirect y
    opCode        91
    PC            0x00001345
    CHILD NODE [line 298]
        type typeCon
        IsPC  0
        value 0x0000001A


ExConstant  [line 299]
NODE [line 299]
    type typeCon
    IsPC  0
    value 0x0000B28B

ExOpCode  [line 299]
NODE [line 299]
    type typeOpCode
    instruction   sta
    mode          absolute
    opCode        8D
    PC            0x00001347
    CHILD NODE [line 299]
        type typeCon
        IsPC  0
        value 0x0000B28B


ExConstant  [line 300]
NODE [line 300]
    type typeCon
    IsPC  0
    value 0x0000B28B

ExOpCode  [line 300]
NODE [line 300]
    type typeOpCode
    instruction   sta
    mode          absolute
    opCode        8D
    PC            0x0000134A
    CHILD NODE [line 300]
        type typeCon
        IsPC  0
        value 0x0000B28B


ExConstant  [line 301]
NODE [line 301]
    type typeCon
    IsPC  0
    value 0x00000F8F

ExOpCode  [line 301]
NODE [line 301]
    type typeOpCode
    instruction   sta
    mode          absolute x
    opCode        9D
    PC            0x0000134D
    CHILD NODE [line 301]
        type typeCon
        IsPC  0
        value 0x00000F8F


ExConstant  [line 302]
NODE [line 302]
    type typeCon
    IsPC  0
    value 0x00000F8F

ExOpCode  [line 302]
NODE [line 302]
    type typeOpCode
    instruction   sta
    mode          absolute x
    opCode        9D
    PC            0x00001350
    CHILD NODE [line 302]
        type typeCon
        IsPC  0
        value 0x00000F8F


ExConstant  [line 303]
NODE [line 303]
    type typeCon
    IsPC  0
    value 0x00006536

ExOpCode  [line 303]
NODE [line 303]
    type typeOpCode
    instruction   sta
    mode          absolute y
    opCode        99
    PC            0x00001353
    CHILD NODE [line 303]
        type typeCon
        IsPC  0
        value 0x00006536


ExConstant  [line 304]
NODE [line 304]
    type typeCon
    IsPC  0
    value 0x00006536

ExOpCode  [line 304]
NODE [line 304]
    type typeOpCode
    instruction   sta
    mode          absolute y
    opCode        99
    PC            0x00001356
    CHILD NODE [line 304]
        type typeCon
        IsPC  0
        value 0x00006536


ExOprEqu  [line 308]
NODE [line 308]
    type typeOpr
    opr '='
    CHILD NODE [line 308]
        type typeId
        name __ldx
        i    (nil)

    CHILD NODE [line 308]
        type typeCon
        IsPC  1     PC = 00001359
        value 0x00001359


ExConstant  [line 309]
NODE [line 309]
    type typeCon
    IsPC  0
    value 0x0000008C

ExOpCode  [line 309]
NODE [line 309]
    type typeOpCode
    instruction   ldx
    mode          immediate
    opCode        A2
    PC            0x00001359
    CHILD NODE [line 309]
        type typeCon
        IsPC  0
        value 0x0000008C


ExConstant  [line 310]
NODE [line 310]
    type typeCon
    IsPC  0
    value 0x0000008C

ExOpCode  [line 310]
NODE [line 310]
    type typeOpCode
    instruction   ldx
    mode          immediate
    opCode        A2
    PC            0x0000135B
    CHILD NODE [line 310]
        type typeCon
        IsPC  0
        value 0x0000008C


ExConstant  [line 311]
NODE [line 311]
    type typeCon
    IsPC  0
    value 0x00000092

ExOpCode  [line 311]
NODE [line 311]
    type typeOpCode
    instruction   ldx
    mode          zero page
    opCode        A6
    PC            0x0000135D
    CHILD NODE [line 311]
        type typeCon
        IsPC  0
        value 0x00000092


ExConstant  [line 312]
NODE [line 312]
    type typeCon
    IsPC  0
    value 0x00000092

ExOpCode  [line 312]
NODE [line 312]
    type typeOpCode
    instruction   ldx
    mode          zero page
    opCode        A6
    PC            0x0000135F
    CHILD NODE [line 312]
        type typeCon
        IsPC  0
        value 0x00000092


ExConstant  [line 313]
NODE [line 313]
    type typeCon
    IsPC  0
    value 0x00000007

ExOpCode  [line 313]
NODE [line 313]
    type typeOpCode
    instruction   ldx
    mode          zero page y
    opCode        B6
    PC            0x00001361
    CHILD NODE [line 313]
        type typeCon
        IsPC  0
        value 0x00000007


ExConstant  [line 314]
NODE [line 314]
    type typeCon
    IsPC  0
    value 0x00000007

ExOpCode  [line 314]
NODE [line 314]
    type typeOpCode
    instruction   ldx
    mode          zero page y
    opCode        B6
    PC            0x00001363
    CHILD NODE [line 314]
        type typeCon
        IsPC  0
        value 0x00000007


ExConstant  [line 315]
NODE [line 315]
    type typeCon
    IsPC  0
    value 0x00005503

ExOpCode  [line 315]
NODE [line 315]
    type typeOpCode
    instruction   ldx
    mode          absolute
    opCode        AE
    PC            0x00001365
    CHILD NODE [line 315]
        type typeCon
        IsPC  0
        value 0x00005503


ExConstant  [line 316]
NODE [line 316]
    type typeCon
    IsPC  0
    value 0x00005503

ExOpCode  [line 316]
NODE [line 316]
    type typeOpCode
    instruction   ldx
    mode          absolute
    opCode        AE
    PC            0x00001368
    CHILD NODE [line 316]
        type typeCon
        IsPC  0
        value 0x00005503


ExConstant  [line 317]
NODE [line 317]
    type typeCon
    IsPC  0
    value 0x00000F09

ExOpCode  [line 317]
NODE [line 317]
    type typeOpCode
    instruction   ldx
    mode          absolute y
    opCode        BE
    PC            0x0000136B
    CHILD NODE [line 317]
        type typeCon
        IsPC  0
        value 0x00000F09


ExConstant  [line 318]
NODE [line 318]
    type typeCon
    IsPC  0
    value 0x00000F09

ExOpCode  [line 318]
NODE [line 318]
    type typeOpCode
    instruction   ldx
    mode          absolute y
    opCode        BE
    PC            0x0000136E
    CHILD NODE [line 318]
        type typeCon
        IsPC  0
        value 0x00000F09


ExOprEqu  [line 322]
NODE [line 322]
    type typeOpr
    opr '='
    CHILD NODE [line 322]
        type typeId
        name __stx
        i    (nil)

    CHILD NODE [line 322]
        type typeCon
        IsPC  1     PC = 00001371
        value 0x00001371


ExConstant  [line 323]
NODE [line 323]
    type typeCon
    IsPC  0
    value 0x000000D0

ExOpCode  [line 323]
NODE [line 323]
    type typeOpCode
    instruction   stx
    mode          zero page
    opCode        86
    PC            0x00001371
    CHILD NODE [line 323]
        type typeCon
        IsPC  0
        value 0x000000D0


ExConstant  [line 324]
NODE [line 324]
    type typeCon
    IsPC  0
    value 0x000000D0

ExOpCode  [line 324]
NODE [line 324]
    type typeOpCode
    instruction   stx
    mode          zero page
    opCode        86
    PC            0x00001373
    CHILD NODE [line 324]
        type typeCon
        IsPC  0
        value 0x000000D0


ExConstant  [line 325]
NODE [line 325]
    type typeCon
    IsPC  0
    value 0x00000008

ExOpCode  [line 325]
NODE [line 325]
    type typeOpCode
    instruction   stx
    mode          zero page y
    opCode        96
    PC            0x00001375
    CHILD NODE [line 325]
        type typeCon
        IsPC  0
        value 0x00000008


ExConstant  [line 326]
NODE [line 326]
    type typeCon
    IsPC  0
    value 0x00000008

ExOpCode  [line 326]
NODE [line 326]
    type typeOpCode
    instruction   stx
    mode          zero page y
    opCode        96
    PC            0x00001377
    CHILD NODE [line 326]
        type typeCon
        IsPC  0
        value 0x00000008


ExConstant  [line 327]
NODE [line 327]
    type typeCon
    IsPC  0
    value 0x0000287B

ExOpCode  [line 327]
NODE [line 327]
    type typeOpCode
    instruction   stx
    mode          absolute
    opCode        8E
    PC            0x00001379
    CHILD NODE [line 327]
        type typeCon
        IsPC  0
        value 0x0000287B


ExConstant  [line 328]
NODE [line 328]
    type typeCon
    IsPC  0
    value 0x0000287B

ExOpCode  [line 328]
NODE [line 328]
    type typeOpCode
    instruction   stx
    mode          absolute
    opCode        8E
    PC            0x0000137C
    CHILD NODE [line 328]
        type typeCon
        IsPC  0
        value 0x0000287B


ExOprEqu  [line 332]
NODE [line 332]
    type typeOpr
    opr '='
    CHILD NODE [line 332]
        type typeId
        name __ldy
        i    (nil)

    CHILD NODE [line 332]
        type typeCon
        IsPC  1     PC = 0000137F
        value 0x0000137F


ExConstant  [line 333]
NODE [line 333]
    type typeCon
    IsPC  0
    value 0x00000046

ExOpCode  [line 333]
NODE [line 333]
    type typeOpCode
    instruction   ldy
    mode          immediate
    opCode        A0
    PC            0x0000137F
    CHILD NODE [line 333]
        type typeCon
        IsPC  0
        value 0x00000046


ExConstant  [line 334]
NODE [line 334]
    type typeCon
    IsPC  0
    value 0x00000046

ExOpCode  [line 334]
NODE [line 334]
    type typeOpCode
    instruction   ldy
    mode          immediate
    opCode        A0
    PC            0x00001381
    CHILD NODE [line 334]
        type typeCon
        IsPC  0
        value 0x00000046


ExConstant  [line 335]
NODE [line 335]
    type typeCon
    IsPC  0
    value 0x000000B6

ExOpCode  [line 335]
NODE [line 335]
    type typeOpCode
    instruction   ldy
    mode          zero page
    opCode        A4
    PC            0x00001383
    CHILD NODE [line 335]
        type typeCon
        IsPC  0
        value 0x000000B6


ExConstant  [line 336]
NODE [line 336]
    type typeCon
    IsPC  0
    value 0x000000B6

ExOpCode  [line 336]
NODE [line 336]
    type typeOpCode
    instruction   ldy
    mode          zero page
    opCode        A4
    PC            0x00001385
    CHILD NODE [line 336]
        type typeCon
        IsPC  0
        value 0x000000B6


ExConstant  [line 337]
NODE [line 337]
    type typeCon
    IsPC  0
    value 0x00000091

ExOpCode  [line 337]
NODE [line 337]
    type typeOpCode
    instruction   ldy
    mode          zero page x
    opCode        B4
    PC            0x00001387
    CHILD NODE [line 337]
        type typeCon
        IsPC  0
        value 0x00000091


ExConstant  [line 338]
NODE [line 338]
    type typeCon
    IsPC  0
    value 0x00000091

ExOpCode  [line 338]
NODE [line 338]
    type typeOpCode
    instruction   ldy
    mode          zero page x
    opCode        B4
    PC            0x00001389
    CHILD NODE [line 338]
        type typeCon
        IsPC  0
        value 0x00000091


ExConstant  [line 339]
NODE [line 339]
    type typeCon
    IsPC  0
    value 0x0000733C

ExOpCode  [line 339]
NODE [line 339]
    type typeOpCode
    instruction   ldy
    mode          absolute
    opCode        AC
    PC            0x0000138B
    CHILD NODE [line 339]
        type typeCon
        IsPC  0
        value 0x0000733C


ExConstant  [line 340]
NODE [line 340]
    type typeCon
    IsPC  0
    value 0x0000733C

ExOpCode  [line 340]
NODE [line 340]
    type typeOpCode
    instruction   ldy
    mode          absolute
    opCode        AC
    PC            0x0000138E
    CHILD NODE [line 340]
        type typeCon
        IsPC  0
        value 0x0000733C


ExConstant  [line 341]
NODE [line 341]
    type typeCon
    IsPC  0
    value 0x0000B75E

ExOpCode  [line 341]
NODE [line 341]
    type typeOpCode
    instruction   ldy
    mode          absolute x
    opCode        BC
    PC            0x00001391
    CHILD NODE [line 341]
        type typeCon
        IsPC  0
        value 0x0000B75E


ExConstant  [line 342]
NODE [line 342]
    type typeCon
    IsPC  0
    value 0x0000B75E

ExOpCode  [line 342]
NODE [line 342]
    type typeOpCode
    instruction   ldy
    mode          absolute x
    opCode        BC
    PC            0x00001394
    CHILD NODE [line 342]
        type typeCon
        IsPC  0
        value 0x0000B75E


ExOprEqu  [line 346]
NODE [line 346]
    type typeOpr
    opr '='
    CHILD NODE [line 346]
        type typeId
        name __sty
        i    (nil)

    CHILD NODE [line 346]
        type typeCon
        IsPC  1     PC = 00001397
        value 0x00001397


ExConstant  [line 347]
NODE [line 347]
    type typeCon
    IsPC  0
    value 0x00000046

ExOpCode  [line 347]
NODE [line 347]
    type typeOpCode
    instruction   sty
    mode          zero page
    opCode        84
    PC            0x00001397
    CHILD NODE [line 347]
        type typeCon
        IsPC  0
        value 0x00000046


ExConstant  [line 348]
NODE [line 348]
    type typeCon
    IsPC  0
    value 0x00000046

ExOpCode  [line 348]
NODE [line 348]
    type typeOpCode
    instruction   sty
    mode          zero page
    opCode        84
    PC            0x00001399
    CHILD NODE [line 348]
        type typeCon
        IsPC  0
        value 0x00000046


ExConstant  [line 349]
NODE [line 349]
    type typeCon
    IsPC  0
    value 0x0000003E

ExOpCode  [line 349]
NODE [line 349]
    type typeOpCode
    instruction   sty
    mode          zero page x
    opCode        94
    PC            0x0000139B
    CHILD NODE [line 349]
        type typeCon
        IsPC  0
        value 0x0000003E


ExConstant  [line 350]
NODE [line 350]
    type typeCon
    IsPC  0
    value 0x0000003E

ExOpCode  [line 350]
NODE [line 350]
    type typeOpCode
    instruction   sty
    mode          zero page x
    opCode        94
    PC            0x0000139D
    CHILD NODE [line 350]
        type typeCon
        IsPC  0
        value 0x0000003E


ExConstant  [line 351]
NODE [line 351]
    type typeCon
    IsPC  0
    value 0x00008BE4

ExOpCode  [line 351]
NODE [line 351]
    type typeOpCode
    instruction   sty
    mode          absolute
    opCode        8C
    PC            0x0000139F
    CHILD NODE [line 351]
        type typeCon
        IsPC  0
        value 0x00008BE4


ExConstant  [line 352]
NODE [line 352]
    type typeCon
    IsPC  0
    value 0x00008BE4

ExOpCode  [line 352]
NODE [line 352]
    type typeOpCode
    instruction   sty
    mode          absolute
    opCode        8C
    PC            0x000013A2
    CHILD NODE [line 352]
        type typeCon
        IsPC  0
        value 0x00008BE4


ExOprEqu  [line 356]
NODE [line 356]
    type typeOpr
    opr '='
    CHILD NODE [line 356]
        type typeId
        name __tax
        i    (nil)

    CHILD NODE [line 356]
        type typeCon
        IsPC  1     PC = 000013A5
        value 0x000013A5


ExOpCode  [line 357]
NODE [line 357]
    type typeOpCode
    instruction   tax
    mode          implied
    opCode        AA
    PC            0x000013A5


ExOprEqu  [line 361]
NODE [line 361]
    type typeOpr
    opr '='
    CHILD NODE [line 361]
        type typeId
        name __txa
        i    (nil)

    CHILD NODE [line 361]
        type typeCon
        IsPC  1     PC = 000013A6
        value 0x000013A6


ExOpCode  [line 362]
NODE [line 362]
    type typeOpCode
    instruction   txa
    mode          implied
    opCode        8A
    PC            0x000013A6


ExOprEqu  [line 366]
NODE [line 366]
    type typeOpr
    opr '='
    CHILD NODE [line 366]
        type typeId
        name __tay
        i    (nil)

    CHILD NODE [line 366]
        type typeCon
        IsPC  1     PC = 000013A7
        value 0x000013A7


ExOpCode  [line 367]
NODE [line 367]
    type typeOpCode
    instruction   tay
    mode          implied
    opCode        A8
    PC            0x000013A7


ExOprEqu  [line 371]
NODE [line 371]
    type typeOpr
    opr '='
    CHILD NODE [line 371]
        type typeId
        name __tya
        i    (nil)

    CHILD NODE [line 371]
        type typeCon
        IsPC  1     PC = 000013A8
        value 0x000013A8


ExOpCode  [line 372]
NODE [line 372]
    type typeOpCode
    instruction   tya
    mode          implied
    opCode        98
    PC            0x000013A8


ExOprEqu  [line 376]
NODE [line 376]
    type typeOpr
    opr '='
    CHILD NODE [line 376]
        type typeId
        name __tsx
        i    (nil)

    CHILD NODE [line 376]
        type typeCon
        IsPC  1     PC = 000013A9
        value 0x000013A9


ExOpCode  [line 377]
NODE [line 377]
    type typeOpCode
    instruction   tsx
    mode          implied
    opCode        BA
    PC            0x000013A9


ExOprEqu  [line 381]
NODE [line 381]
    type typeOpr
    opr '='
    CHILD NODE [line 381]
        type typeId
        name __txs
        i    (nil)

    CHILD NODE [line 381]
        type typeCon
        IsPC  1     PC = 000013AA
        value 0x000013AA


ExOpCode  [line 382]
NODE [line 382]
    type typeOpCode
    instruction   txs
    mode          implied
    opCode        9A
    PC            0x000013AA


ExOprEqu  [line 386]
NODE [line 386]
    type typeOpr
    opr '='
    CHILD NODE [line 386]
        type typeId
        name __pla
        i    (nil)

    CHILD NODE [line 386]
        type typeCon
        IsPC  1     PC = 000013AB
        value 0x000013AB


ExOpCode  [line 387]
NODE [line 387]
    type typeOpCode
    instruction   pla
    mode          implied
    opCode        68
    PC            0x000013AB


ExOprEqu  [line 391]
NODE [line 391]
    type typeOpr
    opr '='
    CHILD NODE [line 391]
        type typeId
        name __pha
        i    (nil)

    CHILD NODE [line 391]
        type typeCon
        IsPC  1     PC = 000013AC
        value 0x000013AC


ExOpCode  [line 392]
NODE [line 392]
    type typeOpCode
    instruction   pha
    mode          implied
    opCode        48
    PC            0x000013AC


ExOprEqu  [line 396]
NODE [line 396]
    type typeOpr
    opr '='
    CHILD NODE [line 396]
        type typeId
        name __plp
        i    (nil)

    CHILD NODE [line 396]
        type typeCon
        IsPC  1     PC = 000013AD
        value 0x000013AD


ExOpCode  [line 397]
NODE [line 397]
    type typeOpCode
    instruction   plp
    mode          implied
    opCode        28
    PC            0x000013AD


ExOprEqu  [line 401]
NODE [line 401]
    type typeOpr
    opr '='
    CHILD NODE [line 401]
        type typeId
        name __php
        i    (nil)

    CHILD NODE [line 401]
        type typeCon
        IsPC  1     PC = 000013AE
        value 0x000013AE


ExOpCode  [line 402]
NODE [line 402]
    type typeOpCode
    instruction   php
    mode          implied
    opCode        08
    PC            0x000013AE


ExOprEqu  [line 406]
NODE [line 406]
    type typeOpr
    opr '='
    CHILD NODE [line 406]
        type typeId
        name __bpl
        i    (nil)

    CHILD NODE [line 406]
        type typeCon
        IsPC  1     PC = 000013AF
        value 0x000013AF


ExSymbol  [line 407]
NODE [line 407]
    type typeId
    name __bmi
    i    (nil)


ExOpCode  [line 407]
NODE [line 407]
    type typeOpCode
    instruction   bpl
    mode          relative
    opCode        10
    PC            0x000013AF
    CHILD NODE [line 407]
        type typeId
        name __bmi
        i    0x1865fb0
             fullname     __bmi
             initialized  1
             value        5043
             ismacroname  0
             ismacroparam 0
             isvar        0
             macroNode    (nil)
             section      NULL
             name         __bmi



ExSymbol  [line 408]
NODE [line 408]
    type typeId
    name __php
    i    (nil)


ExOpCode  [line 408]
NODE [line 408]
    type typeOpCode
    instruction   bpl
    mode          relative
    opCode        10
    PC            0x000013B1
    CHILD NODE [line 408]
        type typeId
        name __php
        i    0x1865910
             fullname     __php
             initialized  1
             value        5038
             ismacroname  0
             ismacroparam 0
             isvar        0
             macroNode    (nil)
             section      NULL
             name         __php



ExOprEqu  [line 412]
NODE [line 412]
    type typeOpr
    opr '='
    CHILD NODE [line 412]
        type typeId
        name __bmi
        i    (nil)

    CHILD NODE [line 412]
        type typeCon
        IsPC  1     PC = 000013B3
        value 0x000013B3


ExSymbol  [line 413]
NODE [line 413]
    type typeId
    name __bpl
    i    (nil)


ExOpCode  [line 413]
NODE [line 413]
    type typeOpCode
    instruction   bmi
    mode          relative
    opCode        30
    PC            0x000013B3
    CHILD NODE [line 413]
        type typeId
        name __bpl
        i    0x1865da0
             fullname     __bpl
             initialized  1
             value        5039
             ismacroname  0
             ismacroparam 0
             isvar        0
             macroNode    (nil)
             section      NULL
             name         __bpl



ExSymbol  [line 414]
NODE [line 414]
    type typeId
    name __php
    i    (nil)


ExOpCode  [line 414]
NODE [line 414]
    type typeOpCode
    instruction   bmi
    mode          relative
    opCode        30
    PC            0x000013B5
    CHILD NODE [line 414]
        type typeId
        name __php
        i    0x1865910
             fullname     __php
             initialized  1
             value        5038
             ismacroname  0
             ismacroparam 0
             isvar        0
             macroNode    (nil)
             section      NULL
             name         __php



ExOprEqu  [line 417]
NODE [line 417]
    type typeOpr
    opr '='
    CHILD NODE [line 417]
        type typeId
        name __bvc
        i    (nil)

    CHILD NODE [line 417]
        type typeCon
        IsPC  1     PC = 000013B7
        value 0x000013B7


ExSymbol  [line 418]
NODE [line 418]
    type typeId
    name __bmi
    i    (nil)


ExOpCode  [line 418]
NODE [line 418]
    type typeOpCode
    instruction   bvc
    mode          relative
    opCode        50
    PC            0x000013B7
    CHILD NODE [line 418]
        type typeId
        name __bmi
        i    0x1865fb0
             fullname     __bmi
             initialized  1
             value        5043
             ismacroname  0
             ismacroparam 0
             isvar        0
             macroNode    (nil)
             section      NULL
             name         __bmi



ExSymbol  [line 419]
NODE [line 419]
    type typeId
    name __php
    i    (nil)


ExOpCode  [line 419]
NODE [line 419]
    type typeOpCode
    instruction   bvc
    mode          relative
    opCode        50
    PC            0x000013B9
    CHILD NODE [line 419]
        type typeId
        name __php
        i    0x1865910
             fullname     __php
             initialized  1
             value        5038
             ismacroname  0
             ismacroparam 0
             isvar        0
             macroNode    (nil)
             section      NULL
             name         __php



ExOprEqu  [line 423]
NODE [line 423]
    type typeOpr
    opr '='
    CHILD NODE [line 423]
        type typeId
        name __bvs
        i    (nil)

    CHILD NODE [line 423]
        type typeCon
        IsPC  1     PC = 000013BB
        value 0x000013BB


ExSymbol  [line 424]
NODE [line 424]
    type typeId
    name __bcc
    i    (nil)


ExOpCode  [line 424]
NODE [line 424]
    type typeOpCode
    instruction   bvs
    mode          relative
    opCode        70
    PC            0x000013BB
    CHILD NODE [line 424]
        type typeId
        name __bcc
        i    0x18672c0
             fullname     __bcc
             initialized  1
             value        5055
             ismacroname  0
             ismacroparam 0
             isvar        0
             macroNode    (nil)
             section      NULL
             name         __bcc



ExSymbol  [line 425]
NODE [line 425]
    type typeId
    name __php
    i    (nil)


ExOpCode  [line 425]
NODE [line 425]
    type typeOpCode
    instruction   bvs
    mode          relative
    opCode        70
    PC            0x000013BD
    CHILD NODE [line 425]
        type typeId
        name __php
        i    0x1865910
             fullname     __php
             initialized  1
             value        5038
             ismacroname  0
             ismacroparam 0
             isvar        0
             macroNode    (nil)
             section      NULL
             name         __php



ExOprEqu  [line 429]
NODE [line 429]
    type typeOpr
    opr '='
    CHILD NODE [line 429]
        type typeId
        name __bcc
        i    (nil)

    CHILD NODE [line 429]
        type typeCon
        IsPC  1     PC = 000013BF
        value 0x000013BF


ExSymbol  [line 430]
NODE [line 430]
    type typeId
    name __php
    i    (nil)


ExOpCode  [line 430]
NODE [line 430]
    type typeOpCode
    instruction   bcc
    mode          relative
    opCode        90
    PC            0x000013BF
    CHILD NODE [line 430]
        type typeId
        name __php
        i    0x1865910
             fullname     __php
             initialized  1
             value        5038
             ismacroname  0
             ismacroparam 0
             isvar        0
             macroNode    (nil)
             section      NULL
             name         __php



ExSymbol  [line 431]
NODE [line 431]
    type typeId
    name __bne
    i    (nil)


ExOpCode  [line 431]
NODE [line 431]
    type typeOpCode
    instruction   bcc
    mode          relative
    opCode        90
    PC            0x000013C1
    CHILD NODE [line 431]
        type typeId
        name __bne
        i    0x1867aa0
             fullname     __bne
             initialized  1
             value        5063
             ismacroname  0
             ismacroparam 0
             isvar        0
             macroNode    (nil)
             section      NULL
             name         __bne



ExOprEqu  [line 435]
NODE [line 435]
    type typeOpr
    opr '='
    CHILD NODE [line 435]
        type typeId
        name __bcs
        i    (nil)

    CHILD NODE [line 435]
        type typeCon
        IsPC  1     PC = 000013C3
        value 0x000013C3


ExSymbol  [line 436]
NODE [line 436]
    type typeId
    name __nop
    i    (nil)


ExOpCode  [line 436]
NODE [line 436]
    type typeOpCode
    instruction   bcs
    mode          relative
    opCode        B0
    PC            0x000013C3
    CHILD NODE [line 436]
        type typeId
        name __nop
        i    0x18680a0
             fullname     __nop
             initialized  1
             value        5109
             ismacroname  0
             ismacroparam 0
             isvar        0
             macroNode    (nil)
             section      NULL
             name         __nop



ExSymbol  [line 437]
NODE [line 437]
    type typeId
    name __nop
    i    (nil)


ExOpCode  [line 437]
NODE [line 437]
    type typeOpCode
    instruction   bcs
    mode          relative
    opCode        B0
    PC            0x000013C5
    CHILD NODE [line 437]
        type typeId
        name __nop
        i    0x18680a0
             fullname     __nop
             initialized  1
             value        5109
             ismacroname  0
             ismacroparam 0
             isvar        0
             macroNode    (nil)
             section      NULL
             name         __nop



ExOprEqu  [line 441]
NODE [line 441]
    type typeOpr
    opr '='
    CHILD NODE [line 441]
        type typeId
        name __bne
        i    (nil)

    CHILD NODE [line 441]
        type typeCon
        IsPC  1     PC = 000013C7
        value 0x000013C7


ExSymbol  [line 442]
NODE [line 442]
    type typeId
    name __brk
    i    (nil)


ExOpCode  [line 442]
NODE [line 442]
    type typeOpCode
    instruction   bne
    mode          relative
    opCode        D0
    PC            0x000013C7
    CHILD NODE [line 442]
        type typeId
        name __brk
        i    0x1868730
             fullname     __brk
             initialized  1
             value        5071
             ismacroname  0
             ismacroparam 0
             isvar        0
             macroNode    (nil)
             section      NULL
             name         __brk



ExSymbol  [line 443]
NODE [line 443]
    type typeId
    name __rti
    i    (nil)


ExOpCode  [line 443]
NODE [line 443]
    type typeOpCode
    instruction   bne
    mode          relative
    opCode        D0
    PC            0x000013C9
    CHILD NODE [line 443]
        type typeId
        name __rti
        i    0x1868940
             fullname     __rti
             initialized  1
             value        5072
             ismacroname  0
             ismacroparam 0
             isvar        0
             macroNode    (nil)
             section      NULL
             name         __rti



ExOprEqu  [line 447]
NODE [line 447]
    type typeOpr
    opr '='
    CHILD NODE [line 447]
        type typeId
        name __beq
        i    (nil)

    CHILD NODE [line 447]
        type typeCon
        IsPC  1     PC = 000013CB
        value 0x000013CB


ExSymbol  [line 448]
NODE [line 448]
    type typeId
    name __bne
    i    (nil)


ExOpCode  [line 448]
NODE [line 448]
    type typeOpCode
    instruction   beq
    mode          relative
    opCode        F0
    PC            0x000013CB
    CHILD NODE [line 448]
        type typeId
        name __bne
        i    0x1867aa0
             fullname     __bne
             initialized  1
             value        5063
             ismacroname  0
             ismacroparam 0
             isvar        0
             macroNode    (nil)
             section      NULL
             name         __bne



ExSymbol  [line 449]
NODE [line 449]
    type typeId
    name __jsr
    i    (nil)


ExOpCode  [line 449]
NODE [line 449]
    type typeOpCode
    instruction   beq
    mode          relative
    opCode        F0
    PC            0x000013CD
    CHILD NODE [line 449]
        type typeId
        name __jsr
        i    0x1869090
             fullname     __jsr
             initialized  1
             value        5073
             ismacroname  0
             ismacroparam 0
             isvar        0
             macroNode    (nil)
             section      NULL
             name         __jsr



ExOprEqu  [line 453]
NODE [line 453]
    type typeOpr
    opr '='
    CHILD NODE [line 453]
        type typeId
        name __brk
        i    (nil)

    CHILD NODE [line 453]
        type typeCon
        IsPC  1     PC = 000013CF
        value 0x000013CF


ExOpCode  [line 454]
NODE [line 454]
    type typeOpCode
    instruction   brk
    mode          implied
    opCode        00
    PC            0x000013CF


ExOprEqu  [line 458]
NODE [line 458]
    type typeOpr
    opr '='
    CHILD NODE [line 458]
        type typeId
        name __rti
        i    (nil)

    CHILD NODE [line 458]
        type typeCon
        IsPC  1     PC = 000013D0
        value 0x000013D0


ExOpCode  [line 459]
NODE [line 459]
    type typeOpCode
    instruction   rti
    mode          implied
    opCode        40
    PC            0x000013D0


ExOprEqu  [line 463]
NODE [line 463]
    type typeOpr
    opr '='
    CHILD NODE [line 463]
        type typeId
        name __jsr
        i    (nil)

    CHILD NODE [line 463]
        type typeCon
        IsPC  1     PC = 000013D1
        value 0x000013D1


ExConstant  [line 464]
NODE [line 464]
    type typeCon
    IsPC  0
    value 0x00005C3C

ExOpCode  [line 464]
NODE [line 464]
    type typeOpCode
    instruction   jsr
    mode          absolute
    opCode        20
    PC            0x000013D1
    CHILD NODE [line 464]
        type typeCon
        IsPC  0
        value 0x00005C3C


ExConstant  [line 465]
NODE [line 465]
    type typeCon
    IsPC  0
    value 0x00005C3C

ExOpCode  [line 465]
NODE [line 465]
    type typeOpCode
    instruction   jsr
    mode          absolute
    opCode        20
    PC            0x000013D4
    CHILD NODE [line 465]
        type typeCon
        IsPC  0
        value 0x00005C3C


ExOprEqu  [line 469]
NODE [line 469]
    type typeOpr
    opr '='
    CHILD NODE [line 469]
        type typeId
        name __rts
        i    (nil)

    CHILD NODE [line 469]
        type typeCon
        IsPC  1     PC = 000013D7
        value 0x000013D7


ExOpCode  [line 470]
NODE [line 470]
    type typeOpCode
    instruction   rts
    mode          implied
    opCode        60
    PC            0x000013D7


ExOprEqu  [line 474]
NODE [line 474]
    type typeOpr
    opr '='
    CHILD NODE [line 474]
        type typeId
        name __jmp
        i    (nil)

    CHILD NODE [line 474]
        type typeCon
        IsPC  1     PC = 000013D8
        value 0x000013D8


ExConstant  [line 475]
NODE [line 475]
    type typeCon
    IsPC  0
    value 0x00009324

ExOpCode  [line 475]
NODE [line 475]
    type typeOpCode
    instruction   jmp
    mode          absolute
    opCode        4C
    PC            0x000013D8
    CHILD NODE [line 475]
        type typeCon
        IsPC  0
        value 0x00009324


ExConstant  [line 476]
NODE [line 476]
    type typeCon
    IsPC  0
    value 0x00009324

ExOpCode  [line 476]
NODE [line 476]
    type typeOpCode
    instruction   jmp
    mode          absolute
    opCode        4C
    PC            0x000013DB
    CHILD NODE [line 476]
        type typeCon
        IsPC  0
        value 0x00009324


ExConstant  [line 477]
NODE [line 477]
    type typeCon
    IsPC  0
    value 0x00005ADC

ExOpCode  [line 477]
NODE [line 477]
    type typeOpCode
    instruction   jmp
    mode          absolute i
    opCode        6C
    PC            0x000013DE
    CHILD NODE [line 477]
        type typeCon
        IsPC  0
        value 0x00005ADC


ExConstant  [line 478]
NODE [line 478]
    type typeCon
    IsPC  0
    value 0x00005ADC

ExOpCode  [line 478]
NODE [line 478]
    type typeOpCode
    instruction   jmp
    mode          absolute i
    opCode        6C
    PC            0x000013E1
    CHILD NODE [line 478]
        type typeCon
        IsPC  0
        value 0x00005ADC


ExOprEqu  [line 482]
NODE [line 482]
    type typeOpr
    opr '='
    CHILD NODE [line 482]
        type typeId
        name __bit
        i    (nil)

    CHILD NODE [line 482]
        type typeCon
        IsPC  1     PC = 000013E4
        value 0x000013E4


ExConstant  [line 483]
NODE [line 483]
    type typeCon
    IsPC  0
    value 0x00000027

ExOpCode  [line 483]
NODE [line 483]
    type typeOpCode
    instruction   bit
    mode          zero page
    opCode        24
    PC            0x000013E4
    CHILD NODE [line 483]
        type typeCon
        IsPC  0
        value 0x00000027


ExConstant  [line 484]
NODE [line 484]
    type typeCon
    IsPC  0
    value 0x00000027

ExOpCode  [line 484]
NODE [line 484]
    type typeOpCode
    instruction   bit
    mode          zero page
    opCode        24
    PC            0x000013E6
    CHILD NODE [line 484]
        type typeCon
        IsPC  0
        value 0x00000027


ExConstant  [line 485]
NODE [line 485]
    type typeCon
    IsPC  0
    value 0x0000A1F5

ExOpCode  [line 485]
NODE [line 485]
    type typeOpCode
    instruction   bit
    mode          absolute
    opCode        2C
    PC            0x000013E8
    CHILD NODE [line 485]
        type typeCon
        IsPC  0
        value 0x0000A1F5


ExConstant  [line 486]
NODE [line 486]
    type typeCon
    IsPC  0
    value 0x0000A1F5

ExOpCode  [line 486]
NODE [line 486]
    type typeOpCode
    instruction   bit
    mode          absolute
    opCode        2C
    PC            0x000013EB
    CHILD NODE [line 486]
        type typeCon
        IsPC  0
        value 0x0000A1F5


ExOprEqu  [line 490]
NODE [line 490]
    type typeOpr
    opr '='
    CHILD NODE [line 490]
        type typeId
        name __clc
        i    (nil)

    CHILD NODE [line 490]
        type typeCon
        IsPC  1     PC = 000013EE
        value 0x000013EE


ExOpCode  [line 491]
NODE [line 491]
    type typeOpCode
    instruction   clc
    mode          implied
    opCode        18
    PC            0x000013EE


ExOprEqu  [line 495]
NODE [line 495]
    type typeOpr
    opr '='
    CHILD NODE [line 495]
        type typeId
        name __sec
        i    (nil)

    CHILD NODE [line 495]
        type typeCon
        IsPC  1     PC = 000013EF
        value 0x000013EF


ExOpCode  [line 496]
NODE [line 496]
    type typeOpCode
    instruction   sec
    mode          implied
    opCode        38
    PC            0x000013EF


ExOprEqu  [line 500]
NODE [line 500]
    type typeOpr
    opr '='
    CHILD NODE [line 500]
        type typeId
        name __cld
        i    (nil)

    CHILD NODE [line 500]
        type typeCon
        IsPC  1     PC = 000013F0
        value 0x000013F0


ExOpCode  [line 501]
NODE [line 501]
    type typeOpCode
    instruction   cld
    mode          implied
    opCode        D8
    PC            0x000013F0


ExOprEqu  [line 505]
NODE [line 505]
    type typeOpr
    opr '='
    CHILD NODE [line 505]
        type typeId
        name __sed
        i    (nil)

    CHILD NODE [line 505]
        type typeCon
        IsPC  1     PC = 000013F1
        value 0x000013F1


ExOpCode  [line 506]
NODE [line 506]
    type typeOpCode
    instruction   sed
    mode          implied
    opCode        F8
    PC            0x000013F1


ExOprEqu  [line 510]
NODE [line 510]
    type typeOpr
    opr '='
    CHILD NODE [line 510]
        type typeId
        name __cli
        i    (nil)

    CHILD NODE [line 510]
        type typeCon
        IsPC  1     PC = 000013F2
        value 0x000013F2


ExOpCode  [line 511]
NODE [line 511]
    type typeOpCode
    instruction   cli
    mode          implied
    opCode        58
    PC            0x000013F2


ExOprEqu  [line 515]
NODE [line 515]
    type typeOpr
    opr '='
    CHILD NODE [line 515]
        type typeId
        name __sei
        i    (nil)

    CHILD NODE [line 515]
        type typeCon
        IsPC  1     PC = 000013F3
        value 0x000013F3


ExOpCode  [line 516]
NODE [line 516]
    type typeOpCode
    instruction   sei
    mode          implied
    opCode        78
    PC            0x000013F3


ExOprEqu  [line 520]
NODE [line 520]
    type typeOpr
    opr '='
    CHILD NODE [line 520]
        type typeId
        name __clv
        i    (nil)

    CHILD NODE [line 520]
        type typeCon
        IsPC  1     PC = 000013F4
        value 0x000013F4


ExOpCode  [line 521]
NODE [line 521]
    type typeOpCode
    instruction   clv
    mode          implied
    opCode        B8
    PC            0x000013F4


ExOprEqu  [line 525]
NODE [line 525]
    type typeOpr
    opr '='
    CHILD NODE [line 525]
        type typeId
        name __nop
        i    (nil)

    CHILD NODE [line 525]
        type typeCon
        IsPC  1     PC = 000013F5
        value 0x000013F5


ExOpCode  [line 526]
NODE [line 526]
    type typeOpCode
    instruction   nop
    mode          implied
    opCode        EA
    PC            0x000013F5


ExOprEqu  [line 532]
NODE [line 532]
    type typeOpr
    opr '='
    CHILD NODE [line 532]
        type typeId
        name __slo
        i    (nil)

    CHILD NODE [line 532]
        type typeCon
        IsPC  1     PC = 000013F6
        value 0x000013F6


ExConstant  [line 533]
NODE [line 533]
    type typeCon
    IsPC  0
    value 0x000000AC

ExOpCode  [line 533]
NODE [line 533]
    type typeOpCode
    instruction   slo
    mode          zero page
    opCode        07
    PC            0x000013F6
    CHILD NODE [line 533]
        type typeCon
        IsPC  0
        value 0x000000AC


ExConstant  [line 534]
NODE [line 534]
    type typeCon
    IsPC  0
    value 0x000000AC

ExOpCode  [line 534]
NODE [line 534]
    type typeOpCode
    instruction   slo
    mode          zero page
    opCode        07
    PC            0x000013F8
    CHILD NODE [line 534]
        type typeCon
        IsPC  0
        value 0x000000AC


ExConstant  [line 535]
NODE [line 535]
    type typeCon
    IsPC  0
    value 0x000000EC

ExOpCode  [line 535]
NODE [line 535]
    type typeOpCode
    instruction   slo
    mode          zero page x
    opCode        17
    PC            0x000013FA
    CHILD NODE [line 535]
        type typeCon
        IsPC  0
        value 0x000000EC


ExConstant  [line 536]
NODE [line 536]
    type typeCon
    IsPC  0
    value 0x000000EC

ExOpCode  [line 536]
NODE [line 536]
    type typeOpCode
    instruction   slo
    mode          zero page x
    opCode        17
    PC            0x000013FC
    CHILD NODE [line 536]
        type typeCon
        IsPC  0
        value 0x000000EC


ExConstant  [line 537]
NODE [line 537]
    type typeCon
    IsPC  0
    value 0x000000D8

ExOpCode  [line 537]
NODE [line 537]
    type typeOpCode
    instruction   slo
    mode          zero page indirect x
    opCode        03
    PC            0x000013FE
    CHILD NODE [line 537]
        type typeCon
        IsPC  0
        value 0x000000D8


ExConstant  [line 538]
NODE [line 538]
    type typeCon
    IsPC  0
    value 0x000000D8

ExOpCode  [line 538]
NODE [line 538]
    type typeOpCode
    instruction   slo
    mode          zero page indirect x
    opCode        03
    PC            0x00001400
    CHILD NODE [line 538]
        type typeCon
        IsPC  0
        value 0x000000D8


ExConstant  [line 539]
NODE [line 539]
    type typeCon
    IsPC  0
    value 0x0000002B

ExOpCode  [line 539]
NODE [line 539]
    type typeOpCode
    instruction   slo
    mode          zero page indirect y
    opCode        13
    PC            0x00001402
    CHILD NODE [line 539]
        type typeCon
        IsPC  0
        value 0x0000002B


ExConstant  [line 540]
NODE [line 540]
    type typeCon
    IsPC  0
    value 0x0000002B

ExOpCode  [line 540]
NODE [line 540]
    type typeOpCode
    instruction   slo
    mode          zero page indirect y
    opCode        13
    PC            0x00001404
    CHILD NODE [line 540]
        type typeCon
        IsPC  0
        value 0x0000002B


ExConstant  [line 541]
NODE [line 541]
    type typeCon
    IsPC  0
    value 0x00001029

ExOpCode  [line 541]
NODE [line 541]
    type typeOpCode
    instruction   slo
    mode          absolute
    opCode        0F
    PC            0x00001406
    CHILD NODE [line 541]
        type typeCon
        IsPC  0
        value 0x00001029


ExConstant  [line 542]
NODE [line 542]
    type typeCon
    IsPC  0
    value 0x00001029

ExOpCode  [line 542]
NODE [line 542]
    type typeOpCode
    instruction   slo
    mode          absolute
    opCode        0F
    PC            0x00001409
    CHILD NODE [line 542]
        type typeCon
        IsPC  0
        value 0x00001029


ExConstant  [line 543]
NODE [line 543]
    type typeCon
    IsPC  0
    value 0x00001959

ExOpCode  [line 543]
NODE [line 543]
    type typeOpCode
    instruction   slo
    mode          absolute x
    opCode        1F
    PC            0x0000140C
    CHILD NODE [line 543]
        type typeCon
        IsPC  0
        value 0x00001959


ExConstant  [line 544]
NODE [line 544]
    type typeCon
    IsPC  0
    value 0x00001959

ExOpCode  [line 544]
NODE [line 544]
    type typeOpCode
    instruction   slo
    mode          absolute x
    opCode        1F
    PC            0x0000140F
    CHILD NODE [line 544]
        type typeCon
        IsPC  0
        value 0x00001959


ExConstant  [line 545]
NODE [line 545]
    type typeCon
    IsPC  0
    value 0x00000C9F

ExOpCode  [line 545]
NODE [line 545]
    type typeOpCode
    instruction   slo
    mode          absolute y
    opCode        1B
    PC            0x00001412
    CHILD NODE [line 545]
        type typeCon
        IsPC  0
        value 0x00000C9F


ExConstant  [line 546]
NODE [line 546]
    type typeCon
    IsPC  0
    value 0x00000C9F

ExOpCode  [line 546]
NODE [line 546]
    type typeOpCode
    instruction   slo
    mode          absolute y
    opCode        1B
    PC            0x00001415
    CHILD NODE [line 546]
        type typeCon
        IsPC  0
        value 0x00000C9F


ExOprEqu  [line 550]
NODE [line 550]
    type typeOpr
    opr '='
    CHILD NODE [line 550]
        type typeId
        name __rla
        i    (nil)

    CHILD NODE [line 550]
        type typeCon
        IsPC  1     PC = 00001418
        value 0x00001418


ExConstant  [line 551]
NODE [line 551]
    type typeCon
    IsPC  0
    value 0x000000C2

ExOpCode  [line 551]
NODE [line 551]
    type typeOpCode
    instruction   rla
    mode          zero page
    opCode        27
    PC            0x00001418
    CHILD NODE [line 551]
        type typeCon
        IsPC  0
        value 0x000000C2


ExConstant  [line 552]
NODE [line 552]
    type typeCon
    IsPC  0
    value 0x000000C2

ExOpCode  [line 552]
NODE [line 552]
    type typeOpCode
    instruction   rla
    mode          zero page
    opCode        27
    PC            0x0000141A
    CHILD NODE [line 552]
        type typeCon
        IsPC  0
        value 0x000000C2


ExConstant  [line 553]
NODE [line 553]
    type typeCon
    IsPC  0
    value 0x000000A8

ExOpCode  [line 553]
NODE [line 553]
    type typeOpCode
    instruction   rla
    mode          zero page x
    opCode        37
    PC            0x0000141C
    CHILD NODE [line 553]
        type typeCon
        IsPC  0
        value 0x000000A8


ExConstant  [line 554]
NODE [line 554]
    type typeCon
    IsPC  0
    value 0x000000A8

ExOpCode  [line 554]
NODE [line 554]
    type typeOpCode
    instruction   rla
    mode          zero page x
    opCode        37
    PC            0x0000141E
    CHILD NODE [line 554]
        type typeCon
        IsPC  0
        value 0x000000A8


ExConstant  [line 555]
NODE [line 555]
    type typeCon
    IsPC  0
    value 0x000000ED

ExOpCode  [line 555]
NODE [line 555]
    type typeOpCode
    instruction   rla
    mode          zero page indirect x
    opCode        23
    PC            0x00001420
    CHILD NODE [line 555]
        type typeCon
        IsPC  0
        value 0x000000ED


ExConstant  [line 556]
NODE [line 556]
    type typeCon
    IsPC  0
    value 0x000000ED

ExOpCode  [line 556]
NODE [line 556]
    type typeOpCode
    instruction   rla
    mode          zero page indirect x
    opCode        23
    PC            0x00001422
    CHILD NODE [line 556]
        type typeCon
        IsPC  0
        value 0x000000ED


ExConstant  [line 557]
NODE [line 557]
    type typeCon
    IsPC  0
    value 0x0000000E

ExOpCode  [line 557]
NODE [line 557]
    type typeOpCode
    instruction   rla
    mode          zero page indirect y
    opCode        33
    PC            0x00001424
    CHILD NODE [line 557]
        type typeCon
        IsPC  0
        value 0x0000000E


ExConstant  [line 558]
NODE [line 558]
    type typeCon
    IsPC  0
    value 0x0000000E

ExOpCode  [line 558]
NODE [line 558]
    type typeOpCode
    instruction   rla
    mode          zero page indirect y
    opCode        33
    PC            0x00001426
    CHILD NODE [line 558]
        type typeCon
        IsPC  0
        value 0x0000000E


ExConstant  [line 559]
NODE [line 559]
    type typeCon
    IsPC  0
    value 0x0000D4B7

ExOpCode  [line 559]
NODE [line 559]
    type typeOpCode
    instruction   rla
    mode          absolute
    opCode        2F
    PC            0x00001428
    CHILD NODE [line 559]
        type typeCon
        IsPC  0
        value 0x0000D4B7


ExConstant  [line 560]
NODE [line 560]
    type typeCon
    IsPC  0
    value 0x0000D4B7

ExOpCode  [line 560]
NODE [line 560]
    type typeOpCode
    instruction   rla
    mode          absolute
    opCode        2F
    PC            0x0000142B
    CHILD NODE [line 560]
        type typeCon
        IsPC  0
        value 0x0000D4B7


ExConstant  [line 561]
NODE [line 561]
    type typeCon
    IsPC  0
    value 0x00004787

ExOpCode  [line 561]
NODE [line 561]
    type typeOpCode
    instruction   rla
    mode          absolute x
    opCode        3F
    PC            0x0000142E
    CHILD NODE [line 561]
        type typeCon
        IsPC  0
        value 0x00004787


ExConstant  [line 562]
NODE [line 562]
    type typeCon
    IsPC  0
    value 0x00004787

ExOpCode  [line 562]
NODE [line 562]
    type typeOpCode
    instruction   rla
    mode          absolute x
    opCode        3F
    PC            0x00001431
    CHILD NODE [line 562]
        type typeCon
        IsPC  0
        value 0x00004787


ExConstant  [line 563]
NODE [line 563]
    type typeCon
    IsPC  0
    value 0x0000876C

ExOpCode  [line 563]
NODE [line 563]
    type typeOpCode
    instruction   rla
    mode          absolute y
    opCode        3B
    PC            0x00001434
    CHILD NODE [line 563]
        type typeCon
        IsPC  0
        value 0x0000876C


ExConstant  [line 564]
NODE [line 564]
    type typeCon
    IsPC  0
    value 0x0000876C

ExOpCode  [line 564]
NODE [line 564]
    type typeOpCode
    instruction   rla
    mode          absolute y
    opCode        3B
    PC            0x00001437
    CHILD NODE [line 564]
        type typeCon
        IsPC  0
        value 0x0000876C


ExOprEqu  [line 568]
NODE [line 568]
    type typeOpr
    opr '='
    CHILD NODE [line 568]
        type typeId
        name __sre
        i    (nil)

    CHILD NODE [line 568]
        type typeCon
        IsPC  1     PC = 0000143A
        value 0x0000143A


ExConstant  [line 569]
NODE [line 569]
    type typeCon
    IsPC  0
    value 0x000000D2

ExOpCode  [line 569]
NODE [line 569]
    type typeOpCode
    instruction   sre
    mode          zero page
    opCode        47
    PC            0x0000143A
    CHILD NODE [line 569]
        type typeCon
        IsPC  0
        value 0x000000D2


ExConstant  [line 570]
NODE [line 570]
    type typeCon
    IsPC  0
    value 0x000000D2

ExOpCode  [line 570]
NODE [line 570]
    type typeOpCode
    instruction   sre
    mode          zero page
    opCode        47
    PC            0x0000143C
    CHILD NODE [line 570]
        type typeCon
        IsPC  0
        value 0x000000D2


ExConstant  [line 571]
NODE [line 571]
    type typeCon
    IsPC  0
    value 0x00000073

ExOpCode  [line 571]
NODE [line 571]
    type typeOpCode
    instruction   sre
    mode          zero page x
    opCode        57
    PC            0x0000143E
    CHILD NODE [line 571]
        type typeCon
        IsPC  0
        value 0x00000073


ExConstant  [line 572]
NODE [line 572]
    type typeCon
    IsPC  0
    value 0x00000073

ExOpCode  [line 572]
NODE [line 572]
    type typeOpCode
    instruction   sre
    mode          zero page x
    opCode        57
    PC            0x00001440
    CHILD NODE [line 572]
        type typeCon
        IsPC  0
        value 0x00000073


ExConstant  [line 573]
NODE [line 573]
    type typeCon
    IsPC  0
    value 0x00000090

ExOpCode  [line 573]
NODE [line 573]
    type typeOpCode
    instruction   sre
    mode          zero page indirect x
    opCode        43
    PC            0x00001442
    CHILD NODE [line 573]
        type typeCon
        IsPC  0
        value 0x00000090


ExConstant  [line 574]
NODE [line 574]
    type typeCon
    IsPC  0
    value 0x00000090

ExOpCode  [line 574]
NODE [line 574]
    type typeOpCode
    instruction   sre
    mode          zero page indirect x
    opCode        43
    PC            0x00001444
    CHILD NODE [line 574]
        type typeCon
        IsPC  0
        value 0x00000090


ExConstant  [line 575]
NODE [line 575]
    type typeCon
    IsPC  0
    value 0x000000EF

ExOpCode  [line 575]
NODE [line 575]
    type typeOpCode
    instruction   sre
    mode          zero page indirect y
    opCode        53
    PC            0x00001446
    CHILD NODE [line 575]
        type typeCon
        IsPC  0
        value 0x000000EF


ExConstant  [line 576]
NODE [line 576]
    type typeCon
    IsPC  0
    value 0x000000EF

ExOpCode  [line 576]
NODE [line 576]
    type typeOpCode
    instruction   sre
    mode          zero page indirect y
    opCode        53
    PC            0x00001448
    CHILD NODE [line 576]
        type typeCon
        IsPC  0
        value 0x000000EF


ExConstant  [line 577]
NODE [line 577]
    type typeCon
    IsPC  0
    value 0x00003414

ExOpCode  [line 577]
NODE [line 577]
    type typeOpCode
    instruction   sre
    mode          absolute
    opCode        4F
    PC            0x0000144A
    CHILD NODE [line 577]
        type typeCon
        IsPC  0
        value 0x00003414


ExConstant  [line 578]
NODE [line 578]
    type typeCon
    IsPC  0
    value 0x00003414

ExOpCode  [line 578]
NODE [line 578]
    type typeOpCode
    instruction   sre
    mode          absolute
    opCode        4F
    PC            0x0000144D
    CHILD NODE [line 578]
        type typeCon
        IsPC  0
        value 0x00003414


ExConstant  [line 579]
NODE [line 579]
    type typeCon
    IsPC  0
    value 0x00006D34

ExOpCode  [line 579]
NODE [line 579]
    type typeOpCode
    instruction   sre
    mode          absolute x
    opCode        5F
    PC            0x00001450
    CHILD NODE [line 579]
        type typeCon
        IsPC  0
        value 0x00006D34


ExConstant  [line 580]
NODE [line 580]
    type typeCon
    IsPC  0
    value 0x00006D34

ExOpCode  [line 580]
NODE [line 580]
    type typeOpCode
    instruction   sre
    mode          absolute x
    opCode        5F
    PC            0x00001453
    CHILD NODE [line 580]
        type typeCon
        IsPC  0
        value 0x00006D34


ExConstant  [line 581]
NODE [line 581]
    type typeCon
    IsPC  0
    value 0x0000751D

ExOpCode  [line 581]
NODE [line 581]
    type typeOpCode
    instruction   sre
    mode          absolute y
    opCode        5B
    PC            0x00001456
    CHILD NODE [line 581]
        type typeCon
        IsPC  0
        value 0x0000751D


ExConstant  [line 582]
NODE [line 582]
    type typeCon
    IsPC  0
    value 0x0000751D

ExOpCode  [line 582]
NODE [line 582]
    type typeOpCode
    instruction   sre
    mode          absolute y
    opCode        5B
    PC            0x00001459
    CHILD NODE [line 582]
        type typeCon
        IsPC  0
        value 0x0000751D


ExOprEqu  [line 586]
NODE [line 586]
    type typeOpr
    opr '='
    CHILD NODE [line 586]
        type typeId
        name __rra
        i    (nil)

    CHILD NODE [line 586]
        type typeCon
        IsPC  1     PC = 0000145C
        value 0x0000145C


ExConstant  [line 587]
NODE [line 587]
    type typeCon
    IsPC  0
    value 0x000000D1

ExOpCode  [line 587]
NODE [line 587]
    type typeOpCode
    instruction   rra
    mode          zero page
    opCode        67
    PC            0x0000145C
    CHILD NODE [line 587]
        type typeCon
        IsPC  0
        value 0x000000D1


ExConstant  [line 588]
NODE [line 588]
    type typeCon
    IsPC  0
    value 0x000000D1

ExOpCode  [line 588]
NODE [line 588]
    type typeOpCode
    instruction   rra
    mode          zero page
    opCode        67
    PC            0x0000145E
    CHILD NODE [line 588]
        type typeCon
        IsPC  0
        value 0x000000D1


ExConstant  [line 589]
NODE [line 589]
    type typeCon
    IsPC  0
    value 0x00000041

ExOpCode  [line 589]
NODE [line 589]
    type typeOpCode
    instruction   rra
    mode          zero page x
    opCode        77
    PC            0x00001460
    CHILD NODE [line 589]
        type typeCon
        IsPC  0
        value 0x00000041


ExConstant  [line 590]
NODE [line 590]
    type typeCon
    IsPC  0
    value 0x00000041

ExOpCode  [line 590]
NODE [line 590]
    type typeOpCode
    instruction   rra
    mode          zero page x
    opCode        77
    PC            0x00001462
    CHILD NODE [line 590]
        type typeCon
        IsPC  0
        value 0x00000041


ExConstant  [line 591]
NODE [line 591]
    type typeCon
    IsPC  0
    value 0x00000006

ExOpCode  [line 591]
NODE [line 591]
    type typeOpCode
    instruction   rra
    mode          zero page indirect x
    opCode        63
    PC            0x00001464
    CHILD NODE [line 591]
        type typeCon
        IsPC  0
        value 0x00000006


ExConstant  [line 592]
NODE [line 592]
    type typeCon
    IsPC  0
    value 0x00000006

ExOpCode  [line 592]
NODE [line 592]
    type typeOpCode
    instruction   rra
    mode          zero page indirect x
    opCode        63
    PC            0x00001466
    CHILD NODE [line 592]
        type typeCon
        IsPC  0
        value 0x00000006


ExConstant  [line 593]
NODE [line 593]
    type typeCon
    IsPC  0
    value 0x00000097

ExOpCode  [line 593]
NODE [line 593]
    type typeOpCode
    instruction   rra
    mode          zero page indirect y
    opCode        73
    PC            0x00001468
    CHILD NODE [line 593]
        type typeCon
        IsPC  0
        value 0x00000097


ExConstant  [line 594]
NODE [line 594]
    type typeCon
    IsPC  0
    value 0x00000097

ExOpCode  [line 594]
NODE [line 594]
    type typeOpCode
    instruction   rra
    mode          zero page indirect y
    opCode        73
    PC            0x0000146A
    CHILD NODE [line 594]
        type typeCon
        IsPC  0
        value 0x00000097


ExConstant  [line 595]
NODE [line 595]
    type typeCon
    IsPC  0
    value 0x0000F34C

ExOpCode  [line 595]
NODE [line 595]
    type typeOpCode
    instruction   rra
    mode          absolute
    opCode        6F
    PC            0x0000146C
    CHILD NODE [line 595]
        type typeCon
        IsPC  0
        value 0x0000F34C


ExConstant  [line 596]
NODE [line 596]
    type typeCon
    IsPC  0
    value 0x0000F34C

ExOpCode  [line 596]
NODE [line 596]
    type typeOpCode
    instruction   rra
    mode          absolute
    opCode        6F
    PC            0x0000146F
    CHILD NODE [line 596]
        type typeCon
        IsPC  0
        value 0x0000F34C


ExConstant  [line 597]
NODE [line 597]
    type typeCon
    IsPC  0
    value 0x0000FD01

ExOpCode  [line 597]
NODE [line 597]
    type typeOpCode
    instruction   rra
    mode          absolute x
    opCode        7F
    PC            0x00001472
    CHILD NODE [line 597]
        type typeCon
        IsPC  0
        value 0x0000FD01


ExConstant  [line 598]
NODE [line 598]
    type typeCon
    IsPC  0
    value 0x0000FD01

ExOpCode  [line 598]
NODE [line 598]
    type typeOpCode
    instruction   rra
    mode          absolute x
    opCode        7F
    PC            0x00001475
    CHILD NODE [line 598]
        type typeCon
        IsPC  0
        value 0x0000FD01


ExConstant  [line 599]
NODE [line 599]
    type typeCon
    IsPC  0
    value 0x00000625

ExOpCode  [line 599]
NODE [line 599]
    type typeOpCode
    instruction   rra
    mode          absolute y
    opCode        7B
    PC            0x00001478
    CHILD NODE [line 599]
        type typeCon
        IsPC  0
        value 0x00000625


ExConstant  [line 600]
NODE [line 600]
    type typeCon
    IsPC  0
    value 0x00000625

ExOpCode  [line 600]
NODE [line 600]
    type typeOpCode
    instruction   rra
    mode          absolute y
    opCode        7B
    PC            0x0000147B
    CHILD NODE [line 600]
        type typeCon
        IsPC  0
        value 0x00000625


ExOprEqu  [line 604]
NODE [line 604]
    type typeOpr
    opr '='
    CHILD NODE [line 604]
        type typeId
        name __sax
        i    (nil)

    CHILD NODE [line 604]
        type typeCon
        IsPC  1     PC = 0000147E
        value 0x0000147E


ExConstant  [line 605]
NODE [line 605]
    type typeCon
    IsPC  0
    value 0x000000FC

ExOpCode  [line 605]
NODE [line 605]
    type typeOpCode
    instruction   sax
    mode          zero page
    opCode        87
    PC            0x0000147E
    CHILD NODE [line 605]
        type typeCon
        IsPC  0
        value 0x000000FC


ExConstant  [line 606]
NODE [line 606]
    type typeCon
    IsPC  0
    value 0x000000FC

ExOpCode  [line 606]
NODE [line 606]
    type typeOpCode
    instruction   sax
    mode          zero page
    opCode        87
    PC            0x00001480
    CHILD NODE [line 606]
        type typeCon
        IsPC  0
        value 0x000000FC


ExConstant  [line 607]
NODE [line 607]
    type typeCon
    IsPC  0
    value 0x000000C5

ExOpCode  [line 607]
NODE [line 607]
    type typeOpCode
    instruction   sax
    mode          zero page y
    opCode        97
    PC            0x00001482
    CHILD NODE [line 607]
        type typeCon
        IsPC  0
        value 0x000000C5


ExConstant  [line 608]
NODE [line 608]
    type typeCon
    IsPC  0
    value 0x000000C5

ExOpCode  [line 608]
NODE [line 608]
    type typeOpCode
    instruction   sax
    mode          zero page y
    opCode        97
    PC            0x00001484
    CHILD NODE [line 608]
        type typeCon
        IsPC  0
        value 0x000000C5


ExConstant  [line 609]
NODE [line 609]
    type typeCon
    IsPC  0
    value 0x000000C8

ExOpCode  [line 609]
NODE [line 609]
    type typeOpCode
    instruction   sax
    mode          zero page indirect x
    opCode        83
    PC            0x00001486
    CHILD NODE [line 609]
        type typeCon
        IsPC  0
        value 0x000000C8


ExConstant  [line 610]
NODE [line 610]
    type typeCon
    IsPC  0
    value 0x000000C8

ExOpCode  [line 610]
NODE [line 610]
    type typeOpCode
    instruction   sax
    mode          zero page indirect x
    opCode        83
    PC            0x00001488
    CHILD NODE [line 610]
        type typeCon
        IsPC  0
        value 0x000000C8


ExConstant  [line 611]
NODE [line 611]
    type typeCon
    IsPC  0
    value 0x00000CA4

ExOpCode  [line 611]
NODE [line 611]
    type typeOpCode
    instruction   sax
    mode          absolute
    opCode        8F
    PC            0x0000148A
    CHILD NODE [line 611]
        type typeCon
        IsPC  0
        value 0x00000CA4


ExConstant  [line 612]
NODE [line 612]
    type typeCon
    IsPC  0
    value 0x00000CA4

ExOpCode  [line 612]
NODE [line 612]
    type typeOpCode
    instruction   sax
    mode          absolute
    opCode        8F
    PC            0x0000148D
    CHILD NODE [line 612]
        type typeCon
        IsPC  0
        value 0x00000CA4


ExOprEqu  [line 616]
NODE [line 616]
    type typeOpr
    opr '='
    CHILD NODE [line 616]
        type typeId
        name __lax
        i    (nil)

    CHILD NODE [line 616]
        type typeCon
        IsPC  1     PC = 00001490
        value 0x00001490


ExConstant  [line 617]
NODE [line 617]
    type typeCon
    IsPC  0
    value 0x00000041

ExOpCode  [line 617]
NODE [line 617]
    type typeOpCode
    instruction   lax
    mode          zero page
    opCode        A7
    PC            0x00001490
    CHILD NODE [line 617]
        type typeCon
        IsPC  0
        value 0x00000041


ExConstant  [line 618]
NODE [line 618]
    type typeCon
    IsPC  0
    value 0x00000041

ExOpCode  [line 618]
NODE [line 618]
    type typeOpCode
    instruction   lax
    mode          zero page
    opCode        A7
    PC            0x00001492
    CHILD NODE [line 618]
        type typeCon
        IsPC  0
        value 0x00000041


ExConstant  [line 619]
NODE [line 619]
    type typeCon
    IsPC  0
    value 0x00000094

ExOpCode  [line 619]
NODE [line 619]
    type typeOpCode
    instruction   lax
    mode          zero page y
    opCode        B7
    PC            0x00001494
    CHILD NODE [line 619]
        type typeCon
        IsPC  0
        value 0x00000094


ExConstant  [line 620]
NODE [line 620]
    type typeCon
    IsPC  0
    value 0x00000094

ExOpCode  [line 620]
NODE [line 620]
    type typeOpCode
    instruction   lax
    mode          zero page y
    opCode        B7
    PC            0x00001496
    CHILD NODE [line 620]
        type typeCon
        IsPC  0
        value 0x00000094


ExConstant  [line 621]
NODE [line 621]
    type typeCon
    IsPC  0
    value 0x000000A5

ExOpCode  [line 621]
NODE [line 621]
    type typeOpCode
    instruction   lax
    mode          zero page indirect x
    opCode        A3
    PC            0x00001498
    CHILD NODE [line 621]
        type typeCon
        IsPC  0
        value 0x000000A5


ExConstant  [line 622]
NODE [line 622]
    type typeCon
    IsPC  0
    value 0x000000A5

ExOpCode  [line 622]
NODE [line 622]
    type typeOpCode
    instruction   lax
    mode          zero page indirect x
    opCode        A3
    PC            0x0000149A
    CHILD NODE [line 622]
        type typeCon
        IsPC  0
        value 0x000000A5


ExConstant  [line 623]
NODE [line 623]
    type typeCon
    IsPC  0
    value 0x00000096

ExOpCode  [line 623]
NODE [line 623]
    type typeOpCode
    instruction   lax
    mode          zero page indirect y
    opCode        B3
    PC            0x0000149C
    CHILD NODE [line 623]
        type typeCon
        IsPC  0
        value 0x00000096


ExConstant  [line 624]
NODE [line 624]
    type typeCon
    IsPC  0
    value 0x00000096

ExOpCode  [line 624]
NODE [line 624]
    type typeOpCode
    instruction   lax
    mode          zero page indirect y
    opCode        B3
    PC            0x0000149E
    CHILD NODE [line 624]
        type typeCon
        IsPC  0
        value 0x00000096


ExConstant  [line 625]
NODE [line 625]
    type typeCon
    IsPC  0
    value 0x0000DA65

ExOpCode  [line 625]
NODE [line 625]
    type typeOpCode
    instruction   lax
    mode          absolute
    opCode        AF
    PC            0x000014A0
    CHILD NODE [line 625]
        type typeCon
        IsPC  0
        value 0x0000DA65


ExConstant  [line 626]
NODE [line 626]
    type typeCon
    IsPC  0
    value 0x0000DA65

ExOpCode  [line 626]
NODE [line 626]
    type typeOpCode
    instruction   lax
    mode          absolute
    opCode        AF
    PC            0x000014A3
    CHILD NODE [line 626]
        type typeCon
        IsPC  0
        value 0x0000DA65


ExConstant  [line 627]
NODE [line 627]
    type typeCon
    IsPC  0
    value 0x0000EE4D

ExOpCode  [line 627]
NODE [line 627]
    type typeOpCode
    instruction   lax
    mode          absolute y
    opCode        BF
    PC            0x000014A6
    CHILD NODE [line 627]
        type typeCon
        IsPC  0
        value 0x0000EE4D


ExConstant  [line 628]
NODE [line 628]
    type typeCon
    IsPC  0
    value 0x0000EE4D

ExOpCode  [line 628]
NODE [line 628]
    type typeOpCode
    instruction   lax
    mode          absolute y
    opCode        BF
    PC            0x000014A9
    CHILD NODE [line 628]
        type typeCon
        IsPC  0
        value 0x0000EE4D


ExOprEqu  [line 632]
NODE [line 632]
    type typeOpr
    opr '='
    CHILD NODE [line 632]
        type typeId
        name __dcp
        i    (nil)

    CHILD NODE [line 632]
        type typeCon
        IsPC  1     PC = 000014AC
        value 0x000014AC


ExConstant  [line 633]
NODE [line 633]
    type typeCon
    IsPC  0
    value 0x000000AF

ExOpCode  [line 633]
NODE [line 633]
    type typeOpCode
    instruction   dcp
    mode          zero page
    opCode        C7
    PC            0x000014AC
    CHILD NODE [line 633]
        type typeCon
        IsPC  0
        value 0x000000AF


ExConstant  [line 634]
NODE [line 634]
    type typeCon
    IsPC  0
    value 0x000000AF

ExOpCode  [line 634]
NODE [line 634]
    type typeOpCode
    instruction   dcp
    mode          zero page
    opCode        C7
    PC            0x000014AE
    CHILD NODE [line 634]
        type typeCon
        IsPC  0
        value 0x000000AF


ExConstant  [line 635]
NODE [line 635]
    type typeCon
    IsPC  0
    value 0x0000009E

ExOpCode  [line 635]
NODE [line 635]
    type typeOpCode
    instruction   dcp
    mode          zero page x
    opCode        D7
    PC            0x000014B0
    CHILD NODE [line 635]
        type typeCon
        IsPC  0
        value 0x0000009E


ExConstant  [line 636]
NODE [line 636]
    type typeCon
    IsPC  0
    value 0x0000009E

ExOpCode  [line 636]
NODE [line 636]
    type typeOpCode
    instruction   dcp
    mode          zero page x
    opCode        D7
    PC            0x000014B2
    CHILD NODE [line 636]
        type typeCon
        IsPC  0
        value 0x0000009E


ExConstant  [line 637]
NODE [line 637]
    type typeCon
    IsPC  0
    value 0x000000AF

ExOpCode  [line 637]
NODE [line 637]
    type typeOpCode
    instruction   dcp
    mode          zero page indirect x
    opCode        C3
    PC            0x000014B4
    CHILD NODE [line 637]
        type typeCon
        IsPC  0
        value 0x000000AF


ExConstant  [line 638]
NODE [line 638]
    type typeCon
    IsPC  0
    value 0x000000AF

ExOpCode  [line 638]
NODE [line 638]
    type typeOpCode
    instruction   dcp
    mode          zero page indirect x
    opCode        C3
    PC            0x000014B6
    CHILD NODE [line 638]
        type typeCon
        IsPC  0
        value 0x000000AF


ExConstant  [line 639]
NODE [line 639]
    type typeCon
    IsPC  0
    value 0x00000045

ExOpCode  [line 639]
NODE [line 639]
    type typeOpCode
    instruction   dcp
    mode          zero page indirect y
    opCode        D3
    PC            0x000014B8
    CHILD NODE [line 639]
        type typeCon
        IsPC  0
        value 0x00000045


ExConstant  [line 640]
NODE [line 640]
    type typeCon
    IsPC  0
    value 0x00000045

ExOpCode  [line 640]
NODE [line 640]
    type typeOpCode
    instruction   dcp
    mode          zero page indirect y
    opCode        D3
    PC            0x000014BA
    CHILD NODE [line 640]
        type typeCon
        IsPC  0
        value 0x00000045


ExConstant  [line 641]
NODE [line 641]
    type typeCon
    IsPC  0
    value 0x0000CBD3

ExOpCode  [line 641]
NODE [line 641]
    type typeOpCode
    instruction   dcp
    mode          absolute
    opCode        CF
    PC            0x000014BC
    CHILD NODE [line 641]
        type typeCon
        IsPC  0
        value 0x0000CBD3


ExConstant  [line 642]
NODE [line 642]
    type typeCon
    IsPC  0
    value 0x0000CBD3

ExOpCode  [line 642]
NODE [line 642]
    type typeOpCode
    instruction   dcp
    mode          absolute
    opCode        CF
    PC            0x000014BF
    CHILD NODE [line 642]
        type typeCon
        IsPC  0
        value 0x0000CBD3


ExConstant  [line 643]
NODE [line 643]
    type typeCon
    IsPC  0
    value 0x0000D99D

ExOpCode  [line 643]
NODE [line 643]
    type typeOpCode
    instruction   dcp
    mode          absolute x
    opCode        DF
    PC            0x000014C2
    CHILD NODE [line 643]
        type typeCon
        IsPC  0
        value 0x0000D99D


ExConstant  [line 644]
NODE [line 644]
    type typeCon
    IsPC  0
    value 0x0000D99D

ExOpCode  [line 644]
NODE [line 644]
    type typeOpCode
    instruction   dcp
    mode          absolute x
    opCode        DF
    PC            0x000014C5
    CHILD NODE [line 644]
        type typeCon
        IsPC  0
        value 0x0000D99D


ExConstant  [line 645]
NODE [line 645]
    type typeCon
    IsPC  0
    value 0x0000FB43

ExOpCode  [line 645]
NODE [line 645]
    type typeOpCode
    instruction   dcp
    mode          absolute y
    opCode        DB
    PC            0x000014C8
    CHILD NODE [line 645]
        type typeCon
        IsPC  0
        value 0x0000FB43


ExConstant  [line 646]
NODE [line 646]
    type typeCon
    IsPC  0
    value 0x0000FB43

ExOpCode  [line 646]
NODE [line 646]
    type typeOpCode
    instruction   dcp
    mode          absolute y
    opCode        DB
    PC            0x000014CB
    CHILD NODE [line 646]
        type typeCon
        IsPC  0
        value 0x0000FB43


ExOprEqu  [line 650]
NODE [line 650]
    type typeOpr
    opr '='
    CHILD NODE [line 650]
        type typeId
        name __isc
        i    (nil)

    CHILD NODE [line 650]
        type typeCon
        IsPC  1     PC = 000014CE
        value 0x000014CE


ExConstant  [line 651]
NODE [line 651]
    type typeCon
    IsPC  0
    value 0x000000FC

ExOpCode  [line 651]
NODE [line 651]
    type typeOpCode
    instruction   isc
    mode          zero page
    opCode        E7
    PC            0x000014CE
    CHILD NODE [line 651]
        type typeCon
        IsPC  0
        value 0x000000FC


ExConstant  [line 652]
NODE [line 652]
    type typeCon
    IsPC  0
    value 0x000000FC

ExOpCode  [line 652]
NODE [line 652]
    type typeOpCode
    instruction   isc
    mode          zero page
    opCode        E7
    PC            0x000014D0
    CHILD NODE [line 652]
        type typeCon
        IsPC  0
        value 0x000000FC


ExConstant  [line 653]
NODE [line 653]
    type typeCon
    IsPC  0
    value 0x00000074

ExOpCode  [line 653]
NODE [line 653]
    type typeOpCode
    instruction   isc
    mode          zero page x
    opCode        F7
    PC            0x000014D2
    CHILD NODE [line 653]
        type typeCon
        IsPC  0
        value 0x00000074


ExConstant  [line 654]
NODE [line 654]
    type typeCon
    IsPC  0
    value 0x00000074

ExOpCode  [line 654]
NODE [line 654]
    type typeOpCode
    instruction   isc
    mode          zero page x
    opCode        F7
    PC            0x000014D4
    CHILD NODE [line 654]
        type typeCon
        IsPC  0
        value 0x00000074


ExConstant  [line 655]
NODE [line 655]
    type typeCon
    IsPC  0
    value 0x00000053

ExOpCode  [line 655]
NODE [line 655]
    type typeOpCode
    instruction   isc
    mode          zero page indirect x
    opCode        E3
    PC            0x000014D6
    CHILD NODE [line 655]
        type typeCon
        IsPC  0
        value 0x00000053


ExConstant  [line 656]
NODE [line 656]
    type typeCon
    IsPC  0
    value 0x00000053

ExOpCode  [line 656]
NODE [line 656]
    type typeOpCode
    instruction   isc
    mode          zero page indirect x
    opCode        E3
    PC            0x000014D8
    CHILD NODE [line 656]
        type typeCon
        IsPC  0
        value 0x00000053


ExConstant  [line 657]
NODE [line 657]
    type typeCon
    IsPC  0
    value 0x0000002E

ExOpCode  [line 657]
NODE [line 657]
    type typeOpCode
    instruction   isc
    mode          zero page indirect y
    opCode        F3
    PC            0x000014DA
    CHILD NODE [line 657]
        type typeCon
        IsPC  0
        value 0x0000002E


ExConstant  [line 658]
NODE [line 658]
    type typeCon
    IsPC  0
    value 0x0000002E

ExOpCode  [line 658]
NODE [line 658]
    type typeOpCode
    instruction   isc
    mode          zero page indirect y
    opCode        F3
    PC            0x000014DC
    CHILD NODE [line 658]
        type typeCon
        IsPC  0
        value 0x0000002E


ExConstant  [line 659]
NODE [line 659]
    type typeCon
    IsPC  0
    value 0x0000F269

ExOpCode  [line 659]
NODE [line 659]
    type typeOpCode
    instruction   isc
    mode          absolute
    opCode        EF
    PC            0x000014DE
    CHILD NODE [line 659]
        type typeCon
        IsPC  0
        value 0x0000F269


ExConstant  [line 660]
NODE [line 660]
    type typeCon
    IsPC  0
    value 0x0000F269

ExOpCode  [line 660]
NODE [line 660]
    type typeOpCode
    instruction   isc
    mode          absolute
    opCode        EF
    PC            0x000014E1
    CHILD NODE [line 660]
        type typeCon
        IsPC  0
        value 0x0000F269


ExConstant  [line 661]
NODE [line 661]
    type typeCon
    IsPC  0
    value 0x000021D0

ExOpCode  [line 661]
NODE [line 661]
    type typeOpCode
    instruction   isc
    mode          absolute x
    opCode        FF
    PC            0x000014E4
    CHILD NODE [line 661]
        type typeCon
        IsPC  0
        value 0x000021D0


ExConstant  [line 662]
NODE [line 662]
    type typeCon
    IsPC  0
    value 0x000021D0

ExOpCode  [line 662]
NODE [line 662]
    type typeOpCode
    instruction   isc
    mode          absolute x
    opCode        FF
    PC            0x000014E7
    CHILD NODE [line 662]
        type typeCon
        IsPC  0
        value 0x000021D0


ExConstant  [line 663]
NODE [line 663]
    type typeCon
    IsPC  0
    value 0x00009AD9

ExOpCode  [line 663]
NODE [line 663]
    type typeOpCode
    instruction   isc
    mode          absolute y
    opCode        FB
    PC            0x000014EA
    CHILD NODE [line 663]
        type typeCon
        IsPC  0
        value 0x00009AD9


ExConstant  [line 664]
NODE [line 664]
    type typeCon
    IsPC  0
    value 0x00009AD9

ExOpCode  [line 664]
NODE [line 664]
    type typeOpCode
    instruction   isc
    mode          absolute y
    opCode        FB
    PC            0x000014ED
    CHILD NODE [line 664]
        type typeCon
        IsPC  0
        value 0x00009AD9


ExOprEqu  [line 668]
NODE [line 668]
    type typeOpr
    opr '='
    CHILD NODE [line 668]
        type typeId
        name __anc
        i    (nil)

    CHILD NODE [line 668]
        type typeCon
        IsPC  1     PC = 000014F0
        value 0x000014F0


ExConstant  [line 669]
NODE [line 669]
    type typeCon
    IsPC  0
    value 0x00000063

ExOpCode  [line 669]
NODE [line 669]
    type typeOpCode
    instruction   anc
    mode          immediate
    opCode        0B
    PC            0x000014F0
    CHILD NODE [line 669]
        type typeCon
        IsPC  0
        value 0x00000063


ExConstant  [line 670]
NODE [line 670]
    type typeCon
    IsPC  0
    value 0x00000063

ExOpCode  [line 670]
NODE [line 670]
    type typeOpCode
    instruction   anc
    mode          immediate
    opCode        0B
    PC            0x000014F2
    CHILD NODE [line 670]
        type typeCon
        IsPC  0
        value 0x00000063


ExOprEqu  [line 674]
NODE [line 674]
    type typeOpr
    opr '='
    CHILD NODE [line 674]
        type typeId
        name __anc2
        i    (nil)

    CHILD NODE [line 674]
        type typeCon
        IsPC  1     PC = 000014F4
        value 0x000014F4


ExConstant  [line 675]
NODE [line 675]
    type typeCon
    IsPC  0
    value 0x0000002E

ExOpCode  [line 675]
NODE [line 675]
    type typeOpCode
    instruction   anc2
    mode          immediate
    opCode        2B
    PC            0x000014F4
    CHILD NODE [line 675]
        type typeCon
        IsPC  0
        value 0x0000002E


ExConstant  [line 676]
NODE [line 676]
    type typeCon
    IsPC  0
    value 0x0000002E

ExOpCode  [line 676]
NODE [line 676]
    type typeOpCode
    instruction   anc2
    mode          immediate
    opCode        2B
    PC            0x000014F6
    CHILD NODE [line 676]
        type typeCon
        IsPC  0
        value 0x0000002E


ExOprEqu  [line 680]
NODE [line 680]
    type typeOpr
    opr '='
    CHILD NODE [line 680]
        type typeId
        name __alr
        i    (nil)

    CHILD NODE [line 680]
        type typeCon
        IsPC  1     PC = 000014F8
        value 0x000014F8


ExConstant  [line 681]
NODE [line 681]
    type typeCon
    IsPC  0
    value 0x0000006B

ExOpCode  [line 681]
NODE [line 681]
    type typeOpCode
    instruction   alr
    mode          immediate
    opCode        4B
    PC            0x000014F8
    CHILD NODE [line 681]
        type typeCon
        IsPC  0
        value 0x0000006B


ExConstant  [line 682]
NODE [line 682]
    type typeCon
    IsPC  0
    value 0x0000006B

ExOpCode  [line 682]
NODE [line 682]
    type typeOpCode
    instruction   alr
    mode          immediate
    opCode        4B
    PC            0x000014FA
    CHILD NODE [line 682]
        type typeCon
        IsPC  0
        value 0x0000006B


ExOprEqu  [line 686]
NODE [line 686]
    type typeOpr
    opr '='
    CHILD NODE [line 686]
        type typeId
        name __arr
        i    (nil)

    CHILD NODE [line 686]
        type typeCon
        IsPC  1     PC = 000014FC
        value 0x000014FC


ExConstant  [line 687]
NODE [line 687]
    type typeCon
    IsPC  0
    value 0x00000045

ExOpCode  [line 687]
NODE [line 687]
    type typeOpCode
    instruction   arr
    mode          immediate
    opCode        6B
    PC            0x000014FC
    CHILD NODE [line 687]
        type typeCon
        IsPC  0
        value 0x00000045


ExConstant  [line 688]
NODE [line 688]
    type typeCon
    IsPC  0
    value 0x00000045

ExOpCode  [line 688]
NODE [line 688]
    type typeOpCode
    instruction   arr
    mode          immediate
    opCode        6B
    PC            0x000014FE
    CHILD NODE [line 688]
        type typeCon
        IsPC  0
        value 0x00000045


ExOprEqu  [line 692]
NODE [line 692]
    type typeOpr
    opr '='
    CHILD NODE [line 692]
        type typeId
        name __xaa
        i    (nil)

    CHILD NODE [line 692]
        type typeCon
        IsPC  1     PC = 00001500
        value 0x00001500


ExConstant  [line 693]
NODE [line 693]
    type typeCon
    IsPC  0
    value 0x0000007B

ExOpCode  [line 693]
NODE [line 693]
    type typeOpCode
    instruction   xaa
    mode          immediate
    opCode        8B
    PC            0x00001500
    CHILD NODE [line 693]
        type typeCon
        IsPC  0
        value 0x0000007B


ExConstant  [line 694]
NODE [line 694]
    type typeCon
    IsPC  0
    value 0x0000007B

ExOpCode  [line 694]
NODE [line 694]
    type typeOpCode
    instruction   xaa
    mode          immediate
    opCode        8B
    PC            0x00001502
    CHILD NODE [line 694]
        type typeCon
        IsPC  0
        value 0x0000007B


ExOprEqu  [line 698]
NODE [line 698]
    type typeOpr
    opr '='
    CHILD NODE [line 698]
        type typeId
        name __lax2
        i    (nil)

    CHILD NODE [line 698]
        type typeCon
        IsPC  1     PC = 00001504
        value 0x00001504


ExConstant  [line 699]
NODE [line 699]
    type typeCon
    IsPC  0
    value 0x000000C4

ExOpCode  [line 699]
NODE [line 699]
    type typeOpCode
    instruction   lax2
    mode          immediate
    opCode        AB
    PC            0x00001504
    CHILD NODE [line 699]
        type typeCon
        IsPC  0
        value 0x000000C4


ExConstant  [line 700]
NODE [line 700]
    type typeCon
    IsPC  0
    value 0x000000C4

ExOpCode  [line 700]
NODE [line 700]
    type typeOpCode
    instruction   lax2
    mode          immediate
    opCode        AB
    PC            0x00001506
    CHILD NODE [line 700]
        type typeCon
        IsPC  0
        value 0x000000C4


ExOprEqu  [line 704]
NODE [line 704]
    type typeOpr
    opr '='
    CHILD NODE [line 704]
        type typeId
        name __axs
        i    (nil)

    CHILD NODE [line 704]
        type typeCon
        IsPC  1     PC = 00001508
        value 0x00001508


ExConstant  [line 705]
NODE [line 705]
    type typeCon
    IsPC  0
    value 0x00000022

ExOpCode  [line 705]
NODE [line 705]
    type typeOpCode
    instruction   axs
    mode          immediate
    opCode        CB
    PC            0x00001508
    CHILD NODE [line 705]
        type typeCon
        IsPC  0
        value 0x00000022


ExConstant  [line 706]
NODE [line 706]
    type typeCon
    IsPC  0
    value 0x00000022

ExOpCode  [line 706]
NODE [line 706]
    type typeOpCode
    instruction   axs
    mode          immediate
    opCode        CB
    PC            0x0000150A
    CHILD NODE [line 706]
        type typeCon
        IsPC  0
        value 0x00000022


ExOprEqu  [line 710]
NODE [line 710]
    type typeOpr
    opr '='
    CHILD NODE [line 710]
        type typeId
        name __sbc2
        i    (nil)

    CHILD NODE [line 710]
        type typeCon
        IsPC  1     PC = 0000150C
        value 0x0000150C


ExConstant  [line 711]
NODE [line 711]
    type typeCon
    IsPC  0
    value 0x000000F2

ExOpCode  [line 711]
NODE [line 711]
    type typeOpCode
    instruction   sbc2
    mode          immediate
    opCode        EB
    PC            0x0000150C
    CHILD NODE [line 711]
        type typeCon
        IsPC  0
        value 0x000000F2


ExConstant  [line 712]
NODE [line 712]
    type typeCon
    IsPC  0
    value 0x000000F2

ExOpCode  [line 712]
NODE [line 712]
    type typeOpCode
    instruction   sbc2
    mode          immediate
    opCode        EB
    PC            0x0000150E
    CHILD NODE [line 712]
        type typeCon
        IsPC  0
        value 0x000000F2


ExOprEqu  [line 716]
NODE [line 716]
    type typeOpr
    opr '='
    CHILD NODE [line 716]
        type typeId
        name __ahx
        i    (nil)

    CHILD NODE [line 716]
        type typeCon
        IsPC  1     PC = 00001510
        value 0x00001510


ExConstant  [line 717]
NODE [line 717]
    type typeCon
    IsPC  0
    value 0x00000084

ExOpCode  [line 717]
NODE [line 717]
    type typeOpCode
    instruction   ahx
    mode          zero page indirect y
    opCode        93
    PC            0x00001510
    CHILD NODE [line 717]
        type typeCon
        IsPC  0
        value 0x00000084


ExConstant  [line 718]
NODE [line 718]
    type typeCon
    IsPC  0
    value 0x00000084

ExOpCode  [line 718]
NODE [line 718]
    type typeOpCode
    instruction   ahx
    mode          zero page indirect y
    opCode        93
    PC            0x00001512
    CHILD NODE [line 718]
        type typeCon
        IsPC  0
        value 0x00000084


ExConstant  [line 719]
NODE [line 719]
    type typeCon
    IsPC  0
    value 0x0000087F

ExOpCode  [line 719]
NODE [line 719]
    type typeOpCode
    instruction   ahx
    mode          absolute y
    opCode        9F
    PC            0x00001514
    CHILD NODE [line 719]
        type typeCon
        IsPC  0
        value 0x0000087F


ExConstant  [line 720]
NODE [line 720]
    type typeCon
    IsPC  0
    value 0x0000087F

ExOpCode  [line 720]
NODE [line 720]
    type typeOpCode
    instruction   ahx
    mode          absolute y
    opCode        9F
    PC            0x00001517
    CHILD NODE [line 720]
        type typeCon
        IsPC  0
        value 0x0000087F


ExOprEqu  [line 724]
NODE [line 724]
    type typeOpr
    opr '='
    CHILD NODE [line 724]
        type typeId
        name __shy
        i    (nil)

    CHILD NODE [line 724]
        type typeCon
        IsPC  1     PC = 0000151A
        value 0x0000151A


ExConstant  [line 725]
NODE [line 725]
    type typeCon
    IsPC  0
    value 0x00004619

ExOpCode  [line 725]
NODE [line 725]
    type typeOpCode
    instruction   shy
    mode          absolute x
    opCode        9C
    PC            0x0000151A
    CHILD NODE [line 725]
        type typeCon
        IsPC  0
        value 0x00004619


ExConstant  [line 726]
NODE [line 726]
    type typeCon
    IsPC  0
    value 0x00004619

ExOpCode  [line 726]
NODE [line 726]
    type typeOpCode
    instruction   shy
    mode          absolute x
    opCode        9C
    PC            0x0000151D
    CHILD NODE [line 726]
        type typeCon
        IsPC  0
        value 0x00004619


ExOprEqu  [line 730]
NODE [line 730]
    type typeOpr
    opr '='
    CHILD NODE [line 730]
        type typeId
        name __shx
        i    (nil)

    CHILD NODE [line 730]
        type typeCon
        IsPC  1     PC = 00001520
        value 0x00001520


ExConstant  [line 731]
NODE [line 731]
    type typeCon
    IsPC  0
    value 0x00005378

ExOpCode  [line 731]
NODE [line 731]
    type typeOpCode
    instruction   shx
    mode          absolute y
    opCode        9E
    PC            0x00001520
    CHILD NODE [line 731]
        type typeCon
        IsPC  0
        value 0x00005378


ExConstant  [line 732]
NODE [line 732]
    type typeCon
    IsPC  0
    value 0x00005378

ExOpCode  [line 732]
NODE [line 732]
    type typeOpCode
    instruction   shx
    mode          absolute y
    opCode        9E
    PC            0x00001523
    CHILD NODE [line 732]
        type typeCon
        IsPC  0
        value 0x00005378


ExOprEqu  [line 736]
NODE [line 736]
    type typeOpr
    opr '='
    CHILD NODE [line 736]
        type typeId
        name __tas
        i    (nil)

    CHILD NODE [line 736]
        type typeCon
        IsPC  1     PC = 00001526
        value 0x00001526


ExConstant  [line 737]
NODE [line 737]
    type typeCon
    IsPC  0
    value 0x0000D0F9

ExOpCode  [line 737]
NODE [line 737]
    type typeOpCode
    instruction   tas
    mode          absolute y
    opCode        9B
    PC            0x00001526
    CHILD NODE [line 737]
        type typeCon
        IsPC  0
        value 0x0000D0F9


ExConstant  [line 738]
NODE [line 738]
    type typeCon
    IsPC  0
    value 0x0000D0F9

ExOpCode  [line 738]
NODE [line 738]
    type typeOpCode
    instruction   tas
    mode          absolute y
    opCode        9B
    PC            0x00001529
    CHILD NODE [line 738]
        type typeCon
        IsPC  0
        value 0x0000D0F9


ExOprEqu  [line 742]
NODE [line 742]
    type typeOpr
    opr '='
    CHILD NODE [line 742]
        type typeId
        name __las
        i    (nil)

    CHILD NODE [line 742]
        type typeCon
        IsPC  1     PC = 0000152C
        value 0x0000152C


ExConstant  [line 743]
NODE [line 743]
    type typeCon
    IsPC  0
    value 0x000089B8

ExOpCode  [line 743]
NODE [line 743]
    type typeOpCode
    instruction   las
    mode          absolute y
    opCode        BB
    PC            0x0000152C
    CHILD NODE [line 743]
        type typeCon
        IsPC  0
        value 0x000089B8


ExConstant  [line 744]
NODE [line 744]
    type typeCon
    IsPC  0
    value 0x000089B8

ExOpCode  [line 744]
NODE [line 744]
    type typeOpCode
    instruction   las
    mode          absolute y
    opCode        BB
    PC            0x0000152F
    CHILD NODE [line 744]
        type typeCon
        IsPC  0
        value 0x000089B8


ExOprEqu  [line 749]
NODE [line 749]
    type typeOpr
    opr '='
    CHILD NODE [line 749]
        type typeId
        name __maxOpcode
        i    (nil)

    CHILD NODE [line 749]
        type typeCon
        IsPC  1     PC = 00001532
        value 0x00001532


ExData  [line 750]
NODE [line 750]
    type typeData
    size 1
    CHILD NODE [line 750]
        type typeOpr
        opr EXPRLIST
        CHILD NODE [line 750]
            type typeOpr
            opr EXPRLIST
            CHILD NODE [line 750]
                type typeStr
                allocated  "end
                len        0x00000003
                value end


        CHILD NODE [line 750]
            type typeCon
            IsPC  0
            value 0x00000000



ExOprVar  [line 754]
NODE [line 754]
    type typeOpr


ExSymbol  [line 759]
NODE [line 759]
    type typeId
    name aaa
    i    (nil)


ExSymbol  [line 770]
NODE [line 770]
    type typeId
    name bbb
    i    (nil)


ExOprFor  [line 775]
NODE [line 775]
    type typeOpr
    opr FOR
    CHILD NODE [line 775]
        type typeOpr
        opr '='
        CHILD NODE [line 775]
            type typeId
            name count
            i    (nil)

        CHILD NODE [line 775]
            type typeCon
            IsPC  0
            value 0x00000001

    CHILD NODE [line 775]
        type typeCon
        IsPC  0
        value 0x00000003
    CHILD NODE [line 775]
        type typeOpr
        opr STATEMENT
        CHILD NODE [line 775]
            type typeOpr
            opr STATEMENT
            CHILD NODE [line 775]
                type typeOpr
                opr STATEMENT
                CHILD NODE [line 775]
                    type typeOpr
                    opr STATEMENT
                    CHILD NODE [line 775]
                        type typeOpr
                        opr STATEMENT

                    CHILD NODE [line 775]
                        type typeOpr
                        opr '='
                        CHILD NODE [line 775]
                            type typeId
                            name aaa
                            i    (nil)

                        CHILD NODE [line 775]
                            type typeId
                            name count
                            i    (nil)



                CHILD NODE [line 775]
                    type typeOpr
                    opr STATEMENT


            CHILD NODE [line 775]
                type typeOpr
                opr WHILE
                CHILD NODE [line 775]
                    type typeOpr
                    opr '<'
                    CHILD NODE [line 775]
                        type typeId
                        name aaa
                        i    (nil)

                    CHILD NODE [line 775]
                        type typeCon
                        IsPC  0
                        value 0x00000006

                CHILD NODE [line 775]
                    type typeOpr
                    opr STATEMENT
                    CHILD NODE [line 775]
                        type typeOpr
                        opr STATEMENT
                        CHILD NODE [line 775]
                            type typeOpr
                            opr STATEMENT
                            CHILD NODE [line 775]
                                type typeOpr
                                opr STATEMENT
                                CHILD NODE [line 775]
                                    type typeOpr
                                    opr STATEMENT
                                    CHILD NODE [line 775]
                                        type typeOpr
                                        opr STATEMENT
                                        CHILD NODE [line 775]
                                            type typeOpr
                                            opr STATEMENT

                                        CHILD NODE [line 775]
                                            type typeOpr
                                            opr '='
                                            CHILD NODE [line 775]
                                                type typeId
                                                name aaa
                                                i    (nil)

                                            CHILD NODE [line 775]
                                                type typeOpr
                                                opr '+'
                                                CHILD NODE [line 775]
                                                    type typeId
                                                    name aaa
                                                    i    (nil)

                                                CHILD NODE [line 775]
                                                    type typeCon
                                                    IsPC  0
                                                    value 0x00000001



                                    CHILD NODE [line 775]
                                        type typeOpr
                                        opr STATEMENT


                                CHILD NODE [line 775]
                                    type typeOpCode
                                    instruction   ldx
                                    mode          immediate
                                    opCode        A2
                                    PC            0x00000000
                                    CHILD NODE [line 775]
                                        type typeId
                                        name aaa
                                        i    0x1842970
                                             fullname     aaa
                                             initialized  1
                                             value        0
                                             ismacroname  0
                                             ismacroparam 0
                                             isvar        1
                                             macroNode    (nil)
                                             section      NULL
                                             name         aaa



                            CHILD NODE [line 775]
                                type typeOpr
                                opr STATEMENT


                        CHILD NODE [line 775]
                            type typeOpr
                            opr IF
                            CHILD NODE [line 775]
                                type typeOpr
                                opr '>'
                                CHILD NODE [line 775]
                                    type typeId
                                    name aaa
                                    i    (nil)

                                CHILD NODE [line 775]
                                    type typeCon
                                    IsPC  0
                                    value 0x00000004

                            CHILD NODE [line 775]
                                type typeOpr
                                opr STATEMENT
                                CHILD NODE [line 775]
                                    type typeOpr
                                    opr STATEMENT
                                    CHILD NODE [line 775]
                                        type typeOpr
                                        opr STATEMENT
                                        CHILD NODE [line 775]
                                            type typeOpr
                                            opr STATEMENT
                                            CHILD NODE [line 775]
                                                type typeOpr
                                                opr STATEMENT
                                                CHILD NODE [line 775]
                                                    type typeOpr
                                                    opr STATEMENT

                                                CHILD NODE [line 775]
                                                    type typeOpr
                                                    opr STATEMENT


                                            CHILD NODE [line 775]
                                                type typeOpCode
                                                instruction   brk
                                                mode          implied
                                                opCode        00
                                                PC            0x00000000


                                        CHILD NODE [line 775]
                                            type typeOpr
                                            opr STATEMENT


                                    CHILD NODE [line 775]
                                        type typeOpCode
                                        instruction   brk
                                        mode          implied
                                        opCode        00
                                        PC            0x00000000


                                CHILD NODE [line 775]
                                    type typeOpr
                                    opr STATEMENT


                            CHILD NODE [line 775]
                                type typeOpr
                                opr STATEMENT
                                CHILD NODE [line 775]
                                    type typeOpr
                                    opr STATEMENT
                                    CHILD NODE [line 775]
                                        type typeOpr
                                        opr STATEMENT
                                        CHILD NODE [line 775]
                                            type typeOpr
                                            opr STATEMENT
                                            CHILD NODE [line 775]
                                                type typeOpr
                                                opr STATEMENT
                                                CHILD NODE [line 775]
                                                    type typeOpr
                                                    opr STATEMENT
                                                    CHILD NODE [line 775]
                                                        type typeOpr
                                                        opr STATEMENT
                                                        CHILD NODE [line 775]
                                                            type typeOpr
                                                            opr STATEMENT

                                                        CHILD NODE [line 775]
                                                            type typeOpr
                                                            opr STATEMENT


                                                    CHILD NODE [line 775]
                                                        type typeOpr
                                                        opr '='
                                                        CHILD NODE [line 775]
                                                            type typeId
                                                            name bbb
                                                            i    (nil)

                                                        CHILD NODE [line 775]
                                                            type typeCon
                                                            IsPC  0
                                                            value 0x00000000


                                                CHILD NODE [line 775]
                                                    type typeOpr
                                                    opr STATEMENT


                                            CHILD NODE [line 775]
                                                type typeOpr
                                                opr REPEAT
                                                CHILD NODE [line 775]
                                                    type typeOpr
                                                    opr STATEMENT
                                                    CHILD NODE [line 775]
                                                        type typeOpr
                                                        opr STATEMENT
                                                        CHILD NODE [line 775]
                                                            type typeOpr
                                                            opr STATEMENT
                                                            CHILD NODE [line 775]
                                                                type typeOpr
                                                                opr STATEMENT
                                                                CHILD NODE [line 775]
                                                                    type typeOpr
                                                                    opr STATEMENT

                                                                CHILD NODE [line 775]
                                                                    type typeOpCode
                                                                    instruction   nop
                                                                    mode          implied
                                                                    opCode        EA
                                                                    PC            0x00000000


                                                            CHILD NODE [line 775]
                                                                type typeOpr
                                                                opr STATEMENT


                                                        CHILD NODE [line 775]
                                                            type typeOpr
                                                            opr '='
                                                            CHILD NODE [line 775]
                                                                type typeId
                                                                name bbb
                                                                i    (nil)

                                                            CHILD NODE [line 775]
                                                                type typeOpr
                                                                opr '+'
                                                                CHILD NODE [line 775]
                                                                    type typeId
                                                                    name bbb
                                                                    i    (nil)

                                                                CHILD NODE [line 775]
                                                                    type typeCon
                                                                    IsPC  0
                                                                    value 0x00000002



                                                    CHILD NODE [line 775]
                                                        type typeOpr
                                                        opr STATEMENT


                                                CHILD NODE [line 775]
                                                    type typeOpr
                                                    opr '>'
                                                    CHILD NODE [line 775]
                                                        type typeId
                                                        name bbb
                                                        i    (nil)

                                                    CHILD NODE [line 775]
                                                        type typeCon
                                                        IsPC  0
                                                        value 0x00000006



                                        CHILD NODE [line 775]
                                            type typeOpr
                                            opr STATEMENT


                                    CHILD NODE [line 775]
                                        type typeOpr
                                        opr DO
                                        CHILD NODE [line 775]
                                            type typeOpr
                                            opr STATEMENT
                                            CHILD NODE [line 775]
                                                type typeOpr
                                                opr STATEMENT
                                                CHILD NODE [line 775]
                                                    type typeOpr
                                                    opr STATEMENT
                                                    CHILD NODE [line 775]
                                                        type typeOpr
                                                        opr STATEMENT
                                                        CHILD NODE [line 775]
                                                            type typeOpr
                                                            opr STATEMENT
                                                            CHILD NODE [line 775]
                                                                type typeOpr
                                                                opr STATEMENT

                                                            CHILD NODE [line 775]
                                                                type typeOpr
                                                                opr STATEMENT


                                                        CHILD NODE [line 775]
                                                            type typeOpCode
                                                            instruction   lda
                                                            mode          immediate
                                                            opCode        A9
                                                            PC            0x00000000
                                                            CHILD NODE [line 775]
                                                                type typeId
                                                                name bbb
                                                                i    0x1842a30
                                                                     fullname     bbb
                                                                     initialized  1
                                                                     value        0
                                                                     ismacroname  0
                                                                     ismacroparam 0
                                                                     isvar        1
                                                                     macroNode    (nil)
                                                                     section      NULL
                                                                     name         bbb



                                                    CHILD NODE [line 775]
                                                        type typeOpr
                                                        opr STATEMENT


                                                CHILD NODE [line 775]
                                                    type typeOpr
                                                    opr '='
                                                    CHILD NODE [line 775]
                                                        type typeId
                                                        name bbb
                                                        i    (nil)

                                                    CHILD NODE [line 775]
                                                        type typeOpr
                                                        opr '+'
                                                        CHILD NODE [line 775]
                                                            type typeId
                                                            name bbb
                                                            i    (nil)

                                                        CHILD NODE [line 775]
                                                            type typeCon
                                                            IsPC  0
                                                            value 0x00000005



                                            CHILD NODE [line 775]
                                                type typeOpr
                                                opr STATEMENT


                                        CHILD NODE [line 775]
                                            type typeOpr
                                            opr '<'
                                            CHILD NODE [line 775]
                                                type typeId
                                                name bbb
                                                i    (nil)

                                            CHILD NODE [line 775]
                                                type typeCon
                                                IsPC  0
                                                value 0x0000000F



                                CHILD NODE [line 775]
                                    type typeOpr
                                    opr STATEMENT




                    CHILD NODE [line 775]
                        type typeOpr
                        opr STATEMENT




        CHILD NODE [line 775]
            type typeOpr
            opr STATEMENT


    CHILD NODE [line 775]
        type typeId
        name count
        i    (nil)

    CHILD NODE [line 775]
        type typeCon
        IsPC  0
        value 0x00000002


ExOprMacroDefinition  [line 779]
NODE [line 779]
    type typeOpr
    opr MACRO
    CHILD NODE [line 779]
        type typeMacroId
        name macroNoParam
        i    (nil)

    CHILD NODE [line 779]
        type typeOpr
        opr STATEMENT
        CHILD NODE [line 779]
            type typeOpr
            opr STATEMENT
            CHILD NODE [line 779]
                type typeOpr
                opr STATEMENT
                CHILD NODE [line 779]
                    type typeOpr
                    opr STATEMENT

                CHILD NODE [line 779]
                    type typeOpr
                    opr STATEMENT


            CHILD NODE [line 779]
                type typeOpCode
                instruction   nop
                mode          implied
                opCode        EA
                PC            0x00000000


        CHILD NODE [line 779]
            type typeOpr
            opr STATEMENT




ExSymbol  [line 782]
NODE [line 782]
    type typeId
    name @0
    i    (nil)


ExSymbol  [line 783]
NODE [line 783]
    type typeId
    name @1
    i    (nil)


ExOprMacroDefinition  [line 787]
NODE [line 787]
    type typeOpr
    opr MACRO
    CHILD NODE [line 787]
        type typeMacroId
        name macroTest
        i    (nil)

    CHILD NODE [line 787]
        type typeOpr
        opr STATEMENT
        CHILD NODE [line 787]
            type typeOpr
            opr STATEMENT
            CHILD NODE [line 787]
                type typeOpr
                opr STATEMENT
                CHILD NODE [line 787]
                    type typeOpr
                    opr STATEMENT
                    CHILD NODE [line 787]
                        type typeOpr
                        opr STATEMENT
                        CHILD NODE [line 787]
                            type typeOpr
                            opr STATEMENT
                            CHILD NODE [line 787]
                                type typeOpr
                                opr STATEMENT
                                CHILD NODE [line 787]
                                    type typeOpr
                                    opr STATEMENT

                                CHILD NODE [line 787]
                                    type typeOpr
                                    opr STATEMENT


                            CHILD NODE [line 787]
                                type typeOpCode
                                instruction   lda
                                mode          absolute
                                opCode        AD
                                PC            0x00000000
                                CHILD NODE [line 787]
                                    type typeId
                                    name @0
                                    i    0x187f820
                                         fullname     @0
                                         initialized  1
                                         value        0
                                         ismacroname  0
                                         ismacroparam 1
                                         isvar        0
                                         macroNode    (nil)
                                         section      NULL
                                         name         @0



                        CHILD NODE [line 787]
                            type typeOpr
                            opr STATEMENT


                    CHILD NODE [line 787]
                        type typeOpCode
                        instruction   sta
                        mode          absolute
                        opCode        8D
                        PC            0x00000000
                        CHILD NODE [line 787]
                            type typeId
                            name @1
                            i    0x187fb10
                                 fullname     @1
                                 initialized  1
                                 value        49152
                                 ismacroname  0
                                 ismacroparam 1
                                 isvar        0
                                 macroNode    (nil)
                                 section      NULL
                                 name         @1



                CHILD NODE [line 787]
                    type typeOpr
                    opr STATEMENT


            CHILD NODE [line 787]
                type typeOpr
                opr IF
                CHILD NODE [line 787]
                    type typeOpr
                    opr LE
                    CHILD NODE [line 787]
                        type typeId
                        name @0
                        i    (nil)

                    CHILD NODE [line 787]
                        type typeId
                        name @2
                        i    (nil)


                CHILD NODE [line 787]
                    type typeOpr
                    opr STATEMENT
                    CHILD NODE [line 787]
                        type typeOpr
                        opr STATEMENT
                        CHILD NODE [line 787]
                            type typeOpr
                            opr STATEMENT
                            CHILD NODE [line 787]
                                type typeOpr
                                opr STATEMENT

                            CHILD NODE [line 787]
                                type typeOpr
                                opr STATEMENT


                        CHILD NODE [line 787]


                    CHILD NODE [line 787]
                        type typeOpr
                        opr STATEMENT




        CHILD NODE [line 787]
            type typeOpr
            opr STATEMENT




ExData  [line 789]
NODE [line 789]
    type typeData
    size 2
    CHILD NODE [line 789]
        type typeOpr
        opr EXPRLIST
        CHILD NODE [line 789]
            type typeStr
            allocated  "Hello World
            len        0x0000000B
            value Hello World




ExMacroExpansion  [line 791]
NODE [line 791]


ExOpCode  [line 792]
NODE [line 792]
    type typeOpCode
    instruction   rts
    mode          implied
    opCode        60
    PC            0x00001596


ExData  [line 794]
NODE [line 794]
    type typeData
    size 2
    CHILD NODE [line 794]
        type typeOpr
        opr EXPRLIST
        CHILD NODE [line 794]
            type typeCon
            IsPC  0
            value 0x0000FFF3



ExSymbol  [line 797]
NODE [line 797]
    type typeId
    name __ora
    i    (nil)


ExMacroExpansion  [line 800]
NODE [line 800]


ExOprSection  [line 802]
NODE [line 802]
    type typeOpr
    opr SECTION
    CHILD NODE [line 802]
        type typeId
        name end
        i    (nil)



ExOprEqu  [line 803]
NODE [line 803]
    type typeOpr
    opr '='
    CHILD NODE [line 803]
        type typeId
        name end
        i    (nil)

    CHILD NODE [line 803]
        type typeCon
        IsPC  1     PC = 0000159F
        value 0x0000159F


ExSymbol  [line 804]
NODE [line 804]
    type typeId
    name start
    i    (nil)


ExOpCode  [line 804]
NODE [line 804]
    type typeOpCode
    instruction   jmp
    mode          absolute
    opCode        4C
    PC            0x0000159F
    CHILD NODE [line 804]
        type typeId
        name start
        i    0x1847870
             fullname     start
             initialized  1
             value        4485
             ismacroname  0
             ismacroparam 0
             isvar        0
             macroNode    (nil)
             section      NULL
             name         start



ExOpCode  [line 805]
NODE [line 805]
    type typeOpCode
    instruction   rts
    mode          implied
    opCode        60
    PC            0x000015A2


ExOprSection  [line 806]
NODE [line 806]
    type typeOpr
    opr ENDSECTION


ExOprEqu  [line 809]
NODE [line 809]
    type typeOpr
    opr '='
    CHILD NODE [line 809]
        type typeId
        name end
        i    (nil)

    CHILD NODE [line 809]
        type typeCon
        IsPC  1     PC = 000015A3
        value 0x000015A3


